Archive member included because of file (symbol)

/home/pablo/Dropbox/Privado/FRBA/DPLab/osek_lpc4337/CMSIS_LPC43xx_DriverLib/Debug/libCMSIS_LPC43xx_DriverLib.a(lpc43xx_cgu.o)
                              ./src/StartOs_Arch.o (CGU_GetPCLKFrequency)
/home/pablo/Dropbox/Privado/FRBA/DPLab/osek_lpc4337/CMSIS_LPC43xx_DriverLib/Debug/libCMSIS_LPC43xx_DriverLib.a(lpc43xx_gpio.o)
                              ./src/ciaaIO.o (GPIO_SetDir)
/home/pablo/Dropbox/Privado/FRBA/DPLab/osek_lpc4337/CMSIS_LPC43xx_DriverLib/Debug/libCMSIS_LPC43xx_DriverLib.a(lpc43xx_scu.o)
                              ./src/ciaaIO.o (scu_pinmux)
/home/pablo/Dropbox/Privado/FRBA/DPLab/osek_lpc4337/CMSIS_LPC43xx_DriverLib/Debug/libCMSIS_LPC43xx_DriverLib.a(lpc43xx_uart.o)
                              ./src/ciaaUART.o (UART_Init)
/home/pablo/Dropbox/Privado/FRBA/DPLab/osek_lpc4337/CMSIS_LPC43xx_DriverLib/Debug/libCMSIS_LPC43xx_DriverLib.a(system_LPC43xx.o)
                              ./src/cr_startup_lpc43xx.o (SystemInit)
/usr/local/lpcxpresso_7.2.0_153/lpcxpresso/tools/bin/../lib/gcc/arm-none-eabi/4.8.3/../../../../arm-none-eabi/lib/armv7e-m/softfp/libcr_semihost.a(_cr__main.o)
                              ./src/cr_startup_lpc43xx.o (__main)
/usr/local/lpcxpresso_7.2.0_153/lpcxpresso/tools/bin/../lib/gcc/arm-none-eabi/4.8.3/../../../../arm-none-eabi/lib/armv7e-m/softfp/libcr_c.a(fpprintf.o)
                              ./src/blinking.o (printf)
/usr/local/lpcxpresso_7.2.0_153/lpcxpresso/tools/bin/../lib/gcc/arm-none-eabi/4.8.3/../../../../arm-none-eabi/lib/armv7e-m/softfp/libcr_c.a(initio.o)
                              /usr/local/lpcxpresso_7.2.0_153/lpcxpresso/tools/bin/../lib/gcc/arm-none-eabi/4.8.3/../../../../arm-none-eabi/lib/armv7e-m/softfp/libcr_semihost.a(_cr__main.o) (_initio)
/usr/local/lpcxpresso_7.2.0_153/lpcxpresso/tools/bin/../lib/gcc/arm-none-eabi/4.8.3/../../../../arm-none-eabi/lib/armv7e-m/softfp/libcr_c.a(printf.o)
                              /usr/local/lpcxpresso_7.2.0_153/lpcxpresso/tools/bin/../lib/gcc/arm-none-eabi/4.8.3/../../../../arm-none-eabi/lib/armv7e-m/softfp/libcr_c.a(fpprintf.o) (__vfprintf)
/usr/local/lpcxpresso_7.2.0_153/lpcxpresso/tools/bin/../lib/gcc/arm-none-eabi/4.8.3/../../../../arm-none-eabi/lib/armv7e-m/softfp/libcr_c.a(setvbuf.o)
                              /usr/local/lpcxpresso_7.2.0_153/lpcxpresso/tools/bin/../lib/gcc/arm-none-eabi/4.8.3/../../../../arm-none-eabi/lib/armv7e-m/softfp/libcr_c.a(initio.o) (setvbuf)
/usr/local/lpcxpresso_7.2.0_153/lpcxpresso/tools/bin/../lib/gcc/arm-none-eabi/4.8.3/../../../../arm-none-eabi/lib/armv7e-m/softfp/libcr_c.a(stdio.o)
                              /usr/local/lpcxpresso_7.2.0_153/lpcxpresso/tools/bin/../lib/gcc/arm-none-eabi/4.8.3/../../../../arm-none-eabi/lib/armv7e-m/softfp/libcr_c.a(fpprintf.o) (__Ciob)
/usr/local/lpcxpresso_7.2.0_153/lpcxpresso/tools/bin/../lib/gcc/arm-none-eabi/4.8.3/../../../../arm-none-eabi/lib/armv7e-m/softfp/libcr_c.a(strlen.o)
                              /usr/local/lpcxpresso_7.2.0_153/lpcxpresso/tools/bin/../lib/gcc/arm-none-eabi/4.8.3/../../../../arm-none-eabi/lib/armv7e-m/softfp/libcr_c.a(printf.o) (strlen)
/usr/local/lpcxpresso_7.2.0_153/lpcxpresso/tools/bin/../lib/gcc/arm-none-eabi/4.8.3/../../../../arm-none-eabi/lib/armv7e-m/softfp/libcr_c.a(memset.o)
                              /usr/local/lpcxpresso_7.2.0_153/lpcxpresso/tools/bin/../lib/gcc/arm-none-eabi/4.8.3/../../../../arm-none-eabi/lib/armv7e-m/softfp/libcr_c.a(fpprintf.o) (memset)
/usr/local/lpcxpresso_7.2.0_153/lpcxpresso/tools/bin/../lib/gcc/arm-none-eabi/4.8.3/../../../../arm-none-eabi/lib/armv7e-m/softfp/libcr_c.a(__fillbuf.o)
                              /usr/local/lpcxpresso_7.2.0_153/lpcxpresso/tools/bin/../lib/gcc/arm-none-eabi/4.8.3/../../../../arm-none-eabi/lib/armv7e-m/softfp/libcr_c.a(stdio.o) (__filbuf)
/usr/local/lpcxpresso_7.2.0_153/lpcxpresso/tools/bin/../lib/gcc/arm-none-eabi/4.8.3/../../../../arm-none-eabi/lib/armv7e-m/softfp/libcr_c.a(_deferredlazyseek.o)
                              /usr/local/lpcxpresso_7.2.0_153/lpcxpresso/tools/bin/../lib/gcc/arm-none-eabi/4.8.3/../../../../arm-none-eabi/lib/armv7e-m/softfp/libcr_c.a(__fillbuf.o) (_deferredlazyseek)
/usr/local/lpcxpresso_7.2.0_153/lpcxpresso/tools/bin/../lib/gcc/arm-none-eabi/4.8.3/../../../../arm-none-eabi/lib/armv7e-m/softfp/libcr_c.a(_fdopen.o)
                              /usr/local/lpcxpresso_7.2.0_153/lpcxpresso/tools/bin/../lib/gcc/arm-none-eabi/4.8.3/../../../../arm-none-eabi/lib/armv7e-m/softfp/libcr_c.a(initio.o) (_fdopen)
/usr/local/lpcxpresso_7.2.0_153/lpcxpresso/tools/bin/../lib/gcc/arm-none-eabi/4.8.3/../../../../arm-none-eabi/lib/armv7e-m/softfp/libcr_c.a(_fflush.o)
                              /usr/local/lpcxpresso_7.2.0_153/lpcxpresso/tools/bin/../lib/gcc/arm-none-eabi/4.8.3/../../../../arm-none-eabi/lib/armv7e-m/softfp/libcr_c.a(__fillbuf.o) (_fflush)
[...]
Memory Configuration

Name             Origin             Length             Attributes
MFlashA512       0x1a000000         0x00080000         xr
MFlashB512       0x1b000000         0x00080000         xr
RamLoc32         0x10000000         0x00008000         xrw
RamLoc40         0x10080000         0x0000a000         xrw
RamAHB32         0x20000000         0x00008000         xrw
RamAHB16         0x20008000         0x00004000         xrw
RamAHB_ETB16     0x2000c000         0x00004000         xrw
*default*        0x00000000         0xffffffff

Linker script and memory map

LOAD ./src/ActivateTask.o
LOAD ./src/CancelAlarm.o
LOAD ./src/ChainTask.o
LOAD ./src/ClearEvent.o
LOAD ./src/GetActiveApplicationMode.o
LOAD ./src/GetAlarm.o
LOAD ./src/GetAlarmBase.o
LOAD ./src/GetEvent.o
LOAD ./src/GetResource.o
LOAD ./src/GetTaskID.o
LOAD ./src/GetTaskState.o
LOAD ./src/Os.o
LOAD ./src/Os_Arch.o
LOAD ./src/Os_Cfg.o
LOAD ./src/Os_Internal.o
LOAD ./src/Os_Internal_Arch.o
LOAD ./src/Os_Internal_Cfg.o
LOAD ./src/PendSV.o
LOAD ./src/ReleaseResource.o
LOAD ./src/Schedule.o
LOAD ./src/SetAbsAlarm.o
LOAD ./src/SetEvent.o
LOAD ./src/SetRelAlarm.o
LOAD ./src/ShutdownOS.o
LOAD ./src/StartOS.o
LOAD ./src/StartOs_Arch.o
LOAD ./src/TerminateTask.o
LOAD ./src/WaitEvent.o
LOAD ./src/blinking.o
LOAD ./src/ciaaIO.o
LOAD ./src/ciaaUART.o
LOAD ./src/cr_startup_lpc43xx.o
LOAD ./src/crp.o
LOAD /home/pablo/Dropbox/Privado/FRBA/DPLab/osek_lpc4337/CMSIS_LPC43xx_DriverLib/Debug/libCMSIS_LPC43xx_DriverLib.a
START GROUP
LOAD /usr/local/lpcxpresso_7.2.0_153/lpcxpresso/tools/bin/../lib/gcc/arm-none-eabi/4.8.3/../../../../arm-none-eabi/lib/armv7e-m/softfp/libcr_semihost.a
LOAD /usr/local/lpcxpresso_7.2.0_153/lpcxpresso/tools/bin/../lib/gcc/arm-none-eabi/4.8.3/../../../../arm-none-eabi/lib/armv7e-m/softfp/libcr_c.a
LOAD /usr/local/lpcxpresso_7.2.0_153/lpcxpresso/tools/bin/../lib/gcc/arm-none-eabi/4.8.3/armv7e-m/softfp/libcr_eabihelpers.a
END GROUP
                0x1a080000                __top_MFlashA512 = 0x1a080000
                0x1b080000                __top_MFlashB512 = 0x1b080000
                0x10008000                __top_RamLoc32 = 0x10008000
                0x1008a000                __top_RamLoc40 = 0x1008a000
                0x20008000                __top_RamAHB32 = 0x20008000
                0x2000c000                __top_RamAHB16 = 0x2000c000
                0x20010000                __top_RamAHB_ETB16 = 0x20010000

.text_Flash2    0x1b000000        0x0
 FILL mask 0xff
 *(.text_Flash2*)
 *(.text_MFlashB512*)
 *(.text.$Flash2*)
 *(.text.$MFlashB512*)
 *(.rodata.$Flash2*)
 *(.rodata.$MFlashB512*)

.text           0x1a000000     0x5448
 FILL mask 0xff
                0x1a000000                __vectors_start__ = ABSOLUTE (.)
 *(.isr_vector)
 .isr_vector    0x1a000000      0x114 ./src/cr_startup_lpc43xx.o
                0x1a000000                g_pfnVectors
                0x1a000114                . = ALIGN (0x4)
                0x1a000114                __section_table_start = .
                0x1a000114                __data_section_table = .
                0x1a000114        0x4 LONG 0x1a005448 LOADADDR (.data)
                0x1a000118        0x4 LONG 0x10000000 ADDR (.data)
                0x1a00011c        0x4 LONG 0x58 SIZEOF (.data)
                0x1a000120        0x4 LONG 0x1a005448 LOADADDR (.data_RAM2)
                0x1a000124        0x4 LONG 0x10080000 ADDR (.data_RAM2)
                0x1a000128        0x4 LONG 0x0 SIZEOF (.data_RAM2)
                0x1a00012c        0x4 LONG 0x1a005448 LOADADDR (.data_RAM3)
                0x1a000130        0x4 LONG 0x20000000 ADDR (.data_RAM3)
                0x1a000134        0x4 LONG 0x0 SIZEOF (.data_RAM3)
                0x1a000138        0x4 LONG 0x1a005448 LOADADDR (.data_RAM4)
                0x1a00013c        0x4 LONG 0x20008000 ADDR (.data_RAM4)
                0x1a000140        0x4 LONG 0x0 SIZEOF (.data_RAM4)
                0x1a000144        0x4 LONG 0x1a005448 LOADADDR (.data_RAM5)
                0x1a000148        0x4 LONG 0x2000c000 ADDR (.data_RAM5)
                0x1a00014c        0x4 LONG 0x0 SIZEOF (.data_RAM5)
                0x1a000150                __data_section_table_end = .
                0x1a000150                __bss_section_table = .
                0x1a000150        0x4 LONG 0x10000058 ADDR (.bss)
                0x1a000154        0x4 LONG 0x1a20 SIZEOF (.bss)
                0x1a000158        0x4 LONG 0x10080000 ADDR (.bss_RAM2)
                0x1a00015c        0x4 LONG 0x0 SIZEOF (.bss_RAM2)
                0x1a000160        0x4 LONG 0x20000000 ADDR (.bss_RAM3)
                0x1a000164        0x4 LONG 0x0 SIZEOF (.bss_RAM3)
                0x1a000168        0x4 LONG 0x20008000 ADDR (.bss_RAM4)
                0x1a00016c        0x4 LONG 0x0 SIZEOF (.bss_RAM4)
                0x1a000170        0x4 LONG 0x2000c000 ADDR (.bss_RAM5)
                0x1a000174        0x4 LONG 0x0 SIZEOF (.bss_RAM5)
                0x1a000178                __bss_section_table_end = .
                0x1a000178                __section_table_end = .
 *(.after_vectors*)
 .after_vectors
                0x1a000178       0xcc ./src/cr_startup_lpc43xx.o
                0x1a000178                data_init
                0x1a0001bc                bss_init
                0x1a0001f4                NMI_Handler
                0x1a0001fc                HardFault_Handler
                0x1a000204                MemManage_Handler
                0x1a00020c                BusFault_Handler
                0x1a000214                UsageFault_Handler
                0x1a00021c                SVC_Handler
                0x1a000224                DebugMon_Handler
                0x1a00023c                TIMER2_IRQHandler
                0x1a00023c                RIT_IRQHandler
                0x1a00023c                FLASH_EEPROM_IRQHandler
                0x1a00023c                I2C0_IRQHandler
                0x1a00023c                SDIO_IRQHandler
                0x1a00023c                ATIMER_IRQHandler
                0x1a00023c                I2C1_IRQHandler
                0x1a00023c                UART1_IRQHandler
                0x1a00023c                GPIO5_IRQHandler
                0x1a00023c                CAN1_IRQHandler
                0x1a00023c                USB1_IRQHandler
                0x1a00023c                I2S0_IRQHandler
                0x1a00023c                TIMER3_IRQHandler
                0x1a00023c                UART0_IRQHandler
                0x1a00023c                SGPIO_IRQHandler
                0x1a00023c                ADC0_IRQHandler
                0x1a00023c                GPIO6_IRQHandler
                0x1a00023c                IntDefaultHandler
                0x1a00023c                GPIO1_IRQHandler
                0x1a00023c                SSP0_IRQHandler
                0x1a00023c                ADC1_IRQHandler
                0x1a00023c                RTC_IRQHandler
                0x1a00023c                TIMER0_IRQHandler
                0x1a00023c                SPI_IRQHandler
                0x1a00023c                LCD_IRQHandler
                0x1a00023c                VADC_IRQHandler
                0x1a00023c                TIMER1_IRQHandler
                0x1a00023c                GPIO2_IRQHandler
                0x1a00023c                I2S1_IRQHandler
                0x1a00023c                SSP1_IRQHandler
                0x1a00023c                USB0_IRQHandler
                0x1a00023c                GPIO3_IRQHandler
                0x1a00023c                SCT_IRQHandler
                0x1a00023c                WDT_IRQHandler
                0x1a00023c                GPIO7_IRQHandler
                0x1a00023c                SPIFI_IRQHandler
                0x1a00023c                QEI_IRQHandler
                0x1a00023c                ETH_IRQHandler
                0x1a00023c                M0CORE_IRQHandler
                0x1a00023c                CAN0_IRQHandler
                0x1a00023c                GINT0_IRQHandler
                0x1a00023c                DAC_IRQHandler
                0x1a00023c                M0SUB_IRQHandler
                0x1a00023c                GPIO0_IRQHandler
                0x1a00023c                DMA_IRQHandler
                0x1a00023c                EVRT_IRQHandler
                0x1a00023c                MCPWM_IRQHandler
                0x1a00023c                GINT1_IRQHandler
                0x1a00023c                GPIO4_IRQHandler
                0x000002fc                . = 0x2fc
 *fill*         0x1a000244       0xb8 ff
                0x1a0002fc                PROVIDE (__CRP_WORD_START__, .)
 *(.crp)
 .crp           0x1a0002fc        0x4 ./src/crp.o
                0x1a0002fc                CRP_WORD
                0x1a000300                PROVIDE (__CRP_WORD_END__, .)
                0x00000001                ASSERT (! ((__CRP_WORD_START__ == __CRP_WORD_END__)), Linker CRP Enabled, but no CRP_WORD provided within application)
 *(.text*)
 .text.ActivateTask
                0x1a000300      0x1c8 ./src/ActivateTask.o
                0x1a000300                ActivateTask
 .text.AddReady
                0x1a0004c8       0xb0 ./src/Os_Internal.o
                0x1a0004c8                AddReady
 .text.RemoveTask
                0x1a000578       0x98 ./src/Os_Internal.o
                0x1a000578                RemoveTask
 .text.GetNextTask
                0x1a000610       0x68 ./src/Os_Internal.o
                0x1a000610                GetNextTask
 .text.IncrementAlarm
                0x1a000678      0x228 ./src/Os_Internal.o
                0x1a000678                IncrementAlarm
 .text.IncrementCounter
                0x1a0008a0       0xe8 ./src/Os_Internal.o
                0x1a0008a0                IncrementCounter
 .text.ReturnHook_Arch
                0x1a000988        0x8 ./src/Os_Internal_Arch.o
                0x1a000988                ReturnHook_Arch
 .text.CheckTerminatingTask_Arch
                0x1a000990       0x24 ./src/Os_Internal_Arch.o
                0x1a000990                CheckTerminatingTask_Arch
 .text.InitStack_Arch
                0x1a0009b4       0xc4 ./src/Os_Internal_Arch.o
                0x1a0009b4                InitStack_Arch
 .text.SysTick_Handler
                0x1a000a78       0x68 ./src/Os_Internal_Arch.o
                0x1a000a78                SysTick_Handler
 .text          0x1a000ae0       0x78 ./src/PendSV.o
                0x1a000ae0                PendSV_Handler
 .text.Schedule
                0x1a000b58      0x1e4 ./src/Schedule.o
                0x1a000b58                Schedule
 .text.SetEvent
                0x1a000d3c      0x264 ./src/SetEvent.o
                0x1a000d3c                SetEvent
 .text.SetRelAlarm
                0x1a000fa0      0x194 ./src/SetRelAlarm.o
                0x1a000fa0                SetRelAlarm
 .text.ShutdownOS
                0x1a001134        0xc ./src/ShutdownOS.o
                0x1a001134                ShutdownOS
 .text.StartOS  0x1a001140      0x124 ./src/StartOS.o
                0x1a001140                StartOS
 .text.NVIC_SetPriority
                0x1a001264       0x54 ./src/StartOs_Arch.o
 .text.SysTick_Config
                0x1a0012b8       0x44 ./src/StartOs_Arch.o
 .text.StartOs_Arch_Cpu
                0x1a0012fc       0x30 ./src/StartOs_Arch.o
                0x1a0012fc                StartOs_Arch_Cpu
 .text.StartOs_Arch
                0x1a00132c       0x2c ./src/StartOs_Arch.o
                0x1a00132c                StartOs_Arch
 .text.TerminateTask
                0x1a001358      0x188 ./src/TerminateTask.o
                0x1a001358                TerminateTask
 .text.main     0x1a0014e0       0x24 ./src/blinking.o
                0x1a0014e0                main
 .text.ErrorHook
                0x1a001504        0xc ./src/blinking.o
                0x1a001504                ErrorHook
 .text.OSEK_TASK_InitTask
                0x1a001510       0x40 ./src/blinking.o
                0x1a001510                OSEK_TASK_InitTask
 .text.OSEK_TASK_TaskA
                0x1a001550       0x30 ./src/blinking.o
                0x1a001550                OSEK_TASK_TaskA
 .text.OSEK_TASK_TaskB
                0x1a001580       0x48 ./src/blinking.o
                0x1a001580                OSEK_TASK_TaskB
 .text.OSEK_TASK_TaskC
                0x1a0015c8      0x110 ./src/blinking.o
                0x1a0015c8                OSEK_TASK_TaskC
 .text.ciaaIOInit
                0x1a0016d8      0x108 ./src/ciaaIO.o
                0x1a0016d8                ciaaIOInit
 .text.NVIC_EnableIRQ
                0x1a0017e0       0x30 ./src/ciaaUART.o
 .text.ciaaUARTInit
                0x1a001810       0x60 ./src/ciaaUART.o
                0x1a001810                ciaaUARTInit
 .text.UART2_IRQHandler
                0x1a001870       0xa4 ./src/ciaaUART.o
                0x1a001870                UART2_IRQHandler
 .text.UART3_IRQHandler
                0x1a001914        0xc ./src/ciaaUART.o
                0x1a001914                UART3_IRQHandler
 .text.ResetISR
                0x1a001920       0xe4 ./src/cr_startup_lpc43xx.o
                0x1a001920                ResetISR
 .text.CGU_GetPCLKFrequency
                0x1a001a04       0xb0 /home/pablo/Dropbox/Privado/FRBA/DPLab/osek_lpc4337/CMSIS_LPC43xx_DriverLib/Debug/libCMSIS_LPC43xx_DriverLib.a(lpc43xx_cgu.o)
                0x1a001a04                CGU_GetPCLKFrequency
 .text.CGU_UpdateClock
                0x1a001ab4      0x100 /home/pablo/Dropbox/Privado/FRBA/DPLab/osek_lpc4337/CMSIS_LPC43xx_DriverLib/Debug/libCMSIS_LPC43xx_DriverLib.a(lpc43xx_cgu.o)
                0x1a001ab4                CGU_UpdateClock
 .text.CGU_SetXTALOSC
                0x1a001bb4       0x40 /home/pablo/Dropbox/Privado/FRBA/DPLab/osek_lpc4337/CMSIS_LPC43xx_DriverLib/Debug/libCMSIS_LPC43xx_DriverLib.a(lpc43xx_cgu.o)
                0x1a001bb4                CGU_SetXTALOSC
 .text.CGU_EnableEntity
                0x1a001bf4      0x140 /home/pablo/Dropbox/Privado/FRBA/DPLab/osek_lpc4337/CMSIS_LPC43xx_DriverLib/Debug/libCMSIS_LPC43xx_DriverLib.a(lpc43xx_cgu.o)
                0x1a001bf4                CGU_EnableEntity
 .text.CGU_EntityConnect
                0x1a001d34       0x8c /home/pablo/Dropbox/Privado/FRBA/DPLab/osek_lpc4337/CMSIS_LPC43xx_DriverLib/Debug/libCMSIS_LPC43xx_DriverLib.a(lpc43xx_cgu.o)
                0x1a001d34                CGU_EntityConnect
 .text.CGU_SetPLL1
                0x1a001dc0       0x84 /home/pablo/Dropbox/Privado/FRBA/DPLab/osek_lpc4337/CMSIS_LPC43xx_DriverLib/Debug/libCMSIS_LPC43xx_DriverLib.a(lpc43xx_cgu.o)
                0x1a001dc0                CGU_SetPLL1
 .text.CGU_Init
                0x1a001e44       0x3c /home/pablo/Dropbox/Privado/FRBA/DPLab/osek_lpc4337/CMSIS_LPC43xx_DriverLib/Debug/libCMSIS_LPC43xx_DriverLib.a(lpc43xx_cgu.o)
                0x1a001e44                CGU_Init
 .text.GPIO_SetDir
                0x1a001e80       0x2c /home/pablo/Dropbox/Privado/FRBA/DPLab/osek_lpc4337/CMSIS_LPC43xx_DriverLib/Debug/libCMSIS_LPC43xx_DriverLib.a(lpc43xx_gpio.o)
                0x1a001e80                GPIO_SetDir
 .text.GPIO_SetValue
                0x1a001eac       0x10 /home/pablo/Dropbox/Privado/FRBA/DPLab/osek_lpc4337/CMSIS_LPC43xx_DriverLib/Debug/libCMSIS_LPC43xx_DriverLib.a(lpc43xx_gpio.o)
                0x1a001eac                GPIO_SetValue
 .text.GPIO_ClearValue
                0x1a001ebc       0x10 /home/pablo/Dropbox/Privado/FRBA/DPLab/osek_lpc4337/CMSIS_LPC43xx_DriverLib/Debug/libCMSIS_LPC43xx_DriverLib.a(lpc43xx_gpio.o)
                0x1a001ebc                GPIO_ClearValue
 .text.scu_pinmux
                0x1a001ecc       0x18 /home/pablo/Dropbox/Privado/FRBA/DPLab/osek_lpc4337/CMSIS_LPC43xx_DriverLib/Debug/libCMSIS_LPC43xx_DriverLib.a(lpc43xx_scu.o)
                0x1a001ecc                scu_pinmux
 .text.uart_set_divisors
                0x1a001ee4      0x190 /home/pablo/Dropbox/Privado/FRBA/DPLab/osek_lpc4337/CMSIS_LPC43xx_DriverLib/Debug/libCMSIS_LPC43xx_DriverLib.a(lpc43xx_uart.o)
 .text.UART_Init
                0x1a002074      0x134 /home/pablo/Dropbox/Privado/FRBA/DPLab/osek_lpc4337/CMSIS_LPC43xx_DriverLib/Debug/libCMSIS_LPC43xx_DriverLib.a(lpc43xx_uart.o)
                0x1a002074                UART_Init
 .text.UART_SendByte
                0x1a0021a8        0x4 /home/pablo/Dropbox/Privado/FRBA/DPLab/osek_lpc4337/CMSIS_LPC43xx_DriverLib/Debug/libCMSIS_LPC43xx_DriverLib.a(lpc43xx_uart.o)
                0x1a0021a8                UART_SendByte
 .text.UART_ReceiveByte
                0x1a0021ac        0x8 /home/pablo/Dropbox/Privado/FRBA/DPLab/osek_lpc4337/CMSIS_LPC43xx_DriverLib/Debug/libCMSIS_LPC43xx_DriverLib.a(lpc43xx_uart.o)
                0x1a0021ac                UART_ReceiveByte
 .text.UART_IntConfig
                0x1a0021b4       0x60 /home/pablo/Dropbox/Privado/FRBA/DPLab/osek_lpc4337/CMSIS_LPC43xx_DriverLib/Debug/libCMSIS_LPC43xx_DriverLib.a(lpc43xx_uart.o)
                0x1a0021b4                UART_IntConfig
 .text.UART_GetLineStatus
                0x1a002214       0x14 /home/pablo/Dropbox/Privado/FRBA/DPLab/osek_lpc4337/CMSIS_LPC43xx_DriverLib/Debug/libCMSIS_LPC43xx_DriverLib.a(lpc43xx_uart.o)
                0x1a002214                UART_GetLineStatus
 .text.UART_TxCmd
                0x1a002228       0x38 /home/pablo/Dropbox/Privado/FRBA/DPLab/osek_lpc4337/CMSIS_LPC43xx_DriverLib/Debug/libCMSIS_LPC43xx_DriverLib.a(lpc43xx_uart.o)
                0x1a002228                UART_TxCmd
 .text.SystemInit
                0x1a002260       0x40 /home/pablo/Dropbox/Privado/FRBA/DPLab/osek_lpc4337/CMSIS_LPC43xx_DriverLib/Debug/libCMSIS_LPC43xx_DriverLib.a(system_LPC43xx.o)
                0x1a002260                SystemInit
 .text.__main   0x1a0022a0       0x14 /usr/local/lpcxpresso_7.2.0_153/lpcxpresso/tools/bin/../lib/gcc/arm-none-eabi/4.8.3/../../../../arm-none-eabi/lib/armv7e-m/softfp/libcr_semihost.a(_cr__main.o)
                0x1a0022a0                __main
                0x1a0022a0                __CR_SEMIHOST
 .text.fp_round
                0x1a0022b4       0x50 /usr/local/lpcxpresso_7.2.0_153/lpcxpresso/tools/bin/../lib/gcc/arm-none-eabi/4.8.3/../../../../arm-none-eabi/lib/armv7e-m/softfp/libcr_c.a(fpprintf.o)
 .text.pr_dec.constprop.1
                0x1a002304       0x26 /usr/local/lpcxpresso_7.2.0_153/lpcxpresso/tools/bin/../lib/gcc/arm-none-eabi/4.8.3/../../../../arm-none-eabi/lib/armv7e-m/softfp/libcr_c.a(fpprintf.o)
 *fill*         0x1a00232a        0x2 
 .text.sprintf  0x1a00232c       0x6c /usr/local/lpcxpresso_7.2.0_153/lpcxpresso/tools/bin/../lib/gcc/arm-none-eabi/4.8.3/../../../../arm-none-eabi/lib/armv7e-m/softfp/libcr_c.a(fpprintf.o)
                0x1a00232c                sprintf
 .text.fp_display
                0x1a002398      0x988 /usr/local/lpcxpresso_7.2.0_153/lpcxpresso/tools/bin/../lib/gcc/arm-none-eabi/4.8.3/../../../../arm-none-eabi/lib/armv7e-m/softfp/libcr_c.a(fpprintf.o)
 .text.vsnprintf
                0x1a002d20       0x5c /usr/local/lpcxpresso_7.2.0_153/lpcxpresso/tools/bin/../lib/gcc/arm-none-eabi/4.8.3/../../../../arm-none-eabi/lib/armv7e-m/softfp/libcr_c.a(fpprintf.o)
                0x1a002d20                vsnprintf
 .text.printf   0x1a002d7c       0x54 /usr/local/lpcxpresso_7.2.0_153/lpcxpresso/tools/bin/../lib/gcc/arm-none-eabi/4.8.3/../../../../arm-none-eabi/lib/armv7e-m/softfp/libcr_c.a(fpprintf.o)
                0x1a002d7c                printf
 .text._initio  0x1a002dd0       0xa4 /usr/local/lpcxpresso_7.2.0_153/lpcxpresso/tools/bin/../lib/gcc/arm-none-eabi/4.8.3/../../../../arm-none-eabi/lib/armv7e-m/softfp/libcr_c.a(initio.o)
                0x1a002dd0                _initio
 .text.__vfprintf
                0x1a002e74      0xca0 /usr/local/lpcxpresso_7.2.0_153/lpcxpresso/tools/bin/../lib/gcc/arm-none-eabi/4.8.3/../../../../arm-none-eabi/lib/armv7e-m/softfp/libcr_c.a(printf.o)
                0x1a002e74                __vfprintf
 .text.setvbuf  0x1a003b14       0x40 /usr/local/lpcxpresso_7.2.0_153/lpcxpresso/tools/bin/../lib/gcc/arm-none-eabi/4.8.3/../../../../arm-none-eabi/lib/armv7e-m/softfp/libcr_c.a(setvbuf.o)
                0x1a003b14                setvbuf
 .text.strlen   0x1a003b54       0x4a /usr/local/lpcxpresso_7.2.0_153/lpcxpresso/tools/bin/../lib/gcc/arm-none-eabi/4.8.3/../../../../arm-none-eabi/lib/armv7e-m/softfp/libcr_c.a(strlen.o)
                0x1a003b54                strlen
 .text.memset   0x1a003b9e        0x4 /usr/local/lpcxpresso_7.2.0_153/lpcxpresso/tools/bin/../lib/gcc/arm-none-eabi/4.8.3/../../../../arm-none-eabi/lib/armv7e-m/softfp/libcr_c.a(memset.o)
                0x1a003b9e                memset
 .text._deferredlazyseek
                0x1a003ba2       0x44 /usr/local/lpcxpresso_7.2.0_153/lpcxpresso/tools/bin/../lib/gcc/arm-none-eabi/4.8.3/../../../../arm-none-eabi/lib/armv7e-m/softfp/libcr_c.a(_deferredlazyseek.o)
                0x1a003ba2                _deferredlazyseek
 .text.__flsbuf
                0x1a003be6      0x142 /usr/local/lpcxpresso_7.2.0_153/lpcxpresso/tools/bin/../lib/gcc/arm-none-eabi/4.8.3/../../../../arm-none-eabi/lib/armv7e-m/softfp/libcr_c.a(_deferredlazyseek.o)
                0x1a003be6                __flsbuf
 .text._fdopen  0x1a003d28       0x6a /usr/local/lpcxpresso_7.2.0_153/lpcxpresso/tools/bin/../lib/gcc/arm-none-eabi/4.8.3/../../../../arm-none-eabi/lib/armv7e-m/softfp/libcr_c.a(_fdopen.o)
                0x1a003d28                _fdopen
 .text._fflush  0x1a003d92       0x58 /usr/local/lpcxpresso_7.2.0_153/lpcxpresso/tools/bin/../lib/gcc/arm-none-eabi/4.8.3/../../../../arm-none-eabi/lib/armv7e-m/softfp/libcr_c.a(_fflush.o)
                0x1a003d92                _fflush
 .text._frexpl  0x1a003dea       0x5c /usr/local/lpcxpresso_7.2.0_153/lpcxpresso/tools/bin/../lib/gcc/arm-none-eabi/4.8.3/../../../../arm-none-eabi/lib/armv7e-m/softfp/libcr_c.a(_frexpl.o)
                0x1a003dea                _frexpl
 *fill*         0x1a003e46        0x2 
 .text._ldexpl  0x1a003e48       0x4c /usr/local/lpcxpresso_7.2.0_153/lpcxpresso/tools/bin/../lib/gcc/arm-none-eabi/4.8.3/../../../../arm-none-eabi/lib/armv7e-m/softfp/libcr_c.a(_ldexpl.o)
                0x1a003e48                _ldexpl
 .text._Cwritebuf
                0x1a003e94       0x70 /usr/local/lpcxpresso_7.2.0_153/lpcxpresso/tools/bin/../lib/gcc/arm-none-eabi/4.8.3/../../../../arm-none-eabi/lib/armv7e-m/softfp/libcr_c.a(_writebuf.o)
                0x1a003e94                _Cwritebuf
 .text.malloc   0x1a003f04       0xc4 /usr/local/lpcxpresso_7.2.0_153/lpcxpresso/tools/bin/../lib/gcc/arm-none-eabi/4.8.3/../../../../arm-none-eabi/lib/armv7e-m/softfp/libcr_c.a(alloc.o)
                0x1a003f04                malloc
 .text.free     0x1a003fc8        0xc /usr/local/lpcxpresso_7.2.0_153/lpcxpresso/tools/bin/../lib/gcc/arm-none-eabi/4.8.3/../../../../arm-none-eabi/lib/armv7e-m/softfp/libcr_c.a(alloc.o)
                0x1a003fc8                free
 .text._Csys_alloc
                0x1a003fd4       0x20 /usr/local/lpcxpresso_7.2.0_153/lpcxpresso/tools/bin/../lib/gcc/arm-none-eabi/4.8.3/../../../../arm-none-eabi/lib/armv7e-m/softfp/libcr_c.a(alloc.o)
                0x1a003fd4                _Csys_alloc
 .text.fclose   0x1a003ff4       0x6c /usr/local/lpcxpresso_7.2.0_153/lpcxpresso/tools/bin/../lib/gcc/arm-none-eabi/4.8.3/../../../../arm-none-eabi/lib/armv7e-m/softfp/libcr_c.a(fclose.o)
                0x1a003ff4                fclose
 .text.fflush   0x1a004060       0x30 /usr/local/lpcxpresso_7.2.0_153/lpcxpresso/tools/bin/../lib/gcc/arm-none-eabi/4.8.3/../../../../arm-none-eabi/lib/armv7e-m/softfp/libcr_c.a(fflush.o)
                0x1a004060                fflush
 .text.fseek    0x1a004090      0x10c /usr/local/lpcxpresso_7.2.0_153/lpcxpresso/tools/bin/../lib/gcc/arm-none-eabi/4.8.3/../../../../arm-none-eabi/lib/armv7e-m/softfp/libcr_c.a(fseek.o)
                0x1a004090                fseek
 .text.ftell    0x1a00419c       0x4c /usr/local/lpcxpresso_7.2.0_153/lpcxpresso/tools/bin/../lib/gcc/arm-none-eabi/4.8.3/../../../../arm-none-eabi/lib/armv7e-m/softfp/libcr_c.a(ftell.o)
                0x1a00419c                ftell
 .text.remove   0x1a0041e8       0x14 /usr/local/lpcxpresso_7.2.0_153/lpcxpresso/tools/bin/../lib/gcc/arm-none-eabi/4.8.3/../../../../arm-none-eabi/lib/armv7e-m/softfp/libcr_c.a(remove.o)
                0x1a0041e8                remove
 .text._sbrk    0x1a0041fc       0x40 /usr/local/lpcxpresso_7.2.0_153/lpcxpresso/tools/bin/../lib/gcc/arm-none-eabi/4.8.3/../../../../arm-none-eabi/lib/armv7e-m/softfp/libcr_c.a(_cr_sbrk.o)
                0x1a0041fc                _sbrk
 .text._do_fflush
                0x1a00423c       0x44 /usr/local/lpcxpresso_7.2.0_153/lpcxpresso/tools/bin/../lib/gcc/arm-none-eabi/4.8.3/../../../../arm-none-eabi/lib/armv7e-m/softfp/libcr_c.a(_do_fflush.o)
                0x1a00423c                _do_fflush
 .text.__check_heap_overflow
                0x1a004280       0x2c /usr/local/lpcxpresso_7.2.0_153/lpcxpresso/tools/bin/../lib/gcc/arm-none-eabi/4.8.3/../../../../arm-none-eabi/lib/armv7e-m/softfp/libcr_c.a(_cr_check_heap.o)
                0x1a004280                __check_heap_overflow
 .text.__aeabi_division_uldivmod
                0x1a0042ac      0x188 /usr/local/lpcxpresso_7.2.0_153/lpcxpresso/tools/bin/../lib/gcc/arm-none-eabi/4.8.3/armv7e-m/softfp/libcr_eabihelpers.a(division_64.o)
                0x1a0042ac                __aeabi_uldivmod
                0x1a0042b0                __bhs_ldivmod1
 .text.__aeabi_division_idiv0
                0x1a004434        0x2 /usr/local/lpcxpresso_7.2.0_153/lpcxpresso/tools/bin/../lib/gcc/arm-none-eabi/4.8.3/armv7e-m/softfp/libcr_eabihelpers.a(division_idiv0.o)
                0x1a004434                __aeabi_idiv0
 *fill*         0x1a004436        0x2 
 .text.__aeabi_dmul
                0x1a004438      0x110 /usr/local/lpcxpresso_7.2.0_153/lpcxpresso/tools/bin/../lib/gcc/arm-none-eabi/4.8.3/armv7e-m/softfp/libcr_eabihelpers.a(double.o)
                0x1a004438                __aeabi_dmul
 .text.__aeabi_ddiv
                0x1a004548      0x138 /usr/local/lpcxpresso_7.2.0_153/lpcxpresso/tools/bin/../lib/gcc/arm-none-eabi/4.8.3/armv7e-m/softfp/libcr_eabihelpers.a(double.o)
                0x1a004548                __aeabi_ddiv
 .text.__aeabi_dsub
                0x1a004680      0x1fc /usr/local/lpcxpresso_7.2.0_153/lpcxpresso/tools/bin/../lib/gcc/arm-none-eabi/4.8.3/armv7e-m/softfp/libcr_eabihelpers.a(double.o)
                0x1a004680                __aeabi_dsub
 .text.__aeabi_dadd
                0x1a00487c      0x144 /usr/local/lpcxpresso_7.2.0_153/lpcxpresso/tools/bin/../lib/gcc/arm-none-eabi/4.8.3/armv7e-m/softfp/libcr_eabihelpers.a(double.o)
                0x1a00487c                __aeabi_dadd
 .text.__aeabi_d2iz
                0x1a0049c0       0x42 /usr/local/lpcxpresso_7.2.0_153/lpcxpresso/tools/bin/../lib/gcc/arm-none-eabi/4.8.3/armv7e-m/softfp/libcr_eabihelpers.a(double.o)
                0x1a0049c0                __aeabi_d2iz
 .text.__bhs_ui2d
                0x1a004a02       0x46 /usr/local/lpcxpresso_7.2.0_153/lpcxpresso/tools/bin/../lib/gcc/arm-none-eabi/4.8.3/armv7e-m/softfp/libcr_eabihelpers.a(double.o)
                0x1a004a02                __bhs_ui2d
 .text.__aeabi_i2d
                0x1a004a48       0x10 /usr/local/lpcxpresso_7.2.0_153/lpcxpresso/tools/bin/../lib/gcc/arm-none-eabi/4.8.3/armv7e-m/softfp/libcr_eabihelpers.a(double.o)
                0x1a004a48                __aeabi_i2d
 .text.__aeabi_dcmpeq
                0x1a004a58       0x3a /usr/local/lpcxpresso_7.2.0_153/lpcxpresso/tools/bin/../lib/gcc/arm-none-eabi/4.8.3/armv7e-m/softfp/libcr_eabihelpers.a(double.o)
                0x1a004a58                __aeabi_dcmpeq
 .text.__aeabi_dcmplt
                0x1a004a92       0x66 /usr/local/lpcxpresso_7.2.0_153/lpcxpresso/tools/bin/../lib/gcc/arm-none-eabi/4.8.3/armv7e-m/softfp/libcr_eabihelpers.a(double.o)
                0x1a004a92                __aeabi_dcmplt
 .text.__aeabi_dcmple
                0x1a004af8       0x64 /usr/local/lpcxpresso_7.2.0_153/lpcxpresso/tools/bin/../lib/gcc/arm-none-eabi/4.8.3/armv7e-m/softfp/libcr_eabihelpers.a(double.o)
                0x1a004af8                __aeabi_dcmple
 .text.__aeabi_dcmpge
                0x1a004b5c       0x60 /usr/local/lpcxpresso_7.2.0_153/lpcxpresso/tools/bin/../lib/gcc/arm-none-eabi/4.8.3/armv7e-m/softfp/libcr_eabihelpers.a(double.o)
                0x1a004b5c                __aeabi_dcmpge
 .text.__aeabi_memset_lowlevel
                0x1a004bbc       0x2c /usr/local/lpcxpresso_7.2.0_153/lpcxpresso/tools/bin/../lib/gcc/arm-none-eabi/4.8.3/armv7e-m/softfp/libcr_eabihelpers.a(memcpy.o)
                0x1a004bbc                __aeabi_lowlevel_memset
 .text.__sys_appexit
                0x1a004be8        0xc /usr/local/lpcxpresso_7.2.0_153/lpcxpresso/tools/bin/../lib/gcc/arm-none-eabi/4.8.3/../../../../arm-none-eabi/lib/armv7e-m/softfp/libcr_semihost.a(__sys_appexit.o)
                0x1a004be8                __exit
                0x1a004be8                __sys_appexit
 .text.__sys_close
                0x1a004bf4        0xc /usr/local/lpcxpresso_7.2.0_153/lpcxpresso/tools/bin/../lib/gcc/arm-none-eabi/4.8.3/../../../../arm-none-eabi/lib/armv7e-m/softfp/libcr_semihost.a(__sys_close.o)
                0x1a004bf4                __sys_close
 .text.__sys_flen
                0x1a004c00        0xc /usr/local/lpcxpresso_7.2.0_153/lpcxpresso/tools/bin/../lib/gcc/arm-none-eabi/4.8.3/../../../../arm-none-eabi/lib/armv7e-m/softfp/libcr_semihost.a(__sys_flen.o)
                0x1a004c00                __sys_flen
 .text.__sys_istty
                0x1a004c0c        0xc /usr/local/lpcxpresso_7.2.0_153/lpcxpresso/tools/bin/../lib/gcc/arm-none-eabi/4.8.3/../../../../arm-none-eabi/lib/armv7e-m/softfp/libcr_semihost.a(__sys_istty.o)
                0x1a004c0c                __sys_istty
 .text.__sys_remove
                0x1a004c18        0xc /usr/local/lpcxpresso_7.2.0_153/lpcxpresso/tools/bin/../lib/gcc/arm-none-eabi/4.8.3/../../../../arm-none-eabi/lib/armv7e-m/softfp/libcr_semihost.a(__sys_remove.o)
                0x1a004c18                __sys_remove
 .text.__sys_seek
                0x1a004c24        0xc /usr/local/lpcxpresso_7.2.0_153/lpcxpresso/tools/bin/../lib/gcc/arm-none-eabi/4.8.3/../../../../arm-none-eabi/lib/armv7e-m/softfp/libcr_semihost.a(__sys_seek.o)
                0x1a004c24                __sys_seek
 .text.__sys_tmpnam
                0x1a004c30        0xc /usr/local/lpcxpresso_7.2.0_153/lpcxpresso/tools/bin/../lib/gcc/arm-none-eabi/4.8.3/../../../../arm-none-eabi/lib/armv7e-m/softfp/libcr_semihost.a(__sys_tmpnam.o)
                0x1a004c30                __sys_tmpnam
 .text.__sys_write
                0x1a004c3c        0xc /usr/local/lpcxpresso_7.2.0_153/lpcxpresso/tools/bin/../lib/gcc/arm-none-eabi/4.8.3/../../../../arm-none-eabi/lib/armv7e-m/softfp/libcr_semihost.a(__sys_write.o)
                0x1a004c3c                __write
                0x1a004c3c                __sys_write
 *(.rodata .rodata.* .constdata .constdata.*)
 .rodata.OSEK_ALARMLIST_HardwareCounter
                0x1a004c48        0x4 ./src/Os_Internal_Cfg.o
                0x1a004c48                OSEK_ALARMLIST_HardwareCounter
 .rodata.OSEK_ALARMLIST_SoftwareCounter
                0x1a004c4c        0x4 ./src/Os_Internal_Cfg.o
                0x1a004c4c                OSEK_ALARMLIST_SoftwareCounter
 .rodata.TasksConst
                0x1a004c50       0x70 ./src/Os_Internal_Cfg.o
                0x1a004c50                TasksConst
 .rodata.TasksAppModeAppMode1
                0x1a004cc0        0x4 ./src/Os_Internal_Cfg.o
                0x1a004cc0                TasksAppModeAppMode1
 .rodata.TasksAppModeAppMode2
                0x1a004cc4        0x4 ./src/Os_Internal_Cfg.o
                0x1a004cc4                TasksAppModeAppMode2
 .rodata.AutoStart
                0x1a004cc8       0x10 ./src/Os_Internal_Cfg.o
                0x1a004cc8                AutoStart
 .rodata.ReadyConst
                0x1a004cd8       0x20 ./src/Os_Internal_Cfg.o
                0x1a004cd8                ReadyConst
 .rodata.AlarmsConst
                0x1a004cf8       0x28 ./src/Os_Internal_Cfg.o
                0x1a004cf8                AlarmsConst
 .rodata.AutoStartAlarm
                0x1a004d20        0xc ./src/Os_Internal_Cfg.o
                0x1a004d20                AutoStartAlarm
 .rodata.CountersConst
                0x1a004d2c       0x28 ./src/Os_Internal_Cfg.o
                0x1a004d2c                CountersConst
 .rodata        0x1a004d54      0x178 ./src/blinking.o
 .rodata.CGU_PERIPHERAL_Info
                0x1a004ecc      0x190 /home/pablo/Dropbox/Privado/FRBA/DPLab/osek_lpc4337/CMSIS_LPC43xx_DriverLib/Debug/libCMSIS_LPC43xx_DriverLib.a(lpc43xx_cgu.o)
                0x1a004ecc                CGU_PERIPHERAL_Info
 .rodata.CGU_Entity_ControlReg_Offset
                0x1a00505c       0x5c /home/pablo/Dropbox/Privado/FRBA/DPLab/osek_lpc4337/CMSIS_LPC43xx_DriverLib/Debug/libCMSIS_LPC43xx_DriverLib.a(lpc43xx_cgu.o)
                0x1a00505c                CGU_Entity_ControlReg_Offset
 .rodata.CGU_ConnectAlloc_Tbl
                0x1a0050b8      0x300 /home/pablo/Dropbox/Privado/FRBA/DPLab/osek_lpc4337/CMSIS_LPC43xx_DriverLib/Debug/libCMSIS_LPC43xx_DriverLib.a(lpc43xx_cgu.o)
                0x1a0050b8                CGU_ConnectAlloc_Tbl
 .rodata.str1.1
                0x1a0053b8       0x34 /usr/local/lpcxpresso_7.2.0_153/lpcxpresso/tools/bin/../lib/gcc/arm-none-eabi/4.8.3/../../../../arm-none-eabi/lib/armv7e-m/softfp/libcr_c.a(fpprintf.o)
                                 0x35 (size before relaxing)
 .rodata.str1.1
                0x1a0053ec        0x4 /usr/local/lpcxpresso_7.2.0_153/lpcxpresso/tools/bin/../lib/gcc/arm-none-eabi/4.8.3/../../../../arm-none-eabi/lib/armv7e-m/softfp/libcr_c.a(initio.o)
 .rodata.str1.1
                0x1a0053f0       0x31 /usr/local/lpcxpresso_7.2.0_153/lpcxpresso/tools/bin/../lib/gcc/arm-none-eabi/4.8.3/../../../../arm-none-eabi/lib/armv7e-m/softfp/libcr_c.a(printf.o)
                                 0x38 (size before relaxing)
 .rodata.str1.1
                0x1a005421       0x18 /usr/local/lpcxpresso_7.2.0_153/lpcxpresso/tools/bin/../lib/gcc/arm-none-eabi/4.8.3/../../../../arm-none-eabi/lib/armv7e-m/softfp/libcr_c.a(alloc.o)
 *fill*         0x1a005439        0x7 
 .rodata.__huge_vall
                0x1a005440        0x8 /usr/local/lpcxpresso_7.2.0_153/lpcxpresso/tools/bin/../lib/gcc/arm-none-eabi/4.8.3/../../../../arm-none-eabi/lib/armv7e-m/softfp/libcr_c.a(_hugeval.o)
                0x1a005440                __huge_vall
                0x1a005448                . = ALIGN (0x4)

.glue_7         0x1a005448        0x0
 .glue_7        0x00000000        0x0 linker stubs

.glue_7t        0x1a005448        0x0
 .glue_7t       0x00000000        0x0 linker stubs

.vfp11_veneer   0x1a005448        0x0
 .vfp11_veneer  0x00000000        0x0 linker stubs

.v4_bx          0x1a005448        0x0
 .v4_bx         0x00000000        0x0 linker stubs

.iplt           0x1a005448        0x0
 .iplt          0x00000000        0x0 ./src/ActivateTask.o

.rel.dyn        0x1a005448        0x0
 .rel.iplt      0x00000000        0x0 ./src/ActivateTask.o

.ARM.extab
 *(.ARM.extab* .gnu.linkonce.armextab.*)
                0x1a005448                __exidx_start = .

.ARM.exidx
 *(.ARM.exidx* .gnu.linkonce.armexidx.*)
                0x1a005448                __exidx_end = .
                0x1a005448                _etext = .

.data_RAM2      0x10080000        0x0 load address 0x1a005448
 FILL mask 0xff
 *(.ramfunc.$RAM2)
 *(.ramfunc.$RamLoc40)
 *(.data.$RAM2*)
 *(.data.$RamLoc40*)
                0x10080000                . = ALIGN (0x4)

.data_RAM3      0x20000000        0x0 load address 0x1a005448
 FILL mask 0xff
 *(.ramfunc.$RAM3)
 *(.ramfunc.$RamAHB32)
 *(.data.$RAM3*)
 *(.data.$RamAHB32*)
                0x20000000                . = ALIGN (0x4)

.data_RAM4      0x20008000        0x0 load address 0x1a005448
 FILL mask 0xff
 *(.ramfunc.$RAM4)
 *(.ramfunc.$RamAHB16)
 *(.data.$RAM4*)
 *(.data.$RamAHB16*)
                0x20008000                . = ALIGN (0x4)

.data_RAM5      0x2000c000        0x0 load address 0x1a005448
 FILL mask 0xff
 *(.ramfunc.$RAM5)
 *(.ramfunc.$RamAHB_ETB16)
 *(.data.$RAM5*)
 *(.data.$RamAHB_ETB16*)
                0x2000c000                . = ALIGN (0x4)

.uninit_RESERVED
                0x10000000        0x0
 *(.bss.$RESERVED*)
                0x10000000                . = ALIGN (0x4)
                0x10000000                _end_uninit_RESERVED = .

.data           0x10000000       0x58 load address 0x1a005448
 FILL mask 0xff
                0x10000000                _data = .
 *(vtable)
 *(.ramfunc*)
 *(.data*)
 .data.TerminatingTask
                0x10000000        0x1 ./src/Os_Internal_Arch.o
                0x10000000                TerminatingTask
 *fill*         0x10000001        0x3 
 .data.CounterIncrement.6464
                0x10000004        0x4 ./src/Os_Internal_Arch.o
 .data.pTxIn    0x10000008        0x4 ./src/ciaaUART.o
                0x10000008                pTxIn
 .data.pTxOut   0x1000000c        0x4 ./src/ciaaUART.o
                0x1000000c                pTxOut
 .data.CGU_ClockSourceFrequency
                0x10000010       0x44 /home/pablo/Dropbox/Privado/FRBA/DPLab/osek_lpc4337/CMSIS_LPC43xx_DriverLib/Debug/libCMSIS_LPC43xx_DriverLib.a(lpc43xx_cgu.o)
                0x10000010                CGU_ClockSourceFrequency
 .data.SystemCoreClock
                0x10000054        0x4 /home/pablo/Dropbox/Privado/FRBA/DPLab/osek_lpc4337/CMSIS_LPC43xx_DriverLib/Debug/libCMSIS_LPC43xx_DriverLib.a(system_LPC43xx.o)
                0x10000054                SystemCoreClock
                0x10000058                . = ALIGN (0x4)
                0x10000058                _edata = .

.igot.plt       0x10000058        0x0 load address 0x1a0054a0
 .igot.plt      0x00000000        0x0 ./src/ActivateTask.o

.bss_RAM2       0x10080000        0x0
 *(.bss.$RAM2*)
 *(.bss.$RamLoc40*)
                0x10080000                . = ALIGN (0x4)

.bss_RAM3       0x20000000        0x0
 *(.bss.$RAM3*)
 *(.bss.$RamAHB32*)
                0x20000000                . = ALIGN (0x4)

.bss_RAM4       0x20008000        0x0
 *(.bss.$RAM4*)
 *(.bss.$RamAHB16*)
                0x20008000                . = ALIGN (0x4)

.bss_RAM5       0x2000c000        0x0
 *(.bss.$RAM5*)
 *(.bss.$RamAHB_ETB16*)
                0x2000c000                . = ALIGN (0x4)

.bss            0x10000058     0x1a20
                0x10000058                _bss = .
 *(.bss*)
 .bss.cont.6557
                0x10000058        0x1 ./src/blinking.o
 *fill*         0x10000059        0x3 
 .bss.uartRxDataCount
                0x1000005c        0x4 ./src/ciaaUART.o
                0x1000005c                uartRxDataCount
 .bss.expectedPLL0AudioFreq
                0x10000060        0x4 /home/pablo/Dropbox/Privado/FRBA/DPLab/osek_lpc4337/CMSIS_LPC43xx_DriverLib/Debug/libCMSIS_LPC43xx_DriverLib.a(lpc43xx_cgu.o)
                0x10000060                expectedPLL0AudioFreq
 .bss.expectedPLL0Freq
                0x10000064        0x4 /home/pablo/Dropbox/Privado/FRBA/DPLab/osek_lpc4337/CMSIS_LPC43xx_DriverLib/Debug/libCMSIS_LPC43xx_DriverLib.a(lpc43xx_cgu.o)
                0x10000064                expectedPLL0Freq
 .bss.errno     0x10000068        0x4 /usr/local/lpcxpresso_7.2.0_153/lpcxpresso/tools/bin/../lib/gcc/arm-none-eabi/4.8.3/../../../../arm-none-eabi/lib/armv7e-m/softfp/libcr_c.a(errno.o)
                0x10000068                errno
 *(COMMON)
 COMMON         0x1000006c        0x3 ./src/Os.o
                0x1000006c                DisableAllInterrupts_Counter
                0x1000006d                SuspendAllInterrupts_Counter
                0x1000006e                SuspendOSInterrupts_Counter
 *fill*         0x1000006f        0x1 
 COMMON         0x10000070       0x14 ./src/Os_Cfg.o
                0x10000070                Osek_ErrorRet
                0x10000074                Osek_ErrorApi
                0x10000078                Osek_ErrorParam3
                0x1000007c                Osek_ErrorParam1
                0x10000080                Osek_ErrorParam2
 COMMON         0x10000084        0x2 ./src/Os_Internal.o
                0x10000084                RunningTask
                0x10000085                ActualContext
 *fill*         0x10000086        0x2 
 COMMON         0x10000088        0x8 ./src/Os_Internal_Arch.o
                0x10000088                Osek_OldTaskPtr_Arch
                0x1000008c                Osek_NewTaskPtr_Arch
 COMMON         0x10000090     0x109c ./src/Os_Internal_Cfg.o
                0x10000090                ReadyList0
                0x10000091                ApplicationMode
                0x10000094                StackTaskInitTask
                0x10000494                ReadyVar
                0x1000049c                AlarmsVar
                0x100004b4                StackTaskTaskA
                0x100008b4                ReadyList1
                0x100008b8                ContextTaskTaskA
                0x100008bc                ContextTaskInitTask
                0x100008c0                ContextTaskTaskC
                0x100008c4                ErrorHookRunning
                0x100008c8                StackTaskTaskC
                0x10000cc8                CountersVar
                0x10000cd0                ReadyList3
                0x10000cd4                TasksVar
                0x10000d24                StackTaskTaskB
                0x10001124                ReadyList2
                0x10001128                ContextTaskTaskB
 COMMON         0x1000112c      0x800 ./src/ciaaUART.o
                0x1000112c                uartRxBuf
                0x1000152c                uartTxBuf
 COMMON         0x1000192c        0x4 /usr/local/lpcxpresso_7.2.0_153/lpcxpresso/tools/bin/../lib/gcc/arm-none-eabi/4.8.3/../../../../arm-none-eabi/lib/armv7e-m/softfp/libcr_c.a(initio.o)
                0x1000192c                _extra
 COMMON         0x10001930      0x140 /usr/local/lpcxpresso_7.2.0_153/lpcxpresso/tools/bin/../lib/gcc/arm-none-eabi/4.8.3/../../../../arm-none-eabi/lib/armv7e-m/softfp/libcr_c.a(stdio.o)
                0x10001930                __Ciob
 COMMON         0x10001a70        0x8 /usr/local/lpcxpresso_7.2.0_153/lpcxpresso/tools/bin/../lib/gcc/arm-none-eabi/4.8.3/../../../../arm-none-eabi/lib/armv7e-m/softfp/libcr_c.a(__init_alloc.o)
                0x10001a70                __heaps
                0x10001a74                __end_of_heap
                0x10001a78                . = ALIGN (0x4)
                0x10001a78                _ebss = .
                0x10001a78                PROVIDE (end, .)

.noinit_RAM2    0x10080000        0x0
 *(.noinit.$RAM2*)
 *(.noinit.$RamLoc40*)
                0x10080000                . = ALIGN (0x4)

.noinit_RAM3    0x20000000        0x0
 *(.noinit.$RAM3*)
 *(.noinit.$RamAHB32*)
                0x20000000                . = ALIGN (0x4)

.noinit_RAM4    0x20008000        0x0
 *(.noinit.$RAM4*)
 *(.noinit.$RamAHB16*)
                0x20008000                . = ALIGN (0x4)

.noinit_RAM5    0x2000c000        0x0
 *(.noinit.$RAM5*)
 *(.noinit.$RamAHB_ETB16*)
                0x2000c000                . = ALIGN (0x4)

.noinit         0x10001a78        0x0
                0x10001a78                _noinit = .
 *(.noinit*)
                0x10001a78                . = ALIGN (0x4)
                0x10001a78                _end_noinit = .
                0x10001a78                PROVIDE (_pvHeapStart, .)
                0x10008000                PROVIDE (_vStackTop, (__top_RamLoc32 - 0x0))
OUTPUT(osek.axf elf32-littlearm)

.debug_info     0x00000000     0x7cab
 .debug_info    0x00000000      0x345 ./src/ActivateTask.o
 .debug_info    0x00000345       0xd1 ./src/Os.o
 .debug_info    0x00000416       0xe7 ./src/Os_Cfg.o
 .debug_info    0x000004fd      0x7d4 ./src/Os_Internal.o
 .debug_info    0x00000cd1      0x335 ./src/Os_Internal_Arch.o
 .debug_info    0x00001006      0x84f ./src/Os_Internal_Cfg.o
 .debug_info    0x00001855       0x77 ./src/PendSV.o
 .debug_info    0x000018cc      0x348 ./src/Schedule.o
 .debug_info    0x00001c14      0x36a ./src/SetEvent.o
 .debug_info    0x00001f7e      0x383 ./src/SetRelAlarm.o
 .debug_info    0x00002301       0xca ./src/ShutdownOS.o
 .debug_info    0x000023cb      0x24c ./src/StartOS.o
 .debug_info    0x00002617      0x7d5 ./src/StartOs_Arch.o
 .debug_info    0x00002dec      0x337 ./src/TerminateTask.o
 .debug_info    0x00003123      0x1a7 ./src/blinking.o
 .debug_info    0x000032ca      0x11f ./src/ciaaIO.o
 .debug_info    0x000033e9      0x8ba ./src/ciaaUART.o
 .debug_info    0x00003ca3      0x2a1 ./src/cr_startup_lpc43xx.o
 .debug_info    0x00003f44       0x3f ./src/crp.o
 .debug_info    0x00003f83     0x1e10 /home/pablo/Dropbox/Privado/FRBA/DPLab/osek_lpc4337/CMSIS_LPC43xx_DriverLib/Debug/libCMSIS_LPC43xx_DriverLib.a(lpc43xx_cgu.o)
 .debug_info    0x00005d93      0x4b6 /home/pablo/Dropbox/Privado/FRBA/DPLab/osek_lpc4337/CMSIS_LPC43xx_DriverLib/Debug/libCMSIS_LPC43xx_DriverLib.a(lpc43xx_gpio.o)
 .debug_info    0x00006249      0x113 /home/pablo/Dropbox/Privado/FRBA/DPLab/osek_lpc4337/CMSIS_LPC43xx_DriverLib/Debug/libCMSIS_LPC43xx_DriverLib.a(lpc43xx_scu.o)
 .debug_info    0x0000635c     0x13ef /home/pablo/Dropbox/Privado/FRBA/DPLab/osek_lpc4337/CMSIS_LPC43xx_DriverLib/Debug/libCMSIS_LPC43xx_DriverLib.a(lpc43xx_uart.o)
 .debug_info    0x0000774b      0x560 /home/pablo/Dropbox/Privado/FRBA/DPLab/osek_lpc4337/CMSIS_LPC43xx_DriverLib/Debug/libCMSIS_LPC43xx_DriverLib.a(system_LPC43xx.o)

.debug_abbrev   0x00000000     0x19fb
 .debug_abbrev  0x00000000      0x104 ./src/ActivateTask.o
 .debug_abbrev  0x00000104       0x6c ./src/Os.o
 .debug_abbrev  0x00000170       0x5f ./src/Os_Cfg.o
 .debug_abbrev  0x000001cf      0x1cd ./src/Os_Internal.o
 .debug_abbrev  0x0000039c      0x164 ./src/Os_Internal_Arch.o
 .debug_abbrev  0x00000500      0x12e ./src/Os_Internal_Cfg.o
 .debug_abbrev  0x0000062e       0x14 ./src/PendSV.o
 .debug_abbrev  0x00000642      0x10b ./src/Schedule.o
 .debug_abbrev  0x0000074d      0x104 ./src/SetEvent.o
 .debug_abbrev  0x00000851      0x105 ./src/SetRelAlarm.o
 .debug_abbrev  0x00000956       0x88 ./src/ShutdownOS.o
 .debug_abbrev  0x000009de      0x102 ./src/StartOS.o
 .debug_abbrev  0x00000ae0      0x16f ./src/StartOs_Arch.o
 .debug_abbrev  0x00000c4f       0xf5 ./src/TerminateTask.o
 .debug_abbrev  0x00000d44       0xee ./src/blinking.o
 .debug_abbrev  0x00000e32       0xb1 ./src/ciaaIO.o
 .debug_abbrev  0x00000ee3      0x1c4 ./src/ciaaUART.o
 .debug_abbrev  0x000010a7       0xed ./src/cr_startup_lpc43xx.o
 .debug_abbrev  0x00001194       0x36 ./src/crp.o
 .debug_abbrev  0x000011ca      0x29c /home/pablo/Dropbox/Privado/FRBA/DPLab/osek_lpc4337/CMSIS_LPC43xx_DriverLib/Debug/libCMSIS_LPC43xx_DriverLib.a(lpc43xx_cgu.o)
 .debug_abbrev  0x00001466      0x169 /home/pablo/Dropbox/Privado/FRBA/DPLab/osek_lpc4337/CMSIS_LPC43xx_DriverLib/Debug/libCMSIS_LPC43xx_DriverLib.a(lpc43xx_gpio.o)
 .debug_abbrev  0x000015cf       0xb1 /home/pablo/Dropbox/Privado/FRBA/DPLab/osek_lpc4337/CMSIS_LPC43xx_DriverLib/Debug/libCMSIS_LPC43xx_DriverLib.a(lpc43xx_scu.o)
 .debug_abbrev  0x00001680      0x23f /home/pablo/Dropbox/Privado/FRBA/DPLab/osek_lpc4337/CMSIS_LPC43xx_DriverLib/Debug/libCMSIS_LPC43xx_DriverLib.a(lpc43xx_uart.o)
 .debug_abbrev  0x000018bf      0x13c /home/pablo/Dropbox/Privado/FRBA/DPLab/osek_lpc4337/CMSIS_LPC43xx_DriverLib/Debug/libCMSIS_LPC43xx_DriverLib.a(system_LPC43xx.o)

.debug_aranges  0x00000000      0x5a8
 .debug_aranges
                0x00000000       0x20 ./src/ActivateTask.o
 .debug_aranges
                0x00000020       0x18 ./src/Os.o
 .debug_aranges
                0x00000038       0x18 ./src/Os_Cfg.o
 .debug_aranges
                0x00000050       0x48 ./src/Os_Internal.o
 .debug_aranges
                0x00000098       0x38 ./src/Os_Internal_Arch.o
 .debug_aranges
                0x000000d0       0x20 ./src/Os_Internal_Cfg.o
 .debug_aranges
                0x000000f0       0x20 ./src/PendSV.o
 .debug_aranges
                0x00000110       0x20 ./src/Schedule.o
 .debug_aranges
                0x00000130       0x20 ./src/SetEvent.o
 .debug_aranges
                0x00000150       0x20 ./src/SetRelAlarm.o
 .debug_aranges
                0x00000170       0x20 ./src/ShutdownOS.o
 .debug_aranges
                0x00000190       0x20 ./src/StartOS.o
 .debug_aranges
                0x000001b0       0x38 ./src/StartOs_Arch.o
 .debug_aranges
                0x000001e8       0x20 ./src/TerminateTask.o
 .debug_aranges
                0x00000208       0x50 ./src/blinking.o
 .debug_aranges
                0x00000258       0x30 ./src/ciaaIO.o
 .debug_aranges
                0x00000288       0x40 ./src/ciaaUART.o
 .debug_aranges
                0x000002c8       0x80 ./src/cr_startup_lpc43xx.o
 .debug_aranges
                0x00000348       0x18 ./src/crp.o
 .debug_aranges
                0x00000360       0xb8 /home/pablo/Dropbox/Privado/FRBA/DPLab/osek_lpc4337/CMSIS_LPC43xx_DriverLib/Debug/libCMSIS_LPC43xx_DriverLib.a(lpc43xx_cgu.o)
 .debug_aranges
                0x00000418       0x60 /home/pablo/Dropbox/Privado/FRBA/DPLab/osek_lpc4337/CMSIS_LPC43xx_DriverLib/Debug/libCMSIS_LPC43xx_DriverLib.a(lpc43xx_gpio.o)
 .debug_aranges
                0x00000478       0x20 /home/pablo/Dropbox/Privado/FRBA/DPLab/osek_lpc4337/CMSIS_LPC43xx_DriverLib/Debug/libCMSIS_LPC43xx_DriverLib.a(lpc43xx_scu.o)
 .debug_aranges
                0x00000498       0xf0 /home/pablo/Dropbox/Privado/FRBA/DPLab/osek_lpc4337/CMSIS_LPC43xx_DriverLib/Debug/libCMSIS_LPC43xx_DriverLib.a(lpc43xx_uart.o)
 .debug_aranges
                0x00000588       0x20 /home/pablo/Dropbox/Privado/FRBA/DPLab/osek_lpc4337/CMSIS_LPC43xx_DriverLib/Debug/libCMSIS_LPC43xx_DriverLib.a(system_LPC43xx.o)

.debug_ranges   0x00000000      0x400
 .debug_ranges  0x00000000       0x10 ./src/ActivateTask.o
 .debug_ranges  0x00000010       0x38 ./src/Os_Internal.o
 .debug_ranges  0x00000048       0x28 ./src/Os_Internal_Arch.o
 .debug_ranges  0x00000070       0x10 ./src/Os_Internal_Cfg.o
 .debug_ranges  0x00000080       0x10 ./src/Schedule.o
 .debug_ranges  0x00000090       0x10 ./src/SetEvent.o
 .debug_ranges  0x000000a0       0x10 ./src/SetRelAlarm.o
 .debug_ranges  0x000000b0       0x10 ./src/ShutdownOS.o
 .debug_ranges  0x000000c0       0x10 ./src/StartOS.o
 .debug_ranges  0x000000d0       0x28 ./src/StartOs_Arch.o
 .debug_ranges  0x000000f8       0x10 ./src/TerminateTask.o
 .debug_ranges  0x00000108       0x40 ./src/blinking.o
 .debug_ranges  0x00000148       0x20 ./src/ciaaIO.o
 .debug_ranges  0x00000168       0x30 ./src/ciaaUART.o
 .debug_ranges  0x00000198       0x70 ./src/cr_startup_lpc43xx.o
 .debug_ranges  0x00000208       0xa8 /home/pablo/Dropbox/Privado/FRBA/DPLab/osek_lpc4337/CMSIS_LPC43xx_DriverLib/Debug/libCMSIS_LPC43xx_DriverLib.a(lpc43xx_cgu.o)
 .debug_ranges  0x000002b0       0x50 /home/pablo/Dropbox/Privado/FRBA/DPLab/osek_lpc4337/CMSIS_LPC43xx_DriverLib/Debug/libCMSIS_LPC43xx_DriverLib.a(lpc43xx_gpio.o)
 .debug_ranges  0x00000300       0x10 /home/pablo/Dropbox/Privado/FRBA/DPLab/osek_lpc4337/CMSIS_LPC43xx_DriverLib/Debug/libCMSIS_LPC43xx_DriverLib.a(lpc43xx_scu.o)
 .debug_ranges  0x00000310       0xe0 /home/pablo/Dropbox/Privado/FRBA/DPLab/osek_lpc4337/CMSIS_LPC43xx_DriverLib/Debug/libCMSIS_LPC43xx_DriverLib.a(lpc43xx_uart.o)
 .debug_ranges  0x000003f0       0x10 /home/pablo/Dropbox/Privado/FRBA/DPLab/osek_lpc4337/CMSIS_LPC43xx_DriverLib/Debug/libCMSIS_LPC43xx_DriverLib.a(system_LPC43xx.o)

.debug_macro    0x00000000     0x4f0b
 .debug_macro   0x00000000      0x12c ./src/ActivateTask.o
 .debug_macro   0x0000012c      0x87a ./src/ActivateTask.o
 .debug_macro   0x000009a6       0x22 ./src/ActivateTask.o
 .debug_macro   0x000009c8       0x10 ./src/ActivateTask.o
 .debug_macro   0x000009d8      0x122 ./src/ActivateTask.o
 .debug_macro   0x00000afa      0x5b9 ./src/ActivateTask.o
 .debug_macro   0x000010b3       0x67 ./src/ActivateTask.o
 .debug_macro   0x0000111a       0x2e ./src/ActivateTask.o
 .debug_macro   0x00001148       0x78 ./src/ActivateTask.o
 .debug_macro   0x000011c0       0x83 ./src/ActivateTask.o
 .debug_macro   0x00001243       0x2e ./src/ActivateTask.o
 .debug_macro   0x00001271      0x155 ./src/ActivateTask.o
 .debug_macro   0x000013c6       0x2d ./src/ActivateTask.o
 .debug_macro   0x000013f3       0x3b ./src/ActivateTask.o
 .debug_macro   0x0000142e       0x2d ./src/ActivateTask.o
 .debug_macro   0x0000145b       0x42 ./src/ActivateTask.o
 .debug_macro   0x0000149d      0xd39 ./src/ActivateTask.o
 .debug_macro   0x000021d6      0x329 ./src/ActivateTask.o
 .debug_macro   0x000024ff       0x46 ./src/ActivateTask.o
 .debug_macro   0x00002545       0x5a ./src/ActivateTask.o
 .debug_macro   0x0000259f       0x10 ./src/ActivateTask.o
 .debug_macro   0x000025af       0xa2 ./src/ActivateTask.o
 .debug_macro   0x00002651       0x98 ./src/ActivateTask.o
 .debug_macro   0x000026e9      0x12c ./src/Os.o
 .debug_macro   0x00002815      0x12c ./src/Os_Cfg.o
 .debug_macro   0x00002941      0x12c ./src/Os_Internal.o
 .debug_macro   0x00002a6d      0x12c ./src/Os_Internal_Arch.o
 .debug_macro   0x00002b99      0x12c ./src/Os_Internal_Cfg.o
 .debug_macro   0x00002cc5      0x12c ./src/Schedule.o
 .debug_macro   0x00002df1      0x12c ./src/SetEvent.o
 .debug_macro   0x00002f1d      0x12c ./src/SetRelAlarm.o
 .debug_macro   0x00003049      0x12c ./src/ShutdownOS.o
 .debug_macro   0x00003175      0x12c ./src/StartOS.o
 .debug_macro   0x000032a1      0x12c ./src/StartOs_Arch.o
 .debug_macro   0x000033cd      0x12c ./src/TerminateTask.o
 .debug_macro   0x000034f9      0x148 ./src/blinking.o
 .debug_macro   0x00003641       0x10 ./src/blinking.o
 .debug_macro   0x00003651      0x118 ./src/blinking.o
 .debug_macro   0x00003769      0x3ad ./src/blinking.o
 .debug_macro   0x00003b16       0x64 ./src/blinking.o
 .debug_macro   0x00003b7a       0x10 ./src/blinking.o
 .debug_macro   0x00003b8a       0xb4 ./src/ciaaIO.o
 .debug_macro   0x00003c3e       0x6d ./src/ciaaIO.o
 .debug_macro   0x00003cab       0xd9 ./src/ciaaUART.o
 .debug_macro   0x00003d84       0x1d ./src/cr_startup_lpc43xx.o
 .debug_macro   0x00003da1       0x1a ./src/crp.o
 .debug_macro   0x00003dbb       0x34 ./src/crp.o
 .debug_macro   0x00003def      0x11c /home/pablo/Dropbox/Privado/FRBA/DPLab/osek_lpc4337/CMSIS_LPC43xx_DriverLib/Debug/libCMSIS_LPC43xx_DriverLib.a(lpc43xx_cgu.o)
 .debug_macro   0x00003f0b      0x868 /home/pablo/Dropbox/Privado/FRBA/DPLab/osek_lpc4337/CMSIS_LPC43xx_DriverLib/Debug/libCMSIS_LPC43xx_DriverLib.a(lpc43xx_cgu.o)
 .debug_macro   0x00004773       0xa4 /home/pablo/Dropbox/Privado/FRBA/DPLab/osek_lpc4337/CMSIS_LPC43xx_DriverLib/Debug/libCMSIS_LPC43xx_DriverLib.a(lpc43xx_gpio.o)
 .debug_macro   0x00004817       0xfe /home/pablo/Dropbox/Privado/FRBA/DPLab/osek_lpc4337/CMSIS_LPC43xx_DriverLib/Debug/libCMSIS_LPC43xx_DriverLib.a(lpc43xx_gpio.o)
 .debug_macro   0x00004915       0x96 /home/pablo/Dropbox/Privado/FRBA/DPLab/osek_lpc4337/CMSIS_LPC43xx_DriverLib/Debug/libCMSIS_LPC43xx_DriverLib.a(lpc43xx_scu.o)
 .debug_macro   0x000049ab       0xc1 /home/pablo/Dropbox/Privado/FRBA/DPLab/osek_lpc4337/CMSIS_LPC43xx_DriverLib/Debug/libCMSIS_LPC43xx_DriverLib.a(lpc43xx_uart.o)
 .debug_macro   0x00004a6c      0x3a7 /home/pablo/Dropbox/Privado/FRBA/DPLab/osek_lpc4337/CMSIS_LPC43xx_DriverLib/Debug/libCMSIS_LPC43xx_DriverLib.a(lpc43xx_uart.o)
 .debug_macro   0x00004e13       0x4c /home/pablo/Dropbox/Privado/FRBA/DPLab/osek_lpc4337/CMSIS_LPC43xx_DriverLib/Debug/libCMSIS_LPC43xx_DriverLib.a(lpc43xx_uart.o)
 .debug_macro   0x00004e5f       0xac /home/pablo/Dropbox/Privado/FRBA/DPLab/osek_lpc4337/CMSIS_LPC43xx_DriverLib/Debug/libCMSIS_LPC43xx_DriverLib.a(system_LPC43xx.o)

.debug_line     0x00000000     0x4157
 .debug_line    0x00000000      0x2d3 ./src/ActivateTask.o
 .debug_line    0x000002d3      0x281 ./src/Os.o
 .debug_line    0x00000554      0x285 ./src/Os_Cfg.o
 .debug_line    0x000007d9      0x374 ./src/Os_Internal.o
 .debug_line    0x00000b4d      0x2f0 ./src/Os_Internal_Arch.o
 .debug_line    0x00000e3d      0x2a0 ./src/Os_Internal_Cfg.o
 .debug_line    0x000010dd       0x66 ./src/PendSV.o
 .debug_line    0x00001143      0x2dd ./src/Schedule.o
 .debug_line    0x00001420      0x307 ./src/SetEvent.o
 .debug_line    0x00001727      0x2c9 ./src/SetRelAlarm.o
 .debug_line    0x000019f0      0x2a0 ./src/ShutdownOS.o
 .debug_line    0x00001c90      0x2dd ./src/StartOS.o
 .debug_line    0x00001f6d      0x2f8 ./src/StartOs_Arch.o
 .debug_line    0x00002265      0x2ca ./src/TerminateTask.o
 .debug_line    0x0000252f      0x332 ./src/blinking.o
 .debug_line    0x00002861      0x23b ./src/ciaaIO.o
 .debug_line    0x00002a9c      0x2ae ./src/ciaaUART.o
 .debug_line    0x00002d4a      0x10c ./src/cr_startup_lpc43xx.o
 .debug_line    0x00002e56       0x7c ./src/crp.o
 .debug_line    0x00002ed2      0x664 /home/pablo/Dropbox/Privado/FRBA/DPLab/osek_lpc4337/CMSIS_LPC43xx_DriverLib/Debug/libCMSIS_LPC43xx_DriverLib.a(lpc43xx_cgu.o)
 .debug_line    0x00003536      0x28d /home/pablo/Dropbox/Privado/FRBA/DPLab/osek_lpc4337/CMSIS_LPC43xx_DriverLib/Debug/libCMSIS_LPC43xx_DriverLib.a(lpc43xx_gpio.o)
 .debug_line    0x000037c3      0x1e1 /home/pablo/Dropbox/Privado/FRBA/DPLab/osek_lpc4337/CMSIS_LPC43xx_DriverLib/Debug/libCMSIS_LPC43xx_DriverLib.a(lpc43xx_scu.o)
 .debug_line    0x000039a4      0x5c8 /home/pablo/Dropbox/Privado/FRBA/DPLab/osek_lpc4337/CMSIS_LPC43xx_DriverLib/Debug/libCMSIS_LPC43xx_DriverLib.a(lpc43xx_uart.o)
 .debug_line    0x00003f6c      0x1eb /home/pablo/Dropbox/Privado/FRBA/DPLab/osek_lpc4337/CMSIS_LPC43xx_DriverLib/Debug/libCMSIS_LPC43xx_DriverLib.a(system_LPC43xx.o)

.debug_str      0x00000000    0x11f1d
 .debug_str     0x00000000     0xc0f9 ./src/ActivateTask.o
                               0xc1d5 (size before relaxing)
 .debug_str     0x0000c0f9       0x45 ./src/Os.o
                               0xbfce (size before relaxing)
 .debug_str     0x0000c13e       0x32 ./src/Os_Cfg.o
                               0xbfb6 (size before relaxing)
 .debug_str     0x0000c170      0x345 ./src/Os_Internal.o
                               0xc4af (size before relaxing)
 .debug_str     0x0000c4b5       0xc2 ./src/Os_Internal_Arch.o
                               0xc1f6 (size before relaxing)
 .debug_str     0x0000c577      0x1c1 ./src/Os_Internal_Cfg.o
                               0xc526 (size before relaxing)
 .debug_str     0x0000c738       0x2f ./src/Schedule.o
                               0xc1c1 (size before relaxing)
 .debug_str     0x0000c767       0x1b ./src/SetEvent.o
                               0xc1f1 (size before relaxing)
 .debug_str     0x0000c782       0x21 ./src/SetRelAlarm.o
                               0xc1f1 (size before relaxing)
 .debug_str     0x0000c7a3       0x25 ./src/ShutdownOS.o
                               0xbf87 (size before relaxing)
 .debug_str     0x0000c7c8       0x19 ./src/StartOS.o
                               0xc0ce (size before relaxing)
 .debug_str     0x0000c7e1      0x88b ./src/StartOs_Arch.o
                               0xc99d (size before relaxing)
 .debug_str     0x0000d06c       0x25 ./src/TerminateTask.o
                               0xc1cf (size before relaxing)
 .debug_str     0x0000d091     0x2448 ./src/blinking.o
                               0xd69b (size before relaxing)
 .debug_str     0x0000f4d9       0x58 ./src/ciaaIO.o
                               0xac49 (size before relaxing)
 .debug_str     0x0000f531      0x312 ./src/ciaaUART.o
                               0xd1bf (size before relaxing)
 .debug_str     0x0000f843      0x1d8 ./src/cr_startup_lpc43xx.o
                               0x2697 (size before relaxing)
 .debug_str     0x0000fa1b       0xe9 ./src/crp.o
                               0x2584 (size before relaxing)
 .debug_str     0x0000fb04     0x177c /home/pablo/Dropbox/Privado/FRBA/DPLab/osek_lpc4337/CMSIS_LPC43xx_DriverLib/Debug/libCMSIS_LPC43xx_DriverLib.a(lpc43xx_cgu.o)
                               0xc692 (size before relaxing)
 .debug_str     0x00011280      0x1ff /home/pablo/Dropbox/Privado/FRBA/DPLab/osek_lpc4337/CMSIS_LPC43xx_DriverLib/Debug/libCMSIS_LPC43xx_DriverLib.a(lpc43xx_gpio.o)
                               0xa797 (size before relaxing)
 .debug_str     0x0001147f       0x2d /home/pablo/Dropbox/Privado/FRBA/DPLab/osek_lpc4337/CMSIS_LPC43xx_DriverLib/Debug/libCMSIS_LPC43xx_DriverLib.a(lpc43xx_scu.o)
                               0xab74 (size before relaxing)
 .debug_str     0x000114ac      0x72f /home/pablo/Dropbox/Privado/FRBA/DPLab/osek_lpc4337/CMSIS_LPC43xx_DriverLib/Debug/libCMSIS_LPC43xx_DriverLib.a(lpc43xx_uart.o)
                               0xd3fe (size before relaxing)
 .debug_str     0x00011bdb      0x342 /home/pablo/Dropbox/Privado/FRBA/DPLab/osek_lpc4337/CMSIS_LPC43xx_DriverLib/Debug/libCMSIS_LPC43xx_DriverLib.a(system_LPC43xx.o)
                               0xaa67 (size before relaxing)

.comment        0x00000000       0x70
 .comment       0x00000000       0x70 ./src/ActivateTask.o
                                 0x71 (size before relaxing)
 .comment       0x00000000       0x71 ./src/Os.o
 .comment       0x00000000       0x71 ./src/Os_Cfg.o
 .comment       0x00000000       0x71 ./src/Os_Internal.o
 .comment       0x00000000       0x71 ./src/Os_Internal_Arch.o
 .comment       0x00000000       0x71 ./src/Os_Internal_Cfg.o
 .comment       0x00000000       0x71 ./src/Schedule.o
 .comment       0x00000000       0x71 ./src/SetEvent.o
 .comment       0x00000000       0x71 ./src/SetRelAlarm.o
 .comment       0x00000000       0x71 ./src/ShutdownOS.o
 .comment       0x00000000       0x71 ./src/StartOS.o
 .comment       0x00000000       0x71 ./src/StartOs_Arch.o
 .comment       0x00000000       0x71 ./src/TerminateTask.o
 .comment       0x00000000       0x71 ./src/blinking.o
 .comment       0x00000000       0x71 ./src/ciaaIO.o
 .comment       0x00000000       0x71 ./src/ciaaUART.o
 .comment       0x00000000       0x71 ./src/cr_startup_lpc43xx.o
 .comment       0x00000000       0x71 ./src/crp.o
 .comment       0x00000000       0x71 /home/pablo/Dropbox/Privado/FRBA/DPLab/osek_lpc4337/CMSIS_LPC43xx_DriverLib/Debug/libCMSIS_LPC43xx_DriverLib.a(lpc43xx_cgu.o)
 .comment       0x00000000       0x71 /home/pablo/Dropbox/Privado/FRBA/DPLab/osek_lpc4337/CMSIS_LPC43xx_DriverLib/Debug/libCMSIS_LPC43xx_DriverLib.a(lpc43xx_gpio.o)
 .comment       0x00000000       0x71 /home/pablo/Dropbox/Privado/FRBA/DPLab/osek_lpc4337/CMSIS_LPC43xx_DriverLib/Debug/libCMSIS_LPC43xx_DriverLib.a(lpc43xx_scu.o)
 .comment       0x00000000       0x71 /home/pablo/Dropbox/Privado/FRBA/DPLab/osek_lpc4337/CMSIS_LPC43xx_DriverLib/Debug/libCMSIS_LPC43xx_DriverLib.a(lpc43xx_uart.o)
 .comment       0x00000000       0x71 /home/pablo/Dropbox/Privado/FRBA/DPLab/osek_lpc4337/CMSIS_LPC43xx_DriverLib/Debug/libCMSIS_LPC43xx_DriverLib.a(system_LPC43xx.o)
 .comment       0x00000000       0x71 /usr/local/lpcxpresso_7.2.0_153/lpcxpresso/tools/bin/../lib/gcc/arm-none-eabi/4.8.3/../../../../arm-none-eabi/lib/armv7e-m/softfp/libcr_semihost.a(_cr__main.o)
 .comment       0x00000000       0x71 /usr/local/lpcxpresso_7.2.0_153/lpcxpresso/tools/bin/../lib/gcc/arm-none-eabi/4.8.3/../../../../arm-none-eabi/lib/armv7e-m/softfp/libcr_c.a(fpprintf.o)
 .comment       0x00000000       0x71 /usr/local/lpcxpresso_7.2.0_153/lpcxpresso/tools/bin/../lib/gcc/arm-none-eabi/4.8.3/../../../../arm-none-eabi/lib/armv7e-m/softfp/libcr_c.a(initio.o)
 .comment       0x00000000       0x71 /usr/local/lpcxpresso_7.2.0_153/lpcxpresso/tools/bin/../lib/gcc/arm-none-eabi/4.8.3/../../../../arm-none-eabi/lib/armv7e-m/softfp/libcr_c.a(printf.o)
 .comment       0x00000000       0x71 /usr/local/lpcxpresso_7.2.0_153/lpcxpresso/tools/bin/../lib/gcc/arm-none-eabi/4.8.3/../../../../arm-none-eabi/lib/armv7e-m/softfp/libcr_c.a(setvbuf.o)
 .comment       0x00000000       0x71 /usr/local/lpcxpresso_7.2.0_153/lpcxpresso/tools/bin/../lib/gcc/arm-none-eabi/4.8.3/../../../../arm-none-eabi/lib/armv7e-m/softfp/libcr_c.a(stdio.o)
 .comment       0x00000000       0x71 /usr/local/lpcxpresso_7.2.0_153/lpcxpresso/tools/bin/../lib/gcc/arm-none-eabi/4.8.3/../../../../arm-none-eabi/lib/armv7e-m/softfp/libcr_c.a(strlen.o)
 .comment       0x00000000       0x71 /usr/local/lpcxpresso_7.2.0_153/lpcxpresso/tools/bin/../lib/gcc/arm-none-eabi/4.8.3/../../../../arm-none-eabi/lib/armv7e-m/softfp/libcr_c.a(memset.o)
 .comment       0x00000000       0x71 /usr/local/lpcxpresso_7.2.0_153/lpcxpresso/tools/bin/../lib/gcc/arm-none-eabi/4.8.3/../../../../arm-none-eabi/lib/armv7e-m/softfp/libcr_c.a(_deferredlazyseek.o)
 .comment       0x00000000       0x71 /usr/local/lpcxpresso_7.2.0_153/lpcxpresso/tools/bin/../lib/gcc/arm-none-eabi/4.8.3/../../../../arm-none-eabi/lib/armv7e-m/softfp/libcr_c.a(_fdopen.o)
 .comment       0x00000000       0x71 /usr/local/lpcxpresso_7.2.0_153/lpcxpresso/tools/bin/../lib/gcc/arm-none-eabi/4.8.3/../../../../arm-none-eabi/lib/armv7e-m/softfp/libcr_c.a(_fflush.o)
 .comment       0x00000000       0x71 /usr/local/lpcxpresso_7.2.0_153/lpcxpresso/tools/bin/../lib/gcc/arm-none-eabi/4.8.3/../../../../arm-none-eabi/lib/armv7e-m/softfp/libcr_c.a(_frexpl.o)
 .comment       0x00000000       0x71 /usr/local/lpcxpresso_7.2.0_153/lpcxpresso/tools/bin/../lib/gcc/arm-none-eabi/4.8.3/../../../../arm-none-eabi/lib/armv7e-m/softfp/libcr_c.a(_ldexpl.o)
 .comment       0x00000000       0x71 /usr/local/lpcxpresso_7.2.0_153/lpcxpresso/tools/bin/../lib/gcc/arm-none-eabi/4.8.3/../../../../arm-none-eabi/lib/armv7e-m/softfp/libcr_c.a(_writebuf.o)
 .comment       0x00000000       0x71 /usr/local/lpcxpresso_7.2.0_153/lpcxpresso/tools/bin/../lib/gcc/arm-none-eabi/4.8.3/../../../../arm-none-eabi/lib/armv7e-m/softfp/libcr_c.a(alloc.o)
 .comment       0x00000000       0x71 /usr/local/lpcxpresso_7.2.0_153/lpcxpresso/tools/bin/../lib/gcc/arm-none-eabi/4.8.3/../../../../arm-none-eabi/lib/armv7e-m/softfp/libcr_c.a(errno.o)
 .comment       0x00000000       0x71 /usr/local/lpcxpresso_7.2.0_153/lpcxpresso/tools/bin/../lib/gcc/arm-none-eabi/4.8.3/../../../../arm-none-eabi/lib/armv7e-m/softfp/libcr_c.a(fclose.o)
 .comment       0x00000000       0x71 /usr/local/lpcxpresso_7.2.0_153/lpcxpresso/tools/bin/../lib/gcc/arm-none-eabi/4.8.3/../../../../arm-none-eabi/lib/armv7e-m/softfp/libcr_c.a(fflush.o)
 .comment       0x00000000       0x71 /usr/local/lpcxpresso_7.2.0_153/lpcxpresso/tools/bin/../lib/gcc/arm-none-eabi/4.8.3/../../../../arm-none-eabi/lib/armv7e-m/softfp/libcr_c.a(fseek.o)
 .comment       0x00000000       0x71 /usr/local/lpcxpresso_7.2.0_153/lpcxpresso/tools/bin/../lib/gcc/arm-none-eabi/4.8.3/../../../../arm-none-eabi/lib/armv7e-m/softfp/libcr_c.a(ftell.o)
 .comment       0x00000000       0x71 /usr/local/lpcxpresso_7.2.0_153/lpcxpresso/tools/bin/../lib/gcc/arm-none-eabi/4.8.3/../../../../arm-none-eabi/lib/armv7e-m/softfp/libcr_c.a(remove.o)
 .comment       0x00000000       0x71 /usr/local/lpcxpresso_7.2.0_153/lpcxpresso/tools/bin/../lib/gcc/arm-none-eabi/4.8.3/../../../../arm-none-eabi/lib/armv7e-m/softfp/libcr_c.a(__init_alloc.o)
 .comment       0x00000000       0x71 /usr/local/lpcxpresso_7.2.0_153/lpcxpresso/tools/bin/../lib/gcc/arm-none-eabi/4.8.3/../../../../arm-none-eabi/lib/armv7e-m/softfp/libcr_c.a(_cr_sbrk.o)
 .comment       0x00000000       0x71 /usr/local/lpcxpresso_7.2.0_153/lpcxpresso/tools/bin/../lib/gcc/arm-none-eabi/4.8.3/../../../../arm-none-eabi/lib/armv7e-m/softfp/libcr_c.a(_do_fflush.o)
 .comment       0x00000000       0x71 /usr/local/lpcxpresso_7.2.0_153/lpcxpresso/tools/bin/../lib/gcc/arm-none-eabi/4.8.3/../../../../arm-none-eabi/lib/armv7e-m/softfp/libcr_c.a(_hugeval.o)
 .comment       0x00000000       0x71 /usr/local/lpcxpresso_7.2.0_153/lpcxpresso/tools/bin/../lib/gcc/arm-none-eabi/4.8.3/../../../../arm-none-eabi/lib/armv7e-m/softfp/libcr_c.a(_cr_check_heap.o)
 .comment       0x00000000       0x71 /usr/local/lpcxpresso_7.2.0_153/lpcxpresso/tools/bin/../lib/gcc/arm-none-eabi/4.8.3/armv7e-m/softfp/libcr_eabihelpers.a(double.o)

.ARM.attributes
                0x00000000       0x35
 .ARM.attributes
                0x00000000       0x37 ./src/ActivateTask.o
 .ARM.attributes
                0x00000037       0x37 ./src/Os.o
 .ARM.attributes
                0x0000006e       0x37 ./src/Os_Cfg.o
 .ARM.attributes
                0x000000a5       0x37 ./src/Os_Internal.o
 .ARM.attributes
                0x000000dc       0x37 ./src/Os_Internal_Arch.o
 .ARM.attributes
                0x00000113       0x37 ./src/Os_Internal_Cfg.o
 .ARM.attributes
                0x0000014a       0x25 ./src/PendSV.o
 .ARM.attributes
                0x0000016f       0x37 ./src/Schedule.o
 .ARM.attributes
                0x000001a6       0x37 ./src/SetEvent.o
 .ARM.attributes
                0x000001dd       0x37 ./src/SetRelAlarm.o
 .ARM.attributes
                0x00000214       0x37 ./src/ShutdownOS.o
 .ARM.attributes
                0x0000024b       0x37 ./src/StartOS.o
 .ARM.attributes
                0x00000282       0x37 ./src/StartOs_Arch.o
 .ARM.attributes
                0x000002b9       0x37 ./src/TerminateTask.o
 .ARM.attributes
                0x000002f0       0x37 ./src/blinking.o
 .ARM.attributes
                0x00000327       0x37 ./src/ciaaIO.o
 .ARM.attributes
                0x0000035e       0x37 ./src/ciaaUART.o
 .ARM.attributes
                0x00000395       0x37 ./src/cr_startup_lpc43xx.o
 .ARM.attributes
                0x000003cc       0x37 ./src/crp.o
 .ARM.attributes
                0x00000403       0x37 /home/pablo/Dropbox/Privado/FRBA/DPLab/osek_lpc4337/CMSIS_LPC43xx_DriverLib/Debug/libCMSIS_LPC43xx_DriverLib.a(lpc43xx_cgu.o)
 .ARM.attributes
                0x0000043a       0x37 /home/pablo/Dropbox/Privado/FRBA/DPLab/osek_lpc4337/CMSIS_LPC43xx_DriverLib/Debug/libCMSIS_LPC43xx_DriverLib.a(lpc43xx_gpio.o)
 .ARM.attributes
                0x00000471       0x37 /home/pablo/Dropbox/Privado/FRBA/DPLab/osek_lpc4337/CMSIS_LPC43xx_DriverLib/Debug/libCMSIS_LPC43xx_DriverLib.a(lpc43xx_scu.o)
 .ARM.attributes
                0x000004a8       0x37 /home/pablo/Dropbox/Privado/FRBA/DPLab/osek_lpc4337/CMSIS_LPC43xx_DriverLib/Debug/libCMSIS_LPC43xx_DriverLib.a(lpc43xx_uart.o)
 .ARM.attributes
                0x000004df       0x37 /home/pablo/Dropbox/Privado/FRBA/DPLab/osek_lpc4337/CMSIS_LPC43xx_DriverLib/Debug/libCMSIS_LPC43xx_DriverLib.a(system_LPC43xx.o)
 .ARM.attributes
                0x00000516       0x37 /usr/local/lpcxpresso_7.2.0_153/lpcxpresso/tools/bin/../lib/gcc/arm-none-eabi/4.8.3/../../../../arm-none-eabi/lib/armv7e-m/softfp/libcr_semihost.a(_cr__main.o)
 .ARM.attributes
                0x0000054d       0x37 /usr/local/lpcxpresso_7.2.0_153/lpcxpresso/tools/bin/../lib/gcc/arm-none-eabi/4.8.3/../../../../arm-none-eabi/lib/armv7e-m/softfp/libcr_c.a(fpprintf.o)
 .ARM.attributes
                0x00000584       0x37 /usr/local/lpcxpresso_7.2.0_153/lpcxpresso/tools/bin/../lib/gcc/arm-none-eabi/4.8.3/../../../../arm-none-eabi/lib/armv7e-m/softfp/libcr_c.a(initio.o)
 .ARM.attributes
                0x000005bb       0x37 /usr/local/lpcxpresso_7.2.0_153/lpcxpresso/tools/bin/../lib/gcc/arm-none-eabi/4.8.3/../../../../arm-none-eabi/lib/armv7e-m/softfp/libcr_c.a(printf.o)
 .ARM.attributes
                0x000005f2       0x37 /usr/local/lpcxpresso_7.2.0_153/lpcxpresso/tools/bin/../lib/gcc/arm-none-eabi/4.8.3/../../../../arm-none-eabi/lib/armv7e-m/softfp/libcr_c.a(setvbuf.o)
 .ARM.attributes
                0x00000629       0x37 /usr/local/lpcxpresso_7.2.0_153/lpcxpresso/tools/bin/../lib/gcc/arm-none-eabi/4.8.3/../../../../arm-none-eabi/lib/armv7e-m/softfp/libcr_c.a(stdio.o)
 .ARM.attributes
                0x00000660       0x37 /usr/local/lpcxpresso_7.2.0_153/lpcxpresso/tools/bin/../lib/gcc/arm-none-eabi/4.8.3/../../../../arm-none-eabi/lib/armv7e-m/softfp/libcr_c.a(strlen.o)
 .ARM.attributes
                0x00000697       0x37 /usr/local/lpcxpresso_7.2.0_153/lpcxpresso/tools/bin/../lib/gcc/arm-none-eabi/4.8.3/../../../../arm-none-eabi/lib/armv7e-m/softfp/libcr_c.a(memset.o)
 .ARM.attributes
                0x000006ce       0x37 /usr/local/lpcxpresso_7.2.0_153/lpcxpresso/tools/bin/../lib/gcc/arm-none-eabi/4.8.3/../../../../arm-none-eabi/lib/armv7e-m/softfp/libcr_c.a(_deferredlazyseek.o)
 .ARM.attributes
                0x00000705       0x37 /usr/local/lpcxpresso_7.2.0_153/lpcxpresso/tools/bin/../lib/gcc/arm-none-eabi/4.8.3/../../../../arm-none-eabi/lib/armv7e-m/softfp/libcr_c.a(_fdopen.o)
 .ARM.attributes
                0x0000073c       0x37 /usr/local/lpcxpresso_7.2.0_153/lpcxpresso/tools/bin/../lib/gcc/arm-none-eabi/4.8.3/../../../../arm-none-eabi/lib/armv7e-m/softfp/libcr_c.a(_fflush.o)
 .ARM.attributes
                0x00000773       0x37 /usr/local/lpcxpresso_7.2.0_153/lpcxpresso/tools/bin/../lib/gcc/arm-none-eabi/4.8.3/../../../../arm-none-eabi/lib/armv7e-m/softfp/libcr_c.a(_frexpl.o)
 .ARM.attributes
                0x000007aa       0x37 /usr/local/lpcxpresso_7.2.0_153/lpcxpresso/tools/bin/../lib/gcc/arm-none-eabi/4.8.3/../../../../arm-none-eabi/lib/armv7e-m/softfp/libcr_c.a(_ldexpl.o)
 .ARM.attributes
                0x000007e1       0x37 /usr/local/lpcxpresso_7.2.0_153/lpcxpresso/tools/bin/../lib/gcc/arm-none-eabi/4.8.3/../../../../arm-none-eabi/lib/armv7e-m/softfp/libcr_c.a(_writebuf.o)
 .ARM.attributes
                0x00000818       0x37 /usr/local/lpcxpresso_7.2.0_153/lpcxpresso/tools/bin/../lib/gcc/arm-none-eabi/4.8.3/../../../../arm-none-eabi/lib/armv7e-m/softfp/libcr_c.a(alloc.o)
 .ARM.attributes
                0x0000084f       0x37 /usr/local/lpcxpresso_7.2.0_153/lpcxpresso/tools/bin/../lib/gcc/arm-none-eabi/4.8.3/../../../../arm-none-eabi/lib/armv7e-m/softfp/libcr_c.a(errno.o)
 .ARM.attributes
                0x00000886       0x37 /usr/local/lpcxpresso_7.2.0_153/lpcxpresso/tools/bin/../lib/gcc/arm-none-eabi/4.8.3/../../../../arm-none-eabi/lib/armv7e-m/softfp/libcr_c.a(fclose.o)
 .ARM.attributes
                0x000008bd       0x37 /usr/local/lpcxpresso_7.2.0_153/lpcxpresso/tools/bin/../lib/gcc/arm-none-eabi/4.8.3/../../../../arm-none-eabi/lib/armv7e-m/softfp/libcr_c.a(fflush.o)
 .ARM.attributes
                0x000008f4       0x37 /usr/local/lpcxpresso_7.2.0_153/lpcxpresso/tools/bin/../lib/gcc/arm-none-eabi/4.8.3/../../../../arm-none-eabi/lib/armv7e-m/softfp/libcr_c.a(fseek.o)
 .ARM.attributes
                0x0000092b       0x37 /usr/local/lpcxpresso_7.2.0_153/lpcxpresso/tools/bin/../lib/gcc/arm-none-eabi/4.8.3/../../../../arm-none-eabi/lib/armv7e-m/softfp/libcr_c.a(ftell.o)
 .ARM.attributes
                0x00000962       0x37 /usr/local/lpcxpresso_7.2.0_153/lpcxpresso/tools/bin/../lib/gcc/arm-none-eabi/4.8.3/../../../../arm-none-eabi/lib/armv7e-m/softfp/libcr_c.a(remove.o)
 .ARM.attributes
                0x00000999       0x37 /usr/local/lpcxpresso_7.2.0_153/lpcxpresso/tools/bin/../lib/gcc/arm-none-eabi/4.8.3/../../../../arm-none-eabi/lib/armv7e-m/softfp/libcr_c.a(__init_alloc.o)
 .ARM.attributes
                0x000009d0       0x37 /usr/local/lpcxpresso_7.2.0_153/lpcxpresso/tools/bin/../lib/gcc/arm-none-eabi/4.8.3/../../../../arm-none-eabi/lib/armv7e-m/softfp/libcr_c.a(_cr_sbrk.o)
 .ARM.attributes
                0x00000a07       0x37 /usr/local/lpcxpresso_7.2.0_153/lpcxpresso/tools/bin/../lib/gcc/arm-none-eabi/4.8.3/../../../../arm-none-eabi/lib/armv7e-m/softfp/libcr_c.a(_do_fflush.o)
 .ARM.attributes
                0x00000a3e       0x37 /usr/local/lpcxpresso_7.2.0_153/lpcxpresso/tools/bin/../lib/gcc/arm-none-eabi/4.8.3/../../../../arm-none-eabi/lib/armv7e-m/softfp/libcr_c.a(_hugeval.o)
 .ARM.attributes
                0x00000a75       0x37 /usr/local/lpcxpresso_7.2.0_153/lpcxpresso/tools/bin/../lib/gcc/arm-none-eabi/4.8.3/../../../../arm-none-eabi/lib/armv7e-m/softfp/libcr_c.a(_cr_check_heap.o)
 .ARM.attributes
                0x00000aac       0x25 /usr/local/lpcxpresso_7.2.0_153/lpcxpresso/tools/bin/../lib/gcc/arm-none-eabi/4.8.3/armv7e-m/softfp/libcr_eabihelpers.a(division_64.o)
 .ARM.attributes
                0x00000ad1       0x25 /usr/local/lpcxpresso_7.2.0_153/lpcxpresso/tools/bin/../lib/gcc/arm-none-eabi/4.8.3/armv7e-m/softfp/libcr_eabihelpers.a(division_idiv0.o)
 .ARM.attributes
                0x00000af6       0x37 /usr/local/lpcxpresso_7.2.0_153/lpcxpresso/tools/bin/../lib/gcc/arm-none-eabi/4.8.3/armv7e-m/softfp/libcr_eabihelpers.a(double.o)
 .ARM.attributes
                0x00000b2d       0x25 /usr/local/lpcxpresso_7.2.0_153/lpcxpresso/tools/bin/../lib/gcc/arm-none-eabi/4.8.3/armv7e-m/softfp/libcr_eabihelpers.a(memcpy.o)
 .ARM.attributes
                0x00000b52       0x25 /usr/local/lpcxpresso_7.2.0_153/lpcxpresso/tools/bin/../lib/gcc/arm-none-eabi/4.8.3/../../../../arm-none-eabi/lib/armv7e-m/softfp/libcr_semihost.a(__sys_appexit.o)
 .ARM.attributes
                0x00000b77       0x25 /usr/local/lpcxpresso_7.2.0_153/lpcxpresso/tools/bin/../lib/gcc/arm-none-eabi/4.8.3/../../../../arm-none-eabi/lib/armv7e-m/softfp/libcr_semihost.a(__sys_close.o)
 .ARM.attributes
                0x00000b9c       0x25 /usr/local/lpcxpresso_7.2.0_153/lpcxpresso/tools/bin/../lib/gcc/arm-none-eabi/4.8.3/../../../../arm-none-eabi/lib/armv7e-m/softfp/libcr_semihost.a(__sys_flen.o)
 .ARM.attributes
                0x00000bc1       0x25 /usr/local/lpcxpresso_7.2.0_153/lpcxpresso/tools/bin/../lib/gcc/arm-none-eabi/4.8.3/../../../../arm-none-eabi/lib/armv7e-m/softfp/libcr_semihost.a(__sys_istty.o)
 .ARM.attributes
                0x00000be6       0x25 /usr/local/lpcxpresso_7.2.0_153/lpcxpresso/tools/bin/../lib/gcc/arm-none-eabi/4.8.3/../../../../arm-none-eabi/lib/armv7e-m/softfp/libcr_semihost.a(__sys_remove.o)
 .ARM.attributes
                0x00000c0b       0x25 /usr/local/lpcxpresso_7.2.0_153/lpcxpresso/tools/bin/../lib/gcc/arm-none-eabi/4.8.3/../../../../arm-none-eabi/lib/armv7e-m/softfp/libcr_semihost.a(__sys_seek.o)
 .ARM.attributes
                0x00000c30       0x25 /usr/local/lpcxpresso_7.2.0_153/lpcxpresso/tools/bin/../lib/gcc/arm-none-eabi/4.8.3/../../../../arm-none-eabi/lib/armv7e-m/softfp/libcr_semihost.a(__sys_tmpnam.o)
 .ARM.attributes
                0x00000c55       0x25 /usr/local/lpcxpresso_7.2.0_153/lpcxpresso/tools/bin/../lib/gcc/arm-none-eabi/4.8.3/../../../../arm-none-eabi/lib/armv7e-m/softfp/libcr_semihost.a(__sys_write.o)

.debug_frame    0x00000000      0xbac
 .debug_frame   0x00000000       0x30 ./src/ActivateTask.o
 .debug_frame   0x00000030       0xbc ./src/Os_Internal.o
 .debug_frame   0x000000ec       0x80 ./src/Os_Internal_Arch.o
 .debug_frame   0x0000016c       0x2c ./src/Os_Internal_Cfg.o
 .debug_frame   0x00000198       0x30 ./src/Schedule.o
 .debug_frame   0x000001c8       0x30 ./src/SetEvent.o
 .debug_frame   0x000001f8       0x30 ./src/SetRelAlarm.o
 .debug_frame   0x00000228       0x2c ./src/ShutdownOS.o
 .debug_frame   0x00000254       0x30 ./src/StartOS.o
 .debug_frame   0x00000284       0x88 ./src/StartOs_Arch.o
 .debug_frame   0x0000030c       0x30 ./src/TerminateTask.o
 .debug_frame   0x0000033c       0xd0 ./src/blinking.o
 .debug_frame   0x0000040c       0x68 ./src/ciaaIO.o
 .debug_frame   0x00000474       0xa4 ./src/ciaaUART.o
 .debug_frame   0x00000518      0x158 ./src/cr_startup_lpc43xx.o
 .debug_frame   0x00000670      0x1fc /home/pablo/Dropbox/Privado/FRBA/DPLab/osek_lpc4337/CMSIS_LPC43xx_DriverLib/Debug/libCMSIS_LPC43xx_DriverLib.a(lpc43xx_cgu.o)
 .debug_frame   0x0000086c       0xc0 /home/pablo/Dropbox/Privado/FRBA/DPLab/osek_lpc4337/CMSIS_LPC43xx_DriverLib/Debug/libCMSIS_LPC43xx_DriverLib.a(lpc43xx_gpio.o)
 .debug_frame   0x0000092c       0x20 /home/pablo/Dropbox/Privado/FRBA/DPLab/osek_lpc4337/CMSIS_LPC43xx_DriverLib/Debug/libCMSIS_LPC43xx_DriverLib.a(lpc43xx_scu.o)
 .debug_frame   0x0000094c      0x238 /home/pablo/Dropbox/Privado/FRBA/DPLab/osek_lpc4337/CMSIS_LPC43xx_DriverLib/Debug/libCMSIS_LPC43xx_DriverLib.a(lpc43xx_uart.o)
 .debug_frame   0x00000b84       0x28 /home/pablo/Dropbox/Privado/FRBA/DPLab/osek_lpc4337/CMSIS_LPC43xx_DriverLib/Debug/libCMSIS_LPC43xx_DriverLib.a(system_LPC43xx.o)

.debug_loc      0x00000000     0x250e
 .debug_loc     0x00000000     0x146d /home/pablo/Dropbox/Privado/FRBA/DPLab/osek_lpc4337/CMSIS_LPC43xx_DriverLib/Debug/libCMSIS_LPC43xx_DriverLib.a(lpc43xx_cgu.o)
 .debug_loc     0x0000146d      0x2c7 /home/pablo/Dropbox/Privado/FRBA/DPLab/osek_lpc4337/CMSIS_LPC43xx_DriverLib/Debug/libCMSIS_LPC43xx_DriverLib.a(lpc43xx_gpio.o)
 .debug_loc     0x00001734       0x42 /home/pablo/Dropbox/Privado/FRBA/DPLab/osek_lpc4337/CMSIS_LPC43xx_DriverLib/Debug/libCMSIS_LPC43xx_DriverLib.a(lpc43xx_scu.o)
 .debug_loc     0x00001776      0xd98 /home/pablo/Dropbox/Privado/FRBA/DPLab/osek_lpc4337/CMSIS_LPC43xx_DriverLib/Debug/libCMSIS_LPC43xx_DriverLib.a(lpc43xx_uart.o)
