Archive member included because of file (symbol)

/home/pablo/Documents/CIAA-Repositories/EOPT/workspace/CMSIS_LPC43xx_DriverLib/Debug/libCMSIS_LPC43xx_DriverLib.a(lpc43xx_adc.o)
                              ./src/ciaaAIN.o (ADC_Init)
/home/pablo/Documents/CIAA-Repositories/EOPT/workspace/CMSIS_LPC43xx_DriverLib/Debug/libCMSIS_LPC43xx_DriverLib.a(lpc43xx_cgu.o)
                              ./src/main.o (CGU_GetPCLKFrequency)
/home/pablo/Documents/CIAA-Repositories/EOPT/workspace/CMSIS_LPC43xx_DriverLib/Debug/libCMSIS_LPC43xx_DriverLib.a(lpc43xx_dac.o)
                              ./src/ciaaAOUT.o (DAC_UpdateValue)
/home/pablo/Documents/CIAA-Repositories/EOPT/workspace/CMSIS_LPC43xx_DriverLib/Debug/libCMSIS_LPC43xx_DriverLib.a(lpc43xx_gpio.o)
                              ./src/ciaaIO.o (GPIO_SetDir)
/home/pablo/Documents/CIAA-Repositories/EOPT/workspace/CMSIS_LPC43xx_DriverLib/Debug/libCMSIS_LPC43xx_DriverLib.a(lpc43xx_i2c.o)
                              ./src/ciaaI2C.o (I2C_Init)
/home/pablo/Documents/CIAA-Repositories/EOPT/workspace/CMSIS_LPC43xx_DriverLib/Debug/libCMSIS_LPC43xx_DriverLib.a(lpc43xx_rgu.o)
                              ./src/Emac/src/emac.o (RGU_SoftReset)
/home/pablo/Documents/CIAA-Repositories/EOPT/workspace/CMSIS_LPC43xx_DriverLib/Debug/libCMSIS_LPC43xx_DriverLib.a(lpc43xx_rit.o)
                              ./src/main.o (RIT_Init)
/home/pablo/Documents/CIAA-Repositories/EOPT/workspace/CMSIS_LPC43xx_DriverLib/Debug/libCMSIS_LPC43xx_DriverLib.a(lpc43xx_scu.o)
                              ./src/Emac/src/emac.o (scu_pinmux)
/home/pablo/Documents/CIAA-Repositories/EOPT/workspace/CMSIS_LPC43xx_DriverLib/Debug/libCMSIS_LPC43xx_DriverLib.a(lpc43xx_uart.o)
                              ./src/ciaaUART.o (UART_Init)
/home/pablo/Documents/CIAA-Repositories/EOPT/workspace/CMSIS_LPC43xx_DriverLib/Debug/libCMSIS_LPC43xx_DriverLib.a(system_LPC43xx.o)
                              ./src/cr_startup_lpc43xx.o (SystemInit)
/home/pablo/Dropbox/Privado/Electrónica/NXP/LPC43xx/workspace/LPC4330_Xplorer_UsbVcomLib/Debug/libLPC4330_Xplorer_UsbVcomLib.a(vcomdemo.o)
                              ./src/main.o (Vcom_init)
/home/pablo/Dropbox/Privado/Electrónica/NXP/LPC43xx/workspace/LPC4330_Xplorer_UsbVcomLib/Debug/libLPC4330_Xplorer_UsbVcomLib.a(cdcuser.o)
                              /home/pablo/Dropbox/Privado/Electrónica/NXP/LPC43xx/workspace/LPC4330_Xplorer_UsbVcomLib/Debug/libLPC4330_Xplorer_UsbVcomLib.a(vcomdemo.o) (CDC_RdOutBuf)
/home/pablo/Dropbox/Privado/Electrónica/NXP/LPC43xx/workspace/LPC4330_Xplorer_UsbVcomLib/Debug/libLPC4330_Xplorer_UsbVcomLib.a(serial.o)
                              /home/pablo/Dropbox/Privado/Electrónica/NXP/LPC43xx/workspace/LPC4330_Xplorer_UsbVcomLib/Debug/libLPC4330_Xplorer_UsbVcomLib.a(cdcuser.o) (ser_OpenPort)
/home/pablo/Dropbox/Privado/Electrónica/NXP/LPC43xx/workspace/LPC4330_Xplorer_UsbVcomLib/Debug/libLPC4330_Xplorer_UsbVcomLib.a(usbcore.o)
                              /home/pablo/Dropbox/Privado/Electrónica/NXP/LPC43xx/workspace/LPC4330_Xplorer_UsbVcomLib/Debug/libLPC4330_Xplorer_UsbVcomLib.a(vcomdemo.o) (USB_Configuration)
/home/pablo/Dropbox/Privado/Electrónica/NXP/LPC43xx/workspace/LPC4330_Xplorer_UsbVcomLib/Debug/libLPC4330_Xplorer_UsbVcomLib.a(usbdesc.o)
                              /home/pablo/Dropbox/Privado/Electrónica/NXP/LPC43xx/workspace/LPC4330_Xplorer_UsbVcomLib/Debug/libLPC4330_Xplorer_UsbVcomLib.a(usbcore.o) (USB_HSOtherSpeedConfiguration)
/home/pablo/Dropbox/Privado/Electrónica/NXP/LPC43xx/workspace/LPC4330_Xplorer_UsbVcomLib/Debug/libLPC4330_Xplorer_UsbVcomLib.a(usbhw.o)
                              /home/pablo/Dropbox/Privado/Electrónica/NXP/LPC43xx/workspace/LPC4330_Xplorer_UsbVcomLib/Debug/libLPC4330_Xplorer_UsbVcomLib.a(vcomdemo.o) (USB_Connect)
/home/pablo/Dropbox/Privado/Electrónica/NXP/LPC43xx/workspace/LPC4330_Xplorer_UsbVcomLib/Debug/libLPC4330_Xplorer_UsbVcomLib.a(usbuser.o)
                              /home/pablo/Dropbox/Privado/Electrónica/NXP/LPC43xx/workspace/LPC4330_Xplorer_UsbVcomLib/Debug/libLPC4330_Xplorer_UsbVcomLib.a(vcomdemo.o) (USB_EndPoint1)
/usr/local/lpcxpresso_7.2.0_153/lpcxpresso/tools/bin/../lib/gcc/arm-none-eabi/4.8.3/armv7e-m/softfp/libgcc.a(_arm_addsubdf3.o)
                              /home/pablo/Documents/CIAA-Repositories/EOPT/workspace/CMSIS_LPC43xx_DriverLib/Debug/libCMSIS_LPC43xx_DriverLib.a(lpc43xx_cgu.o) (__aeabi_dadd)
/usr/local/lpcxpresso_7.2.0_153/lpcxpresso/tools/bin/../lib/gcc/arm-none-eabi/4.8.3/armv7e-m/softfp/libgcc.a(_arm_muldivdf3.o)
                              /home/pablo/Documents/CIAA-Repositories/EOPT/workspace/CMSIS_LPC43xx_DriverLib/Debug/libCMSIS_LPC43xx_DriverLib.a(lpc43xx_cgu.o) (__aeabi_dmul)
/usr/local/lpcxpresso_7.2.0_153/lpcxpresso/tools/bin/../lib/gcc/arm-none-eabi/4.8.3/armv7e-m/softfp/libgcc.a(_arm_cmpdf2.o)
[...]
Memory Configuration

Name             Origin             Length             Attributes
MFlashA512       0x1a000000         0x00080000         xr
MFlashB512       0x1b000000         0x00080000         xr
RamLoc32         0x10000000         0x00008000         xrw
RamLoc40         0x10080000         0x0000a000         xrw
RamAHB32         0x20000000         0x00008000         xrw
RamAHB16         0x20008000         0x00004000         xrw
RamAHB_ETB16     0x2000c000         0x00004000         xrw
*default*        0x00000000         0xffffffff

Linker script and memory map

LOAD ./src/Emac/src/emac.o
LOAD ./src/Emac/src/tcpip.o
LOAD ./src/Emac/src/webserver.o
LOAD ./src/ciaaAIN.o
LOAD ./src/ciaaAOUT.o
LOAD ./src/ciaaI2C.o
LOAD ./src/ciaaIO.o
LOAD ./src/ciaaUART.o
LOAD ./src/cr_start_m0.o
LOAD ./src/cr_startup_lpc43xx.o
LOAD ./src/crp.o
LOAD ./src/database.o
LOAD ./src/main.o
LOAD /home/pablo/Documents/CIAA-Repositories/EOPT/workspace/CIAA-Demo-M0/Debug/CIAA-Demo-M0.axf.o
LOAD /home/pablo/Documents/CIAA-Repositories/EOPT/workspace/CMSIS_LPC43xx_DriverLib/Debug/libCMSIS_LPC43xx_DriverLib.a
LOAD /home/pablo/Dropbox/Privado/Electrónica/NXP/LPC43xx/workspace/LPC4330_Xplorer_UsbVcomLib/Debug/libLPC4330_Xplorer_UsbVcomLib.a
START GROUP
LOAD /usr/local/lpcxpresso_7.2.0_153/lpcxpresso/tools/bin/../lib/gcc/arm-none-eabi/4.8.3/armv7e-m/softfp/libgcc.a
LOAD /usr/local/lpcxpresso_7.2.0_153/lpcxpresso/tools/bin/../lib/gcc/arm-none-eabi/4.8.3/../../../../arm-none-eabi/lib/armv7e-m/softfp/libc.a
LOAD /usr/local/lpcxpresso_7.2.0_153/lpcxpresso/tools/bin/../lib/gcc/arm-none-eabi/4.8.3/../../../../arm-none-eabi/lib/armv7e-m/softfp/libm.a
LOAD /usr/local/lpcxpresso_7.2.0_153/lpcxpresso/tools/bin/../lib/gcc/arm-none-eabi/4.8.3/../../../../arm-none-eabi/lib/armv7e-m/softfp/libcr_newlib_nohost.a
END GROUP
                0x1a080000                __top_MFlashA512 = 0x1a080000
                0x1b080000                __top_MFlashB512 = 0x1b080000
                0x10008000                __top_RamLoc32 = 0x10008000
                0x1008a000                __top_RamLoc40 = 0x1008a000
                0x20008000                __top_RamAHB32 = 0x20008000
                0x2000c000                __top_RamAHB16 = 0x2000c000
                0x20010000                __top_RamAHB_ETB16 = 0x20010000

.text_Flash2    0x1b000000        0x0
 FILL mask 0xff
 *(.text_Flash2*)
 *(.text_MFlashB512*)
 *(.text.$Flash2*)
 *(.text.$MFlashB512*)
 *(.rodata.$Flash2*)
 *(.rodata.$MFlashB512*)

.text           0x1a000000     0xe4a4
 FILL mask 0xff
                0x1a000000                __vectors_start__ = ABSOLUTE (.)
 *(.isr_vector)
 .isr_vector    0x1a000000      0x114 ./src/cr_startup_lpc43xx.o
                0x1a000000                g_pfnVectors
                0x1a000114                . = ALIGN (0x4)
                0x1a000114                __section_table_start = .
                0x1a000114                __data_section_table = .
                0x1a000114        0x4 LONG 0x1a00e734 LOADADDR (.data)
                0x1a000118        0x4 LONG 0x10000000 ADDR (.data)
                0x1a00011c        0x4 LONG 0x8d4 SIZEOF (.data)
                0x1a000120        0x4 LONG 0x1a00e4ac LOADADDR (.data_RAM2)
                0x1a000124        0x4 LONG 0x10080000 ADDR (.data_RAM2)
                0x1a000128        0x4 LONG 0x288 SIZEOF (.data_RAM2)
                0x1a00012c        0x4 LONG 0x1a00e734 LOADADDR (.data_RAM3)
                0x1a000130        0x4 LONG 0x20000000 ADDR (.data_RAM3)
                0x1a000134        0x4 LONG 0x0 SIZEOF (.data_RAM3)
                0x1a000138        0x4 LONG 0x1a00e734 LOADADDR (.data_RAM4)
                0x1a00013c        0x4 LONG 0x20008000 ADDR (.data_RAM4)
                0x1a000140        0x4 LONG 0x0 SIZEOF (.data_RAM4)
                0x1a000144        0x4 LONG 0x1a00e734 LOADADDR (.data_RAM5)
                0x1a000148        0x4 LONG 0x2000c000 ADDR (.data_RAM5)
                0x1a00014c        0x4 LONG 0x0 SIZEOF (.data_RAM5)
                0x1a000150                __data_section_table_end = .
                0x1a000150                __bss_section_table = .
                0x1a000150        0x4 LONG 0x10001000 ADDR (.bss)
                0x1a000154        0x4 LONG 0x1b48 SIZEOF (.bss)
                0x1a000158        0x4 LONG 0x10080288 ADDR (.bss_RAM2)
                0x1a00015c        0x4 LONG 0x0 SIZEOF (.bss_RAM2)
                0x1a000160        0x4 LONG 0x20000000 ADDR (.bss_RAM3)
                0x1a000164        0x4 LONG 0x0 SIZEOF (.bss_RAM3)
                0x1a000168        0x4 LONG 0x20008000 ADDR (.bss_RAM4)
                0x1a00016c        0x4 LONG 0x0 SIZEOF (.bss_RAM4)
                0x1a000170        0x4 LONG 0x2000c000 ADDR (.bss_RAM5)
                0x1a000174        0x4 LONG 0x0 SIZEOF (.bss_RAM5)
                0x1a000178                __bss_section_table_end = .
                0x1a000178                __section_table_end = .
 *(.after_vectors*)
 .after_vectors
                0x1a000178       0x36 ./src/cr_startup_lpc43xx.o
                0x1a000178                NMI_Handler
                0x1a00017a                HardFault_Handler
                0x1a00017c                MemManage_Handler
                0x1a00017e                BusFault_Handler
                0x1a000180                UsageFault_Handler
                0x1a000182                SVC_Handler
                0x1a000184                DebugMon_Handler
                0x1a000186                PendSV_Handler
                0x1a00018a                TIMER2_IRQHandler
                0x1a00018a                RIT_IRQHandler
                0x1a00018a                FLASH_EEPROM_IRQHandler
                0x1a00018a                I2C0_IRQHandler
                0x1a00018a                SDIO_IRQHandler
                0x1a00018a                ATIMER_IRQHandler
                0x1a00018a                I2C1_IRQHandler
                0x1a00018a                UART1_IRQHandler
                0x1a00018a                GPIO5_IRQHandler
                0x1a00018a                CAN1_IRQHandler
                0x1a00018a                USB1_IRQHandler
                0x1a00018a                I2S0_IRQHandler
                0x1a00018a                TIMER3_IRQHandler
                0x1a00018a                SGPIO_IRQHandler
                0x1a00018a                GPIO6_IRQHandler
                0x1a00018a                IntDefaultHandler
                0x1a00018a                GPIO1_IRQHandler
                0x1a00018a                SSP0_IRQHandler
                0x1a00018a                ADC1_IRQHandler
                0x1a00018a                RTC_IRQHandler
                0x1a00018a                TIMER0_IRQHandler
                0x1a00018a                SPI_IRQHandler
                0x1a00018a                LCD_IRQHandler
                0x1a00018a                VADC_IRQHandler
                0x1a00018a                TIMER1_IRQHandler
                0x1a00018a                GPIO2_IRQHandler
                0x1a00018a                I2S1_IRQHandler
                0x1a00018a                SSP1_IRQHandler
                0x1a00018a                GPIO3_IRQHandler
                0x1a00018a                SCT_IRQHandler
                0x1a00018a                WDT_IRQHandler
                0x1a00018a                GPIO7_IRQHandler
                0x1a00018a                SPIFI_IRQHandler
                0x1a00018a                QEI_IRQHandler
                0x1a00018a                ETH_IRQHandler
                0x1a00018a                M0CORE_IRQHandler
                0x1a00018a                CAN0_IRQHandler
                0x1a00018a                GINT0_IRQHandler
                0x1a00018a                DAC_IRQHandler
                0x1a00018a                M0SUB_IRQHandler
                0x1a00018a                GPIO0_IRQHandler
                0x1a00018a                DMA_IRQHandler
                0x1a00018a                EVRT_IRQHandler
                0x1a00018a                MCPWM_IRQHandler
                0x1a00018a                GINT1_IRQHandler
                0x1a00018a                GPIO4_IRQHandler
                0x1a00018c                data_init
                0x1a00019e                bss_init
                0x000002fc                . = 0x2fc
 *fill*         0x1a0001ae      0x14e ff
                0x1a0002fc                PROVIDE (__CRP_WORD_START__, .)
 *(.crp)
 .crp           0x1a0002fc        0x4 ./src/crp.o
                0x1a0002fc                CRP_WORD
                0x1a000300                PROVIDE (__CRP_WORD_END__, .)
                0x00000001                ASSERT (! ((__CRP_WORD_START__ == __CRP_WORD_END__)), Linker CRP Enabled, but no CRP_WORD provided within application)
 *(.text*)
 .text.write_PHY
                0x1a000300       0x78 ./src/Emac/src/emac.o
 .text.read_PHY
                0x1a000378       0x74 ./src/Emac/src/emac.o
 .text.rx_descr_init
                0x1a0003ec       0x94 ./src/Emac/src/emac.o
                0x1a0003ec                rx_descr_init
 .text.tx_descr_init
                0x1a000480       0xdc ./src/Emac/src/emac.o
                0x1a000480                tx_descr_init
 .text.Init_EMAC
                0x1a00055c      0x244 ./src/Emac/src/emac.o
                0x1a00055c                Init_EMAC
 .text.ReadFrame_EMAC
                0x1a0007a0       0x20 ./src/Emac/src/emac.o
                0x1a0007a0                ReadFrame_EMAC
 .text.ReadFrameBE_EMAC
                0x1a0007c0       0x2c ./src/Emac/src/emac.o
                0x1a0007c0                ReadFrameBE_EMAC
 .text.CopyFromFrame_EMAC
                0x1a0007ec       0x44 ./src/Emac/src/emac.o
                0x1a0007ec                CopyFromFrame_EMAC
 .text.DummyReadFrame_EMAC
                0x1a000830       0x24 ./src/Emac/src/emac.o
                0x1a000830                DummyReadFrame_EMAC
 .text.StartReadFrame
                0x1a000854       0x5c ./src/Emac/src/emac.o
                0x1a000854                StartReadFrame
 .text.EndReadFrame
                0x1a0008b0       0x38 ./src/Emac/src/emac.o
                0x1a0008b0                EndReadFrame
 .text.CheckFrameReceived
                0x1a0008e8       0x28 ./src/Emac/src/emac.o
                0x1a0008e8                CheckFrameReceived
 .text.RequestSend
                0x1a000910       0x44 ./src/Emac/src/emac.o
                0x1a000910                RequestSend
 .text.Rdy4Tx   0x1a000954       0x10 ./src/Emac/src/emac.o
                0x1a000954                Rdy4Tx
 .text.WriteFrame_EMAC
                0x1a000964       0x28 ./src/Emac/src/emac.o
                0x1a000964                WriteFrame_EMAC
 .text.CopyToFrame_EMAC
                0x1a00098c       0x90 ./src/Emac/src/emac.o
                0x1a00098c                CopyToFrame_EMAC
 .text.TCPLowLevelInit
                0x1a000a1c       0x34 ./src/Emac/src/tcpip.o
                0x1a000a1c                TCPLowLevelInit
 .text.TCPPassiveOpen
                0x1a000a50       0x3c ./src/Emac/src/tcpip.o
                0x1a000a50                TCPPassiveOpen
 .text.TCPClose
                0x1a000a8c       0x60 ./src/Emac/src/tcpip.o
                0x1a000a8c                TCPClose
 .text.TCPReleaseRxBuffer
                0x1a000aec       0x20 ./src/Emac/src/tcpip.o
                0x1a000aec                TCPReleaseRxBuffer
 .text.TCPTransmitTxBuffer
                0x1a000b0c       0x80 ./src/Emac/src/tcpip.o
                0x1a000b0c                TCPTransmitTxBuffer
 .text.IsBroadcast
                0x1a000b8c       0x58 ./src/Emac/src/tcpip.o
                0x1a000b8c                IsBroadcast
 .text.DoNetworkStuff
                0x1a000be4      0x26c ./src/Emac/src/tcpip.o
                0x1a000be4                DoNetworkStuff
 .text.ProcessEthBroadcastFrame
                0x1a000e50       0x88 ./src/Emac/src/tcpip.o
                0x1a000e50                ProcessEthBroadcastFrame
 .text.ProcessEthIAFrame
                0x1a000ed8      0x10c ./src/Emac/src/tcpip.o
                0x1a000ed8                ProcessEthIAFrame
 .text.ProcessICMPFrame
                0x1a000fe4       0x28 ./src/Emac/src/tcpip.o
                0x1a000fe4                ProcessICMPFrame
 .text.ProcessTCPFrame
                0x1a00100c      0x4e8 ./src/Emac/src/tcpip.o
                0x1a00100c                ProcessTCPFrame
 .text.PrepareARP_REQUEST
                0x1a0014f4       0xec ./src/Emac/src/tcpip.o
                0x1a0014f4                PrepareARP_REQUEST
 .text.PrepareARP_ANSWER
                0x1a0015e0       0xac ./src/Emac/src/tcpip.o
                0x1a0015e0                PrepareARP_ANSWER
 .text.PrepareICMP_ECHO_REPLY
                0x1a00168c      0x114 ./src/Emac/src/tcpip.o
                0x1a00168c                PrepareICMP_ECHO_REPLY
 .text.PrepareTCP_FRAME
                0x1a0017a0      0x1a0 ./src/Emac/src/tcpip.o
                0x1a0017a0                PrepareTCP_FRAME
 .text.PrepareTCP_DATA_FRAME
                0x1a001940      0x128 ./src/Emac/src/tcpip.o
                0x1a001940                PrepareTCP_DATA_FRAME
 .text.CalcChecksum
                0x1a001a68       0xbc ./src/Emac/src/tcpip.o
                0x1a001a68                CalcChecksum
 .text.TCPStartRetryTimer
                0x1a001b24       0x40 ./src/Emac/src/tcpip.o
                0x1a001b24                TCPStartRetryTimer
 .text.TCPStartTimeWaitTimer
                0x1a001b64       0x38 ./src/Emac/src/tcpip.o
                0x1a001b64                TCPStartTimeWaitTimer
 .text.TCPRestartTimer
                0x1a001b9c       0x18 ./src/Emac/src/tcpip.o
                0x1a001b9c                TCPRestartTimer
 .text.TCPStopTimer
                0x1a001bb4       0x20 ./src/Emac/src/tcpip.o
                0x1a001bb4                TCPStopTimer
 .text.TCPHandleRetransmission
                0x1a001bd4       0x60 ./src/Emac/src/tcpip.o
                0x1a001bd4                TCPHandleRetransmission
 .text.TCPHandleTimeout
                0x1a001c34       0x40 ./src/Emac/src/tcpip.o
                0x1a001c34                TCPHandleTimeout
 .text.TCPClockHandler
                0x1a001c74       0x2c ./src/Emac/src/tcpip.o
                0x1a001c74                TCPClockHandler
 .text.SendFrame1
                0x1a001ca0       0x1c ./src/Emac/src/tcpip.o
                0x1a001ca0                SendFrame1
 .text.SendFrame2
                0x1a001cbc       0x1c ./src/Emac/src/tcpip.o
                0x1a001cbc                SendFrame2
 .text.WriteWBE
                0x1a001cd8       0x30 ./src/Emac/src/tcpip.o
                0x1a001cd8                WriteWBE
 .text.WriteDWBE
                0x1a001d08       0x48 ./src/Emac/src/tcpip.o
                0x1a001d08                WriteDWBE
 .text.SwapBytes
                0x1a001d50       0x2c ./src/Emac/src/tcpip.o
                0x1a001d50                SwapBytes
 .text.enetInit
                0x1a001d7c       0x58 ./src/Emac/src/webserver.o
                0x1a001d7c                enetInit
 .text.webPeriodicalTask
                0x1a001dd4       0x38 ./src/Emac/src/webserver.o
                0x1a001dd4                webPeriodicalTask
 .text.HTTPServer
                0x1a001e0c      0x388 ./src/Emac/src/webserver.o
                0x1a001e0c                HTTPServer
 .text.NVIC_EnableIRQ
                0x1a002194       0x30 ./src/ciaaAIN.o
 .text.ADC0_IRQHandler
                0x1a0021c4       0xa8 ./src/ciaaAIN.o
                0x1a0021c4                ADC0_IRQHandler
 .text.ciaaAINInit
                0x1a00226c       0x78 ./src/ciaaAIN.o
                0x1a00226c                ciaaAINInit
 .text.ciaaAINRead
                0x1a0022e4       0x30 ./src/ciaaAIN.o
                0x1a0022e4                ciaaAINRead
 .text.ciaaAOUTInit
                0x1a002314       0x34 ./src/ciaaAOUT.o
                0x1a002314                ciaaAOUTInit
 .text.ciaaAOUTSet
                0x1a002348       0x40 ./src/ciaaAOUT.o
                0x1a002348                ciaaAOUTSet
 .text.ciaaI2CInit
                0x1a002388       0x20 ./src/ciaaI2C.o
                0x1a002388                ciaaI2CInit
 .text.ciaaI2CWrite
                0x1a0023a8       0x4c ./src/ciaaI2C.o
                0x1a0023a8                ciaaI2CWrite
 .text.ciaaI2CRead
                0x1a0023f4       0x4c ./src/ciaaI2C.o
                0x1a0023f4                ciaaI2CRead
 .text.ciaaIOInit
                0x1a002440      0x120 ./src/ciaaIO.o
                0x1a002440                ciaaIOInit
 .text.NVIC_EnableIRQ
                0x1a002560       0x30 ./src/ciaaUART.o
 .text.ciaaUARTInit
                0x1a002590       0x60 ./src/ciaaUART.o
                0x1a002590                ciaaUARTInit
 .text.UART2_IRQHandler
                0x1a0025f0       0xa4 ./src/ciaaUART.o
                0x1a0025f0                UART2_IRQHandler
 .text.UART3_IRQHandler
                0x1a002694        0xc ./src/ciaaUART.o
                0x1a002694                UART3_IRQHandler
 .text.uartSend
                0x1a0026a0       0x8c ./src/ciaaUART.o
                0x1a0026a0                uartSend
 .text.startSlave
                0x1a00272c       0x80 ./src/cr_start_m0.o
 .text.haltSlave
                0x1a0027ac       0x80 ./src/cr_start_m0.o
 .text.cr_start_m0
                0x1a00282c       0x40 ./src/cr_start_m0.o
                0x1a00282c                cr_start_m0
 .text.ResetISR
                0x1a00286c       0x94 ./src/cr_startup_lpc43xx.o
                0x1a00286c                ResetISR
 .text.hex2byte
                0x1a002900       0x70 ./src/database.o
                0x1a002900                hex2byte
 .text.dbNewUID
                0x1a002970       0xe0 ./src/database.o
                0x1a002970                dbNewUID
 .text.dbSetName
                0x1a002a50       0xf0 ./src/database.o
                0x1a002a50                dbSetName
 .text.dbGetList
                0x1a002b40       0xe8 ./src/database.o
                0x1a002b40                dbGetList
 .text.NVIC_SetPriority
                0x1a002c28       0x54 ./src/main.o
 .text.SysTick_Config
                0x1a002c7c       0x44 ./src/main.o
 .text.pausems  0x1a002cc0       0x28 ./src/main.o
                0x1a002cc0                pausems
 .text.wiegand26
                0x1a002ce8       0xa8 ./src/main.o
                0x1a002ce8                wiegand26
 .text.wiegandReaderTask
                0x1a002d90       0x6c ./src/main.o
                0x1a002d90                wiegandReaderTask
 .text.SysTick_Handler
                0x1a002dfc       0x74 ./src/main.o
                0x1a002dfc                SysTick_Handler
 .text.setupHardware
                0x1a002e70      0x128 ./src/main.o
                0x1a002e70                setupHardware
 .text.mem48Read
                0x1a002f98       0x44 ./src/main.o
                0x1a002f98                mem48Read
 .text.mem48Write
                0x1a002fdc       0x9c ./src/main.o
                0x1a002fdc                mem48Write
 .text.memRead  0x1a003078       0x54 ./src/main.o
                0x1a003078                memRead
 .text.memWrite
                0x1a0030cc       0xa8 ./src/main.o
                0x1a0030cc                memWrite
 .text.main     0x1a003174       0xbc ./src/main.o
                0x1a003174                main
 .text.ADC_Init
                0x1a003230       0x54 /home/pablo/Documents/CIAA-Repositories/EOPT/workspace/CMSIS_LPC43xx_DriverLib/Debug/libCMSIS_LPC43xx_DriverLib.a(lpc43xx_adc.o)
                0x1a003230                ADC_Init
 .text.ADC_BurstCmd
                0x1a003284       0x14 /home/pablo/Documents/CIAA-Repositories/EOPT/workspace/CMSIS_LPC43xx_DriverLib/Debug/libCMSIS_LPC43xx_DriverLib.a(lpc43xx_adc.o)
                0x1a003284                ADC_BurstCmd
 .text.ADC_IntConfig
                0x1a003298       0x20 /home/pablo/Documents/CIAA-Repositories/EOPT/workspace/CMSIS_LPC43xx_DriverLib/Debug/libCMSIS_LPC43xx_DriverLib.a(lpc43xx_adc.o)
                0x1a003298                ADC_IntConfig
 .text.ADC_ChannelCmd
                0x1a0032b8       0x30 /home/pablo/Documents/CIAA-Repositories/EOPT/workspace/CMSIS_LPC43xx_DriverLib/Debug/libCMSIS_LPC43xx_DriverLib.a(lpc43xx_adc.o)
                0x1a0032b8                ADC_ChannelCmd
 .text.ADC_ChannelGetStatus
                0x1a0032e8       0x1c /home/pablo/Documents/CIAA-Repositories/EOPT/workspace/CMSIS_LPC43xx_DriverLib/Debug/libCMSIS_LPC43xx_DriverLib.a(lpc43xx_adc.o)
                0x1a0032e8                ADC_ChannelGetStatus
 .text.ADC_GlobalGetData
                0x1a003304        0x4 /home/pablo/Documents/CIAA-Repositories/EOPT/workspace/CMSIS_LPC43xx_DriverLib/Debug/libCMSIS_LPC43xx_DriverLib.a(lpc43xx_adc.o)
                0x1a003304                ADC_GlobalGetData
 .text.pdec_new
                0x1a003308       0x38 /home/pablo/Documents/CIAA-Repositories/EOPT/workspace/CMSIS_LPC43xx_DriverLib/Debug/libCMSIS_LPC43xx_DriverLib.a(lpc43xx_cgu.o)
                0x1a003308                pdec_new
 .text.ndec_new
                0x1a003340       0x44 /home/pablo/Documents/CIAA-Repositories/EOPT/workspace/CMSIS_LPC43xx_DriverLib/Debug/libCMSIS_LPC43xx_DriverLib.a(lpc43xx_cgu.o)
                0x1a003340                ndec_new
 .text.mdec_new
                0x1a003384       0x40 /home/pablo/Documents/CIAA-Repositories/EOPT/workspace/CMSIS_LPC43xx_DriverLib/Debug/libCMSIS_LPC43xx_DriverLib.a(lpc43xx_cgu.o)
                0x1a003384                mdec_new
 .text.anadeci_new
                0x1a0033c4       0x44 /home/pablo/Documents/CIAA-Repositories/EOPT/workspace/CMSIS_LPC43xx_DriverLib/Debug/libCMSIS_LPC43xx_DriverLib.a(lpc43xx_cgu.o)
                0x1a0033c4                anadeci_new
 .text.anadecp_new
                0x1a003408        0xc /home/pablo/Documents/CIAA-Repositories/EOPT/workspace/CMSIS_LPC43xx_DriverLib/Debug/libCMSIS_LPC43xx_DriverLib.a(lpc43xx_cgu.o)
                0x1a003408                anadecp_new
 *fill*         0x1a003414        0x4 
 .text.compute_pll_regs
                0x1a003418      0x430 /home/pablo/Documents/CIAA-Repositories/EOPT/workspace/CMSIS_LPC43xx_DriverLib/Debug/libCMSIS_LPC43xx_DriverLib.a(lpc43xx_cgu.o)
                0x1a003418                compute_pll_regs
 .text.CGU_GetPCLKFrequency
                0x1a003848       0xb0 /home/pablo/Documents/CIAA-Repositories/EOPT/workspace/CMSIS_LPC43xx_DriverLib/Debug/libCMSIS_LPC43xx_DriverLib.a(lpc43xx_cgu.o)
                0x1a003848                CGU_GetPCLKFrequency
 .text.CGU_UpdateClock
                0x1a0038f8      0x100 /home/pablo/Documents/CIAA-Repositories/EOPT/workspace/CMSIS_LPC43xx_DriverLib/Debug/libCMSIS_LPC43xx_DriverLib.a(lpc43xx_cgu.o)
                0x1a0038f8                CGU_UpdateClock
 .text.CGU_SetXTALOSC
                0x1a0039f8       0x40 /home/pablo/Documents/CIAA-Repositories/EOPT/workspace/CMSIS_LPC43xx_DriverLib/Debug/libCMSIS_LPC43xx_DriverLib.a(lpc43xx_cgu.o)
                0x1a0039f8                CGU_SetXTALOSC
 .text.CGU_SetDIV
                0x1a003a38       0x40 /home/pablo/Documents/CIAA-Repositories/EOPT/workspace/CMSIS_LPC43xx_DriverLib/Debug/libCMSIS_LPC43xx_DriverLib.a(lpc43xx_cgu.o)
                0x1a003a38                CGU_SetDIV
 .text.CGU_EnableEntity
                0x1a003a78      0x140 /home/pablo/Documents/CIAA-Repositories/EOPT/workspace/CMSIS_LPC43xx_DriverLib/Debug/libCMSIS_LPC43xx_DriverLib.a(lpc43xx_cgu.o)
                0x1a003a78                CGU_EnableEntity
 .text.CGU_EntityConnect
                0x1a003bb8       0x8c /home/pablo/Documents/CIAA-Repositories/EOPT/workspace/CMSIS_LPC43xx_DriverLib/Debug/libCMSIS_LPC43xx_DriverLib.a(lpc43xx_cgu.o)
                0x1a003bb8                CGU_EntityConnect
 .text.CGU_SetPLL0
                0x1a003c44       0x48 /home/pablo/Documents/CIAA-Repositories/EOPT/workspace/CMSIS_LPC43xx_DriverLib/Debug/libCMSIS_LPC43xx_DriverLib.a(lpc43xx_cgu.o)
                0x1a003c44                CGU_SetPLL0
 .text.CGU_SetPLL1
                0x1a003c8c       0x84 /home/pablo/Documents/CIAA-Repositories/EOPT/workspace/CMSIS_LPC43xx_DriverLib/Debug/libCMSIS_LPC43xx_DriverLib.a(lpc43xx_cgu.o)
                0x1a003c8c                CGU_SetPLL1
 .text.CGU_Init
                0x1a003d10       0x3c /home/pablo/Documents/CIAA-Repositories/EOPT/workspace/CMSIS_LPC43xx_DriverLib/Debug/libCMSIS_LPC43xx_DriverLib.a(lpc43xx_cgu.o)
                0x1a003d10                CGU_Init
 .text.DAC_UpdateValue
                0x1a003d4c       0x10 /home/pablo/Documents/CIAA-Repositories/EOPT/workspace/CMSIS_LPC43xx_DriverLib/Debug/libCMSIS_LPC43xx_DriverLib.a(lpc43xx_dac.o)
                0x1a003d4c                DAC_UpdateValue
 .text.DAC_SetBias
                0x1a003d5c       0x18 /home/pablo/Documents/CIAA-Repositories/EOPT/workspace/CMSIS_LPC43xx_DriverLib/Debug/libCMSIS_LPC43xx_DriverLib.a(lpc43xx_dac.o)
                0x1a003d5c                DAC_SetBias
 .text.DAC_Init
                0x1a003d74       0x18 /home/pablo/Documents/CIAA-Repositories/EOPT/workspace/CMSIS_LPC43xx_DriverLib/Debug/libCMSIS_LPC43xx_DriverLib.a(lpc43xx_dac.o)
                0x1a003d74                DAC_Init
 .text.DAC_ConfigDAConverterControl
                0x1a003d8c       0x30 /home/pablo/Documents/CIAA-Repositories/EOPT/workspace/CMSIS_LPC43xx_DriverLib/Debug/libCMSIS_LPC43xx_DriverLib.a(lpc43xx_dac.o)
                0x1a003d8c                DAC_ConfigDAConverterControl
 .text.GPIO_SetDir
                0x1a003dbc       0x2c /home/pablo/Documents/CIAA-Repositories/EOPT/workspace/CMSIS_LPC43xx_DriverLib/Debug/libCMSIS_LPC43xx_DriverLib.a(lpc43xx_gpio.o)
                0x1a003dbc                GPIO_SetDir
 .text.GPIO_SetValue
                0x1a003de8       0x10 /home/pablo/Documents/CIAA-Repositories/EOPT/workspace/CMSIS_LPC43xx_DriverLib/Debug/libCMSIS_LPC43xx_DriverLib.a(lpc43xx_gpio.o)
                0x1a003de8                GPIO_SetValue
 .text.GPIO_ClearValue
                0x1a003df8       0x10 /home/pablo/Documents/CIAA-Repositories/EOPT/workspace/CMSIS_LPC43xx_DriverLib/Debug/libCMSIS_LPC43xx_DriverLib.a(lpc43xx_gpio.o)
                0x1a003df8                GPIO_ClearValue
 .text.GPIO_ReadValue
                0x1a003e08       0x10 /home/pablo/Documents/CIAA-Repositories/EOPT/workspace/CMSIS_LPC43xx_DriverLib/Debug/libCMSIS_LPC43xx_DriverLib.a(lpc43xx_gpio.o)
                0x1a003e08                GPIO_ReadValue
 .text.I2C_getNum
                0x1a003e18       0x20 /home/pablo/Documents/CIAA-Repositories/EOPT/workspace/CMSIS_LPC43xx_DriverLib/Debug/libCMSIS_LPC43xx_DriverLib.a(lpc43xx_i2c.o)
 .text.I2C_Start
                0x1a003e38       0x1c /home/pablo/Documents/CIAA-Repositories/EOPT/workspace/CMSIS_LPC43xx_DriverLib/Debug/libCMSIS_LPC43xx_DriverLib.a(lpc43xx_i2c.o)
 .text.I2C_Stop
                0x1a003e54       0x18 /home/pablo/Documents/CIAA-Repositories/EOPT/workspace/CMSIS_LPC43xx_DriverLib/Debug/libCMSIS_LPC43xx_DriverLib.a(lpc43xx_i2c.o)
 .text.I2C_SendByte
                0x1a003e6c       0x24 /home/pablo/Documents/CIAA-Repositories/EOPT/workspace/CMSIS_LPC43xx_DriverLib/Debug/libCMSIS_LPC43xx_DriverLib.a(lpc43xx_i2c.o)
 .text.I2C_GetByte
                0x1a003e90       0x24 /home/pablo/Documents/CIAA-Repositories/EOPT/workspace/CMSIS_LPC43xx_DriverLib/Debug/libCMSIS_LPC43xx_DriverLib.a(lpc43xx_i2c.o)
 .text.I2C_Init
                0x1a003eb4       0x80 /home/pablo/Documents/CIAA-Repositories/EOPT/workspace/CMSIS_LPC43xx_DriverLib/Debug/libCMSIS_LPC43xx_DriverLib.a(lpc43xx_i2c.o)
                0x1a003eb4                I2C_Init
 .text.I2C_Cmd  0x1a003f34       0x10 /home/pablo/Documents/CIAA-Repositories/EOPT/workspace/CMSIS_LPC43xx_DriverLib/Debug/libCMSIS_LPC43xx_DriverLib.a(lpc43xx_i2c.o)
                0x1a003f34                I2C_Cmd
 .text.I2C_IntCmd
                0x1a003f44       0x54 /home/pablo/Documents/CIAA-Repositories/EOPT/workspace/CMSIS_LPC43xx_DriverLib/Debug/libCMSIS_LPC43xx_DriverLib.a(lpc43xx_i2c.o)
                0x1a003f44                I2C_IntCmd
 .text.I2C_MasterTransferData
                0x1a003f98      0x1dc /home/pablo/Documents/CIAA-Repositories/EOPT/workspace/CMSIS_LPC43xx_DriverLib/Debug/libCMSIS_LPC43xx_DriverLib.a(lpc43xx_i2c.o)
                0x1a003f98                I2C_MasterTransferData
 .text.RGU_SoftReset
                0x1a004174       0x34 /home/pablo/Documents/CIAA-Repositories/EOPT/workspace/CMSIS_LPC43xx_DriverLib/Debug/libCMSIS_LPC43xx_DriverLib.a(lpc43xx_rgu.o)
                0x1a004174                RGU_SoftReset
 .text.RIT_Init
                0x1a0041a8       0x14 /home/pablo/Documents/CIAA-Repositories/EOPT/workspace/CMSIS_LPC43xx_DriverLib/Debug/libCMSIS_LPC43xx_DriverLib.a(lpc43xx_rit.o)
                0x1a0041a8                RIT_Init
 .text.RIT_TimerConfig
                0x1a0041bc       0x28 /home/pablo/Documents/CIAA-Repositories/EOPT/workspace/CMSIS_LPC43xx_DriverLib/Debug/libCMSIS_LPC43xx_DriverLib.a(lpc43xx_rit.o)
                0x1a0041bc                RIT_TimerConfig
 .text.RIT_Cmd  0x1a0041e4       0x14 /home/pablo/Documents/CIAA-Repositories/EOPT/workspace/CMSIS_LPC43xx_DriverLib/Debug/libCMSIS_LPC43xx_DriverLib.a(lpc43xx_rit.o)
                0x1a0041e4                RIT_Cmd
 .text.scu_pinmux
                0x1a0041f8       0x18 /home/pablo/Documents/CIAA-Repositories/EOPT/workspace/CMSIS_LPC43xx_DriverLib/Debug/libCMSIS_LPC43xx_DriverLib.a(lpc43xx_scu.o)
                0x1a0041f8                scu_pinmux
 .text.uart_set_divisors
                0x1a004210      0x190 /home/pablo/Documents/CIAA-Repositories/EOPT/workspace/CMSIS_LPC43xx_DriverLib/Debug/libCMSIS_LPC43xx_DriverLib.a(lpc43xx_uart.o)
 .text.UART_Init
                0x1a0043a0      0x134 /home/pablo/Documents/CIAA-Repositories/EOPT/workspace/CMSIS_LPC43xx_DriverLib/Debug/libCMSIS_LPC43xx_DriverLib.a(lpc43xx_uart.o)
                0x1a0043a0                UART_Init
 .text.UART_SendByte
                0x1a0044d4        0x4 /home/pablo/Documents/CIAA-Repositories/EOPT/workspace/CMSIS_LPC43xx_DriverLib/Debug/libCMSIS_LPC43xx_DriverLib.a(lpc43xx_uart.o)
                0x1a0044d4                UART_SendByte
 .text.UART_ReceiveByte
                0x1a0044d8        0x8 /home/pablo/Documents/CIAA-Repositories/EOPT/workspace/CMSIS_LPC43xx_DriverLib/Debug/libCMSIS_LPC43xx_DriverLib.a(lpc43xx_uart.o)
                0x1a0044d8                UART_ReceiveByte
 .text.UART_IntConfig
                0x1a0044e0       0x60 /home/pablo/Documents/CIAA-Repositories/EOPT/workspace/CMSIS_LPC43xx_DriverLib/Debug/libCMSIS_LPC43xx_DriverLib.a(lpc43xx_uart.o)
                0x1a0044e0                UART_IntConfig
 .text.UART_GetLineStatus
                0x1a004540       0x14 /home/pablo/Documents/CIAA-Repositories/EOPT/workspace/CMSIS_LPC43xx_DriverLib/Debug/libCMSIS_LPC43xx_DriverLib.a(lpc43xx_uart.o)
                0x1a004540                UART_GetLineStatus
 .text.UART_TxCmd
                0x1a004554       0x38 /home/pablo/Documents/CIAA-Repositories/EOPT/workspace/CMSIS_LPC43xx_DriverLib/Debug/libCMSIS_LPC43xx_DriverLib.a(lpc43xx_uart.o)
                0x1a004554                UART_TxCmd
 .text.SystemInit
                0x1a00458c       0x40 /home/pablo/Documents/CIAA-Repositories/EOPT/workspace/CMSIS_LPC43xx_DriverLib/Debug/libCMSIS_LPC43xx_DriverLib.a(system_LPC43xx.o)
                0x1a00458c                SystemInit
 .text.Vcom_init
                0x1a0045cc       0x50 /home/pablo/Dropbox/Privado/Electrónica/NXP/LPC43xx/workspace/LPC4330_Xplorer_UsbVcomLib/Debug/libLPC4330_Xplorer_UsbVcomLib.a(vcomdemo.o)
                0x1a0045cc                Vcom_init
 .text.CDC_WrOutBuf
                0x1a00461c       0x2c /home/pablo/Dropbox/Privado/Electrónica/NXP/LPC43xx/workspace/LPC4330_Xplorer_UsbVcomLib/Debug/libLPC4330_Xplorer_UsbVcomLib.a(cdcuser.o)
                0x1a00461c                CDC_WrOutBuf
 .text.CDC_SendEncapsulatedCommand
                0x1a004648        0x4 /home/pablo/Dropbox/Privado/Electrónica/NXP/LPC43xx/workspace/LPC4330_Xplorer_UsbVcomLib/Debug/libLPC4330_Xplorer_UsbVcomLib.a(cdcuser.o)
                0x1a004648                CDC_SendEncapsulatedCommand
 .text.CDC_GetEncapsulatedResponse
                0x1a00464c        0x4 /home/pablo/Dropbox/Privado/Electrónica/NXP/LPC43xx/workspace/LPC4330_Xplorer_UsbVcomLib/Debug/libLPC4330_Xplorer_UsbVcomLib.a(cdcuser.o)
                0x1a00464c                CDC_GetEncapsulatedResponse
 .text.CDC_SetCommFeature
                0x1a004650        0x4 /home/pablo/Dropbox/Privado/Electrónica/NXP/LPC43xx/workspace/LPC4330_Xplorer_UsbVcomLib/Debug/libLPC4330_Xplorer_UsbVcomLib.a(cdcuser.o)
                0x1a004650                CDC_SetCommFeature
 .text.CDC_GetCommFeature
                0x1a004654        0x4 /home/pablo/Dropbox/Privado/Electrónica/NXP/LPC43xx/workspace/LPC4330_Xplorer_UsbVcomLib/Debug/libLPC4330_Xplorer_UsbVcomLib.a(cdcuser.o)
                0x1a004654                CDC_GetCommFeature
 .text.CDC_ClearCommFeature
                0x1a004658        0x4 /home/pablo/Dropbox/Privado/Electrónica/NXP/LPC43xx/workspace/LPC4330_Xplorer_UsbVcomLib/Debug/libLPC4330_Xplorer_UsbVcomLib.a(cdcuser.o)
                0x1a004658                CDC_ClearCommFeature
 .text.CDC_SetLineCoding
                0x1a00465c       0x4c /home/pablo/Dropbox/Privado/Electrónica/NXP/LPC43xx/workspace/LPC4330_Xplorer_UsbVcomLib/Debug/libLPC4330_Xplorer_UsbVcomLib.a(cdcuser.o)
                0x1a00465c                CDC_SetLineCoding
 .text.CDC_GetLineCoding
                0x1a0046a8       0x2c /home/pablo/Dropbox/Privado/Electrónica/NXP/LPC43xx/workspace/LPC4330_Xplorer_UsbVcomLib/Debug/libLPC4330_Xplorer_UsbVcomLib.a(cdcuser.o)
                0x1a0046a8                CDC_GetLineCoding
 .text.CDC_SetControlLineState
                0x1a0046d4        0x4 /home/pablo/Dropbox/Privado/Electrónica/NXP/LPC43xx/workspace/LPC4330_Xplorer_UsbVcomLib/Debug/libLPC4330_Xplorer_UsbVcomLib.a(cdcuser.o)
                0x1a0046d4                CDC_SetControlLineState
 .text.CDC_SendBreak
                0x1a0046d8        0x4 /home/pablo/Dropbox/Privado/Electrónica/NXP/LPC43xx/workspace/LPC4330_Xplorer_UsbVcomLib/Debug/libLPC4330_Xplorer_UsbVcomLib.a(cdcuser.o)
                0x1a0046d8                CDC_SendBreak
 .text.CDC_BulkIn
                0x1a0046dc       0x34 /home/pablo/Dropbox/Privado/Electrónica/NXP/LPC43xx/workspace/LPC4330_Xplorer_UsbVcomLib/Debug/libLPC4330_Xplorer_UsbVcomLib.a(cdcuser.o)
                0x1a0046dc                CDC_BulkIn
 .text.CDC_BulkOut
                0x1a004710       0x24 /home/pablo/Dropbox/Privado/Electrónica/NXP/LPC43xx/workspace/LPC4330_Xplorer_UsbVcomLib/Debug/libLPC4330_Xplorer_UsbVcomLib.a(cdcuser.o)
                0x1a004710                CDC_BulkOut
 .text.CDC_GetSerialState
                0x1a004734       0xa0 /home/pablo/Dropbox/Privado/Electrónica/NXP/LPC43xx/workspace/LPC4330_Xplorer_UsbVcomLib/Debug/libLPC4330_Xplorer_UsbVcomLib.a(cdcuser.o)
                0x1a004734                CDC_GetSerialState
 .text.CDC_NotificationIn
                0x1a0047d4       0x38 /home/pablo/Dropbox/Privado/Electrónica/NXP/LPC43xx/workspace/LPC4330_Xplorer_UsbVcomLib/Debug/libLPC4330_Xplorer_UsbVcomLib.a(cdcuser.o)
                0x1a0047d4                CDC_NotificationIn
 .text.CDC_BulkOutNak
                0x1a00480c       0x14 /home/pablo/Dropbox/Privado/Electrónica/NXP/LPC43xx/workspace/LPC4330_Xplorer_UsbVcomLib/Debug/libLPC4330_Xplorer_UsbVcomLib.a(cdcuser.o)
                0x1a00480c                CDC_BulkOutNak
 .text.ser_OpenPort
                0x1a004820       0x50 /home/pablo/Dropbox/Privado/Electrónica/NXP/LPC43xx/workspace/LPC4330_Xplorer_UsbVcomLib/Debug/libLPC4330_Xplorer_UsbVcomLib.a(serial.o)
                0x1a004820                ser_OpenPort
 .text.ser_ClosePort
                0x1a004870       0x34 /home/pablo/Dropbox/Privado/Electrónica/NXP/LPC43xx/workspace/LPC4330_Xplorer_UsbVcomLib/Debug/libLPC4330_Xplorer_UsbVcomLib.a(serial.o)
                0x1a004870                ser_ClosePort
 .text.ser_InitPort1
                0x1a0048a4       0xc8 /home/pablo/Dropbox/Privado/Electrónica/NXP/LPC43xx/workspace/LPC4330_Xplorer_UsbVcomLib/Debug/libLPC4330_Xplorer_UsbVcomLib.a(serial.o)
                0x1a0048a4                ser_InitPort1
 .text.ser_Read
                0x1a00496c       0x38 /home/pablo/Dropbox/Privado/Electrónica/NXP/LPC43xx/workspace/LPC4330_Xplorer_UsbVcomLib/Debug/libLPC4330_Xplorer_UsbVcomLib.a(serial.o)
                0x1a00496c                ser_Read
 .text.ser_AvailChar
                0x1a0049a4       0x18 /home/pablo/Dropbox/Privado/Electrónica/NXP/LPC43xx/workspace/LPC4330_Xplorer_UsbVcomLib/Debug/libLPC4330_Xplorer_UsbVcomLib.a(serial.o)
                0x1a0049a4                ser_AvailChar
 .text.ser_LineState
                0x1a0049bc       0x10 /home/pablo/Dropbox/Privado/Electrónica/NXP/LPC43xx/workspace/LPC4330_Xplorer_UsbVcomLib/Debug/libLPC4330_Xplorer_UsbVcomLib.a(serial.o)
                0x1a0049bc                ser_LineState
 .text.UART0_IRQHandler
                0x1a0049cc       0x98 /home/pablo/Dropbox/Privado/Electrónica/NXP/LPC43xx/workspace/LPC4330_Xplorer_UsbVcomLib/Debug/libLPC4330_Xplorer_UsbVcomLib.a(serial.o)
                0x1a0049cc                UART0_IRQHandler
 .text.USB_ResetCore
                0x1a004a64       0x3c /home/pablo/Dropbox/Privado/Electrónica/NXP/LPC43xx/workspace/LPC4330_Xplorer_UsbVcomLib/Debug/libLPC4330_Xplorer_UsbVcomLib.a(usbcore.o)
                0x1a004a64                USB_ResetCore
 .text.USB_SetupStage
                0x1a004aa0       0x10 /home/pablo/Dropbox/Privado/Electrónica/NXP/LPC43xx/workspace/LPC4330_Xplorer_UsbVcomLib/Debug/libLPC4330_Xplorer_UsbVcomLib.a(usbcore.o)
                0x1a004aa0                USB_SetupStage
 .text.USB_DataInStage
                0x1a004ab0       0x28 /home/pablo/Dropbox/Privado/Electrónica/NXP/LPC43xx/workspace/LPC4330_Xplorer_UsbVcomLib/Debug/libLPC4330_Xplorer_UsbVcomLib.a(usbcore.o)
                0x1a004ab0                USB_DataInStage
 .text.USB_DataOutStage
                0x1a004ad8       0x20 /home/pablo/Dropbox/Privado/Electrónica/NXP/LPC43xx/workspace/LPC4330_Xplorer_UsbVcomLib/Debug/libLPC4330_Xplorer_UsbVcomLib.a(usbcore.o)
                0x1a004ad8                USB_DataOutStage
 .text.USB_StatusInStage
                0x1a004af8       0x10 /home/pablo/Dropbox/Privado/Electrónica/NXP/LPC43xx/workspace/LPC4330_Xplorer_UsbVcomLib/Debug/libLPC4330_Xplorer_UsbVcomLib.a(usbcore.o)
                0x1a004af8                USB_StatusInStage
 .text.USB_StatusOutStage
                0x1a004b08       0x10 /home/pablo/Dropbox/Privado/Electrónica/NXP/LPC43xx/workspace/LPC4330_Xplorer_UsbVcomLib/Debug/libLPC4330_Xplorer_UsbVcomLib.a(usbcore.o)
                0x1a004b08                USB_StatusOutStage
 .text.USB_EndPoint0
                0x1a004b18      0x908 /home/pablo/Dropbox/Privado/Electrónica/NXP/LPC43xx/workspace/LPC4330_Xplorer_UsbVcomLib/Debug/libLPC4330_Xplorer_UsbVcomLib.a(usbcore.o)
                0x1a004b18                USB_EndPoint0
 .text.EPAdr    0x1a005420       0x14 /home/pablo/Dropbox/Privado/Electrónica/NXP/LPC43xx/workspace/LPC4330_Xplorer_UsbVcomLib/Debug/libLPC4330_Xplorer_UsbVcomLib.a(usbhw.o)
                0x1a005420                EPAdr
 .text.USB_Connect
                0x1a005434       0x28 /home/pablo/Dropbox/Privado/Electrónica/NXP/LPC43xx/workspace/LPC4330_Xplorer_UsbVcomLib/Debug/libLPC4330_Xplorer_UsbVcomLib.a(usbhw.o)
                0x1a005434                USB_Connect
 .text.USB_Reset
                0x1a00545c      0x100 /home/pablo/Dropbox/Privado/Electrónica/NXP/LPC43xx/workspace/LPC4330_Xplorer_UsbVcomLib/Debug/libLPC4330_Xplorer_UsbVcomLib.a(usbhw.o)
                0x1a00545c                USB_Reset
 .text.USB_WakeUpCfg
                0x1a00555c        0x4 /home/pablo/Dropbox/Privado/Electrónica/NXP/LPC43xx/workspace/LPC4330_Xplorer_UsbVcomLib/Debug/libLPC4330_Xplorer_UsbVcomLib.a(usbhw.o)
                0x1a00555c                USB_WakeUpCfg
 .text.USB_SetAddress
                0x1a005560       0x1c /home/pablo/Dropbox/Privado/Electrónica/NXP/LPC43xx/workspace/LPC4330_Xplorer_UsbVcomLib/Debug/libLPC4330_Xplorer_UsbVcomLib.a(usbhw.o)
                0x1a005560                USB_SetAddress
 .text.USB_Init
                0x1a00557c       0xb0 /home/pablo/Dropbox/Privado/Electrónica/NXP/LPC43xx/workspace/LPC4330_Xplorer_UsbVcomLib/Debug/libLPC4330_Xplorer_UsbVcomLib.a(usbhw.o)
                0x1a00557c                USB_Init
 .text.USB_SetTestMode
                0x1a00562c       0x28 /home/pablo/Dropbox/Privado/Electrónica/NXP/LPC43xx/workspace/LPC4330_Xplorer_UsbVcomLib/Debug/libLPC4330_Xplorer_UsbVcomLib.a(usbhw.o)
                0x1a00562c                USB_SetTestMode
 .text.USB_Configure
                0x1a005654        0x4 /home/pablo/Dropbox/Privado/Electrónica/NXP/LPC43xx/workspace/LPC4330_Xplorer_UsbVcomLib/Debug/libLPC4330_Xplorer_UsbVcomLib.a(usbhw.o)
                0x1a005654                USB_Configure
 .text.USB_ConfigEP
                0x1a005658       0x80 /home/pablo/Dropbox/Privado/Electrónica/NXP/LPC43xx/workspace/LPC4330_Xplorer_UsbVcomLib/Debug/libLPC4330_Xplorer_UsbVcomLib.a(usbhw.o)
                0x1a005658                USB_ConfigEP
 .text.USB_DirCtrlEP
                0x1a0056d8        0x4 /home/pablo/Dropbox/Privado/Electrónica/NXP/LPC43xx/workspace/LPC4330_Xplorer_UsbVcomLib/Debug/libLPC4330_Xplorer_UsbVcomLib.a(usbhw.o)
                0x1a0056d8                USB_DirCtrlEP
 .text.USB_EnableEP
                0x1a0056dc       0x5c /home/pablo/Dropbox/Privado/Electrónica/NXP/LPC43xx/workspace/LPC4330_Xplorer_UsbVcomLib/Debug/libLPC4330_Xplorer_UsbVcomLib.a(usbhw.o)
                0x1a0056dc                USB_EnableEP
 .text.USB_DisableEP
                0x1a005738       0x60 /home/pablo/Dropbox/Privado/Electrónica/NXP/LPC43xx/workspace/LPC4330_Xplorer_UsbVcomLib/Debug/libLPC4330_Xplorer_UsbVcomLib.a(usbhw.o)
                0x1a005738                USB_DisableEP
 .text.USB_ResetEP
                0x1a005798       0x58 /home/pablo/Dropbox/Privado/Electrónica/NXP/LPC43xx/workspace/LPC4330_Xplorer_UsbVcomLib/Debug/libLPC4330_Xplorer_UsbVcomLib.a(usbhw.o)
                0x1a005798                USB_ResetEP
 .text.USB_SetStallEP
                0x1a0057f0       0x24 /home/pablo/Dropbox/Privado/Electrónica/NXP/LPC43xx/workspace/LPC4330_Xplorer_UsbVcomLib/Debug/libLPC4330_Xplorer_UsbVcomLib.a(usbhw.o)
                0x1a0057f0                USB_SetStallEP
 .text.USB_ClrStallEP
                0x1a005814       0x2c /home/pablo/Dropbox/Privado/Electrónica/NXP/LPC43xx/workspace/LPC4330_Xplorer_UsbVcomLib/Debug/libLPC4330_Xplorer_UsbVcomLib.a(usbhw.o)
                0x1a005814                USB_ClrStallEP
 .text.USB_ProgDTD
                0x1a005840       0x94 /home/pablo/Dropbox/Privado/Electrónica/NXP/LPC43xx/workspace/LPC4330_Xplorer_UsbVcomLib/Debug/libLPC4330_Xplorer_UsbVcomLib.a(usbhw.o)
                0x1a005840                USB_ProgDTD
 .text.USB_ReadSetupPkt
                0x1a0058d4       0x70 /home/pablo/Dropbox/Privado/Electrónica/NXP/LPC43xx/workspace/LPC4330_Xplorer_UsbVcomLib/Debug/libLPC4330_Xplorer_UsbVcomLib.a(usbhw.o)
                0x1a0058d4                USB_ReadSetupPkt
 .text.USB_ReadReqEP
                0x1a005944       0x4c /home/pablo/Dropbox/Privado/Electrónica/NXP/LPC43xx/workspace/LPC4330_Xplorer_UsbVcomLib/Debug/libLPC4330_Xplorer_UsbVcomLib.a(usbhw.o)
                0x1a005944                USB_ReadReqEP
 .text.USB_ReadEP
                0x1a005990       0x2c /home/pablo/Dropbox/Privado/Electrónica/NXP/LPC43xx/workspace/LPC4330_Xplorer_UsbVcomLib/Debug/libLPC4330_Xplorer_UsbVcomLib.a(usbhw.o)
                0x1a005990                USB_ReadEP
 .text.USB_WriteEP
                0x1a0059bc       0x54 /home/pablo/Dropbox/Privado/Electrónica/NXP/LPC43xx/workspace/LPC4330_Xplorer_UsbVcomLib/Debug/libLPC4330_Xplorer_UsbVcomLib.a(usbhw.o)
                0x1a0059bc                USB_WriteEP
 .text.USB0_IRQHandler
                0x1a005a10      0x16c /home/pablo/Dropbox/Privado/Electrónica/NXP/LPC43xx/workspace/LPC4330_Xplorer_UsbVcomLib/Debug/libLPC4330_Xplorer_UsbVcomLib.a(usbhw.o)
                0x1a005a10                USB0_IRQHandler
 .text.USB_EndPoint1
                0x1a005b7c       0x20 /home/pablo/Dropbox/Privado/Electrónica/NXP/LPC43xx/workspace/LPC4330_Xplorer_UsbVcomLib/Debug/libLPC4330_Xplorer_UsbVcomLib.a(usbuser.o)
                0x1a005b7c                USB_EndPoint1
 .text.USB_EndPoint2
                0x1a005b9c       0x24 /home/pablo/Dropbox/Privado/Electrónica/NXP/LPC43xx/workspace/LPC4330_Xplorer_UsbVcomLib/Debug/libLPC4330_Xplorer_UsbVcomLib.a(usbuser.o)
                0x1a005b9c                USB_EndPoint2
 .text.USB_Reset_Event
                0x1a005bc0        0x8 /home/pablo/Dropbox/Privado/Electrónica/NXP/LPC43xx/workspace/LPC4330_Xplorer_UsbVcomLib/Debug/libLPC4330_Xplorer_UsbVcomLib.a(usbuser.o)
                0x1a005bc0                USB_Reset_Event
 .text.USB_Configure_Event
                0x1a005bc8        0x4 /home/pablo/Dropbox/Privado/Electrónica/NXP/LPC43xx/workspace/LPC4330_Xplorer_UsbVcomLib/Debug/libLPC4330_Xplorer_UsbVcomLib.a(usbuser.o)
                0x1a005bc8                USB_Configure_Event
 .text          0x1a005bcc      0x370 /usr/local/lpcxpresso_7.2.0_153/lpcxpresso/tools/bin/../lib/gcc/arm-none-eabi/4.8.3/armv7e-m/softfp/libgcc.a(_arm_addsubdf3.o)
                0x1a005bcc                __aeabi_drsub
                0x1a005bd4                __aeabi_dsub
                0x1a005bd4                __subdf3
                0x1a005bd8                __adddf3
                0x1a005bd8                __aeabi_dadd
                0x1a005e50                __aeabi_ui2d
                0x1a005e50                __floatunsidf
                0x1a005e70                __floatsidf
                0x1a005e70                __aeabi_i2d
                0x1a005e94                __extendsfdf2
                0x1a005e94                __aeabi_f2d
                0x1a005ed0                __aeabi_ul2d
                0x1a005ed0                __floatundidf
                0x1a005ee0                __floatdidf
                0x1a005ee0                __aeabi_l2d
 .text          0x1a005f3c      0x424 /usr/local/lpcxpresso_7.2.0_153/lpcxpresso/tools/bin/../lib/gcc/arm-none-eabi/4.8.3/armv7e-m/softfp/libgcc.a(_arm_muldivdf3.o)
                0x1a005f3c                __aeabi_dmul
                0x1a005f3c                __muldf3
                0x1a006190                __aeabi_ddiv
                0x1a006190                __divdf3
 .text          0x1a006360      0x110 /usr/local/lpcxpresso_7.2.0_153/lpcxpresso/tools/bin/../lib/gcc/arm-none-eabi/4.8.3/armv7e-m/softfp/libgcc.a(_arm_cmpdf2.o)
                0x1a006360                __gtdf2
                0x1a006360                __gedf2
                0x1a006368                __ltdf2
                0x1a006368                __ledf2
                0x1a006370                __cmpdf2
                0x1a006370                __eqdf2
                0x1a006370                __nedf2
                0x1a0063ec                __aeabi_cdrcmple
                0x1a0063fc                __aeabi_cdcmple
                0x1a0063fc                __aeabi_cdcmpeq
                0x1a00640c                __aeabi_dcmpeq
                0x1a006420                __aeabi_dcmplt
                0x1a006434                __aeabi_dcmple
                0x1a006448                __aeabi_dcmpge
                0x1a00645c                __aeabi_dcmpgt
 .text          0x1a006470       0x40 /usr/local/lpcxpresso_7.2.0_153/lpcxpresso/tools/bin/../lib/gcc/arm-none-eabi/4.8.3/armv7e-m/softfp/libgcc.a(_arm_fixunsdfsi.o)
                0x1a006470                __fixunsdfsi
                0x1a006470                __aeabi_d2uiz
 .text          0x1a0064b0       0x2c /usr/local/lpcxpresso_7.2.0_153/lpcxpresso/tools/bin/../lib/gcc/arm-none-eabi/4.8.3/armv7e-m/softfp/libgcc.a(_aeabi_uldivmod.o)
                0x1a0064b0                __aeabi_uldivmod
 .text          0x1a0064dc       0x60 /usr/local/lpcxpresso_7.2.0_153/lpcxpresso/tools/bin/../lib/gcc/arm-none-eabi/4.8.3/armv7e-m/softfp/libgcc.a(bpabi.o)
                0x1a0064dc                __gnu_ldivmod_helper
                0x1a00650c                __gnu_uldivmod_helper
 .text          0x1a00653c        0x4 /usr/local/lpcxpresso_7.2.0_153/lpcxpresso/tools/bin/../lib/gcc/arm-none-eabi/4.8.3/armv7e-m/softfp/libgcc.a(_dvmd_tls.o)
                0x1a00653c                __aeabi_ldiv0
                0x1a00653c                __aeabi_idiv0
 .text          0x1a006540      0x298 /usr/local/lpcxpresso_7.2.0_153/lpcxpresso/tools/bin/../lib/gcc/arm-none-eabi/4.8.3/armv7e-m/softfp/libgcc.a(_divdi3.o)
                0x1a006540                __divdi3
 .text          0x1a0067d8      0x284 /usr/local/lpcxpresso_7.2.0_153/lpcxpresso/tools/bin/../lib/gcc/arm-none-eabi/4.8.3/armv7e-m/softfp/libgcc.a(_udivdi3.o)
                0x1a0067d8                __udivdi3
 .text.memcmp   0x1a006a5c       0x68 /usr/local/lpcxpresso_7.2.0_153/lpcxpresso/tools/bin/../lib/gcc/arm-none-eabi/4.8.3/../../../../arm-none-eabi/lib/armv7e-m/softfp/libc.a(lib_a-memcmp.o)
                0x1a006a5c                memcmp
 .text          0x1a006ac4      0x134 /usr/local/lpcxpresso_7.2.0_153/lpcxpresso/tools/bin/../lib/gcc/arm-none-eabi/4.8.3/../../../../arm-none-eabi/lib/armv7e-m/softfp/libc.a(lib_a-memcpy.o)
                0x1a006ac4                memcpy
 .text.memset   0x1a006bf8       0x94 /usr/local/lpcxpresso_7.2.0_153/lpcxpresso/tools/bin/../lib/gcc/arm-none-eabi/4.8.3/../../../../arm-none-eabi/lib/armv7e-m/softfp/libc.a(lib_a-memset.o)
                0x1a006bf8                memset
 .text.sprintf  0x1a006c8c       0x4c /usr/local/lpcxpresso_7.2.0_153/lpcxpresso/tools/bin/../lib/gcc/arm-none-eabi/4.8.3/../../../../arm-none-eabi/lib/armv7e-m/softfp/libc.a(lib_a-sprintf.o)
                0x1a006c8c                sprintf
 .text.strcat   0x1a006cd8       0x4c /usr/local/lpcxpresso_7.2.0_153/lpcxpresso/tools/bin/../lib/gcc/arm-none-eabi/4.8.3/../../../../arm-none-eabi/lib/armv7e-m/softfp/libc.a(lib_a-strcat.o)
                0x1a006cd8                strcat
 .text.strcpy   0x1a006d24       0xbc /usr/local/lpcxpresso_7.2.0_153/lpcxpresso/tools/bin/../lib/gcc/arm-none-eabi/4.8.3/../../../../arm-none-eabi/lib/armv7e-m/softfp/libc.a(lib_a-strcpy.o)
                0x1a006d24                strcpy
 .text.strlen   0x1a006de0       0x60 /usr/local/lpcxpresso_7.2.0_153/lpcxpresso/tools/bin/../lib/gcc/arm-none-eabi/4.8.3/../../../../arm-none-eabi/lib/armv7e-m/softfp/libc.a(lib_a-strlen.o)
                0x1a006de0                strlen
 .text.strncpy  0x1a006e40       0x64 /usr/local/lpcxpresso_7.2.0_153/lpcxpresso/tools/bin/../lib/gcc/arm-none-eabi/4.8.3/../../../../arm-none-eabi/lib/armv7e-m/softfp/libc.a(lib_a-strncpy.o)
                0x1a006e40                strncpy
 .text.critical_factorization
                0x1a006ea4       0xbc /usr/local/lpcxpresso_7.2.0_153/lpcxpresso/tools/bin/../lib/gcc/arm-none-eabi/4.8.3/../../../../arm-none-eabi/lib/armv7e-m/softfp/libc.a(lib_a-strstr.o)
 .text.two_way_long_needle
                0x1a006f60      0x1ec /usr/local/lpcxpresso_7.2.0_153/lpcxpresso/tools/bin/../lib/gcc/arm-none-eabi/4.8.3/../../../../arm-none-eabi/lib/armv7e-m/softfp/libc.a(lib_a-strstr.o)
 .text.strstr   0x1a00714c      0x200 /usr/local/lpcxpresso_7.2.0_153/lpcxpresso/tools/bin/../lib/gcc/arm-none-eabi/4.8.3/../../../../arm-none-eabi/lib/armv7e-m/softfp/libc.a(lib_a-strstr.o)
                0x1a00714c                strstr
 *fill*         0x1a00734c        0x4 
 .text._svfprintf_r
                0x1a007350     0x1500 /usr/local/lpcxpresso_7.2.0_153/lpcxpresso/tools/bin/../lib/gcc/arm-none-eabi/4.8.3/../../../../arm-none-eabi/lib/armv7e-m/softfp/libc.a(lib_a-svfprintf.o)
                0x1a007350                _svfprintf_r
 .text.quorem   0x1a008850      0x130 /usr/local/lpcxpresso_7.2.0_153/lpcxpresso/tools/bin/../lib/gcc/arm-none-eabi/4.8.3/../../../../arm-none-eabi/lib/armv7e-m/softfp/libc.a(lib_a-dtoa.o)
 .text._dtoa_r  0x1a008980      0xe30 /usr/local/lpcxpresso_7.2.0_153/lpcxpresso/tools/bin/../lib/gcc/arm-none-eabi/4.8.3/../../../../arm-none-eabi/lib/armv7e-m/softfp/libc.a(lib_a-dtoa.o)
                0x1a008980                _dtoa_r
 .text._localeconv_r
                0x1a0097b0        0x8 /usr/local/lpcxpresso_7.2.0_153/lpcxpresso/tools/bin/../lib/gcc/arm-none-eabi/4.8.3/../../../../arm-none-eabi/lib/armv7e-m/softfp/libc.a(lib_a-locale.o)
                0x1a0097b0                _localeconv_r
 .text._malloc_r
                0x1a0097b8      0x538 /usr/local/lpcxpresso_7.2.0_153/lpcxpresso/tools/bin/../lib/gcc/arm-none-eabi/4.8.3/../../../../arm-none-eabi/lib/armv7e-m/softfp/libc.a(lib_a-mallocr.o)
                0x1a0097b8                _malloc_r
 .text.memchr   0x1a009cf0       0x90 /usr/local/lpcxpresso_7.2.0_153/lpcxpresso/tools/bin/../lib/gcc/arm-none-eabi/4.8.3/../../../../arm-none-eabi/lib/armv7e-m/softfp/libc.a(lib_a-memchr-stub.o)
                0x1a009cf0                memchr
 .text.__malloc_lock
                0x1a009d80        0x4 /usr/local/lpcxpresso_7.2.0_153/lpcxpresso/tools/bin/../lib/gcc/arm-none-eabi/4.8.3/../../../../arm-none-eabi/lib/armv7e-m/softfp/libc.a(lib_a-mlock.o)
                0x1a009d80                __malloc_lock
 .text.__malloc_unlock
                0x1a009d84        0x4 /usr/local/lpcxpresso_7.2.0_153/lpcxpresso/tools/bin/../lib/gcc/arm-none-eabi/4.8.3/../../../../arm-none-eabi/lib/armv7e-m/softfp/libc.a(lib_a-mlock.o)
                0x1a009d84                __malloc_unlock
 .text._Balloc  0x1a009d88       0x4c /usr/local/lpcxpresso_7.2.0_153/lpcxpresso/tools/bin/../lib/gcc/arm-none-eabi/4.8.3/../../../../arm-none-eabi/lib/armv7e-m/softfp/libc.a(lib_a-mprec.o)
                0x1a009d88                _Balloc
 .text._Bfree   0x1a009dd4       0x14 /usr/local/lpcxpresso_7.2.0_153/lpcxpresso/tools/bin/../lib/gcc/arm-none-eabi/4.8.3/../../../../arm-none-eabi/lib/armv7e-m/softfp/libc.a(lib_a-mprec.o)
                0x1a009dd4                _Bfree
 .text.__multadd
                0x1a009de8       0x98 /usr/local/lpcxpresso_7.2.0_153/lpcxpresso/tools/bin/../lib/gcc/arm-none-eabi/4.8.3/../../../../arm-none-eabi/lib/armv7e-m/softfp/libc.a(lib_a-mprec.o)
                0x1a009de8                __multadd
 .text.__hi0bits
                0x1a009e80       0x40 /usr/local/lpcxpresso_7.2.0_153/lpcxpresso/tools/bin/../lib/gcc/arm-none-eabi/4.8.3/../../../../arm-none-eabi/lib/armv7e-m/softfp/libc.a(lib_a-mprec.o)
                0x1a009e80                __hi0bits
 .text.__lo0bits
                0x1a009ec0       0x5c /usr/local/lpcxpresso_7.2.0_153/lpcxpresso/tools/bin/../lib/gcc/arm-none-eabi/4.8.3/../../../../arm-none-eabi/lib/armv7e-m/softfp/libc.a(lib_a-mprec.o)
                0x1a009ec0                __lo0bits
 .text.__i2b    0x1a009f1c       0x14 /usr/local/lpcxpresso_7.2.0_153/lpcxpresso/tools/bin/../lib/gcc/arm-none-eabi/4.8.3/../../../../arm-none-eabi/lib/armv7e-m/softfp/libc.a(lib_a-mprec.o)
                0x1a009f1c                __i2b
 .text.__multiply
                0x1a009f30      0x13c /usr/local/lpcxpresso_7.2.0_153/lpcxpresso/tools/bin/../lib/gcc/arm-none-eabi/4.8.3/../../../../arm-none-eabi/lib/armv7e-m/softfp/libc.a(lib_a-mprec.o)
                0x1a009f30                __multiply
 .text.__pow5mult
                0x1a00a06c       0x9c /usr/local/lpcxpresso_7.2.0_153/lpcxpresso/tools/bin/../lib/gcc/arm-none-eabi/4.8.3/../../../../arm-none-eabi/lib/armv7e-m/softfp/libc.a(lib_a-mprec.o)
                0x1a00a06c                __pow5mult
 .text.__lshift
                0x1a00a108       0xbc /usr/local/lpcxpresso_7.2.0_153/lpcxpresso/tools/bin/../lib/gcc/arm-none-eabi/4.8.3/../../../../arm-none-eabi/lib/armv7e-m/softfp/libc.a(lib_a-mprec.o)
                0x1a00a108                __lshift
 .text.__mcmp   0x1a00a1c4       0x48 /usr/local/lpcxpresso_7.2.0_153/lpcxpresso/tools/bin/../lib/gcc/arm-none-eabi/4.8.3/../../../../arm-none-eabi/lib/armv7e-m/softfp/libc.a(lib_a-mprec.o)
                0x1a00a1c4                __mcmp
 .text.__mdiff  0x1a00a20c       0xd4 /usr/local/lpcxpresso_7.2.0_153/lpcxpresso/tools/bin/../lib/gcc/arm-none-eabi/4.8.3/../../../../arm-none-eabi/lib/armv7e-m/softfp/libc.a(lib_a-mprec.o)
                0x1a00a20c                __mdiff
 .text.__d2b    0x1a00a2e0       0xbc /usr/local/lpcxpresso_7.2.0_153/lpcxpresso/tools/bin/../lib/gcc/arm-none-eabi/4.8.3/../../../../arm-none-eabi/lib/armv7e-m/softfp/libc.a(lib_a-mprec.o)
                0x1a00a2e0                __d2b
 .text.__fpclassifyd
                0x1a00a39c       0x50 /usr/local/lpcxpresso_7.2.0_153/lpcxpresso/tools/bin/../lib/gcc/arm-none-eabi/4.8.3/../../../../arm-none-eabi/lib/armv7e-m/softfp/libc.a(lib_a-s_fpclassify.o)
                0x1a00a39c                __fpclassifyd
 .text._sbrk_r  0x1a00a3ec       0x24 /usr/local/lpcxpresso_7.2.0_153/lpcxpresso/tools/bin/../lib/gcc/arm-none-eabi/4.8.3/../../../../arm-none-eabi/lib/armv7e-m/softfp/libc.a(lib_a-sbrkr.o)
                0x1a00a3ec                _sbrk_r
 .text.strchr   0x1a00a410       0xf4 /usr/local/lpcxpresso_7.2.0_153/lpcxpresso/tools/bin/../lib/gcc/arm-none-eabi/4.8.3/../../../../arm-none-eabi/lib/armv7e-m/softfp/libc.a(lib_a-strchr.o)
                0x1a00a410                strchr
 .text.__ssprint_r
                0x1a00a504      0x100 /usr/local/lpcxpresso_7.2.0_153/lpcxpresso/tools/bin/../lib/gcc/arm-none-eabi/4.8.3/../../../../arm-none-eabi/lib/armv7e-m/softfp/libc.a(lib_a-svfiprintf.o)
                0x1a00a504                __ssprint_r
 .text._calloc_r
                0x1a00a604       0x60 /usr/local/lpcxpresso_7.2.0_153/lpcxpresso/tools/bin/../lib/gcc/arm-none-eabi/4.8.3/../../../../arm-none-eabi/lib/armv7e-m/softfp/libc.a(lib_a-callocr.o)
                0x1a00a604                _calloc_r
 .text._malloc_trim_r
                0x1a00a664       0x9c /usr/local/lpcxpresso_7.2.0_153/lpcxpresso/tools/bin/../lib/gcc/arm-none-eabi/4.8.3/../../../../arm-none-eabi/lib/armv7e-m/softfp/libc.a(lib_a-freer.o)
                0x1a00a664                _malloc_trim_r
 .text._free_r  0x1a00a700      0x19c /usr/local/lpcxpresso_7.2.0_153/lpcxpresso/tools/bin/../lib/gcc/arm-none-eabi/4.8.3/../../../../arm-none-eabi/lib/armv7e-m/softfp/libc.a(lib_a-freer.o)
                0x1a00a700                _free_r
 .text.memmove  0x1a00a89c       0xc0 /usr/local/lpcxpresso_7.2.0_153/lpcxpresso/tools/bin/../lib/gcc/arm-none-eabi/4.8.3/../../../../arm-none-eabi/lib/armv7e-m/softfp/libc.a(lib_a-memmove.o)
                0x1a00a89c                memmove
 .text._realloc_r
                0x1a00a95c      0x3cc /usr/local/lpcxpresso_7.2.0_153/lpcxpresso/tools/bin/../lib/gcc/arm-none-eabi/4.8.3/../../../../arm-none-eabi/lib/armv7e-m/softfp/libc.a(lib_a-reallocr.o)
                0x1a00a95c                _realloc_r
 .text._sbrk    0x1a00ad28       0x3c /usr/local/lpcxpresso_7.2.0_153/lpcxpresso/tools/bin/../lib/gcc/arm-none-eabi/4.8.3/../../../../arm-none-eabi/lib/armv7e-m/softfp/libcr_newlib_nohost.a(_cr_sbrk.o)
                0x1a00ad28                _sbrk
 .text.__check_heap_overflow
                0x1a00ad64       0x2c /usr/local/lpcxpresso_7.2.0_153/lpcxpresso/tools/bin/../lib/gcc/arm-none-eabi/4.8.3/../../../../arm-none-eabi/lib/armv7e-m/softfp/libcr_newlib_nohost.a(_cr_check_heap.o)
                0x1a00ad64                __check_heap_overflow
 .text          0x1a00ad90       0x50 /usr/local/lpcxpresso_7.2.0_153/lpcxpresso/tools/bin/../lib/gcc/arm-none-eabi/4.8.3/armv7e-m/softfp/libgcc.a(_arm_fixdfsi.o)
                0x1a00ad90                __fixdfsi
                0x1a00ad90                __aeabi_d2iz
 .text.__errno  0x1a00ade0        0xc /usr/local/lpcxpresso_7.2.0_153/lpcxpresso/tools/bin/../lib/gcc/arm-none-eabi/4.8.3/../../../../arm-none-eabi/lib/armv7e-m/softfp/libc.a(lib_a-errno.o)
                0x1a00ade0                __errno
 *(.rodata .rodata.* .constdata .constdata.*)
 .rodata.MyMAC  0x1a00adec        0x8 ./src/Emac/src/tcpip.o
                0x1a00adec                MyMAC
 .rodata.GetResponse
                0x1a00adf4       0x30 ./src/Emac/src/webserver.o
                0x1a00adf4                GetResponse
 .rodata.MyIP   0x1a00ae24        0x4 ./src/Emac/src/webserver.o
                0x1a00ae24                MyIP
 .rodata.SubnetMask
                0x1a00ae28        0x4 ./src/Emac/src/webserver.o
                0x1a00ae28                SubnetMask
 .rodata.GatewayIP
                0x1a00ae2c        0x4 ./src/Emac/src/webserver.o
                0x1a00ae2c                GatewayIP
 .rodata.WebSide
                0x1a00ae30     0x2d7c ./src/Emac/src/webserver.o
                0x1a00ae30                WebSide
 .rodata        0x1a00dbac       0x74 ./src/Emac/src/webserver.o
 .rodata        0x1a00dc20       0x20 ./src/database.o
 .rodata        0x1a00dc40       0x58 ./src/main.o
 .rodata.CGU_PERIPHERAL_Info
                0x1a00dc98      0x190 /home/pablo/Documents/CIAA-Repositories/EOPT/workspace/CMSIS_LPC43xx_DriverLib/Debug/libCMSIS_LPC43xx_DriverLib.a(lpc43xx_cgu.o)
                0x1a00dc98                CGU_PERIPHERAL_Info
 .rodata.CGU_Entity_ControlReg_Offset
                0x1a00de28       0x5c /home/pablo/Documents/CIAA-Repositories/EOPT/workspace/CMSIS_LPC43xx_DriverLib/Debug/libCMSIS_LPC43xx_DriverLib.a(lpc43xx_cgu.o)
                0x1a00de28                CGU_Entity_ControlReg_Offset
 .rodata.CGU_ConnectAlloc_Tbl
                0x1a00de84      0x300 /home/pablo/Documents/CIAA-Repositories/EOPT/workspace/CMSIS_LPC43xx_DriverLib/Debug/libCMSIS_LPC43xx_DriverLib.a(lpc43xx_cgu.o)
                0x1a00de84                CGU_ConnectAlloc_Tbl
 .rodata.USB_DeviceQualifier
                0x1a00e184        0xc /home/pablo/Dropbox/Privado/Electrónica/NXP/LPC43xx/workspace/LPC4330_Xplorer_UsbVcomLib/Debug/libLPC4330_Xplorer_UsbVcomLib.a(usbdesc.o)
                0x1a00e184                USB_DeviceQualifier
 .rodata.USB_FSConfigDescriptor
                0x1a00e190       0x44 /home/pablo/Dropbox/Privado/Electrónica/NXP/LPC43xx/workspace/LPC4330_Xplorer_UsbVcomLib/Debug/libLPC4330_Xplorer_UsbVcomLib.a(usbdesc.o)
                0x1a00e190                USB_FSConfigDescriptor
 .rodata.USB_HSOtherSpeedConfiguration
                0x1a00e1d4       0x44 /home/pablo/Dropbox/Privado/Electrónica/NXP/LPC43xx/workspace/LPC4330_Xplorer_UsbVcomLib/Debug/libLPC4330_Xplorer_UsbVcomLib.a(usbdesc.o)
                0x1a00e1d4                USB_HSOtherSpeedConfiguration
 .rodata.USB_FSOtherSpeedConfiguration
                0x1a00e218       0x44 /home/pablo/Dropbox/Privado/Electrónica/NXP/LPC43xx/workspace/LPC4330_Xplorer_UsbVcomLib/Debug/libLPC4330_Xplorer_UsbVcomLib.a(usbdesc.o)
                0x1a00e218                USB_FSOtherSpeedConfiguration
 .rodata.USB_StringDescriptor
                0x1a00e25c       0x70 /home/pablo/Dropbox/Privado/Electrónica/NXP/LPC43xx/workspace/LPC4330_Xplorer_UsbVcomLib/Debug/libLPC4330_Xplorer_UsbVcomLib.a(usbdesc.o)
                0x1a00e25c                USB_StringDescriptor
 .rodata.USB_HSConfigDescriptor
                0x1a00e2cc       0x44 /home/pablo/Dropbox/Privado/Electrónica/NXP/LPC43xx/workspace/LPC4330_Xplorer_UsbVcomLib/Debug/libLPC4330_Xplorer_UsbVcomLib.a(usbdesc.o)
                0x1a00e2cc                USB_HSConfigDescriptor
 .rodata.USB_DeviceDescriptor
                0x1a00e310       0x14 /home/pablo/Dropbox/Privado/Electrónica/NXP/LPC43xx/workspace/LPC4330_Xplorer_UsbVcomLib/Debug/libLPC4330_Xplorer_UsbVcomLib.a(usbdesc.o)
                0x1a00e310                USB_DeviceDescriptor
 .rodata.str1.4
                0x1a00e324        0x2 /usr/local/lpcxpresso_7.2.0_153/lpcxpresso/tools/bin/../lib/gcc/arm-none-eabi/4.8.3/../../../../arm-none-eabi/lib/armv7e-m/softfp/libc.a(lib_a-impure.o)
                                  0x4 (size before relaxing)
 *fill*         0x1a00e326        0x2 
 .rodata.zeroes.6760
                0x1a00e328       0x10 /usr/local/lpcxpresso_7.2.0_153/lpcxpresso/tools/bin/../lib/gcc/arm-none-eabi/4.8.3/../../../../arm-none-eabi/lib/armv7e-m/softfp/libc.a(lib_a-svfprintf.o)
 .rodata.str1.4
                0x1a00e338       0x42 /usr/local/lpcxpresso_7.2.0_153/lpcxpresso/tools/bin/../lib/gcc/arm-none-eabi/4.8.3/../../../../arm-none-eabi/lib/armv7e-m/softfp/libc.a(lib_a-svfprintf.o)
                                 0x44 (size before relaxing)
 *fill*         0x1a00e37a        0x2 
 .rodata.blanks.6759
                0x1a00e37c       0x10 /usr/local/lpcxpresso_7.2.0_153/lpcxpresso/tools/bin/../lib/gcc/arm-none-eabi/4.8.3/../../../../arm-none-eabi/lib/armv7e-m/softfp/libc.a(lib_a-svfprintf.o)
 .rodata.str1.4
                0x1a00e38c       0x10 /usr/local/lpcxpresso_7.2.0_153/lpcxpresso/tools/bin/../lib/gcc/arm-none-eabi/4.8.3/../../../../arm-none-eabi/lib/armv7e-m/softfp/libc.a(lib_a-dtoa.o)
                                 0x14 (size before relaxing)
 .rodata.str1.4
                0x1a00e39c        0xc /usr/local/lpcxpresso_7.2.0_153/lpcxpresso/tools/bin/../lib/gcc/arm-none-eabi/4.8.3/../../../../arm-none-eabi/lib/armv7e-m/softfp/libc.a(lib_a-locale.o)
                                 0x14 (size before relaxing)
 .rodata.__mprec_tens
                0x1a00e3a8       0xc8 /usr/local/lpcxpresso_7.2.0_153/lpcxpresso/tools/bin/../lib/gcc/arm-none-eabi/4.8.3/../../../../arm-none-eabi/lib/armv7e-m/softfp/libc.a(lib_a-mprec.o)
                0x1a00e3a8                __mprec_tens
 .rodata.__mprec_bigtens
                0x1a00e470       0x28 /usr/local/lpcxpresso_7.2.0_153/lpcxpresso/tools/bin/../lib/gcc/arm-none-eabi/4.8.3/../../../../arm-none-eabi/lib/armv7e-m/softfp/libc.a(lib_a-mprec.o)
                0x1a00e470                __mprec_bigtens
 .rodata.p05.5266
                0x1a00e498        0xc /usr/local/lpcxpresso_7.2.0_153/lpcxpresso/tools/bin/../lib/gcc/arm-none-eabi/4.8.3/../../../../arm-none-eabi/lib/armv7e-m/softfp/libc.a(lib_a-mprec.o)
                0x1a00e4a4                . = ALIGN (0x4)

.glue_7         0x1a00e4a4        0x0
 .glue_7        0x00000000        0x0 linker stubs

.glue_7t        0x1a00e4a4        0x0
 .glue_7t       0x00000000        0x0 linker stubs

.vfp11_veneer   0x1a00e4a4        0x0
 .vfp11_veneer  0x00000000        0x0 linker stubs

.v4_bx          0x1a00e4a4        0x0
 .v4_bx         0x00000000        0x0 linker stubs

.iplt           0x1a00e4a4        0x0
 .iplt          0x00000000        0x0 ./src/Emac/src/emac.o

.ARM.extab
 *(.ARM.extab* .gnu.linkonce.armextab.*)
                0x1a00e4a4                __exidx_start = .

.ARM.exidx      0x1a00e4a4        0x8
 *(.ARM.exidx* .gnu.linkonce.armexidx.*)
 .ARM.exidx     0x1a00e4a4        0x8 /usr/local/lpcxpresso_7.2.0_153/lpcxpresso/tools/bin/../lib/gcc/arm-none-eabi/4.8.3/armv7e-m/softfp/libgcc.a(_divdi3.o)
 .ARM.exidx     0x1a00e4ac        0x0 /usr/local/lpcxpresso_7.2.0_153/lpcxpresso/tools/bin/../lib/gcc/arm-none-eabi/4.8.3/armv7e-m/softfp/libgcc.a(_udivdi3.o)
                                  0x8 (size before relaxing)
                0x1a00e4ac                __exidx_end = .
                0x1a00e4ac                _etext = .

.data_RAM2      0x10080000      0x288 load address 0x1a00e4ac
 FILL mask 0xff
                0x10080000                __core_m0app_START__ = .
 *(.core_m0app)
 .core_m0app    0x10080000      0x288 /home/pablo/Documents/CIAA-Repositories/EOPT/workspace/CIAA-Demo-M0/Debug/CIAA-Demo-M0.axf.o
                0x10080288                __core_m0app_END__ = .
                0x00000001                ASSERT (! ((__core_m0app_START__ == __core_m0app_END__)), No slave code for _core_m0app)
                0x00000001                ASSERT ((ABSOLUTE (__core_m0app_START__) == __vectors_start___core_m0app), M0APP execute address differs from address provided in source image)
 *(.ramfunc.$RAM2)
 *(.ramfunc.$RamLoc40)
 *(.data.$RAM2*)
 *(.data.$RamLoc40*)
                0x10080288                . = ALIGN (0x4)

.rel.dyn        0x10080288        0x0 load address 0x1a00e734
 .rel.iplt      0x00000000        0x0 ./src/Emac/src/emac.o

.data_RAM3      0x20000000        0x0 load address 0x1a00e734
 FILL mask 0xff
 *(.ramfunc.$RAM3)
 *(.ramfunc.$RamAHB32)
 *(.data.$RAM3*)
 *(.data.$RamAHB32*)
                0x20000000                . = ALIGN (0x4)

.data_RAM4      0x20008000        0x0 load address 0x1a00e734
 FILL mask 0xff
 *(.ramfunc.$RAM4)
 *(.ramfunc.$RamAHB16)
 *(.data.$RAM4*)
 *(.data.$RamAHB16*)
                0x20008000                . = ALIGN (0x4)

.data_RAM5      0x2000c000        0x0 load address 0x1a00e734
 FILL mask 0xff
 *(.ramfunc.$RAM5)
 *(.ramfunc.$RamAHB_ETB16)
 *(.data.$RAM5*)
 *(.data.$RamAHB_ETB16*)
                0x2000c000                . = ALIGN (0x4)

.uninit_RESERVED
                0x10000000        0x0
 *(.bss.$RESERVED*)
                0x10000000                . = ALIGN (0x4)
                0x10000000                _end_uninit_RESERVED = .

.data           0x10000000      0x8d4 load address 0x1a00e734
 FILL mask 0xff
                0x10000000                _data = .
 *(vtable)
 *(.ramfunc*)
 *(.data*)
 .data.pTxIn    0x10000000        0x4 ./src/ciaaUART.o
                0x10000000                pTxIn
 .data.pTxOut   0x10000004        0x4 ./src/ciaaUART.o
                0x10000004                pTxOut
 .data.CGU_ClockSourceFrequency
                0x10000008       0x44 /home/pablo/Documents/CIAA-Repositories/EOPT/workspace/CMSIS_LPC43xx_DriverLib/Debug/libCMSIS_LPC43xx_DriverLib.a(lpc43xx_cgu.o)
                0x10000008                CGU_ClockSourceFrequency
 .data.SystemCoreClock
                0x1000004c        0x4 /home/pablo/Documents/CIAA-Repositories/EOPT/workspace/CMSIS_LPC43xx_DriverLib/Debug/libCMSIS_LPC43xx_DriverLib.a(system_LPC43xx.o)
                0x1000004c                SystemCoreClock
 .data.CDC_DepInEmpty
                0x10000050        0x2 /home/pablo/Dropbox/Privado/Electrónica/NXP/LPC43xx/workspace/LPC4330_Xplorer_UsbVcomLib/Debug/libLPC4330_Xplorer_UsbVcomLib.a(cdcuser.o)
                0x10000050                CDC_DepInEmpty
 *fill*         0x10000052        0x2 
 .data.CDC_LineCoding
                0x10000054        0x8 /home/pablo/Dropbox/Privado/Electrónica/NXP/LPC43xx/workspace/LPC4330_Xplorer_UsbVcomLib/Debug/libLPC4330_Xplorer_UsbVcomLib.a(cdcuser.o)
                0x10000054                CDC_LineCoding
 *fill*         0x1000005c        0x4 
 .data.impure_data
                0x10000060      0x428 /usr/local/lpcxpresso_7.2.0_153/lpcxpresso/tools/bin/../lib/gcc/arm-none-eabi/4.8.3/../../../../arm-none-eabi/lib/armv7e-m/softfp/libc.a(lib_a-impure.o)
 .data._impure_ptr
                0x10000488        0x4 /usr/local/lpcxpresso_7.2.0_153/lpcxpresso/tools/bin/../lib/gcc/arm-none-eabi/4.8.3/../../../../arm-none-eabi/lib/armv7e-m/softfp/libc.a(lib_a-impure.o)
                0x10000488                _impure_ptr
 .data.lconv    0x1000048c       0x38 /usr/local/lpcxpresso_7.2.0_153/lpcxpresso/tools/bin/../lib/gcc/arm-none-eabi/4.8.3/../../../../arm-none-eabi/lib/armv7e-m/softfp/libc.a(lib_a-locale.o)
 .data.__malloc_av_
                0x100004c4      0x408 /usr/local/lpcxpresso_7.2.0_153/lpcxpresso/tools/bin/../lib/gcc/arm-none-eabi/4.8.3/../../../../arm-none-eabi/lib/armv7e-m/softfp/libc.a(lib_a-mallocr.o)
                0x100004c4                __malloc_av_
 .data.__malloc_trim_threshold
                0x100008cc        0x4 /usr/local/lpcxpresso_7.2.0_153/lpcxpresso/tools/bin/../lib/gcc/arm-none-eabi/4.8.3/../../../../arm-none-eabi/lib/armv7e-m/softfp/libc.a(lib_a-mallocr.o)
                0x100008cc                __malloc_trim_threshold
 .data.__malloc_sbrk_base
                0x100008d0        0x4 /usr/local/lpcxpresso_7.2.0_153/lpcxpresso/tools/bin/../lib/gcc/arm-none-eabi/4.8.3/../../../../arm-none-eabi/lib/armv7e-m/softfp/libc.a(lib_a-mallocr.o)
                0x100008d0                __malloc_sbrk_base
                0x100008d4                . = ALIGN (0x4)
                0x100008d4                _edata = .

.igot.plt       0x100008d4        0x0 load address 0x1a00f008
 .igot.plt      0x00000000        0x0 ./src/Emac/src/emac.o

.bss_RAM2       0x10080288        0x0
 *(.bss.$RAM2*)
 *(.bss.$RamLoc40*)
                0x10080288                . = ALIGN (0x4)

.bss_RAM3       0x20000000        0x0
 *(.bss.$RAM3*)
 *(.bss.$RamAHB32*)
                0x20000000                . = ALIGN (0x4)

.bss_RAM4       0x20008000        0x0
 *(.bss.$RAM4*)
 *(.bss.$RamAHB16*)
                0x20008000                . = ALIGN (0x4)

.bss_RAM5       0x2000c000        0x0
 *(.bss.$RAM5*)
 *(.bss.$RamAHB_ETB16*)
                0x2000c000                . = ALIGN (0x4)

.bss            0x10001000     0x1b48
                0x10001000                _bss = .
 *(.bss*)
 .bss.rptr      0x10001000        0x4 ./src/Emac/src/emac.o
 .bss.tptr      0x10001004        0x4 ./src/Emac/src/emac.o
 .bss.TxDescIndex
                0x10001008        0x4 ./src/Emac/src/emac.o
 .bss.RxDescIndex
                0x1000100c        0x4 ./src/Emac/src/emac.o
 .bss.sendPage.7693
                0x10001010        0x1 ./src/Emac/src/webserver.o
 *fill*         0x10001011        0x3 
 .bss.uartRxDataCount
                0x10001014        0x4 ./src/ciaaUART.o
                0x10001014                uartRxDataCount
 .bss.registro_count
                0x10001018        0x4 ./src/database.o
                0x10001018                registro_count
 .bss.TimeTick.7810
                0x1000101c        0x4 ./src/main.o
 .bss.expectedPLL0AudioFreq
                0x10001020        0x4 /home/pablo/Documents/CIAA-Repositories/EOPT/workspace/CMSIS_LPC43xx_DriverLib/Debug/libCMSIS_LPC43xx_DriverLib.a(lpc43xx_cgu.o)
                0x10001020                expectedPLL0AudioFreq
 .bss.expectedPLL0Freq
                0x10001024        0x4 /home/pablo/Documents/CIAA-Repositories/EOPT/workspace/CMSIS_LPC43xx_DriverLib/Debug/libCMSIS_LPC43xx_DriverLib.a(lpc43xx_cgu.o)
                0x10001024                expectedPLL0Freq
 .bss.I2C_MasterComplete
                0x10001028        0xc /home/pablo/Documents/CIAA-Repositories/EOPT/workspace/CMSIS_LPC43xx_DriverLib/Debug/libCMSIS_LPC43xx_DriverLib.a(lpc43xx_i2c.o)
 .bss.i2cdat    0x10001034       0x18 /home/pablo/Documents/CIAA-Repositories/EOPT/workspace/CMSIS_LPC43xx_DriverLib/Debug/libCMSIS_LPC43xx_DriverLib.a(lpc43xx_i2c.o)
 .bss.CDC_SerialState
                0x1000104c        0x2 /home/pablo/Dropbox/Privado/Electrónica/NXP/LPC43xx/workspace/LPC4330_Xplorer_UsbVcomLib/Debug/libLPC4330_Xplorer_UsbVcomLib.a(cdcuser.o)
                0x1000104c                CDC_SerialState
 *fill*         0x1000104e        0x2 
 .bss.ep_read_len
                0x10001050       0x10 /home/pablo/Dropbox/Privado/Electrónica/NXP/LPC43xx/workspace/LPC4330_Xplorer_UsbVcomLib/Debug/libLPC4330_Xplorer_UsbVcomLib.a(usbhw.o)
 .bss.DevStatusFS2HS
                0x10001060        0x4 /home/pablo/Dropbox/Privado/Electrónica/NXP/LPC43xx/workspace/LPC4330_Xplorer_UsbVcomLib/Debug/libLPC4330_Xplorer_UsbVcomLib.a(usbhw.o)
                0x10001060                DevStatusFS2HS
 .bss.serialState.6239
                0x10001064        0x2 /home/pablo/Dropbox/Privado/Electrónica/NXP/LPC43xx/workspace/LPC4330_Xplorer_UsbVcomLib/Debug/libLPC4330_Xplorer_UsbVcomLib.a(usbuser.o)
 *fill*         0x10001066        0x2 
 .bss.__malloc_max_total_mem
                0x10001068        0x4 /usr/local/lpcxpresso_7.2.0_153/lpcxpresso/tools/bin/../lib/gcc/arm-none-eabi/4.8.3/../../../../arm-none-eabi/lib/armv7e-m/softfp/libc.a(lib_a-mallocr.o)
                0x10001068                __malloc_max_total_mem
 .bss.__malloc_max_sbrked_mem
                0x1000106c        0x4 /usr/local/lpcxpresso_7.2.0_153/lpcxpresso/tools/bin/../lib/gcc/arm-none-eabi/4.8.3/../../../../arm-none-eabi/lib/armv7e-m/softfp/libc.a(lib_a-mallocr.o)
                0x1000106c                __malloc_max_sbrked_mem
 .bss.__malloc_top_pad
                0x10001070        0x4 /usr/local/lpcxpresso_7.2.0_153/lpcxpresso/tools/bin/../lib/gcc/arm-none-eabi/4.8.3/../../../../arm-none-eabi/lib/armv7e-m/softfp/libc.a(lib_a-mallocr.o)
                0x10001070                __malloc_top_pad
 .bss.__malloc_current_mallinfo
                0x10001074       0x28 /usr/local/lpcxpresso_7.2.0_153/lpcxpresso/tools/bin/../lib/gcc/arm-none-eabi/4.8.3/../../../../arm-none-eabi/lib/armv7e-m/softfp/libc.a(lib_a-mallocr.o)
                0x10001074                __malloc_current_mallinfo
 *(COMMON)
 COMMON         0x1000109c      0x902 ./src/Emac/src/webserver.o
                0x1000109c                TCPTimer
                0x100010a0                HTTPBytesToSend
                0x100010a4                _db_dec
                0x100010a8                TCPRxDataCount
                0x100010ac                _db_dec_32
                0x100010b0                _db_hex_32
                0x100010b4                _db_dec_16
                0x100010b8                HTTPStatus
                0x100010ba                TCPTxDataCount
                0x100010bc                RecdFrameIP
                0x100010c0                RemoteMAC
                0x100010c6                TCPStateMachine
                0x100010c8                TCPUNASeqNr
                0x100010cc                TCPLocalPort
                0x100010d0                _RxTCPBuffer
                0x100014d0                _db_msg
                0x100014d4                TCPFlags
                0x100014d8                RecdFrameMAC
                0x100014e0                _db_get_char
                0x100014e4                _db_msg_
                0x100014e8                RecdIPFrameLength
                0x100014ec                _db_char
                0x100014f0                PWebSide
                0x100014f4                RemoteIP
                0x100014f8                _db_hex
                0x100014fc                LastFrameSent
                0x100014fe                TCPRemotePort
                0x10001500                TxFrame2Size
                0x10001504                TCPAckNr
                0x10001508                TransmitControl
                0x1000150a                TxFrame1Size
                0x1000150c                ISNGenHigh
                0x10001510                _TxFrame2
                0x1000155a                RecdFrameLength
                0x1000155c                _db_hex_16
                0x10001560                _TxFrame1
                0x10001998                TCPSeqNr
                0x1000199c                RetryCounter
                0x1000199d                SocketStatus
 *fill*         0x1000199e        0x2 
 COMMON         0x100019a0        0x8 ./src/ciaaAIN.o
                0x100019a0                current_in
 COMMON         0x100019a8      0x800 ./src/ciaaUART.o
                0x100019a8                uartRxBuf
                0x10001da8                uartTxBuf
 COMMON         0x100021a8      0x15e ./src/database.o
                0x100021a8                registro
                0x100022fc                currentUID
 *fill*         0x10002306        0x2 
 COMMON         0x10002308        0x8 ./src/main.o
                0x10002308                msec
                0x1000230c                wiegandTimeout
 COMMON         0x10002310       0xd4 /home/pablo/Dropbox/Privado/Electrónica/NXP/LPC43xx/workspace/LPC4330_Xplorer_UsbVcomLib/Debug/libLPC4330_Xplorer_UsbVcomLib.a(cdcuser.o)
                0x10002310                BulkBufOut
                0x10002350                NotificationBuf
                0x1000235c                BulkBufIn
                0x1000239c                CDC_OutBuf
 COMMON         0x100023e4      0x118 /home/pablo/Dropbox/Privado/Electrónica/NXP/LPC43xx/workspace/LPC4330_Xplorer_UsbVcomLib/Debug/libLPC4330_Xplorer_UsbVcomLib.a(serial.o)
                0x100023e4                ser_in
                0x1000246c                ser_txRestart
                0x10002470                ser_lineState
                0x10002474                ser_out
 COMMON         0x100024fc       0x6e /home/pablo/Dropbox/Privado/Electrónica/NXP/LPC43xx/workspace/LPC4330_Xplorer_UsbVcomLib/Debug/libLPC4330_Xplorer_UsbVcomLib.a(usbcore.o)
                0x100024fc                USB_AltSetting
                0x10002500                EP0Buf
                0x10002540                USB_EndPointMask
                0x10002544                USB_DeviceAddress
                0x10002548                USB_EndPointStall
                0x1000254c                USB_EndPointHalt
                0x10002550                USB_Configuration
                0x10002554                SetupPacket
                0x1000255c                USB_NumInterfaces
                0x10002560                EP0Data
                0x10002568                USB_DeviceStatus
 *fill*         0x1000256a      0x296 
 COMMON         0x10002800      0x340 /home/pablo/Dropbox/Privado/Electrónica/NXP/LPC43xx/workspace/LPC4330_Xplorer_UsbVcomLib/Debug/libLPC4330_Xplorer_UsbVcomLib.a(usbhw.o)
                0x10002800                ep_QH
                0x10002a00                g_drv
                0x10002a40                ep_TD
 COMMON         0x10002b40        0x4 /usr/local/lpcxpresso_7.2.0_153/lpcxpresso/tools/bin/../lib/gcc/arm-none-eabi/4.8.3/../../../../arm-none-eabi/lib/armv7e-m/softfp/libc.a(lib_a-reent.o)
                0x10002b40                errno
 COMMON         0x10002b44        0x4 /usr/local/lpcxpresso_7.2.0_153/lpcxpresso/tools/bin/../lib/gcc/arm-none-eabi/4.8.3/../../../../arm-none-eabi/lib/armv7e-m/softfp/libcr_newlib_nohost.a(_cr_sbrk.o)
                0x10002b44                __end_of_heap
                0x10002b48                . = ALIGN (0x4)
                0x10002b48                _ebss = .
                0x10002b48                PROVIDE (end, .)

.noinit_RAM2    0x10080288        0x0
 *(.noinit.$RAM2*)
 *(.noinit.$RamLoc40*)
                0x10080288                . = ALIGN (0x4)

.noinit_RAM3    0x20000000        0x0
 *(.noinit.$RAM3*)
 *(.noinit.$RamAHB32*)
                0x20000000                . = ALIGN (0x4)

.noinit_RAM4    0x20008000        0x0
 *(.noinit.$RAM4*)
 *(.noinit.$RamAHB16*)
                0x20008000                . = ALIGN (0x4)

.noinit_RAM5    0x2000c000        0x0
 *(.noinit.$RAM5*)
 *(.noinit.$RamAHB_ETB16*)
                0x2000c000                . = ALIGN (0x4)

.noinit         0x10002b48        0x0
                0x10002b48                _noinit = .
 *(.noinit*)
                0x10002b48                . = ALIGN (0x4)
                0x10002b48                _end_noinit = .
                0x10002b48                PROVIDE (_pvHeapStart, .)
                0x10008000                PROVIDE (_vStackTop, (__top_RamLoc32 - 0x0))
OUTPUT(CIAA-Demo.axf elf32-littlearm)

.debug_info     0x00000000    0x10d4f
 .debug_info    0x00000000      0xd5b ./src/Emac/src/emac.o
 .debug_info    0x00000d5b      0x69f ./src/Emac/src/tcpip.o
 .debug_info    0x000013fa     0x115f ./src/Emac/src/webserver.o
 .debug_info    0x00002559      0x639 ./src/ciaaAIN.o
 .debug_info    0x00002b92      0x19e ./src/ciaaAOUT.o
 .debug_info    0x00002d30      0x37b ./src/ciaaI2C.o
 .debug_info    0x000030ab      0x140 ./src/ciaaIO.o
 .debug_info    0x000031eb      0x8db ./src/ciaaUART.o
 .debug_info    0x00003ac6      0x159 ./src/cr_start_m0.o
 .debug_info    0x00003c1f      0x2e6 ./src/cr_startup_lpc43xx.o
 .debug_info    0x00003f05       0x3f ./src/crp.o
 .debug_info    0x00003f44      0x2b8 ./src/database.o
 .debug_info    0x000041fc      0xbcb ./src/main.o
 .debug_info    0x00004dc7      0x628 /home/pablo/Documents/CIAA-Repositories/EOPT/workspace/CMSIS_LPC43xx_DriverLib/Debug/libCMSIS_LPC43xx_DriverLib.a(lpc43xx_adc.o)
 .debug_info    0x000053ef     0x1e4e /home/pablo/Documents/CIAA-Repositories/EOPT/workspace/CMSIS_LPC43xx_DriverLib/Debug/libCMSIS_LPC43xx_DriverLib.a(lpc43xx_cgu.o)
 .debug_info    0x0000723d      0x3ac /home/pablo/Documents/CIAA-Repositories/EOPT/workspace/CMSIS_LPC43xx_DriverLib/Debug/libCMSIS_LPC43xx_DriverLib.a(lpc43xx_dac.o)
 .debug_info    0x000075e9      0x4d7 /home/pablo/Documents/CIAA-Repositories/EOPT/workspace/CMSIS_LPC43xx_DriverLib/Debug/libCMSIS_LPC43xx_DriverLib.a(lpc43xx_gpio.o)
 .debug_info    0x00007ac0     0x1fa3 /home/pablo/Documents/CIAA-Repositories/EOPT/workspace/CMSIS_LPC43xx_DriverLib/Debug/libCMSIS_LPC43xx_DriverLib.a(lpc43xx_i2c.o)
 .debug_info    0x00009a63      0x6d9 /home/pablo/Documents/CIAA-Repositories/EOPT/workspace/CMSIS_LPC43xx_DriverLib/Debug/libCMSIS_LPC43xx_DriverLib.a(lpc43xx_rgu.o)
 .debug_info    0x0000a13c      0x3c1 /home/pablo/Documents/CIAA-Repositories/EOPT/workspace/CMSIS_LPC43xx_DriverLib/Debug/libCMSIS_LPC43xx_DriverLib.a(lpc43xx_rit.o)
 .debug_info    0x0000a4fd      0x134 /home/pablo/Documents/CIAA-Repositories/EOPT/workspace/CMSIS_LPC43xx_DriverLib/Debug/libCMSIS_LPC43xx_DriverLib.a(lpc43xx_scu.o)
 .debug_info    0x0000a631     0x141b /home/pablo/Documents/CIAA-Repositories/EOPT/workspace/CMSIS_LPC43xx_DriverLib/Debug/libCMSIS_LPC43xx_DriverLib.a(lpc43xx_uart.o)
 .debug_info    0x0000ba4c      0x581 /home/pablo/Documents/CIAA-Repositories/EOPT/workspace/CMSIS_LPC43xx_DriverLib/Debug/libCMSIS_LPC43xx_DriverLib.a(system_LPC43xx.o)
 .debug_info    0x0000bfcd      0x526 /home/pablo/Dropbox/Privado/Electrónica/NXP/LPC43xx/workspace/LPC4330_Xplorer_UsbVcomLib/Debug/libLPC4330_Xplorer_UsbVcomLib.a(vcomdemo.o)
 .debug_info    0x0000c4f3      0x706 /home/pablo/Dropbox/Privado/Electrónica/NXP/LPC43xx/workspace/LPC4330_Xplorer_UsbVcomLib/Debug/libLPC4330_Xplorer_UsbVcomLib.a(cdcuser.o)
 .debug_info    0x0000cbf9     0x12e9 /home/pablo/Dropbox/Privado/Electrónica/NXP/LPC43xx/workspace/LPC4330_Xplorer_UsbVcomLib/Debug/libLPC4330_Xplorer_UsbVcomLib.a(serial.o)
 .debug_info    0x0000dee2     0x11f8 /home/pablo/Dropbox/Privado/Electrónica/NXP/LPC43xx/workspace/LPC4330_Xplorer_UsbVcomLib/Debug/libLPC4330_Xplorer_UsbVcomLib.a(usbcore.o)
 .debug_info    0x0000f0da      0x190 /home/pablo/Dropbox/Privado/Electrónica/NXP/LPC43xx/workspace/LPC4330_Xplorer_UsbVcomLib/Debug/libLPC4330_Xplorer_UsbVcomLib.a(usbdesc.o)
 .debug_info    0x0000f26a     0x168d /home/pablo/Dropbox/Privado/Electrónica/NXP/LPC43xx/workspace/LPC4330_Xplorer_UsbVcomLib/Debug/libLPC4330_Xplorer_UsbVcomLib.a(usbhw.o)
 .debug_info    0x000108f7      0x2a9 /home/pablo/Dropbox/Privado/Electrónica/NXP/LPC43xx/workspace/LPC4330_Xplorer_UsbVcomLib/Debug/libLPC4330_Xplorer_UsbVcomLib.a(usbuser.o)
 .debug_info    0x00010ba0      0x12d /usr/local/lpcxpresso_7.2.0_153/lpcxpresso/tools/bin/../lib/gcc/arm-none-eabi/4.8.3/../../../../arm-none-eabi/lib/armv7e-m/softfp/libcr_newlib_nohost.a(_cr_sbrk.o)
 .debug_info    0x00010ccd       0x82 /usr/local/lpcxpresso_7.2.0_153/lpcxpresso/tools/bin/../lib/gcc/arm-none-eabi/4.8.3/../../../../arm-none-eabi/lib/armv7e-m/softfp/libcr_newlib_nohost.a(_cr_check_heap.o)

.debug_abbrev   0x00000000     0x3338
 .debug_abbrev  0x00000000      0x221 ./src/Emac/src/emac.o
 .debug_abbrev  0x00000221      0x1e8 ./src/Emac/src/tcpip.o
 .debug_abbrev  0x00000409      0x279 ./src/Emac/src/webserver.o
 .debug_abbrev  0x00000682      0x171 ./src/ciaaAIN.o
 .debug_abbrev  0x000007f3       0xde ./src/ciaaAOUT.o
 .debug_abbrev  0x000008d1      0x146 ./src/ciaaI2C.o
 .debug_abbrev  0x00000a17       0xb1 ./src/ciaaIO.o
 .debug_abbrev  0x00000ac8      0x1c4 ./src/ciaaUART.o
 .debug_abbrev  0x00000c8c       0x9a ./src/cr_start_m0.o
 .debug_abbrev  0x00000d26      0x13a ./src/cr_startup_lpc43xx.o
 .debug_abbrev  0x00000e60       0x36 ./src/crp.o
 .debug_abbrev  0x00000e96      0x142 ./src/database.o
 .debug_abbrev  0x00000fd8      0x233 ./src/main.o
 .debug_abbrev  0x0000120b      0x199 /home/pablo/Documents/CIAA-Repositories/EOPT/workspace/CMSIS_LPC43xx_DriverLib/Debug/libCMSIS_LPC43xx_DriverLib.a(lpc43xx_adc.o)
 .debug_abbrev  0x000013a4      0x29c /home/pablo/Documents/CIAA-Repositories/EOPT/workspace/CMSIS_LPC43xx_DriverLib/Debug/libCMSIS_LPC43xx_DriverLib.a(lpc43xx_cgu.o)
 .debug_abbrev  0x00001640      0x14a /home/pablo/Documents/CIAA-Repositories/EOPT/workspace/CMSIS_LPC43xx_DriverLib/Debug/libCMSIS_LPC43xx_DriverLib.a(lpc43xx_dac.o)
 .debug_abbrev  0x0000178a      0x169 /home/pablo/Documents/CIAA-Repositories/EOPT/workspace/CMSIS_LPC43xx_DriverLib/Debug/libCMSIS_LPC43xx_DriverLib.a(lpc43xx_gpio.o)
 .debug_abbrev  0x000018f3      0x31d /home/pablo/Documents/CIAA-Repositories/EOPT/workspace/CMSIS_LPC43xx_DriverLib/Debug/libCMSIS_LPC43xx_DriverLib.a(lpc43xx_i2c.o)
 .debug_abbrev  0x00001c10      0x11c /home/pablo/Documents/CIAA-Repositories/EOPT/workspace/CMSIS_LPC43xx_DriverLib/Debug/libCMSIS_LPC43xx_DriverLib.a(lpc43xx_rgu.o)
 .debug_abbrev  0x00001d2c      0x137 /home/pablo/Documents/CIAA-Repositories/EOPT/workspace/CMSIS_LPC43xx_DriverLib/Debug/libCMSIS_LPC43xx_DriverLib.a(lpc43xx_rit.o)
 .debug_abbrev  0x00001e63       0xb1 /home/pablo/Documents/CIAA-Repositories/EOPT/workspace/CMSIS_LPC43xx_DriverLib/Debug/libCMSIS_LPC43xx_DriverLib.a(lpc43xx_scu.o)
 .debug_abbrev  0x00001f14      0x23f /home/pablo/Documents/CIAA-Repositories/EOPT/workspace/CMSIS_LPC43xx_DriverLib/Debug/libCMSIS_LPC43xx_DriverLib.a(lpc43xx_uart.o)
 .debug_abbrev  0x00002153      0x13c /home/pablo/Documents/CIAA-Repositories/EOPT/workspace/CMSIS_LPC43xx_DriverLib/Debug/libCMSIS_LPC43xx_DriverLib.a(system_LPC43xx.o)
 .debug_abbrev  0x0000228f      0x1a3 /home/pablo/Dropbox/Privado/Electrónica/NXP/LPC43xx/workspace/LPC4330_Xplorer_UsbVcomLib/Debug/libLPC4330_Xplorer_UsbVcomLib.a(vcomdemo.o)
 .debug_abbrev  0x00002432      0x232 /home/pablo/Dropbox/Privado/Electrónica/NXP/LPC43xx/workspace/LPC4330_Xplorer_UsbVcomLib/Debug/libLPC4330_Xplorer_UsbVcomLib.a(cdcuser.o)
 .debug_abbrev  0x00002664      0x2b1 /home/pablo/Dropbox/Privado/Electrónica/NXP/LPC43xx/workspace/LPC4330_Xplorer_UsbVcomLib/Debug/libLPC4330_Xplorer_UsbVcomLib.a(serial.o)
 .debug_abbrev  0x00002915      0x357 /home/pablo/Dropbox/Privado/Electrónica/NXP/LPC43xx/workspace/LPC4330_Xplorer_UsbVcomLib/Debug/libLPC4330_Xplorer_UsbVcomLib.a(usbcore.o)
 .debug_abbrev  0x00002c6c       0x89 /home/pablo/Dropbox/Privado/Electrónica/NXP/LPC43xx/workspace/LPC4330_Xplorer_UsbVcomLib/Debug/libLPC4330_Xplorer_UsbVcomLib.a(usbdesc.o)
 .debug_abbrev  0x00002cf5      0x397 /home/pablo/Dropbox/Privado/Electrónica/NXP/LPC43xx/workspace/LPC4330_Xplorer_UsbVcomLib/Debug/libLPC4330_Xplorer_UsbVcomLib.a(usbhw.o)
 .debug_abbrev  0x0000308c      0x143 /home/pablo/Dropbox/Privado/Electrónica/NXP/LPC43xx/workspace/LPC4330_Xplorer_UsbVcomLib/Debug/libLPC4330_Xplorer_UsbVcomLib.a(usbuser.o)
 .debug_abbrev  0x000031cf       0xf6 /usr/local/lpcxpresso_7.2.0_153/lpcxpresso/tools/bin/../lib/gcc/arm-none-eabi/4.8.3/../../../../arm-none-eabi/lib/armv7e-m/softfp/libcr_newlib_nohost.a(_cr_sbrk.o)
 .debug_abbrev  0x000032c5       0x73 /usr/local/lpcxpresso_7.2.0_153/lpcxpresso/tools/bin/../lib/gcc/arm-none-eabi/4.8.3/../../../../arm-none-eabi/lib/armv7e-m/softfp/libcr_newlib_nohost.a(_cr_check_heap.o)

.debug_aranges  0x00000000      0xbf8
 .debug_aranges
                0x00000000       0x98 ./src/Emac/src/emac.o
 .debug_aranges
                0x00000098      0x108 ./src/Emac/src/tcpip.o
 .debug_aranges
                0x000001a0       0x38 ./src/Emac/src/webserver.o
 .debug_aranges
                0x000001d8       0x38 ./src/ciaaAIN.o
 .debug_aranges
                0x00000210       0x28 ./src/ciaaAOUT.o
 .debug_aranges
                0x00000238       0x30 ./src/ciaaI2C.o
 .debug_aranges
                0x00000268       0x30 ./src/ciaaIO.o
 .debug_aranges
                0x00000298       0x40 ./src/ciaaUART.o
 .debug_aranges
                0x000002d8       0x30 ./src/cr_start_m0.o
 .debug_aranges
                0x00000308       0x80 ./src/cr_startup_lpc43xx.o
 .debug_aranges
                0x00000388       0x18 ./src/crp.o
 .debug_aranges
                0x000003a0       0x40 ./src/database.o
 .debug_aranges
                0x000003e0       0x80 ./src/main.o
 .debug_aranges
                0x00000460       0x78 /home/pablo/Documents/CIAA-Repositories/EOPT/workspace/CMSIS_LPC43xx_DriverLib/Debug/libCMSIS_LPC43xx_DriverLib.a(lpc43xx_adc.o)
 .debug_aranges
                0x000004d8       0xb8 /home/pablo/Documents/CIAA-Repositories/EOPT/workspace/CMSIS_LPC43xx_DriverLib/Debug/libCMSIS_LPC43xx_DriverLib.a(lpc43xx_cgu.o)
 .debug_aranges
                0x00000590       0x40 /home/pablo/Documents/CIAA-Repositories/EOPT/workspace/CMSIS_LPC43xx_DriverLib/Debug/libCMSIS_LPC43xx_DriverLib.a(lpc43xx_dac.o)
 .debug_aranges
                0x000005d0       0x60 /home/pablo/Documents/CIAA-Repositories/EOPT/workspace/CMSIS_LPC43xx_DriverLib/Debug/libCMSIS_LPC43xx_DriverLib.a(lpc43xx_gpio.o)
 .debug_aranges
                0x00000630       0xb8 /home/pablo/Documents/CIAA-Repositories/EOPT/workspace/CMSIS_LPC43xx_DriverLib/Debug/libCMSIS_LPC43xx_DriverLib.a(lpc43xx_i2c.o)
 .debug_aranges
                0x000006e8       0x30 /home/pablo/Documents/CIAA-Repositories/EOPT/workspace/CMSIS_LPC43xx_DriverLib/Debug/libCMSIS_LPC43xx_DriverLib.a(lpc43xx_rgu.o)
 .debug_aranges
                0x00000718       0x48 /home/pablo/Documents/CIAA-Repositories/EOPT/workspace/CMSIS_LPC43xx_DriverLib/Debug/libCMSIS_LPC43xx_DriverLib.a(lpc43xx_rit.o)
 .debug_aranges
                0x00000760       0x20 /home/pablo/Documents/CIAA-Repositories/EOPT/workspace/CMSIS_LPC43xx_DriverLib/Debug/libCMSIS_LPC43xx_DriverLib.a(lpc43xx_scu.o)
 .debug_aranges
                0x00000780       0xf0 /home/pablo/Documents/CIAA-Repositories/EOPT/workspace/CMSIS_LPC43xx_DriverLib/Debug/libCMSIS_LPC43xx_DriverLib.a(lpc43xx_uart.o)
 .debug_aranges
                0x00000870       0x20 /home/pablo/Documents/CIAA-Repositories/EOPT/workspace/CMSIS_LPC43xx_DriverLib/Debug/libCMSIS_LPC43xx_DriverLib.a(system_LPC43xx.o)
 .debug_aranges
                0x00000890       0x40 /home/pablo/Dropbox/Privado/Electrónica/NXP/LPC43xx/workspace/LPC4330_Xplorer_UsbVcomLib/Debug/libLPC4330_Xplorer_UsbVcomLib.a(vcomdemo.o)
 .debug_aranges
                0x000008d0       0xa8 /home/pablo/Dropbox/Privado/Electrónica/NXP/LPC43xx/workspace/LPC4330_Xplorer_UsbVcomLib/Debug/libLPC4330_Xplorer_UsbVcomLib.a(cdcuser.o)
 .debug_aranges