Archive member included because of file (symbol)

/home/pablo/Documents/CIAA-Repositories/EOPT/workspace/CMSIS_LPC43xx_DriverLib/Debug/libCMSIS_LPC43xx_DriverLib.a(lpc43xx_adc.o)
                              ./src/ciaaAIN.o (ADC_Init)
/home/pablo/Documents/CIAA-Repositories/EOPT/workspace/CMSIS_LPC43xx_DriverLib/Debug/libCMSIS_LPC43xx_DriverLib.a(lpc43xx_cgu.o)
                              ./src/main.o (CGU_GetPCLKFrequency)
/home/pablo/Documents/CIAA-Repositories/EOPT/workspace/CMSIS_LPC43xx_DriverLib/Debug/libCMSIS_LPC43xx_DriverLib.a(lpc43xx_dac.o)
                              ./src/ciaaAOUT.o (DAC_UpdateValue)
/home/pablo/Documents/CIAA-Repositories/EOPT/workspace/CMSIS_LPC43xx_DriverLib/Debug/libCMSIS_LPC43xx_DriverLib.a(lpc43xx_gpio.o)
                              ./src/ciaaIO.o (GPIO_SetDir)
/home/pablo/Documents/CIAA-Repositories/EOPT/workspace/CMSIS_LPC43xx_DriverLib/Debug/libCMSIS_LPC43xx_DriverLib.a(lpc43xx_i2c.o)
                              ./src/ciaaI2C.o (I2C_Init)
/home/pablo/Documents/CIAA-Repositories/EOPT/workspace/CMSIS_LPC43xx_DriverLib/Debug/libCMSIS_LPC43xx_DriverLib.a(lpc43xx_rgu.o)
                              ./src/Emac/src/emac.o (RGU_SoftReset)
/home/pablo/Documents/CIAA-Repositories/EOPT/workspace/CMSIS_LPC43xx_DriverLib/Debug/libCMSIS_LPC43xx_DriverLib.a(lpc43xx_rit.o)
                              ./src/main.o (RIT_Init)
/home/pablo/Documents/CIAA-Repositories/EOPT/workspace/CMSIS_LPC43xx_DriverLib/Debug/libCMSIS_LPC43xx_DriverLib.a(lpc43xx_scu.o)
                              ./src/Emac/src/emac.o (scu_pinmux)
/home/pablo/Documents/CIAA-Repositories/EOPT/workspace/CMSIS_LPC43xx_DriverLib/Debug/libCMSIS_LPC43xx_DriverLib.a(lpc43xx_uart.o)
                              ./src/ciaaUART.o (UART_Init)
/home/pablo/Documents/CIAA-Repositories/EOPT/workspace/CMSIS_LPC43xx_DriverLib/Debug/libCMSIS_LPC43xx_DriverLib.a(system_LPC43xx.o)
                              ./src/cr_startup_lpc43xx.o (SystemInit)
/usr/local/lpcxpresso_7.2.0_153/lpcxpresso/tools/bin/../lib/gcc/arm-none-eabi/4.8.3/armv7e-m/softfp/libgcc.a(_arm_addsubdf3.o)
                              /home/pablo/Documents/CIAA-Repositories/EOPT/workspace/CMSIS_LPC43xx_DriverLib/Debug/libCMSIS_LPC43xx_DriverLib.a(lpc43xx_cgu.o) (__aeabi_dadd)
/usr/local/lpcxpresso_7.2.0_153/lpcxpresso/tools/bin/../lib/gcc/arm-none-eabi/4.8.3/armv7e-m/softfp/libgcc.a(_arm_muldivdf3.o)
                              /home/pablo/Documents/CIAA-Repositories/EOPT/workspace/CMSIS_LPC43xx_DriverLib/Debug/libCMSIS_LPC43xx_DriverLib.a(lpc43xx_cgu.o) (__aeabi_dmul)
/usr/local/lpcxpresso_7.2.0_153/lpcxpresso/tools/bin/../lib/gcc/arm-none-eabi/4.8.3/armv7e-m/softfp/libgcc.a(_arm_cmpdf2.o)
                              /home/pablo/Documents/CIAA-Repositories/EOPT/workspace/CMSIS_LPC43xx_DriverLib/Debug/libCMSIS_LPC43xx_DriverLib.a(lpc43xx_cgu.o) (__aeabi_dcmplt)
/usr/local/lpcxpresso_7.2.0_153/lpcxpresso/tools/bin/../lib/gcc/arm-none-eabi/4.8.3/armv7e-m/softfp/libgcc.a(_arm_fixunsdfsi.o)
                              /home/pablo/Documents/CIAA-Repositories/EOPT/workspace/CMSIS_LPC43xx_DriverLib/Debug/libCMSIS_LPC43xx_DriverLib.a(lpc43xx_cgu.o) (__aeabi_d2uiz)
/usr/local/lpcxpresso_7.2.0_153/lpcxpresso/tools/bin/../lib/gcc/arm-none-eabi/4.8.3/armv7e-m/softfp/libgcc.a(_aeabi_uldivmod.o)
                              /home/pablo/Documents/CIAA-Repositories/EOPT/workspace/CMSIS_LPC43xx_DriverLib/Debug/libCMSIS_LPC43xx_DriverLib.a(lpc43xx_uart.o) (__aeabi_uldivmod)
/usr/local/lpcxpresso_7.2.0_153/lpcxpresso/tools/bin/../lib/gcc/arm-none-eabi/4.8.3/armv7e-m/softfp/libgcc.a(bpabi.o)
                              /usr/local/lpcxpresso_7.2.0_153/lpcxpresso/tools/bin/../lib/gcc/arm-none-eabi/4.8.3/armv7e-m/softfp/libgcc.a(_aeabi_uldivmod.o) (__gnu_uldivmod_helper)
/usr/local/lpcxpresso_7.2.0_153/lpcxpresso/tools/bin/../lib/gcc/arm-none-eabi/4.8.3/armv7e-m/softfp/libgcc.a(_dvmd_tls.o)
                              /usr/local/lpcxpresso_7.2.0_153/lpcxpresso/tools/bin/../lib/gcc/arm-none-eabi/4.8.3/armv7e-m/softfp/libgcc.a(_aeabi_uldivmod.o) (__aeabi_ldiv0)
/usr/local/lpcxpresso_7.2.0_153/lpcxpresso/tools/bin/../lib/gcc/arm-none-eabi/4.8.3/armv7e-m/softfp/libgcc.a(_divdi3.o)
                              /usr/local/lpcxpresso_7.2.0_153/lpcxpresso/tools/bin/../lib/gcc/arm-none-eabi/4.8.3/armv7e-m/softfp/libgcc.a(bpabi.o) (__divdi3)
/usr/local/lpcxpresso_7.2.0_153/lpcxpresso/tools/bin/../lib/gcc/arm-none-eabi/4.8.3/armv7e-m/softfp/libgcc.a(_udivdi3.o)
                              /usr/local/lpcxpresso_7.2.0_153/lpcxpresso/tools/bin/../lib/gcc/arm-none-eabi/4.8.3/armv7e-m/softfp/libgcc.a(bpabi.o) (__udivdi3)
/usr/local/lpcxpresso_7.2.0_153/lpcxpresso/tools/bin/../lib/gcc/arm-none-eabi/4.8.3/../../../../arm-none-eabi/lib/armv7e-m/softfp/libc.a(lib_a-impure.o)
                              ./src/Emac/src/webserver.o (_global_impure_ptr)
[...]
Memory Configuration

Name             Origin             Length             Attributes
MFlashA512       0x1a000000         0x00080000         xr
MFlashB512       0x1b000000         0x00080000         xr
RamLoc32         0x10000000         0x00008000         xrw
RamLoc40         0x10080000         0x0000a000         xrw
RamAHB32         0x20000000         0x00008000         xrw
RamAHB16         0x20008000         0x00004000         xrw
RamAHB_ETB16     0x2000c000         0x00004000         xrw
*default*        0x00000000         0xffffffff

Linker script and memory map

LOAD ./src/Emac/src/emac.o
LOAD ./src/Emac/src/tcpip.o
LOAD ./src/Emac/src/webserver.o
LOAD ./src/ciaaAIN.o
LOAD ./src/ciaaAOUT.o
LOAD ./src/ciaaI2C.o
LOAD ./src/ciaaIO.o
LOAD ./src/ciaaUART.o
LOAD ./src/cr_start_m0.o
LOAD ./src/cr_startup_lpc43xx.o
LOAD ./src/crp.o
LOAD ./src/database.o
LOAD ./src/main.o
LOAD /home/pablo/Documents/CIAA-Repositories/EOPT/workspace/CIAA-Demo-M0/Debug/CIAA-Demo-M0.axf.o
LOAD /home/pablo/Documents/CIAA-Repositories/EOPT/workspace/CMSIS_LPC43xx_DriverLib/Debug/libCMSIS_LPC43xx_DriverLib.a
LOAD /home/pablo/Dropbox/Privado/Electrónica/NXP/LPC43xx/workspace/LPC4330_Xplorer_UsbVcomLib/Debug/libLPC4330_Xplorer_UsbVcomLib.a
START GROUP
LOAD /usr/local/lpcxpresso_7.2.0_153/lpcxpresso/tools/bin/../lib/gcc/arm-none-eabi/4.8.3/armv7e-m/softfp/libgcc.a
LOAD /usr/local/lpcxpresso_7.2.0_153/lpcxpresso/tools/bin/../lib/gcc/arm-none-eabi/4.8.3/../../../../arm-none-eabi/lib/armv7e-m/softfp/libc.a
LOAD /usr/local/lpcxpresso_7.2.0_153/lpcxpresso/tools/bin/../lib/gcc/arm-none-eabi/4.8.3/../../../../arm-none-eabi/lib/armv7e-m/softfp/libm.a
LOAD /usr/local/lpcxpresso_7.2.0_153/lpcxpresso/tools/bin/../lib/gcc/arm-none-eabi/4.8.3/../../../../arm-none-eabi/lib/armv7e-m/softfp/libcr_newlib_nohost.a
END GROUP
                0x1a080000                __top_MFlashA512 = 0x1a080000
                0x1b080000                __top_MFlashB512 = 0x1b080000
                0x10008000                __top_RamLoc32 = 0x10008000
                0x1008a000                __top_RamLoc40 = 0x1008a000
                0x20008000                __top_RamAHB32 = 0x20008000
                0x2000c000                __top_RamAHB16 = 0x2000c000
                0x20010000                __top_RamAHB_ETB16 = 0x20010000

.text_Flash2    0x1b000000        0x0
 FILL mask 0xff
 *(.text_Flash2*)
 *(.text_MFlashB512*)
 *(.text.$Flash2*)
 *(.text.$MFlashB512*)
 *(.rodata.$Flash2*)
 *(.rodata.$MFlashB512*)

.text           0x1a000000     0xca1c
 FILL mask 0xff
                0x1a000000                __vectors_start__ = ABSOLUTE (.)
 *(.isr_vector)
 .isr_vector    0x1a000000      0x114 ./src/cr_startup_lpc43xx.o
                0x1a000000                g_pfnVectors
                0x1a000114                . = ALIGN (0x4)
                0x1a000114                __section_table_start = .
                0x1a000114                __data_section_table = .
                0x1a000114        0x4 LONG 0x1a00ccac LOADADDR (.data)
                0x1a000118        0x4 LONG 0x10000000 ADDR (.data)
                0x1a00011c        0x4 LONG 0x8c4 SIZEOF (.data)
                0x1a000120        0x4 LONG 0x1a00ca24 LOADADDR (.data_RAM2)
                0x1a000124        0x4 LONG 0x10080000 ADDR (.data_RAM2)
                0x1a000128        0x4 LONG 0x288 SIZEOF (.data_RAM2)
                0x1a00012c        0x4 LONG 0x1a00ccac LOADADDR (.data_RAM3)
                0x1a000130        0x4 LONG 0x20000000 ADDR (.data_RAM3)
                0x1a000134        0x4 LONG 0x0 SIZEOF (.data_RAM3)
                0x1a000138        0x4 LONG 0x1a00ccac LOADADDR (.data_RAM4)
                0x1a00013c        0x4 LONG 0x20008000 ADDR (.data_RAM4)
                0x1a000140        0x4 LONG 0x0 SIZEOF (.data_RAM4)
                0x1a000144        0x4 LONG 0x1a00ccac LOADADDR (.data_RAM5)
                0x1a000148        0x4 LONG 0x2000c000 ADDR (.data_RAM5)
                0x1a00014c        0x4 LONG 0x0 SIZEOF (.data_RAM5)
                0x1a000150                __data_section_table_end = .
                0x1a000150                __bss_section_table = .
                0x1a000150        0x4 LONG 0x100008c4 ADDR (.bss)
                0x1a000154        0x4 LONG 0x12fc SIZEOF (.bss)
                0x1a000158        0x4 LONG 0x10080288 ADDR (.bss_RAM2)
                0x1a00015c        0x4 LONG 0x0 SIZEOF (.bss_RAM2)
                0x1a000160        0x4 LONG 0x20000000 ADDR (.bss_RAM3)
                0x1a000164        0x4 LONG 0x0 SIZEOF (.bss_RAM3)
                0x1a000168        0x4 LONG 0x20008000 ADDR (.bss_RAM4)
                0x1a00016c        0x4 LONG 0x0 SIZEOF (.bss_RAM4)
                0x1a000170        0x4 LONG 0x2000c000 ADDR (.bss_RAM5)
                0x1a000174        0x4 LONG 0x0 SIZEOF (.bss_RAM5)
                0x1a000178                __bss_section_table_end = .
                0x1a000178                __section_table_end = .
 *(.after_vectors*)
 .after_vectors
                0x1a000178       0x36 ./src/cr_startup_lpc43xx.o
                0x1a000178                NMI_Handler
                0x1a00017a                HardFault_Handler
                0x1a00017c                MemManage_Handler
                0x1a00017e                BusFault_Handler
                0x1a000180                UsageFault_Handler
                0x1a000182                SVC_Handler
                0x1a000184                DebugMon_Handler
                0x1a000186                PendSV_Handler
                0x1a00018a                TIMER2_IRQHandler
                0x1a00018a                RIT_IRQHandler
                0x1a00018a                FLASH_EEPROM_IRQHandler
                0x1a00018a                I2C0_IRQHandler
                0x1a00018a                SDIO_IRQHandler
                0x1a00018a                ATIMER_IRQHandler
                0x1a00018a                I2C1_IRQHandler
                0x1a00018a                UART1_IRQHandler
                0x1a00018a                GPIO5_IRQHandler
                0x1a00018a                CAN1_IRQHandler
                0x1a00018a                USB1_IRQHandler
                0x1a00018a                I2S0_IRQHandler
                0x1a00018a                TIMER3_IRQHandler
                0x1a00018a                UART0_IRQHandler
                0x1a00018a                SGPIO_IRQHandler
                0x1a00018a                GPIO6_IRQHandler
                0x1a00018a                IntDefaultHandler
                0x1a00018a                GPIO1_IRQHandler
                0x1a00018a                SSP0_IRQHandler
                0x1a00018a                ADC1_IRQHandler
                0x1a00018a                RTC_IRQHandler
                0x1a00018a                TIMER0_IRQHandler
                0x1a00018a                SPI_IRQHandler
                0x1a00018a                LCD_IRQHandler
                0x1a00018a                VADC_IRQHandler
                0x1a00018a                TIMER1_IRQHandler
                0x1a00018a                GPIO2_IRQHandler
                0x1a00018a                I2S1_IRQHandler
                0x1a00018a                SSP1_IRQHandler
                0x1a00018a                USB0_IRQHandler
                0x1a00018a                GPIO3_IRQHandler
                0x1a00018a                SCT_IRQHandler
                0x1a00018a                WDT_IRQHandler
                0x1a00018a                GPIO7_IRQHandler
                0x1a00018a                SPIFI_IRQHandler
                0x1a00018a                QEI_IRQHandler
                0x1a00018a                ETH_IRQHandler
                0x1a00018a                M0CORE_IRQHandler
                0x1a00018a                CAN0_IRQHandler
                0x1a00018a                GINT0_IRQHandler
                0x1a00018a                DAC_IRQHandler
                0x1a00018a                M0SUB_IRQHandler
                0x1a00018a                GPIO0_IRQHandler
                0x1a00018a                DMA_IRQHandler
                0x1a00018a                EVRT_IRQHandler
                0x1a00018a                MCPWM_IRQHandler
                0x1a00018a                GINT1_IRQHandler
                0x1a00018a                GPIO4_IRQHandler
                0x1a00018c                data_init
                0x1a00019e                bss_init
                0x000002fc                . = 0x2fc
 *fill*         0x1a0001ae      0x14e ff
                0x1a0002fc                PROVIDE (__CRP_WORD_START__, .)
 *(.crp)
 .crp           0x1a0002fc        0x4 ./src/crp.o
                0x1a0002fc                CRP_WORD
                0x1a000300                PROVIDE (__CRP_WORD_END__, .)
                0x00000001                ASSERT (! ((__CRP_WORD_START__ == __CRP_WORD_END__)), Linker CRP Enabled, but no CRP_WORD provided within application)
 *(.text*)
 .text.write_PHY
                0x1a000300       0x78 ./src/Emac/src/emac.o
 .text.read_PHY
                0x1a000378       0x74 ./src/Emac/src/emac.o
 .text.rx_descr_init
                0x1a0003ec       0x94 ./src/Emac/src/emac.o
                0x1a0003ec                rx_descr_init
 .text.tx_descr_init
                0x1a000480       0xdc ./src/Emac/src/emac.o
                0x1a000480                tx_descr_init
 .text.Init_EMAC
                0x1a00055c      0x244 ./src/Emac/src/emac.o
                0x1a00055c                Init_EMAC
 .text.ReadFrame_EMAC
                0x1a0007a0       0x20 ./src/Emac/src/emac.o
                0x1a0007a0                ReadFrame_EMAC
 .text.ReadFrameBE_EMAC
                0x1a0007c0       0x2c ./src/Emac/src/emac.o
                0x1a0007c0                ReadFrameBE_EMAC
 .text.CopyFromFrame_EMAC
                0x1a0007ec       0x44 ./src/Emac/src/emac.o
                0x1a0007ec                CopyFromFrame_EMAC
 .text.DummyReadFrame_EMAC
                0x1a000830       0x24 ./src/Emac/src/emac.o
                0x1a000830                DummyReadFrame_EMAC
 .text.StartReadFrame
                0x1a000854       0x5c ./src/Emac/src/emac.o
                0x1a000854                StartReadFrame
 .text.EndReadFrame
                0x1a0008b0       0x38 ./src/Emac/src/emac.o
                0x1a0008b0                EndReadFrame
 .text.CheckFrameReceived
                0x1a0008e8       0x28 ./src/Emac/src/emac.o
                0x1a0008e8                CheckFrameReceived
 .text.RequestSend
                0x1a000910       0x44 ./src/Emac/src/emac.o
                0x1a000910                RequestSend
 .text.Rdy4Tx   0x1a000954       0x10 ./src/Emac/src/emac.o
                0x1a000954                Rdy4Tx
 .text.WriteFrame_EMAC
                0x1a000964       0x28 ./src/Emac/src/emac.o
                0x1a000964                WriteFrame_EMAC
 .text.CopyToFrame_EMAC
                0x1a00098c       0x90 ./src/Emac/src/emac.o
                0x1a00098c                CopyToFrame_EMAC
 .text.TCPLowLevelInit
                0x1a000a1c       0x34 ./src/Emac/src/tcpip.o
                0x1a000a1c                TCPLowLevelInit
 .text.TCPPassiveOpen
                0x1a000a50       0x3c ./src/Emac/src/tcpip.o
                0x1a000a50                TCPPassiveOpen
 .text.TCPClose
                0x1a000a8c       0x60 ./src/Emac/src/tcpip.o
                0x1a000a8c                TCPClose
 .text.TCPReleaseRxBuffer
                0x1a000aec       0x20 ./src/Emac/src/tcpip.o
                0x1a000aec                TCPReleaseRxBuffer
 .text.TCPTransmitTxBuffer
                0x1a000b0c       0x80 ./src/Emac/src/tcpip.o
                0x1a000b0c                TCPTransmitTxBuffer
 .text.IsBroadcast
                0x1a000b8c       0x58 ./src/Emac/src/tcpip.o
                0x1a000b8c                IsBroadcast
 .text.DoNetworkStuff
                0x1a000be4      0x26c ./src/Emac/src/tcpip.o
                0x1a000be4                DoNetworkStuff
 .text.ProcessEthBroadcastFrame
                0x1a000e50       0x88 ./src/Emac/src/tcpip.o
                0x1a000e50                ProcessEthBroadcastFrame
 .text.ProcessEthIAFrame
                0x1a000ed8      0x10c ./src/Emac/src/tcpip.o
                0x1a000ed8                ProcessEthIAFrame
 .text.ProcessICMPFrame
                0x1a000fe4       0x28 ./src/Emac/src/tcpip.o
                0x1a000fe4                ProcessICMPFrame
 .text.ProcessTCPFrame
                0x1a00100c      0x4e8 ./src/Emac/src/tcpip.o
                0x1a00100c                ProcessTCPFrame
 .text.PrepareARP_REQUEST
                0x1a0014f4       0xec ./src/Emac/src/tcpip.o
                0x1a0014f4                PrepareARP_REQUEST
 .text.PrepareARP_ANSWER
                0x1a0015e0       0xac ./src/Emac/src/tcpip.o
                0x1a0015e0                PrepareARP_ANSWER
 .text.PrepareICMP_ECHO_REPLY
                0x1a00168c      0x114 ./src/Emac/src/tcpip.o
                0x1a00168c                PrepareICMP_ECHO_REPLY
 .text.PrepareTCP_FRAME
                0x1a0017a0      0x1a0 ./src/Emac/src/tcpip.o
                0x1a0017a0                PrepareTCP_FRAME
 .text.PrepareTCP_DATA_FRAME
                0x1a001940      0x128 ./src/Emac/src/tcpip.o
                0x1a001940                PrepareTCP_DATA_FRAME
 .text.CalcChecksum
                0x1a001a68       0xbc ./src/Emac/src/tcpip.o
                0x1a001a68                CalcChecksum
 .text.TCPStartRetryTimer
                0x1a001b24       0x40 ./src/Emac/src/tcpip.o
                0x1a001b24                TCPStartRetryTimer
 .text.TCPStartTimeWaitTimer
                0x1a001b64       0x38 ./src/Emac/src/tcpip.o
                0x1a001b64                TCPStartTimeWaitTimer
 .text.TCPRestartTimer
                0x1a001b9c       0x18 ./src/Emac/src/tcpip.o
                0x1a001b9c                TCPRestartTimer
 .text.TCPStopTimer
                0x1a001bb4       0x20 ./src/Emac/src/tcpip.o
                0x1a001bb4                TCPStopTimer
 .text.TCPHandleRetransmission
                0x1a001bd4       0x60 ./src/Emac/src/tcpip.o
                0x1a001bd4                TCPHandleRetransmission
 .text.TCPHandleTimeout
                0x1a001c34       0x40 ./src/Emac/src/tcpip.o
                0x1a001c34                TCPHandleTimeout
 .text.TCPClockHandler
                0x1a001c74       0x2c ./src/Emac/src/tcpip.o
                0x1a001c74                TCPClockHandler
 .text.SendFrame1
                0x1a001ca0       0x1c ./src/Emac/src/tcpip.o
                0x1a001ca0                SendFrame1
 .text.SendFrame2
                0x1a001cbc       0x1c ./src/Emac/src/tcpip.o
                0x1a001cbc                SendFrame2
 .text.WriteWBE
                0x1a001cd8       0x30 ./src/Emac/src/tcpip.o
                0x1a001cd8                WriteWBE
 .text.WriteDWBE
                0x1a001d08       0x48 ./src/Emac/src/tcpip.o
                0x1a001d08                WriteDWBE
 .text.SwapBytes
                0x1a001d50       0x2c ./src/Emac/src/tcpip.o
                0x1a001d50                SwapBytes
 .text.enetInit
                0x1a001d7c       0x58 ./src/Emac/src/webserver.o
                0x1a001d7c                enetInit
 .text.webPeriodicalTask
                0x1a001dd4       0x38 ./src/Emac/src/webserver.o
                0x1a001dd4                webPeriodicalTask
 .text.HTTPServer
                0x1a001e0c      0x388 ./src/Emac/src/webserver.o
                0x1a001e0c                HTTPServer
 .text.NVIC_EnableIRQ
                0x1a002194       0x30 ./src/ciaaAIN.o
 .text.ADC0_IRQHandler
                0x1a0021c4       0xa8 ./src/ciaaAIN.o
                0x1a0021c4                ADC0_IRQHandler
 .text.ciaaAINInit
                0x1a00226c       0x78 ./src/ciaaAIN.o
                0x1a00226c                ciaaAINInit
 .text.ciaaAOUTInit
                0x1a0022e4       0x34 ./src/ciaaAOUT.o
                0x1a0022e4                ciaaAOUTInit
 .text.ciaaI2CInit
                0x1a002318       0x20 ./src/ciaaI2C.o
                0x1a002318                ciaaI2CInit
 .text.ciaaI2CWrite
                0x1a002338       0x4c ./src/ciaaI2C.o
                0x1a002338                ciaaI2CWrite
 .text.ciaaI2CRead
                0x1a002384       0x4c ./src/ciaaI2C.o
                0x1a002384                ciaaI2CRead
 .text.ciaaIOInit
                0x1a0023d0      0x120 ./src/ciaaIO.o
                0x1a0023d0                ciaaIOInit
 .text.NVIC_EnableIRQ
                0x1a0024f0       0x30 ./src/ciaaUART.o
 .text.ciaaUARTInit
                0x1a002520       0x60 ./src/ciaaUART.o
                0x1a002520                ciaaUARTInit
 .text.UART2_IRQHandler
                0x1a002580       0xa4 ./src/ciaaUART.o
                0x1a002580                UART2_IRQHandler
 .text.UART3_IRQHandler
                0x1a002624        0xc ./src/ciaaUART.o
                0x1a002624                UART3_IRQHandler
 .text.uartSend
                0x1a002630       0x8c ./src/ciaaUART.o
                0x1a002630                uartSend
 .text.startSlave
                0x1a0026bc       0x80 ./src/cr_start_m0.o
 .text.haltSlave
                0x1a00273c       0x80 ./src/cr_start_m0.o
 .text.cr_start_m0
                0x1a0027bc       0x40 ./src/cr_start_m0.o
                0x1a0027bc                cr_start_m0
 .text.ResetISR
                0x1a0027fc       0x94 ./src/cr_startup_lpc43xx.o
                0x1a0027fc                ResetISR
 .text.hex2byte
                0x1a002890       0x70 ./src/database.o
                0x1a002890                hex2byte
 .text.dbNewUID
                0x1a002900       0xe0 ./src/database.o
                0x1a002900                dbNewUID
 .text.dbSetName
                0x1a0029e0       0xf0 ./src/database.o
                0x1a0029e0                dbSetName
 .text.dbGetList
                0x1a002ad0       0xe8 ./src/database.o
                0x1a002ad0                dbGetList
 .text.NVIC_SetPriority
                0x1a002bb8       0x54 ./src/main.o
 .text.SysTick_Config
                0x1a002c0c       0x44 ./src/main.o
 .text.wiegand26
                0x1a002c50       0xa8 ./src/main.o
                0x1a002c50                wiegand26
 .text.wiegandReaderTask
                0x1a002cf8       0x6c ./src/main.o
                0x1a002cf8                wiegandReaderTask
 .text.SysTick_Handler
                0x1a002d64       0x74 ./src/main.o
                0x1a002d64                SysTick_Handler
 .text.setupHardware
                0x1a002dd8       0x74 ./src/main.o
                0x1a002dd8                setupHardware
 .text.mem48Read
                0x1a002e4c       0x44 ./src/main.o
                0x1a002e4c                mem48Read
 .text.mem48Write
                0x1a002e90       0x9c ./src/main.o
                0x1a002e90                mem48Write
 .text.memRead  0x1a002f2c       0x54 ./src/main.o
                0x1a002f2c                memRead
 .text.memWrite
                0x1a002f80       0xa8 ./src/main.o
                0x1a002f80                memWrite
 .text.main     0x1a003028       0xbc ./src/main.o
                0x1a003028                main
 .text.check_failed
                0x1a0030e4        0xc ./src/main.o
                0x1a0030e4                check_failed
 .text.ADC_Init
                0x1a0030f0       0x84 /home/pablo/Documents/CIAA-Repositories/EOPT/workspace/CMSIS_LPC43xx_DriverLib/Debug/libCMSIS_LPC43xx_DriverLib.a(lpc43xx_adc.o)
                0x1a0030f0                ADC_Init
 .text.ADC_BurstCmd
                0x1a003174       0x38 /home/pablo/Documents/CIAA-Repositories/EOPT/workspace/CMSIS_LPC43xx_DriverLib/Debug/libCMSIS_LPC43xx_DriverLib.a(lpc43xx_adc.o)
                0x1a003174                ADC_BurstCmd
 .text.ADC_IntConfig
                0x1a0031ac       0x4c /home/pablo/Documents/CIAA-Repositories/EOPT/workspace/CMSIS_LPC43xx_DriverLib/Debug/libCMSIS_LPC43xx_DriverLib.a(lpc43xx_adc.o)
                0x1a0031ac                ADC_IntConfig
 .text.ADC_ChannelCmd
                0x1a0031f8       0x58 /home/pablo/Documents/CIAA-Repositories/EOPT/workspace/CMSIS_LPC43xx_DriverLib/Debug/libCMSIS_LPC43xx_DriverLib.a(lpc43xx_adc.o)
                0x1a0031f8                ADC_ChannelCmd
 .text.ADC_ChannelGetStatus
                0x1a003250       0x50 /home/pablo/Documents/CIAA-Repositories/EOPT/workspace/CMSIS_LPC43xx_DriverLib/Debug/libCMSIS_LPC43xx_DriverLib.a(lpc43xx_adc.o)
                0x1a003250                ADC_ChannelGetStatus
 .text.ADC_GlobalGetData
                0x1a0032a0       0x28 /home/pablo/Documents/CIAA-Repositories/EOPT/workspace/CMSIS_LPC43xx_DriverLib/Debug/libCMSIS_LPC43xx_DriverLib.a(lpc43xx_adc.o)
                0x1a0032a0                ADC_GlobalGetData
 .text.CGU_GetPCLKFrequency
                0x1a0032c8       0xb0 /home/pablo/Documents/CIAA-Repositories/EOPT/workspace/CMSIS_LPC43xx_DriverLib/Debug/libCMSIS_LPC43xx_DriverLib.a(lpc43xx_cgu.o)
                0x1a0032c8                CGU_GetPCLKFrequency
 .text.CGU_UpdateClock
                0x1a003378      0x100 /home/pablo/Documents/CIAA-Repositories/EOPT/workspace/CMSIS_LPC43xx_DriverLib/Debug/libCMSIS_LPC43xx_DriverLib.a(lpc43xx_cgu.o)
                0x1a003378                CGU_UpdateClock
 .text.CGU_SetXTALOSC
                0x1a003478       0x40 /home/pablo/Documents/CIAA-Repositories/EOPT/workspace/CMSIS_LPC43xx_DriverLib/Debug/libCMSIS_LPC43xx_DriverLib.a(lpc43xx_cgu.o)
                0x1a003478                CGU_SetXTALOSC
 .text.CGU_SetDIV
                0x1a0034b8       0x40 /home/pablo/Documents/CIAA-Repositories/EOPT/workspace/CMSIS_LPC43xx_DriverLib/Debug/libCMSIS_LPC43xx_DriverLib.a(lpc43xx_cgu.o)
                0x1a0034b8                CGU_SetDIV
 .text.CGU_EnableEntity
                0x1a0034f8      0x140 /home/pablo/Documents/CIAA-Repositories/EOPT/workspace/CMSIS_LPC43xx_DriverLib/Debug/libCMSIS_LPC43xx_DriverLib.a(lpc43xx_cgu.o)
                0x1a0034f8                CGU_EnableEntity
 .text.CGU_EntityConnect
                0x1a003638       0x8c /home/pablo/Documents/CIAA-Repositories/EOPT/workspace/CMSIS_LPC43xx_DriverLib/Debug/libCMSIS_LPC43xx_DriverLib.a(lpc43xx_cgu.o)
                0x1a003638                CGU_EntityConnect
 .text.CGU_SetPLL1
                0x1a0036c4       0x84 /home/pablo/Documents/CIAA-Repositories/EOPT/workspace/CMSIS_LPC43xx_DriverLib/Debug/libCMSIS_LPC43xx_DriverLib.a(lpc43xx_cgu.o)
                0x1a0036c4                CGU_SetPLL1
 .text.CGU_Init
                0x1a003748       0x3c /home/pablo/Documents/CIAA-Repositories/EOPT/workspace/CMSIS_LPC43xx_DriverLib/Debug/libCMSIS_LPC43xx_DriverLib.a(lpc43xx_cgu.o)
                0x1a003748                CGU_Init
 .text.DAC_UpdateValue
                0x1a003784       0x2c /home/pablo/Documents/CIAA-Repositories/EOPT/workspace/CMSIS_LPC43xx_DriverLib/Debug/libCMSIS_LPC43xx_DriverLib.a(lpc43xx_dac.o)
                0x1a003784                DAC_UpdateValue
 .text.DAC_SetBias
                0x1a0037b0       0x2c /home/pablo/Documents/CIAA-Repositories/EOPT/workspace/CMSIS_LPC43xx_DriverLib/Debug/libCMSIS_LPC43xx_DriverLib.a(lpc43xx_dac.o)
                0x1a0037b0                DAC_SetBias
 .text.DAC_Init
                0x1a0037dc       0x2c /home/pablo/Documents/CIAA-Repositories/EOPT/workspace/CMSIS_LPC43xx_DriverLib/Debug/libCMSIS_LPC43xx_DriverLib.a(lpc43xx_dac.o)
                0x1a0037dc                DAC_Init
 .text.DAC_ConfigDAConverterControl
                0x1a003808       0x4c /home/pablo/Documents/CIAA-Repositories/EOPT/workspace/CMSIS_LPC43xx_DriverLib/Debug/libCMSIS_LPC43xx_DriverLib.a(lpc43xx_dac.o)
                0x1a003808                DAC_ConfigDAConverterControl
 .text.GPIO_SetDir
                0x1a003854       0x2c /home/pablo/Documents/CIAA-Repositories/EOPT/workspace/CMSIS_LPC43xx_DriverLib/Debug/libCMSIS_LPC43xx_DriverLib.a(lpc43xx_gpio.o)
                0x1a003854                GPIO_SetDir
 .text.GPIO_SetValue
                0x1a003880       0x10 /home/pablo/Documents/CIAA-Repositories/EOPT/workspace/CMSIS_LPC43xx_DriverLib/Debug/libCMSIS_LPC43xx_DriverLib.a(lpc43xx_gpio.o)
                0x1a003880                GPIO_SetValue
 .text.GPIO_ClearValue
                0x1a003890       0x10 /home/pablo/Documents/CIAA-Repositories/EOPT/workspace/CMSIS_LPC43xx_DriverLib/Debug/libCMSIS_LPC43xx_DriverLib.a(lpc43xx_gpio.o)
                0x1a003890                GPIO_ClearValue
 .text.GPIO_ReadValue
                0x1a0038a0       0x10 /home/pablo/Documents/CIAA-Repositories/EOPT/workspace/CMSIS_LPC43xx_DriverLib/Debug/libCMSIS_LPC43xx_DriverLib.a(lpc43xx_gpio.o)
                0x1a0038a0                GPIO_ReadValue
 .text.I2C_getNum
                0x1a0038b0       0x20 /home/pablo/Documents/CIAA-Repositories/EOPT/workspace/CMSIS_LPC43xx_DriverLib/Debug/libCMSIS_LPC43xx_DriverLib.a(lpc43xx_i2c.o)
 .text.I2C_Start
                0x1a0038d0       0x1c /home/pablo/Documents/CIAA-Repositories/EOPT/workspace/CMSIS_LPC43xx_DriverLib/Debug/libCMSIS_LPC43xx_DriverLib.a(lpc43xx_i2c.o)
 .text.I2C_Stop
                0x1a0038ec       0x18 /home/pablo/Documents/CIAA-Repositories/EOPT/workspace/CMSIS_LPC43xx_DriverLib/Debug/libCMSIS_LPC43xx_DriverLib.a(lpc43xx_i2c.o)
 .text.I2C_SendByte
                0x1a003904       0x24 /home/pablo/Documents/CIAA-Repositories/EOPT/workspace/CMSIS_LPC43xx_DriverLib/Debug/libCMSIS_LPC43xx_DriverLib.a(lpc43xx_i2c.o)
 .text.I2C_GetByte
                0x1a003928       0x24 /home/pablo/Documents/CIAA-Repositories/EOPT/workspace/CMSIS_LPC43xx_DriverLib/Debug/libCMSIS_LPC43xx_DriverLib.a(lpc43xx_i2c.o)
 .text.I2C_Init
                0x1a00394c       0x98 /home/pablo/Documents/CIAA-Repositories/EOPT/workspace/CMSIS_LPC43xx_DriverLib/Debug/libCMSIS_LPC43xx_DriverLib.a(lpc43xx_i2c.o)
                0x1a00394c                I2C_Init
 .text.I2C_Cmd  0x1a0039e4       0x44 /home/pablo/Documents/CIAA-Repositories/EOPT/workspace/CMSIS_LPC43xx_DriverLib/Debug/libCMSIS_LPC43xx_DriverLib.a(lpc43xx_i2c.o)
                0x1a0039e4                I2C_Cmd
 .text.I2C_IntCmd
                0x1a003a28       0x54 /home/pablo/Documents/CIAA-Repositories/EOPT/workspace/CMSIS_LPC43xx_DriverLib/Debug/libCMSIS_LPC43xx_DriverLib.a(lpc43xx_i2c.o)
                0x1a003a28                I2C_IntCmd
 .text.I2C_MasterTransferData
                0x1a003a7c      0x1dc /home/pablo/Documents/CIAA-Repositories/EOPT/workspace/CMSIS_LPC43xx_DriverLib/Debug/libCMSIS_LPC43xx_DriverLib.a(lpc43xx_i2c.o)
                0x1a003a7c                I2C_MasterTransferData
 .text.RGU_SoftReset
                0x1a003c58       0x34 /home/pablo/Documents/CIAA-Repositories/EOPT/workspace/CMSIS_LPC43xx_DriverLib/Debug/libCMSIS_LPC43xx_DriverLib.a(lpc43xx_rgu.o)
                0x1a003c58                RGU_SoftReset
 .text.RIT_Init
                0x1a003c8c       0x2c /home/pablo/Documents/CIAA-Repositories/EOPT/workspace/CMSIS_LPC43xx_DriverLib/Debug/libCMSIS_LPC43xx_DriverLib.a(lpc43xx_rit.o)
                0x1a003c8c                RIT_Init
 .text.RIT_TimerConfig
                0x1a003cb8       0x40 /home/pablo/Documents/CIAA-Repositories/EOPT/workspace/CMSIS_LPC43xx_DriverLib/Debug/libCMSIS_LPC43xx_DriverLib.a(lpc43xx_rit.o)
                0x1a003cb8                RIT_TimerConfig
 .text.RIT_Cmd  0x1a003cf8       0x3c /home/pablo/Documents/CIAA-Repositories/EOPT/workspace/CMSIS_LPC43xx_DriverLib/Debug/libCMSIS_LPC43xx_DriverLib.a(lpc43xx_rit.o)
                0x1a003cf8                RIT_Cmd
 .text.scu_pinmux
                0x1a003d34       0x18 /home/pablo/Documents/CIAA-Repositories/EOPT/workspace/CMSIS_LPC43xx_DriverLib/Debug/libCMSIS_LPC43xx_DriverLib.a(lpc43xx_scu.o)
                0x1a003d34                scu_pinmux
 .text.uart_set_divisors
                0x1a003d4c      0x190 /home/pablo/Documents/CIAA-Repositories/EOPT/workspace/CMSIS_LPC43xx_DriverLib/Debug/libCMSIS_LPC43xx_DriverLib.a(lpc43xx_uart.o)
 .text.UART_Init
                0x1a003edc      0x188 /home/pablo/Documents/CIAA-Repositories/EOPT/workspace/CMSIS_LPC43xx_DriverLib/Debug/libCMSIS_LPC43xx_DriverLib.a(lpc43xx_uart.o)
                0x1a003edc                UART_Init
 .text.UART_SendByte
                0x1a004064       0x3c /home/pablo/Documents/CIAA-Repositories/EOPT/workspace/CMSIS_LPC43xx_DriverLib/Debug/libCMSIS_LPC43xx_DriverLib.a(lpc43xx_uart.o)
                0x1a004064                UART_SendByte
 .text.UART_ReceiveByte
                0x1a0040a0       0x3c /home/pablo/Documents/CIAA-Repositories/EOPT/workspace/CMSIS_LPC43xx_DriverLib/Debug/libCMSIS_LPC43xx_DriverLib.a(lpc43xx_uart.o)
                0x1a0040a0                UART_ReceiveByte
 .text.UART_IntConfig
                0x1a0040dc       0xe0 /home/pablo/Documents/CIAA-Repositories/EOPT/workspace/CMSIS_LPC43xx_DriverLib/Debug/libCMSIS_LPC43xx_DriverLib.a(lpc43xx_uart.o)
                0x1a0040dc                UART_IntConfig
 .text.UART_GetLineStatus
                0x1a0041bc       0x48 /home/pablo/Documents/CIAA-Repositories/EOPT/workspace/CMSIS_LPC43xx_DriverLib/Debug/libCMSIS_LPC43xx_DriverLib.a(lpc43xx_uart.o)
                0x1a0041bc                UART_GetLineStatus
 .text.UART_TxCmd
                0x1a004204       0x7c /home/pablo/Documents/CIAA-Repositories/EOPT/workspace/CMSIS_LPC43xx_DriverLib/Debug/libCMSIS_LPC43xx_DriverLib.a(lpc43xx_uart.o)
                0x1a004204                UART_TxCmd
 .text.SystemInit
                0x1a004280       0x40 /home/pablo/Documents/CIAA-Repositories/EOPT/workspace/CMSIS_LPC43xx_DriverLib/Debug/libCMSIS_LPC43xx_DriverLib.a(system_LPC43xx.o)
                0x1a004280                SystemInit
 .text          0x1a0042c0      0x370 /usr/local/lpcxpresso_7.2.0_153/lpcxpresso/tools/bin/../lib/gcc/arm-none-eabi/4.8.3/armv7e-m/softfp/libgcc.a(_arm_addsubdf3.o)
                0x1a0042c0                __aeabi_drsub
                0x1a0042c8                __aeabi_dsub
                0x1a0042c8                __subdf3
                0x1a0042cc                __adddf3
                0x1a0042cc                __aeabi_dadd
                0x1a004544                __aeabi_ui2d
                0x1a004544                __floatunsidf
                0x1a004564                __floatsidf
                0x1a004564                __aeabi_i2d
                0x1a004588                __extendsfdf2
                0x1a004588                __aeabi_f2d
                0x1a0045c4                __aeabi_ul2d
                0x1a0045c4                __floatundidf
                0x1a0045d4                __floatdidf
                0x1a0045d4                __aeabi_l2d
 .text          0x1a004630      0x424 /usr/local/lpcxpresso_7.2.0_153/lpcxpresso/tools/bin/../lib/gcc/arm-none-eabi/4.8.3/armv7e-m/softfp/libgcc.a(_arm_muldivdf3.o)
                0x1a004630                __aeabi_dmul
                0x1a004630                __muldf3
                0x1a004884                __aeabi_ddiv
                0x1a004884                __divdf3
 .text          0x1a004a54      0x110 /usr/local/lpcxpresso_7.2.0_153/lpcxpresso/tools/bin/../lib/gcc/arm-none-eabi/4.8.3/armv7e-m/softfp/libgcc.a(_arm_cmpdf2.o)
                0x1a004a54                __gtdf2
                0x1a004a54                __gedf2
                0x1a004a5c                __ltdf2
                0x1a004a5c                __ledf2
                0x1a004a64                __cmpdf2
                0x1a004a64                __eqdf2
                0x1a004a64                __nedf2
                0x1a004ae0                __aeabi_cdrcmple
                0x1a004af0                __aeabi_cdcmple
                0x1a004af0                __aeabi_cdcmpeq
                0x1a004b00                __aeabi_dcmpeq
                0x1a004b14                __aeabi_dcmplt
                0x1a004b28                __aeabi_dcmple
                0x1a004b3c                __aeabi_dcmpge
                0x1a004b50                __aeabi_dcmpgt
 .text          0x1a004b64       0x2c /usr/local/lpcxpresso_7.2.0_153/lpcxpresso/tools/bin/../lib/gcc/arm-none-eabi/4.8.3/armv7e-m/softfp/libgcc.a(_aeabi_uldivmod.o)
                0x1a004b64                __aeabi_uldivmod
 .text          0x1a004b90       0x60 /usr/local/lpcxpresso_7.2.0_153/lpcxpresso/tools/bin/../lib/gcc/arm-none-eabi/4.8.3/armv7e-m/softfp/libgcc.a(bpabi.o)
                0x1a004b90                __gnu_ldivmod_helper
                0x1a004bc0                __gnu_uldivmod_helper
 .text          0x1a004bf0        0x4 /usr/local/lpcxpresso_7.2.0_153/lpcxpresso/tools/bin/../lib/gcc/arm-none-eabi/4.8.3/armv7e-m/softfp/libgcc.a(_dvmd_tls.o)
                0x1a004bf0                __aeabi_ldiv0
                0x1a004bf0                __aeabi_idiv0
 .text          0x1a004bf4      0x298 /usr/local/lpcxpresso_7.2.0_153/lpcxpresso/tools/bin/../lib/gcc/arm-none-eabi/4.8.3/armv7e-m/softfp/libgcc.a(_divdi3.o)
                0x1a004bf4                __divdi3
 .text          0x1a004e8c      0x284 /usr/local/lpcxpresso_7.2.0_153/lpcxpresso/tools/bin/../lib/gcc/arm-none-eabi/4.8.3/armv7e-m/softfp/libgcc.a(_udivdi3.o)
                0x1a004e8c                __udivdi3
 .text.memcmp   0x1a005110       0x68 /usr/local/lpcxpresso_7.2.0_153/lpcxpresso/tools/bin/../lib/gcc/arm-none-eabi/4.8.3/../../../../arm-none-eabi/lib/armv7e-m/softfp/libc.a(lib_a-memcmp.o)
                0x1a005110                memcmp
 .text          0x1a005178      0x134 /usr/local/lpcxpresso_7.2.0_153/lpcxpresso/tools/bin/../lib/gcc/arm-none-eabi/4.8.3/../../../../arm-none-eabi/lib/armv7e-m/softfp/libc.a(lib_a-memcpy.o)
                0x1a005178                memcpy
 .text.memset   0x1a0052ac       0x94 /usr/local/lpcxpresso_7.2.0_153/lpcxpresso/tools/bin/../lib/gcc/arm-none-eabi/4.8.3/../../../../arm-none-eabi/lib/armv7e-m/softfp/libc.a(lib_a-memset.o)
                0x1a0052ac                memset
 .text.sprintf  0x1a005340       0x4c /usr/local/lpcxpresso_7.2.0_153/lpcxpresso/tools/bin/../lib/gcc/arm-none-eabi/4.8.3/../../../../arm-none-eabi/lib/armv7e-m/softfp/libc.a(lib_a-sprintf.o)
                0x1a005340                sprintf
 .text.strcat   0x1a00538c       0x4c /usr/local/lpcxpresso_7.2.0_153/lpcxpresso/tools/bin/../lib/gcc/arm-none-eabi/4.8.3/../../../../arm-none-eabi/lib/armv7e-m/softfp/libc.a(lib_a-strcat.o)
                0x1a00538c                strcat
 .text.strcpy   0x1a0053d8       0xbc /usr/local/lpcxpresso_7.2.0_153/lpcxpresso/tools/bin/../lib/gcc/arm-none-eabi/4.8.3/../../../../arm-none-eabi/lib/armv7e-m/softfp/libc.a(lib_a-strcpy.o)
                0x1a0053d8                strcpy
 .text.strlen   0x1a005494       0x60 /usr/local/lpcxpresso_7.2.0_153/lpcxpresso/tools/bin/../lib/gcc/arm-none-eabi/4.8.3/../../../../arm-none-eabi/lib/armv7e-m/softfp/libc.a(lib_a-strlen.o)
                0x1a005494                strlen
 .text.strncpy  0x1a0054f4       0x64 /usr/local/lpcxpresso_7.2.0_153/lpcxpresso/tools/bin/../lib/gcc/arm-none-eabi/4.8.3/../../../../arm-none-eabi/lib/armv7e-m/softfp/libc.a(lib_a-strncpy.o)
                0x1a0054f4                strncpy
 .text.critical_factorization
                0x1a005558       0xbc /usr/local/lpcxpresso_7.2.0_153/lpcxpresso/tools/bin/../lib/gcc/arm-none-eabi/4.8.3/../../../../arm-none-eabi/lib/armv7e-m/softfp/libc.a(lib_a-strstr.o)
 .text.two_way_long_needle
                0x1a005614      0x1ec /usr/local/lpcxpresso_7.2.0_153/lpcxpresso/tools/bin/../lib/gcc/arm-none-eabi/4.8.3/../../../../arm-none-eabi/lib/armv7e-m/softfp/libc.a(lib_a-strstr.o)
 .text.strstr   0x1a005800      0x200 /usr/local/lpcxpresso_7.2.0_153/lpcxpresso/tools/bin/../lib/gcc/arm-none-eabi/4.8.3/../../../../arm-none-eabi/lib/armv7e-m/softfp/libc.a(lib_a-strstr.o)
                0x1a005800                strstr
 .text._svfprintf_r
                0x1a005a00     0x1500 /usr/local/lpcxpresso_7.2.0_153/lpcxpresso/tools/bin/../lib/gcc/arm-none-eabi/4.8.3/../../../../arm-none-eabi/lib/armv7e-m/softfp/libc.a(lib_a-svfprintf.o)
                0x1a005a00                _svfprintf_r
 .text.quorem   0x1a006f00      0x130 /usr/local/lpcxpresso_7.2.0_153/lpcxpresso/tools/bin/../lib/gcc/arm-none-eabi/4.8.3/../../../../arm-none-eabi/lib/armv7e-m/softfp/libc.a(lib_a-dtoa.o)
 .text._dtoa_r  0x1a007030      0xe30 /usr/local/lpcxpresso_7.2.0_153/lpcxpresso/tools/bin/../lib/gcc/arm-none-eabi/4.8.3/../../../../arm-none-eabi/lib/armv7e-m/softfp/libc.a(lib_a-dtoa.o)
                0x1a007030                _dtoa_r
 .text._localeconv_r
                0x1a007e60        0x8 /usr/local/lpcxpresso_7.2.0_153/lpcxpresso/tools/bin/../lib/gcc/arm-none-eabi/4.8.3/../../../../arm-none-eabi/lib/armv7e-m/softfp/libc.a(lib_a-locale.o)
                0x1a007e60                _localeconv_r
 .text._malloc_r
                0x1a007e68      0x538 /usr/local/lpcxpresso_7.2.0_153/lpcxpresso/tools/bin/../lib/gcc/arm-none-eabi/4.8.3/../../../../arm-none-eabi/lib/armv7e-m/softfp/libc.a(lib_a-mallocr.o)
                0x1a007e68                _malloc_r
 .text.memchr   0x1a0083a0       0x90 /usr/local/lpcxpresso_7.2.0_153/lpcxpresso/tools/bin/../lib/gcc/arm-none-eabi/4.8.3/../../../../arm-none-eabi/lib/armv7e-m/softfp/libc.a(lib_a-memchr-stub.o)
                0x1a0083a0                memchr
 .text.__malloc_lock
                0x1a008430        0x4 /usr/local/lpcxpresso_7.2.0_153/lpcxpresso/tools/bin/../lib/gcc/arm-none-eabi/4.8.3/../../../../arm-none-eabi/lib/armv7e-m/softfp/libc.a(lib_a-mlock.o)
                0x1a008430                __malloc_lock
 .text.__malloc_unlock
                0x1a008434        0x4 /usr/local/lpcxpresso_7.2.0_153/lpcxpresso/tools/bin/../lib/gcc/arm-none-eabi/4.8.3/../../../../arm-none-eabi/lib/armv7e-m/softfp/libc.a(lib_a-mlock.o)
                0x1a008434                __malloc_unlock
 .text._Balloc  0x1a008438       0x4c /usr/local/lpcxpresso_7.2.0_153/lpcxpresso/tools/bin/../lib/gcc/arm-none-eabi/4.8.3/../../../../arm-none-eabi/lib/armv7e-m/softfp/libc.a(lib_a-mprec.o)
                0x1a008438                _Balloc
 .text._Bfree   0x1a008484       0x14 /usr/local/lpcxpresso_7.2.0_153/lpcxpresso/tools/bin/../lib/gcc/arm-none-eabi/4.8.3/../../../../arm-none-eabi/lib/armv7e-m/softfp/libc.a(lib_a-mprec.o)
                0x1a008484                _Bfree
 .text.__multadd
                0x1a008498       0x98 /usr/local/lpcxpresso_7.2.0_153/lpcxpresso/tools/bin/../lib/gcc/arm-none-eabi/4.8.3/../../../../arm-none-eabi/lib/armv7e-m/softfp/libc.a(lib_a-mprec.o)
                0x1a008498                __multadd
 .text.__hi0bits
                0x1a008530       0x40 /usr/local/lpcxpresso_7.2.0_153/lpcxpresso/tools/bin/../lib/gcc/arm-none-eabi/4.8.3/../../../../arm-none-eabi/lib/armv7e-m/softfp/libc.a(lib_a-mprec.o)
                0x1a008530                __hi0bits
 .text.__lo0bits
                0x1a008570       0x5c /usr/local/lpcxpresso_7.2.0_153/lpcxpresso/tools/bin/../lib/gcc/arm-none-eabi/4.8.3/../../../../arm-none-eabi/lib/armv7e-m/softfp/libc.a(lib_a-mprec.o)
                0x1a008570                __lo0bits
 .text.__i2b    0x1a0085cc       0x14 /usr/local/lpcxpresso_7.2.0_153/lpcxpresso/tools/bin/../lib/gcc/arm-none-eabi/4.8.3/../../../../arm-none-eabi/lib/armv7e-m/softfp/libc.a(lib_a-mprec.o)
                0x1a0085cc                __i2b
 .text.__multiply
                0x1a0085e0      0x13c /usr/local/lpcxpresso_7.2.0_153/lpcxpresso/tools/bin/../lib/gcc/arm-none-eabi/4.8.3/../../../../arm-none-eabi/lib/armv7e-m/softfp/libc.a(lib_a-mprec.o)
                0x1a0085e0                __multiply
 .text.__pow5mult
                0x1a00871c       0x9c /usr/local/lpcxpresso_7.2.0_153/lpcxpresso/tools/bin/../lib/gcc/arm-none-eabi/4.8.3/../../../../arm-none-eabi/lib/armv7e-m/softfp/libc.a(lib_a-mprec.o)
                0x1a00871c                __pow5mult
 .text.__lshift
                0x1a0087b8       0xbc /usr/local/lpcxpresso_7.2.0_153/lpcxpresso/tools/bin/../lib/gcc/arm-none-eabi/4.8.3/../../../../arm-none-eabi/lib/armv7e-m/softfp/libc.a(lib_a-mprec.o)
                0x1a0087b8                __lshift
 .text.__mcmp   0x1a008874       0x48 /usr/local/lpcxpresso_7.2.0_153/lpcxpresso/tools/bin/../lib/gcc/arm-none-eabi/4.8.3/../../../../arm-none-eabi/lib/armv7e-m/softfp/libc.a(lib_a-mprec.o)
                0x1a008874                __mcmp
 .text.__mdiff  0x1a0088bc       0xd4 /usr/local/lpcxpresso_7.2.0_153/lpcxpresso/tools/bin/../lib/gcc/arm-none-eabi/4.8.3/../../../../arm-none-eabi/lib/armv7e-m/softfp/libc.a(lib_a-mprec.o)
                0x1a0088bc                __mdiff
 .text.__d2b    0x1a008990       0xbc /usr/local/lpcxpresso_7.2.0_153/lpcxpresso/tools/bin/../lib/gcc/arm-none-eabi/4.8.3/../../../../arm-none-eabi/lib/armv7e-m/softfp/libc.a(lib_a-mprec.o)
                0x1a008990                __d2b
 .text.__fpclassifyd
                0x1a008a4c       0x50 /usr/local/lpcxpresso_7.2.0_153/lpcxpresso/tools/bin/../lib/gcc/arm-none-eabi/4.8.3/../../../../arm-none-eabi/lib/armv7e-m/softfp/libc.a(lib_a-s_fpclassify.o)
                0x1a008a4c                __fpclassifyd
 .text._sbrk_r  0x1a008a9c       0x24 /usr/local/lpcxpresso_7.2.0_153/lpcxpresso/tools/bin/../lib/gcc/arm-none-eabi/4.8.3/../../../../arm-none-eabi/lib/armv7e-m/softfp/libc.a(lib_a-sbrkr.o)
                0x1a008a9c                _sbrk_r
 .text.strchr   0x1a008ac0       0xf4 /usr/local/lpcxpresso_7.2.0_153/lpcxpresso/tools/bin/../lib/gcc/arm-none-eabi/4.8.3/../../../../arm-none-eabi/lib/armv7e-m/softfp/libc.a(lib_a-strchr.o)
                0x1a008ac0                strchr
 .text.__ssprint_r
                0x1a008bb4      0x100 /usr/local/lpcxpresso_7.2.0_153/lpcxpresso/tools/bin/../lib/gcc/arm-none-eabi/4.8.3/../../../../arm-none-eabi/lib/armv7e-m/softfp/libc.a(lib_a-svfiprintf.o)
                0x1a008bb4                __ssprint_r
 .text._calloc_r
                0x1a008cb4       0x60 /usr/local/lpcxpresso_7.2.0_153/lpcxpresso/tools/bin/../lib/gcc/arm-none-eabi/4.8.3/../../../../arm-none-eabi/lib/armv7e-m/softfp/libc.a(lib_a-callocr.o)
                0x1a008cb4                _calloc_r
 .text._malloc_trim_r
                0x1a008d14       0x9c /usr/local/lpcxpresso_7.2.0_153/lpcxpresso/tools/bin/../lib/gcc/arm-none-eabi/4.8.3/../../../../arm-none-eabi/lib/armv7e-m/softfp/libc.a(lib_a-freer.o)
                0x1a008d14                _malloc_trim_r
 .text._free_r  0x1a008db0      0x19c /usr/local/lpcxpresso_7.2.0_153/lpcxpresso/tools/bin/../lib/gcc/arm-none-eabi/4.8.3/../../../../arm-none-eabi/lib/armv7e-m/softfp/libc.a(lib_a-freer.o)
                0x1a008db0                _free_r
 .text.memmove  0x1a008f4c       0xc0 /usr/local/lpcxpresso_7.2.0_153/lpcxpresso/tools/bin/../lib/gcc/arm-none-eabi/4.8.3/../../../../arm-none-eabi/lib/armv7e-m/softfp/libc.a(lib_a-memmove.o)
                0x1a008f4c                memmove
 .text._realloc_r
                0x1a00900c      0x3cc /usr/local/lpcxpresso_7.2.0_153/lpcxpresso/tools/bin/../lib/gcc/arm-none-eabi/4.8.3/../../../../arm-none-eabi/lib/armv7e-m/softfp/libc.a(lib_a-reallocr.o)
                0x1a00900c                _realloc_r
 .text._sbrk    0x1a0093d8       0x3c /usr/local/lpcxpresso_7.2.0_153/lpcxpresso/tools/bin/../lib/gcc/arm-none-eabi/4.8.3/../../../../arm-none-eabi/lib/armv7e-m/softfp/libcr_newlib_nohost.a(_cr_sbrk.o)
                0x1a0093d8                _sbrk
 .text.__check_heap_overflow
                0x1a009414       0x2c /usr/local/lpcxpresso_7.2.0_153/lpcxpresso/tools/bin/../lib/gcc/arm-none-eabi/4.8.3/../../../../arm-none-eabi/lib/armv7e-m/softfp/libcr_newlib_nohost.a(_cr_check_heap.o)
                0x1a009414                __check_heap_overflow
 .text          0x1a009440       0x50 /usr/local/lpcxpresso_7.2.0_153/lpcxpresso/tools/bin/../lib/gcc/arm-none-eabi/4.8.3/armv7e-m/softfp/libgcc.a(_arm_fixdfsi.o)
                0x1a009440                __fixdfsi
                0x1a009440                __aeabi_d2iz
 .text.__errno  0x1a009490        0xc /usr/local/lpcxpresso_7.2.0_153/lpcxpresso/tools/bin/../lib/gcc/arm-none-eabi/4.8.3/../../../../arm-none-eabi/lib/armv7e-m/softfp/libc.a(lib_a-errno.o)
                0x1a009490                __errno
 *(.rodata .rodata.* .constdata .constdata.*)
 .rodata.MyMAC  0x1a00949c        0x8 ./src/Emac/src/tcpip.o
                0x1a00949c                MyMAC
 .rodata.GetResponse
                0x1a0094a4       0x30 ./src/Emac/src/webserver.o
                0x1a0094a4                GetResponse
 .rodata.MyIP   0x1a0094d4        0x4 ./src/Emac/src/webserver.o
                0x1a0094d4                MyIP
 .rodata.SubnetMask
                0x1a0094d8        0x4 ./src/Emac/src/webserver.o
                0x1a0094d8                SubnetMask
 .rodata.GatewayIP
                0x1a0094dc        0x4 ./src/Emac/src/webserver.o
                0x1a0094dc                GatewayIP
 .rodata.WebSide
                0x1a0094e0     0x2d7c ./src/Emac/src/webserver.o
                0x1a0094e0                WebSide
 .rodata        0x1a00c25c       0x74 ./src/Emac/src/webserver.o
 .rodata        0x1a00c2d0       0x20 ./src/database.o
 .rodata        0x1a00c2f0       0x48 ./src/main.o
 .rodata.str1.4
                0x1a00c338       0x15 /home/pablo/Documents/CIAA-Repositories/EOPT/workspace/CMSIS_LPC43xx_DriverLib/Debug/libCMSIS_LPC43xx_DriverLib.a(lpc43xx_adc.o)
                                 0x18 (size before relaxing)
 *fill*         0x1a00c34d        0x3 
 .rodata.CGU_PERIPHERAL_Info
                0x1a00c350      0x190 /home/pablo/Documents/CIAA-Repositories/EOPT/workspace/CMSIS_LPC43xx_DriverLib/Debug/libCMSIS_LPC43xx_DriverLib.a(lpc43xx_cgu.o)
                0x1a00c350                CGU_PERIPHERAL_Info
 .rodata.CGU_Entity_ControlReg_Offset
                0x1a00c4e0       0x5c /home/pablo/Documents/CIAA-Repositories/EOPT/workspace/CMSIS_LPC43xx_DriverLib/Debug/libCMSIS_LPC43xx_DriverLib.a(lpc43xx_cgu.o)
                0x1a00c4e0                CGU_Entity_ControlReg_Offset
 .rodata.CGU_ConnectAlloc_Tbl
                0x1a00c53c      0x300 /home/pablo/Documents/CIAA-Repositories/EOPT/workspace/CMSIS_LPC43xx_DriverLib/Debug/libCMSIS_LPC43xx_DriverLib.a(lpc43xx_cgu.o)
                0x1a00c53c                CGU_ConnectAlloc_Tbl
 .rodata.str1.4
                0x1a00c83c       0x15 /home/pablo/Documents/CIAA-Repositories/EOPT/workspace/CMSIS_LPC43xx_DriverLib/Debug/libCMSIS_LPC43xx_DriverLib.a(lpc43xx_dac.o)
                                 0x18 (size before relaxing)
 *fill*         0x1a00c851        0x3 
 .rodata.str1.4
                0x1a00c854       0x15 /home/pablo/Documents/CIAA-Repositories/EOPT/workspace/CMSIS_LPC43xx_DriverLib/Debug/libCMSIS_LPC43xx_DriverLib.a(lpc43xx_i2c.o)
                                 0x18 (size before relaxing)
 *fill*         0x1a00c869        0x3 
 .rodata.str1.4
                0x1a00c86c       0x15 /home/pablo/Documents/CIAA-Repositories/EOPT/workspace/CMSIS_LPC43xx_DriverLib/Debug/libCMSIS_LPC43xx_DriverLib.a(lpc43xx_rit.o)
                                 0x18 (size before relaxing)
 *fill*         0x1a00c881        0x3 
 .rodata.str1.4
                0x1a00c884       0x16 /home/pablo/Documents/CIAA-Repositories/EOPT/workspace/CMSIS_LPC43xx_DriverLib/Debug/libCMSIS_LPC43xx_DriverLib.a(lpc43xx_uart.o)
                                 0x18 (size before relaxing)
 *fill*         0x1a00c89a        0x2 
 .rodata.str1.4
                0x1a00c89c        0x2 /usr/local/lpcxpresso_7.2.0_153/lpcxpresso/tools/bin/../lib/gcc/arm-none-eabi/4.8.3/../../../../arm-none-eabi/lib/armv7e-m/softfp/libc.a(lib_a-impure.o)
                                  0x4 (size before relaxing)
 *fill*         0x1a00c89e        0x2 
 .rodata.zeroes.6760
                0x1a00c8a0       0x10 /usr/local/lpcxpresso_7.2.0_153/lpcxpresso/tools/bin/../lib/gcc/arm-none-eabi/4.8.3/../../../../arm-none-eabi/lib/armv7e-m/softfp/libc.a(lib_a-svfprintf.o)
 .rodata.str1.4
                0x1a00c8b0       0x42 /usr/local/lpcxpresso_7.2.0_153/lpcxpresso/tools/bin/../lib/gcc/arm-none-eabi/4.8.3/../../../../arm-none-eabi/lib/armv7e-m/softfp/libc.a(lib_a-svfprintf.o)
                                 0x44 (size before relaxing)
 *fill*         0x1a00c8f2        0x2 
 .rodata.blanks.6759
                0x1a00c8f4       0x10 /usr/local/lpcxpresso_7.2.0_153/lpcxpresso/tools/bin/../lib/gcc/arm-none-eabi/4.8.3/../../../../arm-none-eabi/lib/armv7e-m/softfp/libc.a(lib_a-svfprintf.o)
 .rodata.str1.4
                0x1a00c904       0x10 /usr/local/lpcxpresso_7.2.0_153/lpcxpresso/tools/bin/../lib/gcc/arm-none-eabi/4.8.3/../../../../arm-none-eabi/lib/armv7e-m/softfp/libc.a(lib_a-dtoa.o)
                                 0x14 (size before relaxing)
 .rodata.str1.4
                0x1a00c914        0xc /usr/local/lpcxpresso_7.2.0_153/lpcxpresso/tools/bin/../lib/gcc/arm-none-eabi/4.8.3/../../../../arm-none-eabi/lib/armv7e-m/softfp/libc.a(lib_a-locale.o)
                                 0x14 (size before relaxing)
 .rodata.__mprec_tens
                0x1a00c920       0xc8 /usr/local/lpcxpresso_7.2.0_153/lpcxpresso/tools/bin/../lib/gcc/arm-none-eabi/4.8.3/../../../../arm-none-eabi/lib/armv7e-m/softfp/libc.a(lib_a-mprec.o)
                0x1a00c920                __mprec_tens
 .rodata.__mprec_bigtens
                0x1a00c9e8       0x28 /usr/local/lpcxpresso_7.2.0_153/lpcxpresso/tools/bin/../lib/gcc/arm-none-eabi/4.8.3/../../../../arm-none-eabi/lib/armv7e-m/softfp/libc.a(lib_a-mprec.o)
                0x1a00c9e8                __mprec_bigtens
 .rodata.p05.5266
                0x1a00ca10        0xc /usr/local/lpcxpresso_7.2.0_153/lpcxpresso/tools/bin/../lib/gcc/arm-none-eabi/4.8.3/../../../../arm-none-eabi/lib/armv7e-m/softfp/libc.a(lib_a-mprec.o)
                0x1a00ca1c                . = ALIGN (0x4)

.glue_7         0x1a00ca1c        0x0
 .glue_7        0x00000000        0x0 linker stubs

.glue_7t        0x1a00ca1c        0x0
 .glue_7t       0x00000000        0x0 linker stubs

.vfp11_veneer   0x1a00ca1c        0x0
 .vfp11_veneer  0x00000000        0x0 linker stubs

.v4_bx          0x1a00ca1c        0x0
 .v4_bx         0x00000000        0x0 linker stubs

.iplt           0x1a00ca1c        0x0
 .iplt          0x00000000        0x0 ./src/Emac/src/emac.o

.ARM.extab
 *(.ARM.extab* .gnu.linkonce.armextab.*)
                0x1a00ca1c                __exidx_start = .

.ARM.exidx      0x1a00ca1c        0x8
 *(.ARM.exidx* .gnu.linkonce.armexidx.*)
 .ARM.exidx     0x1a00ca1c        0x8 /usr/local/lpcxpresso_7.2.0_153/lpcxpresso/tools/bin/../lib/gcc/arm-none-eabi/4.8.3/armv7e-m/softfp/libgcc.a(_divdi3.o)
 .ARM.exidx     0x1a00ca24        0x0 /usr/local/lpcxpresso_7.2.0_153/lpcxpresso/tools/bin/../lib/gcc/arm-none-eabi/4.8.3/armv7e-m/softfp/libgcc.a(_udivdi3.o)
                                  0x8 (size before relaxing)
                0x1a00ca24                __exidx_end = .
                0x1a00ca24                _etext = .

.data_RAM2      0x10080000      0x288 load address 0x1a00ca24
 FILL mask 0xff
                0x10080000                __core_m0app_START__ = .
 *(.core_m0app)
 .core_m0app    0x10080000      0x288 /home/pablo/Documents/CIAA-Repositories/EOPT/workspace/CIAA-Demo-M0/Debug/CIAA-Demo-M0.axf.o
                0x10080288                __core_m0app_END__ = .
                0x00000001                ASSERT (! ((__core_m0app_START__ == __core_m0app_END__)), No slave code for _core_m0app)
                0x00000001                ASSERT ((ABSOLUTE (__core_m0app_START__) == __vectors_start___core_m0app), M0APP execute address differs from address provided in source image)
 *(.ramfunc.$RAM2)
 *(.ramfunc.$RamLoc40)
 *(.data.$RAM2*)
 *(.data.$RamLoc40*)
                0x10080288                . = ALIGN (0x4)

.rel.dyn        0x10080288        0x0 load address 0x1a00ccac
 .rel.iplt      0x00000000        0x0 ./src/Emac/src/emac.o

.data_RAM3      0x20000000        0x0 load address 0x1a00ccac
 FILL mask 0xff
 *(.ramfunc.$RAM3)
 *(.ramfunc.$RamAHB32)
 *(.data.$RAM3*)
 *(.data.$RamAHB32*)
                0x20000000                . = ALIGN (0x4)

.data_RAM4      0x20008000        0x0 load address 0x1a00ccac
 FILL mask 0xff
 *(.ramfunc.$RAM4)
 *(.ramfunc.$RamAHB16)
 *(.data.$RAM4*)
 *(.data.$RamAHB16*)
                0x20008000                . = ALIGN (0x4)

.data_RAM5      0x2000c000        0x0 load address 0x1a00ccac
 FILL mask 0xff
 *(.ramfunc.$RAM5)
 *(.ramfunc.$RamAHB_ETB16)
 *(.data.$RAM5*)
 *(.data.$RamAHB_ETB16*)
                0x2000c000                . = ALIGN (0x4)

.uninit_RESERVED
                0x10000000        0x0
 *(.bss.$RESERVED*)
                0x10000000                . = ALIGN (0x4)
                0x10000000                _end_uninit_RESERVED = .

.data           0x10000000      0x8c4 load address 0x1a00ccac
 FILL mask 0xff
                0x10000000                _data = .
 *(vtable)
 *(.ramfunc*)
 *(.data*)
 .data.pTxIn    0x10000000        0x4 ./src/ciaaUART.o
                0x10000000                pTxIn
 .data.pTxOut   0x10000004        0x4 ./src/ciaaUART.o
                0x10000004                pTxOut
 .data.CGU_ClockSourceFrequency
                0x10000008       0x44 /home/pablo/Documents/CIAA-Repositories/EOPT/workspace/CMSIS_LPC43xx_DriverLib/Debug/libCMSIS_LPC43xx_DriverLib.a(lpc43xx_cgu.o)
                0x10000008                CGU_ClockSourceFrequency
 .data.SystemCoreClock
                0x1000004c        0x4 /home/pablo/Documents/CIAA-Repositories/EOPT/workspace/CMSIS_LPC43xx_DriverLib/Debug/libCMSIS_LPC43xx_DriverLib.a(system_LPC43xx.o)
                0x1000004c                SystemCoreClock
 .data.impure_data
                0x10000050      0x428 /usr/local/lpcxpresso_7.2.0_153/lpcxpresso/tools/bin/../lib/gcc/arm-none-eabi/4.8.3/../../../../arm-none-eabi/lib/armv7e-m/softfp/libc.a(lib_a-impure.o)
 .data._impure_ptr
                0x10000478        0x4 /usr/local/lpcxpresso_7.2.0_153/lpcxpresso/tools/bin/../lib/gcc/arm-none-eabi/4.8.3/../../../../arm-none-eabi/lib/armv7e-m/softfp/libc.a(lib_a-impure.o)
                0x10000478                _impure_ptr
 .data.lconv    0x1000047c       0x38 /usr/local/lpcxpresso_7.2.0_153/lpcxpresso/tools/bin/../lib/gcc/arm-none-eabi/4.8.3/../../../../arm-none-eabi/lib/armv7e-m/softfp/libc.a(lib_a-locale.o)
 .data.__malloc_av_
                0x100004b4      0x408 /usr/local/lpcxpresso_7.2.0_153/lpcxpresso/tools/bin/../lib/gcc/arm-none-eabi/4.8.3/../../../../arm-none-eabi/lib/armv7e-m/softfp/libc.a(lib_a-mallocr.o)
                0x100004b4                __malloc_av_
 .data.__malloc_trim_threshold
                0x100008bc        0x4 /usr/local/lpcxpresso_7.2.0_153/lpcxpresso/tools/bin/../lib/gcc/arm-none-eabi/4.8.3/../../../../arm-none-eabi/lib/armv7e-m/softfp/libc.a(lib_a-mallocr.o)
                0x100008bc                __malloc_trim_threshold
 .data.__malloc_sbrk_base
                0x100008c0        0x4 /usr/local/lpcxpresso_7.2.0_153/lpcxpresso/tools/bin/../lib/gcc/arm-none-eabi/4.8.3/../../../../arm-none-eabi/lib/armv7e-m/softfp/libc.a(lib_a-mallocr.o)
                0x100008c0                __malloc_sbrk_base
                0x100008c4                . = ALIGN (0x4)
                0x100008c4                _edata = .

.igot.plt       0x100008c4        0x0 load address 0x1a00d570
 .igot.plt      0x00000000        0x0 ./src/Emac/src/emac.o

.bss_RAM2       0x10080288        0x0
 *(.bss.$RAM2*)
 *(.bss.$RamLoc40*)
                0x10080288                . = ALIGN (0x4)

.bss_RAM3       0x20000000        0x0
 *(.bss.$RAM3*)
 *(.bss.$RamAHB32*)
                0x20000000                . = ALIGN (0x4)

.bss_RAM4       0x20008000        0x0
 *(.bss.$RAM4*)
 *(.bss.$RamAHB16*)
                0x20008000                . = ALIGN (0x4)

.bss_RAM5       0x2000c000        0x0
 *(.bss.$RAM5*)
 *(.bss.$RamAHB_ETB16*)
                0x2000c000                . = ALIGN (0x4)

.bss            0x100008c4     0x12fc
                0x100008c4                _bss = .
 *(.bss*)
 .bss.rptr      0x100008c4        0x4 ./src/Emac/src/emac.o
 .bss.tptr      0x100008c8        0x4 ./src/Emac/src/emac.o
 .bss.TxDescIndex
                0x100008cc        0x4 ./src/Emac/src/emac.o
 .bss.RxDescIndex
                0x100008d0        0x4 ./src/Emac/src/emac.o
 .bss.sendPage.7693
                0x100008d4        0x1 ./src/Emac/src/webserver.o
 *fill*         0x100008d5        0x3 
 .bss.uartRxDataCount
                0x100008d8        0x4 ./src/ciaaUART.o
                0x100008d8                uartRxDataCount
 .bss.registro_count
                0x100008dc        0x4 ./src/database.o
                0x100008dc                registro_count
 .bss.TimeTick.7810
                0x100008e0        0x4 ./src/main.o
 .bss.expectedPLL0AudioFreq
                0x100008e4        0x4 /home/pablo/Documents/CIAA-Repositories/EOPT/workspace/CMSIS_LPC43xx_DriverLib/Debug/libCMSIS_LPC43xx_DriverLib.a(lpc43xx_cgu.o)
                0x100008e4                expectedPLL0AudioFreq
 .bss.expectedPLL0Freq
                0x100008e8        0x4 /home/pablo/Documents/CIAA-Repositories/EOPT/workspace/CMSIS_LPC43xx_DriverLib/Debug/libCMSIS_LPC43xx_DriverLib.a(lpc43xx_cgu.o)
                0x100008e8                expectedPLL0Freq
 .bss.I2C_MasterComplete
                0x100008ec        0xc /home/pablo/Documents/CIAA-Repositories/EOPT/workspace/CMSIS_LPC43xx_DriverLib/Debug/libCMSIS_LPC43xx_DriverLib.a(lpc43xx_i2c.o)
 .bss.i2cdat    0x100008f8       0x18 /home/pablo/Documents/CIAA-Repositories/EOPT/workspace/CMSIS_LPC43xx_DriverLib/Debug/libCMSIS_LPC43xx_DriverLib.a(lpc43xx_i2c.o)
 .bss.__malloc_max_total_mem
                0x10000910        0x4 /usr/local/lpcxpresso_7.2.0_153/lpcxpresso/tools/bin/../lib/gcc/arm-none-eabi/4.8.3/../../../../arm-none-eabi/lib/armv7e-m/softfp/libc.a(lib_a-mallocr.o)
                0x10000910                __malloc_max_total_mem
 .bss.__malloc_max_sbrked_mem
                0x10000914        0x4 /usr/local/lpcxpresso_7.2.0_153/lpcxpresso/tools/bin/../lib/gcc/arm-none-eabi/4.8.3/../../../../arm-none-eabi/lib/armv7e-m/softfp/libc.a(lib_a-mallocr.o)
                0x10000914                __malloc_max_sbrked_mem
 .bss.__malloc_top_pad
                0x10000918        0x4 /usr/local/lpcxpresso_7.2.0_153/lpcxpresso/tools/bin/../lib/gcc/arm-none-eabi/4.8.3/../../../../arm-none-eabi/lib/armv7e-m/softfp/libc.a(lib_a-mallocr.o)
                0x10000918                __malloc_top_pad
 .bss.__malloc_current_mallinfo
                0x1000091c       0x28 /usr/local/lpcxpresso_7.2.0_153/lpcxpresso/tools/bin/../lib/gcc/arm-none-eabi/4.8.3/../../../../arm-none-eabi/lib/armv7e-m/softfp/libc.a(lib_a-mallocr.o)
                0x1000091c                __malloc_current_mallinfo
 *(COMMON)
 COMMON         0x10000944      0x902 ./src/Emac/src/webserver.o
                0x10000944                TCPTimer
                0x10000948                HTTPBytesToSend
                0x1000094c                _db_dec
                0x10000950                TCPRxDataCount
                0x10000954                _db_dec_32
                0x10000958                _db_hex_32
                0x1000095c                _db_dec_16
                0x10000960                HTTPStatus
                0x10000962                TCPTxDataCount
                0x10000964                RecdFrameIP
                0x10000968                RemoteMAC
                0x1000096e                TCPStateMachine
                0x10000970                TCPUNASeqNr
                0x10000974                TCPLocalPort
                0x10000978                _RxTCPBuffer
                0x10000d78                _db_msg
                0x10000d7c                TCPFlags
                0x10000d80                RecdFrameMAC
                0x10000d88                _db_get_char
                0x10000d8c                _db_msg_
                0x10000d90                RecdIPFrameLength
                0x10000d94                _db_char
                0x10000d98                PWebSide
                0x10000d9c                RemoteIP
                0x10000da0                _db_hex
                0x10000da4                LastFrameSent
                0x10000da6                TCPRemotePort
                0x10000da8                TxFrame2Size
                0x10000dac                TCPAckNr
                0x10000db0                TransmitControl
                0x10000db2                TxFrame1Size
                0x10000db4                ISNGenHigh
                0x10000db8                _TxFrame2
                0x10000e02                RecdFrameLength
                0x10000e04                _db_hex_16
                0x10000e08                _TxFrame1
                0x10001240                TCPSeqNr
                0x10001244                RetryCounter
                0x10001245                SocketStatus
 *fill*         0x10001246        0x2 
 COMMON         0x10001248        0x8 ./src/ciaaAIN.o
                0x10001248                current_in
 COMMON         0x10001250      0x800 ./src/ciaaUART.o
                0x10001250                uartRxBuf
                0x10001650                uartTxBuf
 COMMON         0x10001a50      0x15e ./src/database.o
                0x10001a50                registro
                0x10001ba4                currentUID
 *fill*         0x10001bae        0x2 
 COMMON         0x10001bb0        0x8 ./src/main.o
                0x10001bb0                msec
                0x10001bb4                wiegandTimeout
 COMMON         0x10001bb8        0x4 /usr/local/lpcxpresso_7.2.0_153/lpcxpresso/tools/bin/../lib/gcc/arm-none-eabi/4.8.3/../../../../arm-none-eabi/lib/armv7e-m/softfp/libc.a(lib_a-reent.o)
                0x10001bb8                errno
 COMMON         0x10001bbc        0x4 /usr/local/lpcxpresso_7.2.0_153/lpcxpresso/tools/bin/../lib/gcc/arm-none-eabi/4.8.3/../../../../arm-none-eabi/lib/armv7e-m/softfp/libcr_newlib_nohost.a(_cr_sbrk.o)
                0x10001bbc                __end_of_heap
                0x10001bc0                . = ALIGN (0x4)
                0x10001bc0                _ebss = .
                0x10001bc0                PROVIDE (end, .)

.noinit_RAM2    0x10080288        0x0
 *(.noinit.$RAM2*)
 *(.noinit.$RamLoc40*)
                0x10080288                . = ALIGN (0x4)

.noinit_RAM3    0x20000000        0x0
 *(.noinit.$RAM3*)
 *(.noinit.$RamAHB32*)
                0x20000000                . = ALIGN (0x4)

.noinit_RAM4    0x20008000        0x0
 *(.noinit.$RAM4*)
 *(.noinit.$RamAHB16*)
                0x20008000                . = ALIGN (0x4)

.noinit_RAM5    0x2000c000        0x0
 *(.noinit.$RAM5*)
 *(.noinit.$RamAHB_ETB16*)
                0x2000c000                . = ALIGN (0x4)

.noinit         0x10001bc0        0x0
                0x10001bc0                _noinit = .
 *(.noinit*)
                0x10001bc0                . = ALIGN (0x4)
                0x10001bc0                _end_noinit = .
                0x10001bc0                PROVIDE (_pvHeapStart, .)
                0x10008000                PROVIDE (_vStackTop, (__top_RamLoc32 - 0x0))
OUTPUT(CIAA-Demo.axf elf32-littlearm)

.debug_info     0x00000000     0xcaa5
 .debug_info    0x00000000      0xd5b ./src/Emac/src/emac.o
 .debug_info    0x00000d5b      0x69f ./src/Emac/src/tcpip.o
 .debug_info    0x000013fa     0x115f ./src/Emac/src/webserver.o
 .debug_info    0x00002559      0x639 ./src/ciaaAIN.o
 .debug_info    0x00002b92      0x19e ./src/ciaaAOUT.o
 .debug_info    0x00002d30      0x37b ./src/ciaaI2C.o
 .debug_info    0x000030ab      0x140 ./src/ciaaIO.o
 .debug_info    0x000031eb      0x8db ./src/ciaaUART.o
 .debug_info    0x00003ac6      0x159 ./src/cr_start_m0.o
 .debug_info    0x00003c1f      0x2e6 ./src/cr_startup_lpc43xx.o
 .debug_info    0x00003f05       0x3f ./src/crp.o
 .debug_info    0x00003f44      0x2b8 ./src/database.o
 .debug_info    0x000041fc      0xb8d ./src/main.o
 .debug_info    0x00004d89      0x8ac /home/pablo/Documents/CIAA-Repositories/EOPT/workspace/CMSIS_LPC43xx_DriverLib/Debug/libCMSIS_LPC43xx_DriverLib.a(lpc43xx_adc.o)
 .debug_info    0x00005635     0x1e10 /home/pablo/Documents/CIAA-Repositories/EOPT/workspace/CMSIS_LPC43xx_DriverLib/Debug/libCMSIS_LPC43xx_DriverLib.a(lpc43xx_cgu.o)
 .debug_info    0x00007445      0x436 /home/pablo/Documents/CIAA-Repositories/EOPT/workspace/CMSIS_LPC43xx_DriverLib/Debug/libCMSIS_LPC43xx_DriverLib.a(lpc43xx_dac.o)
 .debug_info    0x0000787b      0x4b6 /home/pablo/Documents/CIAA-Repositories/EOPT/workspace/CMSIS_LPC43xx_DriverLib/Debug/libCMSIS_LPC43xx_DriverLib.a(lpc43xx_gpio.o)
 .debug_info    0x00007d31     0x20f9 /home/pablo/Documents/CIAA-Repositories/EOPT/workspace/CMSIS_LPC43xx_DriverLib/Debug/libCMSIS_LPC43xx_DriverLib.a(lpc43xx_i2c.o)
 .debug_info    0x00009e2a      0x6c3 /home/pablo/Documents/CIAA-Repositories/EOPT/workspace/CMSIS_LPC43xx_DriverLib/Debug/libCMSIS_LPC43xx_DriverLib.a(lpc43xx_rgu.o)
 .debug_info    0x0000a4ed      0x49c /home/pablo/Documents/CIAA-Repositories/EOPT/workspace/CMSIS_LPC43xx_DriverLib/Debug/libCMSIS_LPC43xx_DriverLib.a(lpc43xx_rit.o)
 .debug_info    0x0000a989      0x113 /home/pablo/Documents/CIAA-Repositories/EOPT/workspace/CMSIS_LPC43xx_DriverLib/Debug/libCMSIS_LPC43xx_DriverLib.a(lpc43xx_scu.o)
 .debug_info    0x0000aa9c     0x18fa /home/pablo/Documents/CIAA-Repositories/EOPT/workspace/CMSIS_LPC43xx_DriverLib/Debug/libCMSIS_LPC43xx_DriverLib.a(lpc43xx_uart.o)
 .debug_info    0x0000c396      0x560 /home/pablo/Documents/CIAA-Repositories/EOPT/workspace/CMSIS_LPC43xx_DriverLib/Debug/libCMSIS_LPC43xx_DriverLib.a(system_LPC43xx.o)
 .debug_info    0x0000c8f6      0x12d /usr/local/lpcxpresso_7.2.0_153/lpcxpresso/tools/bin/../lib/gcc/arm-none-eabi/4.8.3/../../../../arm-none-eabi/lib/armv7e-m/softfp/libcr_newlib_nohost.a(_cr_sbrk.o)
 .debug_info    0x0000ca23       0x82 /usr/local/lpcxpresso_7.2.0_153/lpcxpresso/tools/bin/../lib/gcc/arm-none-eabi/4.8.3/../../../../arm-none-eabi/lib/armv7e-m/softfp/libcr_newlib_nohost.a(_cr_check_heap.o)

.debug_abbrev   0x00000000     0x2431
 .debug_abbrev  0x00000000      0x221 ./src/Emac/src/emac.o
 .debug_abbrev  0x00000221      0x1e8 ./src/Emac/src/tcpip.o
 .debug_abbrev  0x00000409      0x279 ./src/Emac/src/webserver.o
 .debug_abbrev  0x00000682      0x171 ./src/ciaaAIN.o
 .debug_abbrev  0x000007f3       0xde ./src/ciaaAOUT.o
 .debug_abbrev  0x000008d1      0x146 ./src/ciaaI2C.o
 .debug_abbrev  0x00000a17       0xb1 ./src/ciaaIO.o
 .debug_abbrev  0x00000ac8      0x1c4 ./src/ciaaUART.o
 .debug_abbrev  0x00000c8c       0x9a ./src/cr_start_m0.o
 .debug_abbrev  0x00000d26      0x13a ./src/cr_startup_lpc43xx.o
 .debug_abbrev  0x00000e60       0x36 ./src/crp.o
 .debug_abbrev  0x00000e96      0x142 ./src/database.o
 .debug_abbrev  0x00000fd8      0x24b ./src/main.o
 .debug_abbrev  0x00001223      0x18e /home/pablo/Documents/CIAA-Repositories/EOPT/workspace/CMSIS_LPC43xx_DriverLib/Debug/libCMSIS_LPC43xx_DriverLib.a(lpc43xx_adc.o)
 .debug_abbrev  0x000013b1      0x29c /home/pablo/Documents/CIAA-Repositories/EOPT/workspace/CMSIS_LPC43xx_DriverLib/Debug/libCMSIS_LPC43xx_DriverLib.a(lpc43xx_cgu.o)
 .debug_abbrev  0x0000164d      0x14e /home/pablo/Documents/CIAA-Repositories/EOPT/workspace/CMSIS_LPC43xx_DriverLib/Debug/libCMSIS_LPC43xx_DriverLib.a(lpc43xx_dac.o)
 .debug_abbrev  0x0000179b      0x169 /home/pablo/Documents/CIAA-Repositories/EOPT/workspace/CMSIS_LPC43xx_DriverLib/Debug/libCMSIS_LPC43xx_DriverLib.a(lpc43xx_gpio.o)
 .debug_abbrev  0x00001904      0x330 /home/pablo/Documents/CIAA-Repositories/EOPT/workspace/CMSIS_LPC43xx_DriverLib/Debug/libCMSIS_LPC43xx_DriverLib.a(lpc43xx_i2c.o)
 .debug_abbrev  0x00001c34      0x11c /home/pablo/Documents/CIAA-Repositories/EOPT/workspace/CMSIS_LPC43xx_DriverLib/Debug/libCMSIS_LPC43xx_DriverLib.a(lpc43xx_rgu.o)
 .debug_abbrev  0x00001d50      0x148 /home/pablo/Documents/CIAA-Repositories/EOPT/workspace/CMSIS_LPC43xx_DriverLib/Debug/libCMSIS_LPC43xx_DriverLib.a(lpc43xx_rit.o)
 .debug_abbrev  0x00001e98       0xb1 /home/pablo/Documents/CIAA-Repositories/EOPT/workspace/CMSIS_LPC43xx_DriverLib/Debug/libCMSIS_LPC43xx_DriverLib.a(lpc43xx_scu.o)
 .debug_abbrev  0x00001f49      0x243 /home/pablo/Documents/CIAA-Repositories/EOPT/workspace/CMSIS_LPC43xx_DriverLib/Debug/libCMSIS_LPC43xx_DriverLib.a(lpc43xx_uart.o)
 .debug_abbrev  0x0000218c      0x13c /home/pablo/Documents/CIAA-Repositories/EOPT/workspace/CMSIS_LPC43xx_DriverLib/Debug/libCMSIS_LPC43xx_DriverLib.a(system_LPC43xx.o)
 .debug_abbrev  0x000022c8       0xf6 /usr/local/lpcxpresso_7.2.0_153/lpcxpresso/tools/bin/../lib/gcc/arm-none-eabi/4.8.3/../../../../arm-none-eabi/lib/armv7e-m/softfp/libcr_newlib_nohost.a(_cr_sbrk.o)
 .debug_abbrev  0x000023be       0x73 /usr/local/lpcxpresso_7.2.0_153/lpcxpresso/tools/bin/../lib/gcc/arm-none-eabi/4.8.3/../../../../arm-none-eabi/lib/armv7e-m/softfp/libcr_newlib_nohost.a(_cr_check_heap.o)

.debug_aranges  0x00000000      0x8d0
 .debug_aranges
                0x00000000       0x98 ./src/Emac/src/emac.o
 .debug_aranges
                0x00000098      0x108 ./src/Emac/src/tcpip.o
 .debug_aranges
                0x000001a0       0x38 ./src/Emac/src/webserver.o
 .debug_aranges
                0x000001d8       0x38 ./src/ciaaAIN.o
 .debug_aranges
                0x00000210       0x28 ./src/ciaaAOUT.o
 .debug_aranges
                0x00000238       0x30 ./src/ciaaI2C.o
 .debug_aranges
                0x00000268       0x30 ./src/ciaaIO.o
 .debug_aranges
                0x00000298       0x40 ./src/ciaaUART.o
 .debug_aranges
                0x000002d8       0x30 ./src/cr_start_m0.o
 .debug_aranges
                0x00000308       0x80 ./src/cr_startup_lpc43xx.o
 .debug_aranges
                0x00000388       0x18 ./src/crp.o
 .debug_aranges
                0x000003a0       0x40 ./src/database.o
 .debug_aranges
                0x000003e0       0x80 ./src/main.o
 .debug_aranges
                0x00000460       0x78 /home/pablo/Documents/CIAA-Repositories/EOPT/workspace/CMSIS_LPC43xx_DriverLib/Debug/libCMSIS_LPC43xx_DriverLib.a(lpc43xx_adc.o)
 .debug_aranges
                0x000004d8       0xb8 /home/pablo/Documents/CIAA-Repositories/EOPT/workspace/CMSIS_LPC43xx_DriverLib/Debug/libCMSIS_LPC43xx_DriverLib.a(lpc43xx_cgu.o)
 .debug_aranges
                0x00000590       0x40 /home/pablo/Documents/CIAA-Repositories/EOPT/workspace/CMSIS_LPC43xx_DriverLib/Debug/libCMSIS_LPC43xx_DriverLib.a(lpc43xx_dac.o)
 .debug_aranges
                0x000005d0       0x60 /home/pablo/Documents/CIAA-Repositories/EOPT/workspace/CMSIS_LPC43xx_DriverLib/Debug/libCMSIS_LPC43xx_DriverLib.a(lpc43xx_gpio.o)
 .debug_aranges
                0x00000630       0xb8 /home/pablo/Documents/CIAA-Repositories/EOPT/workspace/CMSIS_LPC43xx_DriverLib/Debug/libCMSIS_LPC43xx_DriverLib.a(lpc43xx_i2c.o)
 .debug_aranges
                0x000006e8       0x30 /home/pablo/Documents/CIAA-Repositories/EOPT/workspace/CMSIS_LPC43xx_DriverLib/Debug/libCMSIS_LPC43xx_DriverLib.a(lpc43xx_rgu.o)
 .debug_aranges
                0x00000718       0x48 /home/pablo/Documents/CIAA-Repositories/EOPT/workspace/CMSIS_LPC43xx_DriverLib/Debug/libCMSIS_LPC43xx_DriverLib.a(lpc43xx_rit.o)
 .debug_aranges
                0x00000760       0x20 /home/pablo/Documents/CIAA-Repositories/EOPT/workspace/CMSIS_LPC43xx_DriverLib/Debug/libCMSIS_LPC43xx_DriverLib.a(lpc43xx_scu.o)
 .debug_aranges
                0x00000780       0xf0 /home/pablo/Documents/CIAA-Repositories/EOPT/workspace/CMSIS_LPC43xx_DriverLib/Debug/libCMSIS_LPC43xx_DriverLib.a(lpc43xx_uart.o)
 .debug_aranges
                0x00000870       0x20 /home/pablo/Documents/CIAA-Repositories/EOPT/workspace/CMSIS_LPC43xx_DriverLib/Debug/libCMSIS_LPC43xx_DriverLib.a(system_LPC43xx.o)
 .debug_aranges
                0x00000890       0x20 /usr/local/lpcxpresso_7.2.0_153/lpcxpresso/tools/bin/../lib/gcc/arm-none-eabi/4.8.3/../../../../arm-none-eabi/lib/armv7e-m/softfp/libcr_newlib_nohost.a(_cr_sbrk.o)
 .debug_aranges
                0x000008b0       0x20 /usr/local/lpcxpresso_7.2.0_153/lpcxpresso/tools/bin/../lib/gcc/arm-none-eabi/4.8.3/../../../../arm-none-eabi/lib/armv7e-m/softfp/libcr_newlib_nohost.a(_cr_check_heap.o)

.debug_ranges   0x00000000      0x738
 .debug_ranges  0x00000000       0x88 ./src/Emac/src/emac.o
 .debug_ranges  0x00000088       0xf8 ./src/Emac/src/tcpip.o
 .debug_ranges  0x00000180       0x28 ./src/Emac/src/webserver.o
 .debug_ranges  0x000001a8       0x28 ./src/ciaaAIN.o
 .debug_ranges  0x000001d0       0x18 ./src/ciaaAOUT.o
 .debug_ranges  0x000001e8       0x20 ./src/ciaaI2C.o
 .debug_ranges  0x00000208       0x20 ./src/ciaaIO.o
 .debug_ranges  0x00000228       0x30 ./src/ciaaUART.o
 .debug_ranges  0x00000258       0x20 ./src/cr_start_m0.o
 .debug_ranges  0x00000278       0x70 ./src/cr_startup_lpc43xx.o
 .debug_ranges  0x000002e8       0x30 ./src/database.o
 .debug_ranges  0x00000318       0x70 ./src/main.o
 .debug_ranges  0x00000388       0x68 /home/pablo/Documents/CIAA-Repositories/EOPT/workspace/CMSIS_LPC43xx_DriverLib/Debug/libCMSIS_LPC43xx_DriverLib.a(lpc43xx_adc.o)
 .debug_ranges  0x000003f0       0xa8 /home/pablo/Documents/CIAA-Repositories/EOPT/workspace/CMSIS_LPC43xx_DriverLib/Debug/libCMSIS_LPC43xx_DriverLib.a(lpc43xx_cgu.o)
 .debug_ranges  0x00000498       0x30 /home/pablo/Documents/CIAA-Repositories/EOPT/workspace/CMSIS_LPC43xx_DriverLib/Debug/libCMSIS_LPC43xx_DriverLib.a(lpc43xx_dac.o)
 .debug_ranges  0x000004c8       0x50 /home/pablo/Documents/CIAA-Repositories/EOPT/workspace/CMSIS_LPC43xx_DriverLib/Debug/libCMSIS_LPC43xx_DriverLib.a(lpc43xx_gpio.o)
 .debug_ranges  0x00000518       0xa8 /home/pablo/Documents/CIAA-Repositories/EOPT/workspace/CMSIS_LPC43xx_DriverLib/Debug/libCMSIS_LPC43xx_DriverLib.a(lpc43xx_i2c.o)
 .debug_ranges  0x000005c0       0x20 /home/pablo/Documents/CIAA-Repositories/EOPT/workspace/CMSIS_LPC43xx_DriverLib/Debug/libCMSIS_LPC43xx_DriverLib.a(lpc43xx_rgu.o)
 .debug_ranges  0x000005e0       0x38 /home/pablo/Documents/CIAA-Repositories/EOPT/workspace/CMSIS_LPC43xx_DriverLib/Debug/libCMSIS_LPC43xx_DriverLib.a(lpc43xx_rit.o)
 .debug_ranges  0x00000618       0x10 /home/pablo/Documents/CIAA-Repositories/EOPT/workspace/CMSIS_LPC43xx_DriverLib/Debug/libCMSIS_LPC43xx_DriverLib.a(lpc43xx_scu.o)
 .debug_ranges  0x00000628       0xe0 /home/pablo/Documents/CIAA-Repositories/EOPT/workspace/CMSIS_LPC43xx_DriverLib/Debug/libCMSIS_LPC43xx_DriverLib.a(lpc43xx_uart.o)
 .debug_ranges  0x00000708       0x10 /home/pablo/Documents/CIAA-Repositories/EOPT/workspace/CMSIS_LPC43xx_DriverLib/Debug/libCMSIS_LPC43xx_DriverLib.a(system_LPC43xx.o)
 .debug_ranges  0x00000718       0x10 /usr/local/lpcxpresso_7.2.0_153/lpcxpresso/tools/bin/../lib/gcc/arm-none-eabi/4.8.3/../../../../arm-none-eabi/lib/armv7e-m/softfp/libcr_newlib_nohost.a(_cr_sbrk.o)
 .debug_ranges  0x00000728       0x10 /usr/local/lpcxpresso_7.2.0_153/lpcxpresso/tools/bin/../lib/gcc/arm-none-eabi/4.8.3/../../../../arm-none-eabi/lib/armv7e-m/softfp/libcr_newlib_nohost.a(_cr_check_heap.o)

.debug_macro    0x00000000     0x6c4d
 .debug_macro   0x00000000       0xc2 ./src/Emac/src/emac.o
 .debug_macro   0x000000c2      0x880 ./src/Emac/src/emac.o
 .debug_macro   0x00000942      0x259 ./src/Emac/src/emac.o
 .debug_macro   0x00000b9b      0x2d7 ./src/Emac/src/emac.o
 .debug_macro   0x00000e72       0x2d ./src/Emac/src/emac.o
 .debug_macro   0x00000e9f       0x3b ./src/Emac/src/emac.o
 .debug_macro   0x00000eda       0x16 ./src/Emac/src/emac.o
 .debug_macro   0x00000ef0       0x44 ./src/Emac/src/emac.o
 .debug_macro   0x00000f34      0x209 ./src/Emac/src/emac.o
 .debug_macro   0x0000113d       0x2d ./src/Emac/src/emac.o
 .debug_macro   0x0000116a       0x42 ./src/Emac/src/emac.o
 .debug_macro   0x000011ac      0xd39 ./src/Emac/src/emac.o
 .debug_macro   0x00001ee5      0x329 ./src/Emac/src/emac.o
 .debug_macro   0x0000220e      0x118 ./src/Emac/src/emac.o
 .debug_macro   0x00002326       0x6d ./src/Emac/src/emac.o
 .debug_macro   0x00002393       0xe2 ./src/Emac/src/tcpip.o
 .debug_macro   0x00002475       0x58 ./src/Emac/src/tcpip.o
 .debug_macro   0x000024cd       0x35 ./src/Emac/src/tcpip.o
 .debug_macro   0x00002502       0xa2 ./src/Emac/src/tcpip.o
 .debug_macro   0x000025a4      0x166 ./src/Emac/src/tcpip.o
 .debug_macro   0x0000270a       0x4a ./src/Emac/src/tcpip.o
 .debug_macro   0x00002754       0x52 ./src/Emac/src/tcpip.o
 .debug_macro   0x000027a6       0x16 ./src/Emac/src/tcpip.o
 .debug_macro   0x000027bc       0x43 ./src/Emac/src/tcpip.o
 .debug_macro   0x000027ff      0x180 ./src/Emac/src/tcpip.o
 .debug_macro   0x0000297f      0x2a6 ./src/Emac/src/tcpip.o
 .debug_macro   0x00002c25       0x10 ./src/Emac/src/tcpip.o
 .debug_macro   0x00002c35       0x35 ./src/Emac/src/tcpip.o
 .debug_macro   0x00002c6a       0x1f ./src/Emac/src/tcpip.o
 .debug_macro   0x00002c89      0x211 ./src/Emac/src/webserver.o
 .debug_macro   0x00002e9a       0x22 ./src/Emac/src/webserver.o
 .debug_macro   0x00002ebc       0x4c ./src/Emac/src/webserver.o
 .debug_macro   0x00002f08      0x194 ./src/Emac/src/webserver.o
 .debug_macro   0x0000309c       0x16 ./src/Emac/src/webserver.o
 .debug_macro   0x000030b2       0x1c ./src/Emac/src/webserver.o
 .debug_macro   0x000030ce       0x10 ./src/Emac/src/webserver.o
 .debug_macro   0x000030de       0x10 ./src/Emac/src/webserver.o
 .debug_macro   0x000030ee       0x22 ./src/Emac/src/webserver.o
 .debug_macro   0x00003110       0xbd ./src/Emac/src/webserver.o
 .debug_macro   0x000031cd       0x16 ./src/Emac/src/webserver.o
 .debug_macro   0x000031e3      0x16c ./src/Emac/src/webserver.o
 .debug_macro   0x0000334f      0x3ad ./src/Emac/src/webserver.o
 .debug_macro   0x000036fc       0x64 ./src/Emac/src/webserver.o
 .debug_macro   0x00003760       0x1c ./src/Emac/src/webserver.o
 .debug_macro   0x0000377c       0x10 ./src/Emac/src/webserver.o
 .debug_macro   0x0000378c       0xac ./src/ciaaAIN.o
 .debug_macro   0x00003838       0xef ./src/ciaaAIN.o
 .debug_macro   0x00003927       0xac ./src/ciaaAOUT.o
 .debug_macro   0x000039d3       0x3a ./src/ciaaAOUT.o
 .debug_macro   0x00003a0d       0xac ./src/ciaaI2C.o
 .debug_macro   0x00003ab9      0x18e ./src/ciaaI2C.o
 .debug_macro   0x00003c47       0xba ./src/ciaaIO.o
 .debug_macro   0x00003d01      0x17e ./src/ciaaUART.o
 .debug_macro   0x00003e7f       0x6f ./src/cr_start_m0.o
 .debug_macro   0x00003eee       0x16 ./src/cr_start_m0.o
 .debug_macro   0x00003f04       0x1d ./src/cr_startup_lpc43xx.o
 .debug_macro   0x00003f21      0x886 ./src/cr_startup_lpc43xx.o
 .debug_macro   0x000047a7       0x1a ./src/crp.o
 .debug_macro   0x000047c1       0x34 ./src/crp.o
 .debug_macro   0x000047f5      0x1ba ./src/database.o
 .debug_macro   0x000049af       0x16 ./src/database.o
 .debug_macro   0x000049c5       0x97 ./src/database.o
 .debug_macro   0x00004a5c       0xef ./src/database.o
 .debug_macro   0x00004b4b       0x66 ./src/database.o
 .debug_macro   0x00004bb1      0x3a7 ./src/database.o
 .debug_macro   0x00004f58      0x268 ./src/main.o
 .debug_macro   0x000051c0       0x82 ./src/main.o
 .debug_macro   0x00005242       0x28 ./src/main.o
 .debug_macro   0x0000526a       0x10 ./src/main.o
 .debug_macro   0x0000527a       0x40 ./src/main.o
 .debug_macro   0x000052ba       0xf5 ./src/main.o
 .debug_macro   0x000053af       0x40 ./src/main.o
 .debug_macro   0x000053ef       0xae /home/pablo/Documents/CIAA-Repositories/EOPT/workspace/CMSIS_LPC43xx_DriverLib/Debug/libCMSIS_LPC43xx_DriverLib.a(lpc43xx_adc.o)
 .debug_macro   0x0000549d      0x874 /home/pablo/Documents/CIAA-Repositories/EOPT/workspace/CMSIS_LPC43xx_DriverLib/Debug/libCMSIS_LPC43xx_DriverLib.a(lpc43xx_adc.o)
 .debug_macro   0x00005d11       0x10 /home/pablo/Documents/CIAA-Repositories/EOPT/workspace/CMSIS_LPC43xx_DriverLib/Debug/libCMSIS_LPC43xx_DriverLib.a(lpc43xx_adc.o)
 .debug_macro   0x00005d21      0x122 /home/pablo/Documents/CIAA-Repositories/EOPT/workspace/CMSIS_LPC43xx_DriverLib/Debug/libCMSIS_LPC43xx_DriverLib.a(lpc43xx_adc.o)
 .debug_macro   0x00005e43      0x5b9 /home/pablo/Documents/CIAA-Repositories/EOPT/workspace/CMSIS_LPC43xx_DriverLib/Debug/libCMSIS_LPC43xx_DriverLib.a(lpc43xx_adc.o)
 .debug_macro   0x000063fc       0xfe /home/pablo/Documents/CIAA-Repositories/EOPT/workspace/CMSIS_LPC43xx_DriverLib/Debug/libCMSIS_LPC43xx_DriverLib.a(lpc43xx_adc.o)
 .debug_macro   0x000064fa      0x11c /home/pablo/Documents/CIAA-Repositories/EOPT/workspace/CMSIS_LPC43xx_DriverLib/Debug/libCMSIS_LPC43xx_DriverLib.a(lpc43xx_cgu.o)
 .debug_macro   0x00006616       0x67 /home/pablo/Documents/CIAA-Repositories/EOPT/workspace/CMSIS_LPC43xx_DriverLib/Debug/libCMSIS_LPC43xx_DriverLib.a(lpc43xx_cgu.o)
 .debug_macro   0x0000667d       0x46 /home/pablo/Documents/CIAA-Repositories/EOPT/workspace/CMSIS_LPC43xx_DriverLib/Debug/libCMSIS_LPC43xx_DriverLib.a(lpc43xx_cgu.o)
 .debug_macro   0x000066c3       0xae /home/pablo/Documents/CIAA-Repositories/EOPT/workspace/CMSIS_LPC43xx_DriverLib/Debug/libCMSIS_LPC43xx_DriverLib.a(lpc43xx_dac.o)
 .debug_macro   0x00006771       0xa4 /home/pablo/Documents/CIAA-Repositories/EOPT/workspace/CMSIS_LPC43xx_DriverLib/Debug/libCMSIS_LPC43xx_DriverLib.a(lpc43xx_gpio.o)
 .debug_macro   0x00006815       0xcf /home/pablo/Documents/CIAA-Repositories/EOPT/workspace/CMSIS_LPC43xx_DriverLib/Debug/libCMSIS_LPC43xx_DriverLib.a(lpc43xx_i2c.o)
 .debug_macro   0x000068e4       0xa9 /home/pablo/Documents/CIAA-Repositories/EOPT/workspace/CMSIS_LPC43xx_DriverLib/Debug/libCMSIS_LPC43xx_DriverLib.a(lpc43xx_rgu.o)
 .debug_macro   0x0000698d       0xae /home/pablo/Documents/CIAA-Repositories/EOPT/workspace/CMSIS_LPC43xx_DriverLib/Debug/libCMSIS_LPC43xx_DriverLib.a(lpc43xx_rit.o)
 .debug_macro   0x00006a3b       0x22 /home/pablo/Documents/CIAA-Repositories/EOPT/workspace/CMSIS_LPC43xx_DriverLib/Debug/libCMSIS_LPC43xx_DriverLib.a(lpc43xx_rit.o)
 .debug_macro   0x00006a5d       0x96 /home/pablo/Documents/CIAA-Repositories/EOPT/workspace/CMSIS_LPC43xx_DriverLib/Debug/libCMSIS_LPC43xx_DriverLib.a(lpc43xx_scu.o)
 .debug_macro   0x00006af3       0xae /home/pablo/Documents/CIAA-Repositories/EOPT/workspace/CMSIS_LPC43xx_DriverLib/Debug/libCMSIS_LPC43xx_DriverLib.a(lpc43xx_uart.o)
 .debug_macro   0x00006ba1       0xac /home/pablo/Documents/CIAA-Repositories/EOPT/workspace/CMSIS_LPC43xx_DriverLib/Debug/libCMSIS_LPC43xx_DriverLib.a(system_LPC43xx.o)

.debug_line     0x00000000     0x5782
 .debug_line    0x00000000      0x50a ./src/Emac/src/emac.o
 .debug_line    0x0000050a      0x6fc ./src/Emac/src/tcpip.o
 .debug_line    0x00000c06      0x5ad ./src/Emac/src/webserver.o
 .debug_line    0x000011b3      0x2ea ./src/ciaaAIN.o
 .debug_line    0x0000149d      0x2b7 ./src/ciaaAOUT.o
 .debug_line    0x00001754      0x2c8 ./src/ciaaI2C.o
 .debug_line    0x00001a1c      0x2ea ./src/ciaaIO.o
 .debug_line    0x00001d06      0x439 ./src/ciaaUART.o
 .debug_line    0x0000213f      0x21e ./src/cr_start_m0.o
 .debug_line    0x0000235d       0xbb ./src/cr_startup_lpc43xx.o
 .debug_line    0x00002418       0x81 ./src/crp.o
 .debug_line    0x00002499      0x4d9 ./src/database.o
 .debug_line    0x00002972      0x7bc ./src/main.o
 .debug_line    0x0000312e      0x37e /home/pablo/Documents/CIAA-Repositories/EOPT/workspace/CMSIS_LPC43xx_DriverLib/Debug/libCMSIS_LPC43xx_DriverLib.a(lpc43xx_adc.o)
 .debug_line    0x000034ac      0x667 /home/pablo/Documents/CIAA-Repositories/EOPT/workspace/CMSIS_LPC43xx_DriverLib/Debug/libCMSIS_LPC43xx_DriverLib.a(lpc43xx_cgu.o)
 .debug_line    0x00003b13      0x288 /home/pablo/Documents/CIAA-Repositories/EOPT/workspace/CMSIS_LPC43xx_DriverLib/Debug/libCMSIS_LPC43xx_DriverLib.a(lpc43xx_dac.o)
 .debug_line    0x00003d9b      0x290 /home/pablo/Documents/CIAA-Repositories/EOPT/workspace/CMSIS_LPC43xx_DriverLib/Debug/libCMSIS_LPC43xx_DriverLib.a(lpc43xx_gpio.o)
 .debug_line    0x0000402b      0x60f /home/pablo/Documents/CIAA-Repositories/EOPT/workspace/CMSIS_LPC43xx_DriverLib/Debug/libCMSIS_LPC43xx_DriverLib.a(lpc43xx_i2c.o)
 .debug_line    0x0000463a      0x25a /home/pablo/Documents/CIAA-Repositories/EOPT/workspace/CMSIS_LPC43xx_DriverLib/Debug/libCMSIS_LPC43xx_DriverLib.a(lpc43xx_rgu.o)
 .debug_line    0x00004894      0x2bf /home/pablo/Documents/CIAA-Repositories/EOPT/workspace/CMSIS_LPC43xx_DriverLib/Debug/libCMSIS_LPC43xx_DriverLib.a(lpc43xx_rit.o)
 .debug_line    0x00004b53      0x1e4 /home/pablo/Documents/CIAA-Repositories/EOPT/workspace/CMSIS_LPC43xx_DriverLib/Debug/libCMSIS_LPC43xx_DriverLib.a(lpc43xx_scu.o)
 .debug_line    0x00004d37      0x70a /home/pablo/Documents/CIAA-Repositories/EOPT/workspace/CMSIS_LPC43xx_DriverLib/Debug/libCMSIS_LPC43xx_DriverLib.a(lpc43xx_uart.o)
 .debug_line    0x00005441      0x1ee /home/pablo/Documents/CIAA-Repositories/EOPT/workspace/CMSIS_LPC43xx_DriverLib/Debug/libCMSIS_LPC43xx_DriverLib.a(system_LPC43xx.o)
 .debug_line    0x0000562f      0x101 /usr/local/lpcxpresso_7.2.0_153/lpcxpresso/tools/bin/../lib/gcc/arm-none-eabi/4.8.3/../../../../arm-none-eabi/lib/armv7e-m/softfp/libcr_newlib_nohost.a(_cr_sbrk.o)
 .debug_line    0x00005730       0x52 /usr/local/lpcxpresso_7.2.0_153/lpcxpresso/tools/bin/../lib/gcc/arm-none-eabi/4.8.3/../../../../arm-none-eabi/lib/armv7e-m/softfp/libcr_newlib_nohost.a(_cr_check_heap.o)

.debug_str      0x00000000    0x18cf9
 .debug_str     0x00000000     0xbc16 ./src/Emac/src/emac.o
                               0xbdd5 (size before relaxing)
 .debug_str     0x0000bc16     0x294d ./src/Emac/src/tcpip.o
                               0x650b (size before relaxing)
 .debug_str     0x0000e563     0x39f0 ./src/Emac/src/webserver.o
                              0x1156b (size before relaxing)
 .debug_str     0x00011f53      0xd1c ./src/ciaaAIN.o
                               0xa86c (size before relaxing)
 .debug_str     0x00012c6f      0x22e ./src/ciaaAOUT.o
                               0x9b88 (size before relaxing)
 .debug_str     0x00012e9d      0x15f ./src/ciaaI2C.o
                               0xa329 (size before relaxing)
 .debug_str     0x00012ffc       0xbd ./src/ciaaIO.o
                               0xa033 (size before relaxing)
 .debug_str     0x000130b9      0x2a6 ./src/ciaaUART.o
                               0xeac9 (size before relaxing)
 .debug_str     0x0001335f      0x1e0 ./src/cr_start_m0.o
                               0x3190 (size before relaxing)
 .debug_str     0x0001353f      0x309 ./src/cr_startup_lpc43xx.o
                               0x26d0 (size before relaxing)
 .debug_str     0x00013848       0xe9 ./src/crp.o
                               0x259a (size before relaxing)
 .debug_str     0x00013931       0x7d ./src/database.o
                               0xe70e (size before relaxing)
 .debug_str     0x000139ae      0xaee ./src/main.o
                              0x11c97 (size before relaxing)
 .debug_str     0x0001449c     0x1bf9 /home/pablo/Documents/CIAA-Repositories/EOPT/workspace/CMSIS_LPC43xx_DriverLib/Debug/libCMSIS_LPC43xx_DriverLib.a(lpc43xx_adc.o)
                               0xb6a4 (size before relaxing)
 .debug_str     0x00016095     0x12cf /home/pablo/Documents/CIAA-Repositories/EOPT/workspace/CMSIS_LPC43xx_DriverLib/Debug/libCMSIS_LPC43xx_DriverLib.a(lpc43xx_cgu.o)
                               0xc6ae (size before relaxing)
 .debug_str     0x00017364       0xcc /home/pablo/Documents/CIAA-Repositories/EOPT/workspace/CMSIS_LPC43xx_DriverLib/Debug/libCMSIS_LPC43xx_DriverLib.a(lpc43xx_dac.o)
                               0xad6f (size before relaxing)
 .debug_str     0x00017430       0xc3 /home/pablo/Documents/CIAA-Repositories/EOPT/workspace/CMSIS_LPC43xx_DriverLib/Debug/libCMSIS_LPC43xx_DriverLib.a(lpc43xx_gpio.o)
                               0xa7f3 (size before relaxing)
 .debug_str     0x000174f3      0xa59 /home/pablo/Documents/CIAA-Repositories/EOPT/workspace/CMSIS_LPC43xx_DriverLib/Debug/libCMSIS_LPC43xx_DriverLib.a(lpc43xx_i2c.o)
                               0xceae (size before relaxing)
 .debug_str     0x00017f4c       0xd9 /home/pablo/Documents/CIAA-Repositories/EOPT/workspace/CMSIS_LPC43xx_DriverLib/Debug/libCMSIS_LPC43xx_DriverLib.a(lpc43xx_rgu.o)
                               0xaec7 (size before relaxing)
 .debug_str     0x00018025       0x8c /home/pablo/Documents/CIAA-Repositories/EOPT/workspace/CMSIS_LPC43xx_DriverLib/Debug/libCMSIS_LPC43xx_DriverLib.a(lpc43xx_rit.o)
                               0xad71 (size before relaxing)
 .debug_str     0x000180b1       0x23 /home/pablo/Documents/CIAA-Repositories/EOPT/workspace/CMSIS_LPC43xx_DriverLib/Debug/libCMSIS_LPC43xx_DriverLib.a(lpc43xx_scu.o)
                               0xab90 (size before relaxing)
 .debug_str     0x000180d4      0x6fe /home/pablo/Documents/CIAA-Repositories/EOPT/workspace/CMSIS_LPC43xx_DriverLib/Debug/libCMSIS_LPC43xx_DriverLib.a(lpc43xx_uart.o)
                               0xd197 (size before relaxing)
 .debug_str     0x000187d2      0x337 /home/pablo/Documents/CIAA-Repositories/EOPT/workspace/CMSIS_LPC43xx_DriverLib/Debug/libCMSIS_LPC43xx_DriverLib.a(system_LPC43xx.o)
                               0xaa83 (size before relaxing)
 .debug_str     0x00018b09      0x1c1 /usr/local/lpcxpresso_7.2.0_153/lpcxpresso/tools/bin/../lib/gcc/arm-none-eabi/4.8.3/../../../../arm-none-eabi/lib/armv7e-m/softfp/libcr_newlib_nohost.a(_cr_sbrk.o)
                                0x25a (size before relaxing)
 .debug_str     0x00018cca       0x2f /usr/local/lpcxpresso_7.2.0_153/lpcxpresso/tools/bin/../lib/gcc/arm-none-eabi/4.8.3/../../../../arm-none-eabi/lib/armv7e-m/softfp/libcr_newlib_nohost.a(_cr_check_heap.o)
                                0x1bf (size before relaxing)

.comment        0x00000000       0x70
 .comment       0x00000000       0x70 ./src/Emac/src/emac.o
                                 0x71 (size before relaxing)
 .comment       0x00000000       0x71 ./src/Emac/src/tcpip.o
 .comment       0x00000000       0x71 ./src/Emac/src/webserver.o
 .comment       0x00000000       0x71 ./src/ciaaAIN.o
 .comment       0x00000000       0x71 ./src/ciaaAOUT.o
 .comment       0x00000000       0x71 ./src/ciaaI2C.o
 .comment       0x00000000       0x71 ./src/ciaaIO.o
 .comment       0x00000000       0x71 ./src/ciaaUART.o
 .comment       0x00000000       0x71 ./src/cr_start_m0.o
 .comment       0x00000000       0x71 ./src/cr_startup_lpc43xx.o
 .comment       0x00000000       0x71 ./src/crp.o
 .comment       0x00000000       0x71 ./src/database.o
 .comment       0x00000000       0x71 ./src/main.o
 .comment       0x00000000       0x70 /home/pablo/Documents/CIAA-Repositories/EOPT/workspace/CIAA-Demo-M0/Debug/CIAA-Demo-M0.axf.o
 .comment       0x00000000       0x71 /home/pablo/Documents/CIAA-Repositories/EOPT/workspace/CMSIS_LPC43xx_DriverLib/Debug/libCMSIS_LPC43xx_DriverLib.a(lpc43xx_adc.o)
 .comment       0x00000000       0x71 /home/pablo/Documents/CIAA-Repositories/EOPT/workspace/CMSIS_LPC43xx_DriverLib/Debug/libCMSIS_LPC43xx_DriverLib.a(lpc43xx_cgu.o)
 .comment       0x00000000       0x71 /home/pablo/Documents/CIAA-Repositories/EOPT/workspace/CMSIS_LPC43xx_DriverLib/Debug/libCMSIS_LPC43xx_DriverLib.a(lpc43xx_dac.o)
 .comment       0x00000000       0x71 /home/pablo/Documents/CIAA-Repositories/EOPT/workspace/CMSIS_LPC43xx_DriverLib/Debug/libCMSIS_LPC43xx_DriverLib.a(lpc43xx_gpio.o)
 .comment       0x00000000       0x71 /home/pablo/Documents/CIAA-Repositories/EOPT/workspace/CMSIS_LPC43xx_DriverLib/Debug/libCMSIS_LPC43xx_DriverLib.a(lpc43xx_i2c.o)
 .comment       0x00000000       0x71 /home/pablo/Documents/CIAA-Repositories/EOPT/workspace/CMSIS_LPC43xx_DriverLib/Debug/libCMSIS_LPC43xx_DriverLib.a(lpc43xx_rgu.o)
 .comment       0x00000000       0x71 /home/pablo/Documents/CIAA-Repositories/EOPT/workspace/CMSIS_LPC43xx_DriverLib/Debug/libCMSIS_LPC43xx_DriverLib.a(lpc43xx_rit.o)
 .comment       0x00000000       0x71 /home/pablo/Documents/CIAA-Repositories/EOPT/workspace/CMSIS_LPC43xx_DriverLib/Debug/libCMSIS_LPC43xx_DriverLib.a(lpc43xx_scu.o)
 .comment       0x00000000       0x71 /home/pablo/Documents/CIAA-Repositories/EOPT/workspace/CMSIS_LPC43xx_DriverLib/Debug/libCMSIS_LPC43xx_DriverLib.a(lpc43xx_uart.o)
 .comment       0x00000000       0x71 /home/pablo/Documents/CIAA-Repositories/EOPT/workspace/CMSIS_LPC43xx_DriverLib/Debug/libCMSIS_LPC43xx_DriverLib.a(system_LPC43xx.o)
 .comment       0x00000000       0x71 /usr/local/lpcxpresso_7.2.0_153/lpcxpresso/tools/bin/../lib/gcc/arm-none-eabi/4.8.3/../../../../arm-none-eabi/lib/armv7e-m/softfp/libcr_newlib_nohost.a(_cr_sbrk.o)
 .comment       0x00000000       0x71 /usr/local/lpcxpresso_7.2.0_153/lpcxpresso/tools/bin/../lib/gcc/arm-none-eabi/4.8.3/../../../../arm-none-eabi/lib/armv7e-m/softfp/libcr_newlib_nohost.a(_cr_check_heap.o)

.ARM.attributes
                0x00000000       0x35
 .ARM.attributes
                0x00000000       0x37 ./src/Emac/src/emac.o
 .ARM.attributes
                0x00000037       0x37 ./src/Emac/src/tcpip.o
 .ARM.attributes
                0x0000006e       0x37 ./src/Emac/src/webserver.o
 .ARM.attributes
                0x000000a5       0x37 ./src/ciaaAIN.o
 .ARM.attributes
                0x000000dc       0x37 ./src/ciaaAOUT.o
 .ARM.attributes
                0x00000113       0x37 ./src/ciaaI2C.o
 .ARM.attributes
                0x0000014a       0x37 ./src/ciaaIO.o
 .ARM.attributes
                0x00000181       0x37 ./src/ciaaUART.o
 .ARM.attributes
                0x000001b8       0x37 ./src/cr_start_m0.o
 .ARM.attributes
                0x000001ef       0x37 ./src/cr_startup_lpc43xx.o
 .ARM.attributes
                0x00000226       0x37 ./src/crp.o
 .ARM.attributes
                0x0000025d       0x37 ./src/database.o
 .ARM.attributes
                0x00000294       0x37 ./src/main.o
 .ARM.attributes
                0x000002cb       0x2f /home/pablo/Documents/CIAA-Repositories/EOPT/workspace/CIAA-Demo-M0/Debug/CIAA-Demo-M0.axf.o
 .ARM.attributes
                0x000002fa       0x37 /home/pablo/Documents/CIAA-Repositories/EOPT/workspace/CMSIS_LPC43xx_DriverLib/Debug/libCMSIS_LPC43xx_DriverLib.a(lpc43xx_adc.o)
 .ARM.attributes
                0x00000331       0x37 /home/pablo/Documents/CIAA-Repositories/EOPT/workspace/CMSIS_LPC43xx_DriverLib/Debug/libCMSIS_LPC43xx_DriverLib.a(lpc43xx_cgu.o)
 .ARM.attributes
                0x00000368       0x37 /home/pablo/Documents/CIAA-Repositories/EOPT/workspace/CMSIS_LPC43xx_DriverLib/Debug/libCMSIS_LPC43xx_DriverLib.a(lpc43xx_dac.o)
 .ARM.attributes
                0x0000039f       0x37 /home/pablo/Documents/CIAA-Repositories/EOPT/workspace/CMSIS_LPC43xx_DriverLib/Debug/libCMSIS_LPC43xx_DriverLib.a(lpc43xx_gpio.o)
 .ARM.attributes
                0x000003d6       0x37 /home/pablo/Documents/CIAA-Repositories/EOPT/workspace/CMSIS_LPC43xx_DriverLib/Debug/libCMSIS_LPC43xx_DriverLib.a(lpc43xx_i2c.o)
 .ARM.attributes
                0x0000040d       0x37 /home/pablo/Documents/CIAA-Repositories/EOPT/workspace/CMSIS_LPC43xx_DriverLib/Debug/libCMSIS_LPC43xx_DriverLib.a(lpc43xx_rgu.o)
 .ARM.attributes