Archive member included because of file (symbol)

/home/pablo/Documents/CIAA-Repositories/EOPT/workspace/CMSIS_LPC43xx_DriverLib/Debug/libCMSIS_LPC43xx_DriverLib.a(lpc43xx_cgu.o)
                              ./src/main.o (CGU_GetPCLKFrequency)
/home/pablo/Documents/CIAA-Repositories/EOPT/workspace/CMSIS_LPC43xx_DriverLib/Debug/libCMSIS_LPC43xx_DriverLib.a(lpc43xx_dac.o)
                              ./src/ciaaAOUT.o (DAC_UpdateValue)
/home/pablo/Documents/CIAA-Repositories/EOPT/workspace/CMSIS_LPC43xx_DriverLib/Debug/libCMSIS_LPC43xx_DriverLib.a(lpc43xx_gpio.o)
                              ./src/ciaaIO.o (GPIO_SetDir)
/home/pablo/Documents/CIAA-Repositories/EOPT/workspace/CMSIS_LPC43xx_DriverLib/Debug/libCMSIS_LPC43xx_DriverLib.a(lpc43xx_i2c.o)
                              ./src/ciaaI2C.o (I2C_Init)
/home/pablo/Documents/CIAA-Repositories/EOPT/workspace/CMSIS_LPC43xx_DriverLib/Debug/libCMSIS_LPC43xx_DriverLib.a(lpc43xx_rgu.o)
                              ./src/Emac/src/emac.o (RGU_SoftReset)
/home/pablo/Documents/CIAA-Repositories/EOPT/workspace/CMSIS_LPC43xx_DriverLib/Debug/libCMSIS_LPC43xx_DriverLib.a(lpc43xx_rit.o)
                              ./src/main.o (RIT_Init)
/home/pablo/Documents/CIAA-Repositories/EOPT/workspace/CMSIS_LPC43xx_DriverLib/Debug/libCMSIS_LPC43xx_DriverLib.a(lpc43xx_scu.o)
                              ./src/Emac/src/emac.o (scu_pinmux)
/home/pablo/Documents/CIAA-Repositories/EOPT/workspace/CMSIS_LPC43xx_DriverLib/Debug/libCMSIS_LPC43xx_DriverLib.a(lpc43xx_uart.o)
                              ./src/ciaaUART.o (UART_Init)
/home/pablo/Documents/CIAA-Repositories/EOPT/workspace/CMSIS_LPC43xx_DriverLib/Debug/libCMSIS_LPC43xx_DriverLib.a(system_LPC43xx.o)
                              ./src/cr_startup_lpc43xx.o (SystemInit)
/usr/local/lpcxpresso_7.2.0_153/lpcxpresso/tools/bin/../lib/gcc/arm-none-eabi/4.8.3/armv7e-m/softfp/libgcc.a(_arm_addsubdf3.o)
                              /home/pablo/Documents/CIAA-Repositories/EOPT/workspace/CMSIS_LPC43xx_DriverLib/Debug/libCMSIS_LPC43xx_DriverLib.a(lpc43xx_cgu.o) (__aeabi_dadd)
/usr/local/lpcxpresso_7.2.0_153/lpcxpresso/tools/bin/../lib/gcc/arm-none-eabi/4.8.3/armv7e-m/softfp/libgcc.a(_arm_muldivdf3.o)
                              /home/pablo/Documents/CIAA-Repositories/EOPT/workspace/CMSIS_LPC43xx_DriverLib/Debug/libCMSIS_LPC43xx_DriverLib.a(lpc43xx_cgu.o) (__aeabi_dmul)
/usr/local/lpcxpresso_7.2.0_153/lpcxpresso/tools/bin/../lib/gcc/arm-none-eabi/4.8.3/armv7e-m/softfp/libgcc.a(_arm_cmpdf2.o)
                              /home/pablo/Documents/CIAA-Repositories/EOPT/workspace/CMSIS_LPC43xx_DriverLib/Debug/libCMSIS_LPC43xx_DriverLib.a(lpc43xx_cgu.o) (__aeabi_dcmplt)
/usr/local/lpcxpresso_7.2.0_153/lpcxpresso/tools/bin/../lib/gcc/arm-none-eabi/4.8.3/armv7e-m/softfp/libgcc.a(_arm_fixunsdfsi.o)
                              /home/pablo/Documents/CIAA-Repositories/EOPT/workspace/CMSIS_LPC43xx_DriverLib/Debug/libCMSIS_LPC43xx_DriverLib.a(lpc43xx_cgu.o) (__aeabi_d2uiz)
/usr/local/lpcxpresso_7.2.0_153/lpcxpresso/tools/bin/../lib/gcc/arm-none-eabi/4.8.3/armv7e-m/softfp/libgcc.a(_aeabi_uldivmod.o)
                              /home/pablo/Documents/CIAA-Repositories/EOPT/workspace/CMSIS_LPC43xx_DriverLib/Debug/libCMSIS_LPC43xx_DriverLib.a(lpc43xx_uart.o) (__aeabi_uldivmod)
/usr/local/lpcxpresso_7.2.0_153/lpcxpresso/tools/bin/../lib/gcc/arm-none-eabi/4.8.3/armv7e-m/softfp/libgcc.a(bpabi.o)
                              /usr/local/lpcxpresso_7.2.0_153/lpcxpresso/tools/bin/../lib/gcc/arm-none-eabi/4.8.3/armv7e-m/softfp/libgcc.a(_aeabi_uldivmod.o) (__gnu_uldivmod_helper)
/usr/local/lpcxpresso_7.2.0_153/lpcxpresso/tools/bin/../lib/gcc/arm-none-eabi/4.8.3/armv7e-m/softfp/libgcc.a(_dvmd_tls.o)
                              /usr/local/lpcxpresso_7.2.0_153/lpcxpresso/tools/bin/../lib/gcc/arm-none-eabi/4.8.3/armv7e-m/softfp/libgcc.a(_aeabi_uldivmod.o) (__aeabi_ldiv0)
/usr/local/lpcxpresso_7.2.0_153/lpcxpresso/tools/bin/../lib/gcc/arm-none-eabi/4.8.3/armv7e-m/softfp/libgcc.a(_divdi3.o)
                              /usr/local/lpcxpresso_7.2.0_153/lpcxpresso/tools/bin/../lib/gcc/arm-none-eabi/4.8.3/armv7e-m/softfp/libgcc.a(bpabi.o) (__divdi3)
/usr/local/lpcxpresso_7.2.0_153/lpcxpresso/tools/bin/../lib/gcc/arm-none-eabi/4.8.3/armv7e-m/softfp/libgcc.a(_udivdi3.o)
                              /usr/local/lpcxpresso_7.2.0_153/lpcxpresso/tools/bin/../lib/gcc/arm-none-eabi/4.8.3/armv7e-m/softfp/libgcc.a(bpabi.o) (__udivdi3)
/usr/local/lpcxpresso_7.2.0_153/lpcxpresso/tools/bin/../lib/gcc/arm-none-eabi/4.8.3/../../../../arm-none-eabi/lib/armv7e-m/softfp/libc.a(lib_a-memcmp.o)
                              ./src/Emac/src/tcpip.o (memcmp)
/usr/local/lpcxpresso_7.2.0_153/lpcxpresso/tools/bin/../lib/gcc/arm-none-eabi/4.8.3/../../../../arm-none-eabi/lib/armv7e-m/softfp/libc.a(lib_a-memcpy.o)
                              ./src/Emac/src/tcpip.o (memcpy)
[...]
Memory Configuration

Name             Origin             Length             Attributes
MFlashA512       0x1a000000         0x00080000         xr
MFlashB512       0x1b000000         0x00080000         xr
RamLoc32         0x10000000         0x00008000         xrw
RamLoc40         0x10080000         0x0000a000         xrw
RamAHB32         0x20000000         0x00008000         xrw
RamAHB16         0x20008000         0x00004000         xrw
RamAHB_ETB16     0x2000c000         0x00004000         xrw
*default*        0x00000000         0xffffffff

Linker script and memory map

LOAD ./src/Emac/src/emac.o
LOAD ./src/Emac/src/tcpip.o
LOAD ./src/Emac/src/webserver.o
LOAD ./src/ciaaAOUT.o
LOAD ./src/ciaaI2C.o
LOAD ./src/ciaaIO.o
LOAD ./src/ciaaUART.o
LOAD ./src/cr_start_m0.o
LOAD ./src/cr_startup_lpc43xx.o
LOAD ./src/crp.o
LOAD ./src/database.o
LOAD ./src/main.o
LOAD /home/pablo/Documents/CIAA-Repositories/EOPT/workspace/CIAA-Demo-M0/Debug/CIAA-Demo-M0.axf.o
LOAD /home/pablo/Documents/CIAA-Repositories/EOPT/workspace/CMSIS_LPC43xx_DriverLib/Debug/libCMSIS_LPC43xx_DriverLib.a
START GROUP
LOAD /usr/local/lpcxpresso_7.2.0_153/lpcxpresso/tools/bin/../lib/gcc/arm-none-eabi/4.8.3/armv7e-m/softfp/libgcc.a
LOAD /usr/local/lpcxpresso_7.2.0_153/lpcxpresso/tools/bin/../lib/gcc/arm-none-eabi/4.8.3/../../../../arm-none-eabi/lib/armv7e-m/softfp/libc.a
LOAD /usr/local/lpcxpresso_7.2.0_153/lpcxpresso/tools/bin/../lib/gcc/arm-none-eabi/4.8.3/../../../../arm-none-eabi/lib/armv7e-m/softfp/libm.a
LOAD /usr/local/lpcxpresso_7.2.0_153/lpcxpresso/tools/bin/../lib/gcc/arm-none-eabi/4.8.3/../../../../arm-none-eabi/lib/armv7e-m/softfp/libcr_newlib_nohost.a
END GROUP
                0x1a080000                __top_MFlashA512 = 0x1a080000
                0x1b080000                __top_MFlashB512 = 0x1b080000
                0x10008000                __top_RamLoc32 = 0x10008000
                0x1008a000                __top_RamLoc40 = 0x1008a000
                0x20008000                __top_RamAHB32 = 0x20008000
                0x2000c000                __top_RamAHB16 = 0x2000c000
                0x20010000                __top_RamAHB_ETB16 = 0x20010000

.text_Flash2    0x1b000000        0x0
 FILL mask 0xff
 *(.text_Flash2*)
 *(.text_MFlashB512*)
 *(.text.$Flash2*)
 *(.text.$MFlashB512*)
 *(.rodata.$Flash2*)
 *(.rodata.$MFlashB512*)

.text           0x1a000000     0xc474
 FILL mask 0xff
                0x1a000000                __vectors_start__ = ABSOLUTE (.)
 *(.isr_vector)
 .isr_vector    0x1a000000      0x114 ./src/cr_startup_lpc43xx.o
                0x1a000000                g_pfnVectors
                0x1a000114                . = ALIGN (0x4)
                0x1a000114                __section_table_start = .
                0x1a000114                __data_section_table = .
                0x1a000114        0x4 LONG 0x1a00c704 LOADADDR (.data)
                0x1a000118        0x4 LONG 0x10000000 ADDR (.data)
                0x1a00011c        0x4 LONG 0x8c4 SIZEOF (.data)
                0x1a000120        0x4 LONG 0x1a00c47c LOADADDR (.data_RAM2)
                0x1a000124        0x4 LONG 0x10080000 ADDR (.data_RAM2)
                0x1a000128        0x4 LONG 0x288 SIZEOF (.data_RAM2)
                0x1a00012c        0x4 LONG 0x1a00c704 LOADADDR (.data_RAM3)
                0x1a000130        0x4 LONG 0x20000000 ADDR (.data_RAM3)
                0x1a000134        0x4 LONG 0x0 SIZEOF (.data_RAM3)
                0x1a000138        0x4 LONG 0x1a00c704 LOADADDR (.data_RAM4)
                0x1a00013c        0x4 LONG 0x20008000 ADDR (.data_RAM4)
                0x1a000140        0x4 LONG 0x0 SIZEOF (.data_RAM4)
                0x1a000144        0x4 LONG 0x1a00c704 LOADADDR (.data_RAM5)
                0x1a000148        0x4 LONG 0x2000c000 ADDR (.data_RAM5)
                0x1a00014c        0x4 LONG 0x0 SIZEOF (.data_RAM5)
                0x1a000150                __data_section_table_end = .
                0x1a000150                __bss_section_table = .
                0x1a000150        0x4 LONG 0x100008c4 ADDR (.bss)
                0x1a000154        0x4 LONG 0x1320 SIZEOF (.bss)
                0x1a000158        0x4 LONG 0x10080288 ADDR (.bss_RAM2)
                0x1a00015c        0x4 LONG 0x0 SIZEOF (.bss_RAM2)
                0x1a000160        0x4 LONG 0x20000000 ADDR (.bss_RAM3)
                0x1a000164        0x4 LONG 0x0 SIZEOF (.bss_RAM3)
                0x1a000168        0x4 LONG 0x20008000 ADDR (.bss_RAM4)
                0x1a00016c        0x4 LONG 0x0 SIZEOF (.bss_RAM4)
                0x1a000170        0x4 LONG 0x2000c000 ADDR (.bss_RAM5)
                0x1a000174        0x4 LONG 0x0 SIZEOF (.bss_RAM5)
                0x1a000178                __bss_section_table_end = .
                0x1a000178                __section_table_end = .
 *(.after_vectors*)
 .after_vectors
                0x1a000178       0x36 ./src/cr_startup_lpc43xx.o
                0x1a000178                NMI_Handler
                0x1a00017a                HardFault_Handler
                0x1a00017c                MemManage_Handler
                0x1a00017e                BusFault_Handler
                0x1a000180                UsageFault_Handler
                0x1a000182                SVC_Handler
                0x1a000184                DebugMon_Handler
                0x1a000186                PendSV_Handler
                0x1a00018a                TIMER2_IRQHandler
                0x1a00018a                RIT_IRQHandler
                0x1a00018a                FLASH_EEPROM_IRQHandler
                0x1a00018a                I2C0_IRQHandler
                0x1a00018a                SDIO_IRQHandler
                0x1a00018a                ATIMER_IRQHandler
                0x1a00018a                I2C1_IRQHandler
                0x1a00018a                UART1_IRQHandler
                0x1a00018a                GPIO5_IRQHandler
                0x1a00018a                CAN1_IRQHandler
                0x1a00018a                USB1_IRQHandler
                0x1a00018a                I2S0_IRQHandler
                0x1a00018a                TIMER3_IRQHandler
                0x1a00018a                UART0_IRQHandler
                0x1a00018a                SGPIO_IRQHandler
                0x1a00018a                ADC0_IRQHandler
                0x1a00018a                GPIO6_IRQHandler
                0x1a00018a                IntDefaultHandler
                0x1a00018a                GPIO1_IRQHandler
                0x1a00018a                SSP0_IRQHandler
                0x1a00018a                ADC1_IRQHandler
                0x1a00018a                RTC_IRQHandler
                0x1a00018a                TIMER0_IRQHandler
                0x1a00018a                SPI_IRQHandler
                0x1a00018a                LCD_IRQHandler
                0x1a00018a                VADC_IRQHandler
                0x1a00018a                TIMER1_IRQHandler
                0x1a00018a                GPIO2_IRQHandler
                0x1a00018a                I2S1_IRQHandler
                0x1a00018a                SSP1_IRQHandler
                0x1a00018a                USB0_IRQHandler
                0x1a00018a                GPIO3_IRQHandler
                0x1a00018a                SCT_IRQHandler
                0x1a00018a                WDT_IRQHandler
                0x1a00018a                GPIO7_IRQHandler
                0x1a00018a                SPIFI_IRQHandler
                0x1a00018a                QEI_IRQHandler
                0x1a00018a                ETH_IRQHandler
                0x1a00018a                M0CORE_IRQHandler
                0x1a00018a                CAN0_IRQHandler
                0x1a00018a                GINT0_IRQHandler
                0x1a00018a                DAC_IRQHandler
                0x1a00018a                M0SUB_IRQHandler
                0x1a00018a                GPIO0_IRQHandler
                0x1a00018a                DMA_IRQHandler
                0x1a00018a                EVRT_IRQHandler
                0x1a00018a                MCPWM_IRQHandler
                0x1a00018a                GINT1_IRQHandler
                0x1a00018a                GPIO4_IRQHandler
                0x1a00018c                data_init
                0x1a00019e                bss_init
                0x000002fc                . = 0x2fc
 *fill*         0x1a0001ae      0x14e ff
                0x1a0002fc                PROVIDE (__CRP_WORD_START__, .)
 *(.crp)
 .crp           0x1a0002fc        0x4 ./src/crp.o
                0x1a0002fc                CRP_WORD
                0x1a000300                PROVIDE (__CRP_WORD_END__, .)
                0x00000001                ASSERT (! ((__CRP_WORD_START__ == __CRP_WORD_END__)), Linker CRP Enabled, but no CRP_WORD provided within application)
 *(.text*)
 .text.write_PHY
                0x1a000300       0x78 ./src/Emac/src/emac.o
 .text.read_PHY
                0x1a000378       0x74 ./src/Emac/src/emac.o
 .text.rx_descr_init
                0x1a0003ec       0x94 ./src/Emac/src/emac.o
                0x1a0003ec                rx_descr_init
 .text.tx_descr_init
                0x1a000480       0xdc ./src/Emac/src/emac.o
                0x1a000480                tx_descr_init
 .text.Init_EMAC
                0x1a00055c      0x244 ./src/Emac/src/emac.o
                0x1a00055c                Init_EMAC
 .text.ReadFrame_EMAC
                0x1a0007a0       0x20 ./src/Emac/src/emac.o
                0x1a0007a0                ReadFrame_EMAC
 .text.ReadFrameBE_EMAC
                0x1a0007c0       0x2c ./src/Emac/src/emac.o
                0x1a0007c0                ReadFrameBE_EMAC
 .text.CopyFromFrame_EMAC
                0x1a0007ec       0x44 ./src/Emac/src/emac.o
                0x1a0007ec                CopyFromFrame_EMAC
 .text.DummyReadFrame_EMAC
                0x1a000830       0x24 ./src/Emac/src/emac.o
                0x1a000830                DummyReadFrame_EMAC
 .text.StartReadFrame
                0x1a000854       0x5c ./src/Emac/src/emac.o
                0x1a000854                StartReadFrame
 .text.EndReadFrame
                0x1a0008b0       0x38 ./src/Emac/src/emac.o
                0x1a0008b0                EndReadFrame
 .text.CheckFrameReceived
                0x1a0008e8       0x28 ./src/Emac/src/emac.o
                0x1a0008e8                CheckFrameReceived
 .text.RequestSend
                0x1a000910       0x44 ./src/Emac/src/emac.o
                0x1a000910                RequestSend
 .text.Rdy4Tx   0x1a000954       0x10 ./src/Emac/src/emac.o
                0x1a000954                Rdy4Tx
 .text.WriteFrame_EMAC
                0x1a000964       0x28 ./src/Emac/src/emac.o
                0x1a000964                WriteFrame_EMAC
 .text.CopyToFrame_EMAC
                0x1a00098c       0x90 ./src/Emac/src/emac.o
                0x1a00098c                CopyToFrame_EMAC
 .text.TCPLowLevelInit
                0x1a000a1c       0x34 ./src/Emac/src/tcpip.o
                0x1a000a1c                TCPLowLevelInit
 .text.TCPPassiveOpen
                0x1a000a50       0x3c ./src/Emac/src/tcpip.o
                0x1a000a50                TCPPassiveOpen
 .text.TCPClose
                0x1a000a8c       0x60 ./src/Emac/src/tcpip.o
                0x1a000a8c                TCPClose
 .text.TCPReleaseRxBuffer
                0x1a000aec       0x20 ./src/Emac/src/tcpip.o
                0x1a000aec                TCPReleaseRxBuffer
 .text.TCPTransmitTxBuffer
                0x1a000b0c       0x80 ./src/Emac/src/tcpip.o
                0x1a000b0c                TCPTransmitTxBuffer
 .text.IsBroadcast
                0x1a000b8c       0x58 ./src/Emac/src/tcpip.o
                0x1a000b8c                IsBroadcast
 .text.DoNetworkStuff
                0x1a000be4      0x26c ./src/Emac/src/tcpip.o
                0x1a000be4                DoNetworkStuff
 .text.ProcessEthBroadcastFrame
                0x1a000e50       0x88 ./src/Emac/src/tcpip.o
                0x1a000e50                ProcessEthBroadcastFrame
 .text.ProcessEthIAFrame
                0x1a000ed8      0x10c ./src/Emac/src/tcpip.o
                0x1a000ed8                ProcessEthIAFrame
 .text.ProcessICMPFrame
                0x1a000fe4       0x28 ./src/Emac/src/tcpip.o
                0x1a000fe4                ProcessICMPFrame
 .text.ProcessTCPFrame
                0x1a00100c      0x4e8 ./src/Emac/src/tcpip.o
                0x1a00100c                ProcessTCPFrame
 .text.PrepareARP_REQUEST
                0x1a0014f4       0xec ./src/Emac/src/tcpip.o
                0x1a0014f4                PrepareARP_REQUEST
 .text.PrepareARP_ANSWER
                0x1a0015e0       0xac ./src/Emac/src/tcpip.o
                0x1a0015e0                PrepareARP_ANSWER
 .text.PrepareICMP_ECHO_REPLY
                0x1a00168c      0x114 ./src/Emac/src/tcpip.o
                0x1a00168c                PrepareICMP_ECHO_REPLY
 .text.PrepareTCP_FRAME
                0x1a0017a0      0x1a0 ./src/Emac/src/tcpip.o
                0x1a0017a0                PrepareTCP_FRAME
 .text.PrepareTCP_DATA_FRAME
                0x1a001940      0x128 ./src/Emac/src/tcpip.o
                0x1a001940                PrepareTCP_DATA_FRAME
 .text.CalcChecksum
                0x1a001a68       0xbc ./src/Emac/src/tcpip.o
                0x1a001a68                CalcChecksum
 .text.TCPStartRetryTimer
                0x1a001b24       0x40 ./src/Emac/src/tcpip.o
                0x1a001b24                TCPStartRetryTimer
 .text.TCPStartTimeWaitTimer
                0x1a001b64       0x38 ./src/Emac/src/tcpip.o
                0x1a001b64                TCPStartTimeWaitTimer
 .text.TCPRestartTimer
                0x1a001b9c       0x18 ./src/Emac/src/tcpip.o
                0x1a001b9c                TCPRestartTimer
 .text.TCPStopTimer
                0x1a001bb4       0x20 ./src/Emac/src/tcpip.o
                0x1a001bb4                TCPStopTimer
 .text.TCPHandleRetransmission
                0x1a001bd4       0x60 ./src/Emac/src/tcpip.o
                0x1a001bd4                TCPHandleRetransmission
 .text.TCPHandleTimeout
                0x1a001c34       0x40 ./src/Emac/src/tcpip.o
                0x1a001c34                TCPHandleTimeout
 .text.TCPClockHandler
                0x1a001c74       0x2c ./src/Emac/src/tcpip.o
                0x1a001c74                TCPClockHandler
 .text.SendFrame1
                0x1a001ca0       0x1c ./src/Emac/src/tcpip.o
                0x1a001ca0                SendFrame1
 .text.SendFrame2
                0x1a001cbc       0x1c ./src/Emac/src/tcpip.o
                0x1a001cbc                SendFrame2
 .text.WriteWBE
                0x1a001cd8       0x30 ./src/Emac/src/tcpip.o
                0x1a001cd8                WriteWBE
 .text.WriteDWBE
                0x1a001d08       0x48 ./src/Emac/src/tcpip.o
                0x1a001d08                WriteDWBE
 .text.SwapBytes
                0x1a001d50       0x2c ./src/Emac/src/tcpip.o
                0x1a001d50                SwapBytes
 .text.enetInit
                0x1a001d7c       0x58 ./src/Emac/src/webserver.o
                0x1a001d7c                enetInit
 .text.webPeriodicalTask
                0x1a001dd4       0x38 ./src/Emac/src/webserver.o
                0x1a001dd4                webPeriodicalTask
 .text.HTTPServer
                0x1a001e0c      0x388 ./src/Emac/src/webserver.o
                0x1a001e0c                HTTPServer
 .text.ciaaAOUTInit
                0x1a002194       0x34 ./src/ciaaAOUT.o
                0x1a002194                ciaaAOUTInit
 .text.ciaaAOUTSet
                0x1a0021c8       0x40 ./src/ciaaAOUT.o
                0x1a0021c8                ciaaAOUTSet
 .text.ciaaI2CInit
                0x1a002208       0x20 ./src/ciaaI2C.o
                0x1a002208                ciaaI2CInit
 .text.ciaaI2CWrite
                0x1a002228       0x4c ./src/ciaaI2C.o
                0x1a002228                ciaaI2CWrite
 .text.ciaaI2CRead
                0x1a002274       0x4c ./src/ciaaI2C.o
                0x1a002274                ciaaI2CRead
 .text.ciaaIOInit
                0x1a0022c0      0x120 ./src/ciaaIO.o
                0x1a0022c0                ciaaIOInit
 .text.NVIC_EnableIRQ
                0x1a0023e0       0x30 ./src/ciaaUART.o
 .text.ciaaUARTInit
                0x1a002410       0x60 ./src/ciaaUART.o
                0x1a002410                ciaaUARTInit
 .text.UART2_IRQHandler
                0x1a002470       0xa4 ./src/ciaaUART.o
                0x1a002470                UART2_IRQHandler
 .text.UART3_IRQHandler
                0x1a002514        0xc ./src/ciaaUART.o
                0x1a002514                UART3_IRQHandler
 .text.uartSend
                0x1a002520       0x8c ./src/ciaaUART.o
                0x1a002520                uartSend
 .text.startSlave
                0x1a0025ac       0x80 ./src/cr_start_m0.o
 .text.haltSlave
                0x1a00262c       0x80 ./src/cr_start_m0.o
 .text.cr_start_m0
                0x1a0026ac       0x40 ./src/cr_start_m0.o
                0x1a0026ac                cr_start_m0
 .text.ResetISR
                0x1a0026ec       0x94 ./src/cr_startup_lpc43xx.o
                0x1a0026ec                ResetISR
 .text.hex2byte
                0x1a002780       0x70 ./src/database.o
                0x1a002780                hex2byte
 .text.dbNewUID
                0x1a0027f0       0xe0 ./src/database.o
                0x1a0027f0                dbNewUID
 .text.dbSetName
                0x1a0028d0       0xf0 ./src/database.o
                0x1a0028d0                dbSetName
 .text.dbGetList
                0x1a0029c0       0xe8 ./src/database.o
                0x1a0029c0                dbGetList
 .text.NVIC_SetPriority
                0x1a002aa8       0x54 ./src/main.o
 .text.SysTick_Config
                0x1a002afc       0x44 ./src/main.o
 .text.pausems  0x1a002b40       0x28 ./src/main.o
                0x1a002b40                pausems
 .text.wiegand26
                0x1a002b68       0xa8 ./src/main.o
                0x1a002b68                wiegand26
 .text.wiegandReaderTask
                0x1a002c10       0x6c ./src/main.o
                0x1a002c10                wiegandReaderTask
 .text.SysTick_Handler
                0x1a002c7c       0x74 ./src/main.o
                0x1a002c7c                SysTick_Handler
 .text.setupHardware
                0x1a002cf0       0xcc ./src/main.o
                0x1a002cf0                setupHardware
 .text.mem48Read
                0x1a002dbc       0x44 ./src/main.o
                0x1a002dbc                mem48Read
 .text.mem48Write
                0x1a002e00       0x9c ./src/main.o
                0x1a002e00                mem48Write
 .text.memRead  0x1a002e9c       0x54 ./src/main.o
                0x1a002e9c                memRead
 .text.memWrite
                0x1a002ef0       0xa8 ./src/main.o
                0x1a002ef0                memWrite
 .text.main     0x1a002f98       0xbc ./src/main.o
                0x1a002f98                main
 .text.CGU_GetPCLKFrequency
                0x1a003054       0xb0 /home/pablo/Documents/CIAA-Repositories/EOPT/workspace/CMSIS_LPC43xx_DriverLib/Debug/libCMSIS_LPC43xx_DriverLib.a(lpc43xx_cgu.o)
                0x1a003054                CGU_GetPCLKFrequency
 .text.CGU_UpdateClock
                0x1a003104      0x100 /home/pablo/Documents/CIAA-Repositories/EOPT/workspace/CMSIS_LPC43xx_DriverLib/Debug/libCMSIS_LPC43xx_DriverLib.a(lpc43xx_cgu.o)
                0x1a003104                CGU_UpdateClock
 .text.CGU_SetXTALOSC
                0x1a003204       0x40 /home/pablo/Documents/CIAA-Repositories/EOPT/workspace/CMSIS_LPC43xx_DriverLib/Debug/libCMSIS_LPC43xx_DriverLib.a(lpc43xx_cgu.o)
                0x1a003204                CGU_SetXTALOSC
 .text.CGU_SetDIV
                0x1a003244       0x40 /home/pablo/Documents/CIAA-Repositories/EOPT/workspace/CMSIS_LPC43xx_DriverLib/Debug/libCMSIS_LPC43xx_DriverLib.a(lpc43xx_cgu.o)
                0x1a003244                CGU_SetDIV
 .text.CGU_EnableEntity
                0x1a003284      0x140 /home/pablo/Documents/CIAA-Repositories/EOPT/workspace/CMSIS_LPC43xx_DriverLib/Debug/libCMSIS_LPC43xx_DriverLib.a(lpc43xx_cgu.o)
                0x1a003284                CGU_EnableEntity
 .text.CGU_EntityConnect
                0x1a0033c4       0x8c /home/pablo/Documents/CIAA-Repositories/EOPT/workspace/CMSIS_LPC43xx_DriverLib/Debug/libCMSIS_LPC43xx_DriverLib.a(lpc43xx_cgu.o)
                0x1a0033c4                CGU_EntityConnect
 .text.CGU_SetPLL1
                0x1a003450       0x84 /home/pablo/Documents/CIAA-Repositories/EOPT/workspace/CMSIS_LPC43xx_DriverLib/Debug/libCMSIS_LPC43xx_DriverLib.a(lpc43xx_cgu.o)
                0x1a003450                CGU_SetPLL1
 .text.CGU_Init
                0x1a0034d4       0x3c /home/pablo/Documents/CIAA-Repositories/EOPT/workspace/CMSIS_LPC43xx_DriverLib/Debug/libCMSIS_LPC43xx_DriverLib.a(lpc43xx_cgu.o)
                0x1a0034d4                CGU_Init
 .text.DAC_UpdateValue
                0x1a003510       0x10 /home/pablo/Documents/CIAA-Repositories/EOPT/workspace/CMSIS_LPC43xx_DriverLib/Debug/libCMSIS_LPC43xx_DriverLib.a(lpc43xx_dac.o)
                0x1a003510                DAC_UpdateValue
 .text.DAC_SetBias
                0x1a003520       0x18 /home/pablo/Documents/CIAA-Repositories/EOPT/workspace/CMSIS_LPC43xx_DriverLib/Debug/libCMSIS_LPC43xx_DriverLib.a(lpc43xx_dac.o)
                0x1a003520                DAC_SetBias
 .text.DAC_Init
                0x1a003538       0x18 /home/pablo/Documents/CIAA-Repositories/EOPT/workspace/CMSIS_LPC43xx_DriverLib/Debug/libCMSIS_LPC43xx_DriverLib.a(lpc43xx_dac.o)
                0x1a003538                DAC_Init
 .text.DAC_ConfigDAConverterControl
                0x1a003550       0x30 /home/pablo/Documents/CIAA-Repositories/EOPT/workspace/CMSIS_LPC43xx_DriverLib/Debug/libCMSIS_LPC43xx_DriverLib.a(lpc43xx_dac.o)
                0x1a003550                DAC_ConfigDAConverterControl
 .text.GPIO_SetDir
                0x1a003580       0x2c /home/pablo/Documents/CIAA-Repositories/EOPT/workspace/CMSIS_LPC43xx_DriverLib/Debug/libCMSIS_LPC43xx_DriverLib.a(lpc43xx_gpio.o)
                0x1a003580                GPIO_SetDir
 .text.GPIO_SetValue
                0x1a0035ac       0x10 /home/pablo/Documents/CIAA-Repositories/EOPT/workspace/CMSIS_LPC43xx_DriverLib/Debug/libCMSIS_LPC43xx_DriverLib.a(lpc43xx_gpio.o)
                0x1a0035ac                GPIO_SetValue
 .text.GPIO_ClearValue
                0x1a0035bc       0x10 /home/pablo/Documents/CIAA-Repositories/EOPT/workspace/CMSIS_LPC43xx_DriverLib/Debug/libCMSIS_LPC43xx_DriverLib.a(lpc43xx_gpio.o)
                0x1a0035bc                GPIO_ClearValue
 .text.GPIO_ReadValue
                0x1a0035cc       0x10 /home/pablo/Documents/CIAA-Repositories/EOPT/workspace/CMSIS_LPC43xx_DriverLib/Debug/libCMSIS_LPC43xx_DriverLib.a(lpc43xx_gpio.o)
                0x1a0035cc                GPIO_ReadValue
 .text.I2C_getNum
                0x1a0035dc       0x20 /home/pablo/Documents/CIAA-Repositories/EOPT/workspace/CMSIS_LPC43xx_DriverLib/Debug/libCMSIS_LPC43xx_DriverLib.a(lpc43xx_i2c.o)
 .text.I2C_Start
                0x1a0035fc       0x1c /home/pablo/Documents/CIAA-Repositories/EOPT/workspace/CMSIS_LPC43xx_DriverLib/Debug/libCMSIS_LPC43xx_DriverLib.a(lpc43xx_i2c.o)
 .text.I2C_Stop
                0x1a003618       0x18 /home/pablo/Documents/CIAA-Repositories/EOPT/workspace/CMSIS_LPC43xx_DriverLib/Debug/libCMSIS_LPC43xx_DriverLib.a(lpc43xx_i2c.o)
 .text.I2C_SendByte
                0x1a003630       0x24 /home/pablo/Documents/CIAA-Repositories/EOPT/workspace/CMSIS_LPC43xx_DriverLib/Debug/libCMSIS_LPC43xx_DriverLib.a(lpc43xx_i2c.o)
 .text.I2C_GetByte
                0x1a003654       0x24 /home/pablo/Documents/CIAA-Repositories/EOPT/workspace/CMSIS_LPC43xx_DriverLib/Debug/libCMSIS_LPC43xx_DriverLib.a(lpc43xx_i2c.o)
 .text.I2C_Init
                0x1a003678       0x80 /home/pablo/Documents/CIAA-Repositories/EOPT/workspace/CMSIS_LPC43xx_DriverLib/Debug/libCMSIS_LPC43xx_DriverLib.a(lpc43xx_i2c.o)
                0x1a003678                I2C_Init
 .text.I2C_Cmd  0x1a0036f8       0x10 /home/pablo/Documents/CIAA-Repositories/EOPT/workspace/CMSIS_LPC43xx_DriverLib/Debug/libCMSIS_LPC43xx_DriverLib.a(lpc43xx_i2c.o)
                0x1a0036f8                I2C_Cmd
 .text.I2C_IntCmd
                0x1a003708       0x54 /home/pablo/Documents/CIAA-Repositories/EOPT/workspace/CMSIS_LPC43xx_DriverLib/Debug/libCMSIS_LPC43xx_DriverLib.a(lpc43xx_i2c.o)
                0x1a003708                I2C_IntCmd
 .text.I2C_MasterTransferData
                0x1a00375c      0x1dc /home/pablo/Documents/CIAA-Repositories/EOPT/workspace/CMSIS_LPC43xx_DriverLib/Debug/libCMSIS_LPC43xx_DriverLib.a(lpc43xx_i2c.o)
                0x1a00375c                I2C_MasterTransferData
 .text.RGU_SoftReset
                0x1a003938       0x34 /home/pablo/Documents/CIAA-Repositories/EOPT/workspace/CMSIS_LPC43xx_DriverLib/Debug/libCMSIS_LPC43xx_DriverLib.a(lpc43xx_rgu.o)
                0x1a003938                RGU_SoftReset
 .text.RIT_Init
                0x1a00396c       0x14 /home/pablo/Documents/CIAA-Repositories/EOPT/workspace/CMSIS_LPC43xx_DriverLib/Debug/libCMSIS_LPC43xx_DriverLib.a(lpc43xx_rit.o)
                0x1a00396c                RIT_Init
 .text.RIT_TimerConfig
                0x1a003980       0x28 /home/pablo/Documents/CIAA-Repositories/EOPT/workspace/CMSIS_LPC43xx_DriverLib/Debug/libCMSIS_LPC43xx_DriverLib.a(lpc43xx_rit.o)
                0x1a003980                RIT_TimerConfig
 .text.RIT_Cmd  0x1a0039a8       0x14 /home/pablo/Documents/CIAA-Repositories/EOPT/workspace/CMSIS_LPC43xx_DriverLib/Debug/libCMSIS_LPC43xx_DriverLib.a(lpc43xx_rit.o)
                0x1a0039a8                RIT_Cmd
 .text.scu_pinmux
                0x1a0039bc       0x18 /home/pablo/Documents/CIAA-Repositories/EOPT/workspace/CMSIS_LPC43xx_DriverLib/Debug/libCMSIS_LPC43xx_DriverLib.a(lpc43xx_scu.o)
                0x1a0039bc                scu_pinmux
 .text.uart_set_divisors
                0x1a0039d4      0x190 /home/pablo/Documents/CIAA-Repositories/EOPT/workspace/CMSIS_LPC43xx_DriverLib/Debug/libCMSIS_LPC43xx_DriverLib.a(lpc43xx_uart.o)
 .text.UART_Init
                0x1a003b64      0x134 /home/pablo/Documents/CIAA-Repositories/EOPT/workspace/CMSIS_LPC43xx_DriverLib/Debug/libCMSIS_LPC43xx_DriverLib.a(lpc43xx_uart.o)
                0x1a003b64                UART_Init
 .text.UART_SendByte
                0x1a003c98        0x4 /home/pablo/Documents/CIAA-Repositories/EOPT/workspace/CMSIS_LPC43xx_DriverLib/Debug/libCMSIS_LPC43xx_DriverLib.a(lpc43xx_uart.o)
                0x1a003c98                UART_SendByte
 .text.UART_ReceiveByte
                0x1a003c9c        0x8 /home/pablo/Documents/CIAA-Repositories/EOPT/workspace/CMSIS_LPC43xx_DriverLib/Debug/libCMSIS_LPC43xx_DriverLib.a(lpc43xx_uart.o)
                0x1a003c9c                UART_ReceiveByte
 .text.UART_IntConfig
                0x1a003ca4       0x60 /home/pablo/Documents/CIAA-Repositories/EOPT/workspace/CMSIS_LPC43xx_DriverLib/Debug/libCMSIS_LPC43xx_DriverLib.a(lpc43xx_uart.o)
                0x1a003ca4                UART_IntConfig
 .text.UART_GetLineStatus
                0x1a003d04       0x14 /home/pablo/Documents/CIAA-Repositories/EOPT/workspace/CMSIS_LPC43xx_DriverLib/Debug/libCMSIS_LPC43xx_DriverLib.a(lpc43xx_uart.o)
                0x1a003d04                UART_GetLineStatus
 .text.UART_TxCmd
                0x1a003d18       0x38 /home/pablo/Documents/CIAA-Repositories/EOPT/workspace/CMSIS_LPC43xx_DriverLib/Debug/libCMSIS_LPC43xx_DriverLib.a(lpc43xx_uart.o)
                0x1a003d18                UART_TxCmd
 .text.SystemInit
                0x1a003d50       0x40 /home/pablo/Documents/CIAA-Repositories/EOPT/workspace/CMSIS_LPC43xx_DriverLib/Debug/libCMSIS_LPC43xx_DriverLib.a(system_LPC43xx.o)
                0x1a003d50                SystemInit
 .text          0x1a003d90      0x370 /usr/local/lpcxpresso_7.2.0_153/lpcxpresso/tools/bin/../lib/gcc/arm-none-eabi/4.8.3/armv7e-m/softfp/libgcc.a(_arm_addsubdf3.o)
                0x1a003d90                __aeabi_drsub
                0x1a003d98                __aeabi_dsub
                0x1a003d98                __subdf3
                0x1a003d9c                __adddf3
                0x1a003d9c                __aeabi_dadd
                0x1a004014                __aeabi_ui2d
                0x1a004014                __floatunsidf
                0x1a004034                __floatsidf
                0x1a004034                __aeabi_i2d
                0x1a004058                __extendsfdf2
                0x1a004058                __aeabi_f2d
                0x1a004094                __aeabi_ul2d
                0x1a004094                __floatundidf
                0x1a0040a4                __floatdidf
                0x1a0040a4                __aeabi_l2d
 .text          0x1a004100      0x424 /usr/local/lpcxpresso_7.2.0_153/lpcxpresso/tools/bin/../lib/gcc/arm-none-eabi/4.8.3/armv7e-m/softfp/libgcc.a(_arm_muldivdf3.o)
                0x1a004100                __aeabi_dmul
                0x1a004100                __muldf3
                0x1a004354                __aeabi_ddiv
                0x1a004354                __divdf3
 .text          0x1a004524      0x110 /usr/local/lpcxpresso_7.2.0_153/lpcxpresso/tools/bin/../lib/gcc/arm-none-eabi/4.8.3/armv7e-m/softfp/libgcc.a(_arm_cmpdf2.o)
                0x1a004524                __gtdf2
                0x1a004524                __gedf2
                0x1a00452c                __ltdf2
                0x1a00452c                __ledf2
                0x1a004534                __cmpdf2
                0x1a004534                __eqdf2
                0x1a004534                __nedf2
                0x1a0045b0                __aeabi_cdrcmple
                0x1a0045c0                __aeabi_cdcmple
                0x1a0045c0                __aeabi_cdcmpeq
                0x1a0045d0                __aeabi_dcmpeq
                0x1a0045e4                __aeabi_dcmplt
                0x1a0045f8                __aeabi_dcmple
                0x1a00460c                __aeabi_dcmpge
                0x1a004620                __aeabi_dcmpgt
 .text          0x1a004634       0x2c /usr/local/lpcxpresso_7.2.0_153/lpcxpresso/tools/bin/../lib/gcc/arm-none-eabi/4.8.3/armv7e-m/softfp/libgcc.a(_aeabi_uldivmod.o)
                0x1a004634                __aeabi_uldivmod
 .text          0x1a004660       0x60 /usr/local/lpcxpresso_7.2.0_153/lpcxpresso/tools/bin/../lib/gcc/arm-none-eabi/4.8.3/armv7e-m/softfp/libgcc.a(bpabi.o)
                0x1a004660                __gnu_ldivmod_helper
                0x1a004690                __gnu_uldivmod_helper
 .text          0x1a0046c0        0x4 /usr/local/lpcxpresso_7.2.0_153/lpcxpresso/tools/bin/../lib/gcc/arm-none-eabi/4.8.3/armv7e-m/softfp/libgcc.a(_dvmd_tls.o)
                0x1a0046c0                __aeabi_ldiv0
                0x1a0046c0                __aeabi_idiv0
 .text          0x1a0046c4      0x298 /usr/local/lpcxpresso_7.2.0_153/lpcxpresso/tools/bin/../lib/gcc/arm-none-eabi/4.8.3/armv7e-m/softfp/libgcc.a(_divdi3.o)
                0x1a0046c4                __divdi3
 .text          0x1a00495c      0x284 /usr/local/lpcxpresso_7.2.0_153/lpcxpresso/tools/bin/../lib/gcc/arm-none-eabi/4.8.3/armv7e-m/softfp/libgcc.a(_udivdi3.o)
                0x1a00495c                __udivdi3
 .text.memcmp   0x1a004be0       0x68 /usr/local/lpcxpresso_7.2.0_153/lpcxpresso/tools/bin/../lib/gcc/arm-none-eabi/4.8.3/../../../../arm-none-eabi/lib/armv7e-m/softfp/libc.a(lib_a-memcmp.o)
                0x1a004be0                memcmp
 .text          0x1a004c48      0x134 /usr/local/lpcxpresso_7.2.0_153/lpcxpresso/tools/bin/../lib/gcc/arm-none-eabi/4.8.3/../../../../arm-none-eabi/lib/armv7e-m/softfp/libc.a(lib_a-memcpy.o)
                0x1a004c48                memcpy
 .text.memset   0x1a004d7c       0x94 /usr/local/lpcxpresso_7.2.0_153/lpcxpresso/tools/bin/../lib/gcc/arm-none-eabi/4.8.3/../../../../arm-none-eabi/lib/armv7e-m/softfp/libc.a(lib_a-memset.o)
                0x1a004d7c                memset
 .text.sprintf  0x1a004e10       0x4c /usr/local/lpcxpresso_7.2.0_153/lpcxpresso/tools/bin/../lib/gcc/arm-none-eabi/4.8.3/../../../../arm-none-eabi/lib/armv7e-m/softfp/libc.a(lib_a-sprintf.o)
                0x1a004e10                sprintf
 .text.strcat   0x1a004e5c       0x4c /usr/local/lpcxpresso_7.2.0_153/lpcxpresso/tools/bin/../lib/gcc/arm-none-eabi/4.8.3/../../../../arm-none-eabi/lib/armv7e-m/softfp/libc.a(lib_a-strcat.o)
                0x1a004e5c                strcat
 .text.strcpy   0x1a004ea8       0xbc /usr/local/lpcxpresso_7.2.0_153/lpcxpresso/tools/bin/../lib/gcc/arm-none-eabi/4.8.3/../../../../arm-none-eabi/lib/armv7e-m/softfp/libc.a(lib_a-strcpy.o)
                0x1a004ea8                strcpy
 .text.strlen   0x1a004f64       0x60 /usr/local/lpcxpresso_7.2.0_153/lpcxpresso/tools/bin/../lib/gcc/arm-none-eabi/4.8.3/../../../../arm-none-eabi/lib/armv7e-m/softfp/libc.a(lib_a-strlen.o)
                0x1a004f64                strlen
 .text.strncpy  0x1a004fc4       0x64 /usr/local/lpcxpresso_7.2.0_153/lpcxpresso/tools/bin/../lib/gcc/arm-none-eabi/4.8.3/../../../../arm-none-eabi/lib/armv7e-m/softfp/libc.a(lib_a-strncpy.o)
                0x1a004fc4                strncpy
 .text.critical_factorization
                0x1a005028       0xbc /usr/local/lpcxpresso_7.2.0_153/lpcxpresso/tools/bin/../lib/gcc/arm-none-eabi/4.8.3/../../../../arm-none-eabi/lib/armv7e-m/softfp/libc.a(lib_a-strstr.o)
 .text.two_way_long_needle
                0x1a0050e4      0x1ec /usr/local/lpcxpresso_7.2.0_153/lpcxpresso/tools/bin/../lib/gcc/arm-none-eabi/4.8.3/../../../../arm-none-eabi/lib/armv7e-m/softfp/libc.a(lib_a-strstr.o)
 .text.strstr   0x1a0052d0      0x200 /usr/local/lpcxpresso_7.2.0_153/lpcxpresso/tools/bin/../lib/gcc/arm-none-eabi/4.8.3/../../../../arm-none-eabi/lib/armv7e-m/softfp/libc.a(lib_a-strstr.o)
                0x1a0052d0                strstr
 .text._svfprintf_r
                0x1a0054d0     0x1500 /usr/local/lpcxpresso_7.2.0_153/lpcxpresso/tools/bin/../lib/gcc/arm-none-eabi/4.8.3/../../../../arm-none-eabi/lib/armv7e-m/softfp/libc.a(lib_a-svfprintf.o)
                0x1a0054d0                _svfprintf_r
 .text.quorem   0x1a0069d0      0x130 /usr/local/lpcxpresso_7.2.0_153/lpcxpresso/tools/bin/../lib/gcc/arm-none-eabi/4.8.3/../../../../arm-none-eabi/lib/armv7e-m/softfp/libc.a(lib_a-dtoa.o)
 .text._dtoa_r  0x1a006b00      0xe30 /usr/local/lpcxpresso_7.2.0_153/lpcxpresso/tools/bin/../lib/gcc/arm-none-eabi/4.8.3/../../../../arm-none-eabi/lib/armv7e-m/softfp/libc.a(lib_a-dtoa.o)
                0x1a006b00                _dtoa_r
 .text._localeconv_r
                0x1a007930        0x8 /usr/local/lpcxpresso_7.2.0_153/lpcxpresso/tools/bin/../lib/gcc/arm-none-eabi/4.8.3/../../../../arm-none-eabi/lib/armv7e-m/softfp/libc.a(lib_a-locale.o)
                0x1a007930                _localeconv_r
 .text._malloc_r
                0x1a007938      0x538 /usr/local/lpcxpresso_7.2.0_153/lpcxpresso/tools/bin/../lib/gcc/arm-none-eabi/4.8.3/../../../../arm-none-eabi/lib/armv7e-m/softfp/libc.a(lib_a-mallocr.o)
                0x1a007938                _malloc_r
 .text.memchr   0x1a007e70       0x90 /usr/local/lpcxpresso_7.2.0_153/lpcxpresso/tools/bin/../lib/gcc/arm-none-eabi/4.8.3/../../../../arm-none-eabi/lib/armv7e-m/softfp/libc.a(lib_a-memchr-stub.o)
                0x1a007e70                memchr
 .text.__malloc_lock
                0x1a007f00        0x4 /usr/local/lpcxpresso_7.2.0_153/lpcxpresso/tools/bin/../lib/gcc/arm-none-eabi/4.8.3/../../../../arm-none-eabi/lib/armv7e-m/softfp/libc.a(lib_a-mlock.o)
                0x1a007f00                __malloc_lock
 .text.__malloc_unlock
                0x1a007f04        0x4 /usr/local/lpcxpresso_7.2.0_153/lpcxpresso/tools/bin/../lib/gcc/arm-none-eabi/4.8.3/../../../../arm-none-eabi/lib/armv7e-m/softfp/libc.a(lib_a-mlock.o)
                0x1a007f04                __malloc_unlock
 .text._Balloc  0x1a007f08       0x4c /usr/local/lpcxpresso_7.2.0_153/lpcxpresso/tools/bin/../lib/gcc/arm-none-eabi/4.8.3/../../../../arm-none-eabi/lib/armv7e-m/softfp/libc.a(lib_a-mprec.o)
                0x1a007f08                _Balloc
 .text._Bfree   0x1a007f54       0x14 /usr/local/lpcxpresso_7.2.0_153/lpcxpresso/tools/bin/../lib/gcc/arm-none-eabi/4.8.3/../../../../arm-none-eabi/lib/armv7e-m/softfp/libc.a(lib_a-mprec.o)
                0x1a007f54                _Bfree
 .text.__multadd
                0x1a007f68       0x98 /usr/local/lpcxpresso_7.2.0_153/lpcxpresso/tools/bin/../lib/gcc/arm-none-eabi/4.8.3/../../../../arm-none-eabi/lib/armv7e-m/softfp/libc.a(lib_a-mprec.o)
                0x1a007f68                __multadd
 .text.__hi0bits
                0x1a008000       0x40 /usr/local/lpcxpresso_7.2.0_153/lpcxpresso/tools/bin/../lib/gcc/arm-none-eabi/4.8.3/../../../../arm-none-eabi/lib/armv7e-m/softfp/libc.a(lib_a-mprec.o)
                0x1a008000                __hi0bits
 .text.__lo0bits
                0x1a008040       0x5c /usr/local/lpcxpresso_7.2.0_153/lpcxpresso/tools/bin/../lib/gcc/arm-none-eabi/4.8.3/../../../../arm-none-eabi/lib/armv7e-m/softfp/libc.a(lib_a-mprec.o)
                0x1a008040                __lo0bits
 .text.__i2b    0x1a00809c       0x14 /usr/local/lpcxpresso_7.2.0_153/lpcxpresso/tools/bin/../lib/gcc/arm-none-eabi/4.8.3/../../../../arm-none-eabi/lib/armv7e-m/softfp/libc.a(lib_a-mprec.o)
                0x1a00809c                __i2b
 .text.__multiply
                0x1a0080b0      0x13c /usr/local/lpcxpresso_7.2.0_153/lpcxpresso/tools/bin/../lib/gcc/arm-none-eabi/4.8.3/../../../../arm-none-eabi/lib/armv7e-m/softfp/libc.a(lib_a-mprec.o)
                0x1a0080b0                __multiply
 .text.__pow5mult
                0x1a0081ec       0x9c /usr/local/lpcxpresso_7.2.0_153/lpcxpresso/tools/bin/../lib/gcc/arm-none-eabi/4.8.3/../../../../arm-none-eabi/lib/armv7e-m/softfp/libc.a(lib_a-mprec.o)
                0x1a0081ec                __pow5mult
 .text.__lshift
                0x1a008288       0xbc /usr/local/lpcxpresso_7.2.0_153/lpcxpresso/tools/bin/../lib/gcc/arm-none-eabi/4.8.3/../../../../arm-none-eabi/lib/armv7e-m/softfp/libc.a(lib_a-mprec.o)
                0x1a008288                __lshift
 .text.__mcmp   0x1a008344       0x48 /usr/local/lpcxpresso_7.2.0_153/lpcxpresso/tools/bin/../lib/gcc/arm-none-eabi/4.8.3/../../../../arm-none-eabi/lib/armv7e-m/softfp/libc.a(lib_a-mprec.o)
                0x1a008344                __mcmp
 .text.__mdiff  0x1a00838c       0xd4 /usr/local/lpcxpresso_7.2.0_153/lpcxpresso/tools/bin/../lib/gcc/arm-none-eabi/4.8.3/../../../../arm-none-eabi/lib/armv7e-m/softfp/libc.a(lib_a-mprec.o)
                0x1a00838c                __mdiff
 .text.__d2b    0x1a008460       0xbc /usr/local/lpcxpresso_7.2.0_153/lpcxpresso/tools/bin/../lib/gcc/arm-none-eabi/4.8.3/../../../../arm-none-eabi/lib/armv7e-m/softfp/libc.a(lib_a-mprec.o)
                0x1a008460                __d2b
 .text.__fpclassifyd
                0x1a00851c       0x50 /usr/local/lpcxpresso_7.2.0_153/lpcxpresso/tools/bin/../lib/gcc/arm-none-eabi/4.8.3/../../../../arm-none-eabi/lib/armv7e-m/softfp/libc.a(lib_a-s_fpclassify.o)
                0x1a00851c                __fpclassifyd
 .text._sbrk_r  0x1a00856c       0x24 /usr/local/lpcxpresso_7.2.0_153/lpcxpresso/tools/bin/../lib/gcc/arm-none-eabi/4.8.3/../../../../arm-none-eabi/lib/armv7e-m/softfp/libc.a(lib_a-sbrkr.o)
                0x1a00856c                _sbrk_r
 .text.strchr   0x1a008590       0xf4 /usr/local/lpcxpresso_7.2.0_153/lpcxpresso/tools/bin/../lib/gcc/arm-none-eabi/4.8.3/../../../../arm-none-eabi/lib/armv7e-m/softfp/libc.a(lib_a-strchr.o)
                0x1a008590                strchr
 .text.__ssprint_r
                0x1a008684      0x100 /usr/local/lpcxpresso_7.2.0_153/lpcxpresso/tools/bin/../lib/gcc/arm-none-eabi/4.8.3/../../../../arm-none-eabi/lib/armv7e-m/softfp/libc.a(lib_a-svfiprintf.o)
                0x1a008684                __ssprint_r
 .text._calloc_r
                0x1a008784       0x60 /usr/local/lpcxpresso_7.2.0_153/lpcxpresso/tools/bin/../lib/gcc/arm-none-eabi/4.8.3/../../../../arm-none-eabi/lib/armv7e-m/softfp/libc.a(lib_a-callocr.o)
                0x1a008784                _calloc_r
 .text._malloc_trim_r
                0x1a0087e4       0x9c /usr/local/lpcxpresso_7.2.0_153/lpcxpresso/tools/bin/../lib/gcc/arm-none-eabi/4.8.3/../../../../arm-none-eabi/lib/armv7e-m/softfp/libc.a(lib_a-freer.o)
                0x1a0087e4                _malloc_trim_r
 .text._free_r  0x1a008880      0x19c /usr/local/lpcxpresso_7.2.0_153/lpcxpresso/tools/bin/../lib/gcc/arm-none-eabi/4.8.3/../../../../arm-none-eabi/lib/armv7e-m/softfp/libc.a(lib_a-freer.o)
                0x1a008880                _free_r
 .text.memmove  0x1a008a1c       0xc0 /usr/local/lpcxpresso_7.2.0_153/lpcxpresso/tools/bin/../lib/gcc/arm-none-eabi/4.8.3/../../../../arm-none-eabi/lib/armv7e-m/softfp/libc.a(lib_a-memmove.o)
                0x1a008a1c                memmove
 .text._realloc_r
                0x1a008adc      0x3cc /usr/local/lpcxpresso_7.2.0_153/lpcxpresso/tools/bin/../lib/gcc/arm-none-eabi/4.8.3/../../../../arm-none-eabi/lib/armv7e-m/softfp/libc.a(lib_a-reallocr.o)
                0x1a008adc                _realloc_r
 .text._sbrk    0x1a008ea8       0x3c /usr/local/lpcxpresso_7.2.0_153/lpcxpresso/tools/bin/../lib/gcc/arm-none-eabi/4.8.3/../../../../arm-none-eabi/lib/armv7e-m/softfp/libcr_newlib_nohost.a(_cr_sbrk.o)
                0x1a008ea8                _sbrk
 .text.__check_heap_overflow
                0x1a008ee4       0x2c /usr/local/lpcxpresso_7.2.0_153/lpcxpresso/tools/bin/../lib/gcc/arm-none-eabi/4.8.3/../../../../arm-none-eabi/lib/armv7e-m/softfp/libcr_newlib_nohost.a(_cr_check_heap.o)
                0x1a008ee4                __check_heap_overflow
 .text          0x1a008f10       0x50 /usr/local/lpcxpresso_7.2.0_153/lpcxpresso/tools/bin/../lib/gcc/arm-none-eabi/4.8.3/armv7e-m/softfp/libgcc.a(_arm_fixdfsi.o)
                0x1a008f10                __fixdfsi
                0x1a008f10                __aeabi_d2iz
 .text.__errno  0x1a008f60        0xc /usr/local/lpcxpresso_7.2.0_153/lpcxpresso/tools/bin/../lib/gcc/arm-none-eabi/4.8.3/../../../../arm-none-eabi/lib/armv7e-m/softfp/libc.a(lib_a-errno.o)
                0x1a008f60                __errno
 *(.rodata .rodata.* .constdata .constdata.*)
 .rodata.MyMAC  0x1a008f6c        0x8 ./src/Emac/src/tcpip.o
                0x1a008f6c                MyMAC
 .rodata.GetResponse
                0x1a008f74       0x30 ./src/Emac/src/webserver.o
                0x1a008f74                GetResponse
 .rodata.MyIP   0x1a008fa4        0x4 ./src/Emac/src/webserver.o
                0x1a008fa4                MyIP
 .rodata.SubnetMask
                0x1a008fa8        0x4 ./src/Emac/src/webserver.o
                0x1a008fa8                SubnetMask
 .rodata.GatewayIP
                0x1a008fac        0x4 ./src/Emac/src/webserver.o
                0x1a008fac                GatewayIP
 .rodata.WebSide
                0x1a008fb0     0x2d7c ./src/Emac/src/webserver.o
                0x1a008fb0                WebSide
 .rodata        0x1a00bd2c       0x74 ./src/Emac/src/webserver.o
 .rodata        0x1a00bda0       0x20 ./src/database.o
 .rodata        0x1a00bdc0       0x48 ./src/main.o
 .rodata.CGU_PERIPHERAL_Info
                0x1a00be08      0x190 /home/pablo/Documents/CIAA-Repositories/EOPT/workspace/CMSIS_LPC43xx_DriverLib/Debug/libCMSIS_LPC43xx_DriverLib.a(lpc43xx_cgu.o)
                0x1a00be08                CGU_PERIPHERAL_Info
 .rodata.CGU_Entity_ControlReg_Offset
                0x1a00bf98       0x5c /home/pablo/Documents/CIAA-Repositories/EOPT/workspace/CMSIS_LPC43xx_DriverLib/Debug/libCMSIS_LPC43xx_DriverLib.a(lpc43xx_cgu.o)
                0x1a00bf98                CGU_Entity_ControlReg_Offset
 .rodata.CGU_ConnectAlloc_Tbl
                0x1a00bff4      0x300 /home/pablo/Documents/CIAA-Repositories/EOPT/workspace/CMSIS_LPC43xx_DriverLib/Debug/libCMSIS_LPC43xx_DriverLib.a(lpc43xx_cgu.o)
                0x1a00bff4                CGU_ConnectAlloc_Tbl
 .rodata.zeroes.6760
                0x1a00c2f4       0x10 /usr/local/lpcxpresso_7.2.0_153/lpcxpresso/tools/bin/../lib/gcc/arm-none-eabi/4.8.3/../../../../arm-none-eabi/lib/armv7e-m/softfp/libc.a(lib_a-svfprintf.o)
 .rodata.str1.4
                0x1a00c304       0x42 /usr/local/lpcxpresso_7.2.0_153/lpcxpresso/tools/bin/../lib/gcc/arm-none-eabi/4.8.3/../../../../arm-none-eabi/lib/armv7e-m/softfp/libc.a(lib_a-svfprintf.o)
                                 0x44 (size before relaxing)
 *fill*         0x1a00c346        0x2 
 .rodata.blanks.6759
                0x1a00c348       0x10 /usr/local/lpcxpresso_7.2.0_153/lpcxpresso/tools/bin/../lib/gcc/arm-none-eabi/4.8.3/../../../../arm-none-eabi/lib/armv7e-m/softfp/libc.a(lib_a-svfprintf.o)
 .rodata.str1.4
                0x1a00c358       0x10 /usr/local/lpcxpresso_7.2.0_153/lpcxpresso/tools/bin/../lib/gcc/arm-none-eabi/4.8.3/../../../../arm-none-eabi/lib/armv7e-m/softfp/libc.a(lib_a-dtoa.o)
                                 0x14 (size before relaxing)
 .rodata.str1.4
                0x1a00c368        0x2 /usr/local/lpcxpresso_7.2.0_153/lpcxpresso/tools/bin/../lib/gcc/arm-none-eabi/4.8.3/../../../../arm-none-eabi/lib/armv7e-m/softfp/libc.a(lib_a-impure.o)
                                  0x4 (size before relaxing)
 *fill*         0x1a00c36a        0x2 
 .rodata.str1.4
                0x1a00c36c        0xc /usr/local/lpcxpresso_7.2.0_153/lpcxpresso/tools/bin/../lib/gcc/arm-none-eabi/4.8.3/../../../../arm-none-eabi/lib/armv7e-m/softfp/libc.a(lib_a-locale.o)
                                 0x14 (size before relaxing)
 .rodata.__mprec_tens
                0x1a00c378       0xc8 /usr/local/lpcxpresso_7.2.0_153/lpcxpresso/tools/bin/../lib/gcc/arm-none-eabi/4.8.3/../../../../arm-none-eabi/lib/armv7e-m/softfp/libc.a(lib_a-mprec.o)
                0x1a00c378                __mprec_tens
 .rodata.__mprec_bigtens
                0x1a00c440       0x28 /usr/local/lpcxpresso_7.2.0_153/lpcxpresso/tools/bin/../lib/gcc/arm-none-eabi/4.8.3/../../../../arm-none-eabi/lib/armv7e-m/softfp/libc.a(lib_a-mprec.o)
                0x1a00c440                __mprec_bigtens
 .rodata.p05.5266
                0x1a00c468        0xc /usr/local/lpcxpresso_7.2.0_153/lpcxpresso/tools/bin/../lib/gcc/arm-none-eabi/4.8.3/../../../../arm-none-eabi/lib/armv7e-m/softfp/libc.a(lib_a-mprec.o)
                0x1a00c474                . = ALIGN (0x4)

.glue_7         0x1a00c474        0x0
 .glue_7        0x00000000        0x0 linker stubs

.glue_7t        0x1a00c474        0x0
 .glue_7t       0x00000000        0x0 linker stubs

.vfp11_veneer   0x1a00c474        0x0
 .vfp11_veneer  0x00000000        0x0 linker stubs

.v4_bx          0x1a00c474        0x0
 .v4_bx         0x00000000        0x0 linker stubs

.iplt           0x1a00c474        0x0
 .iplt          0x00000000        0x0 ./src/Emac/src/emac.o

.ARM.extab
 *(.ARM.extab* .gnu.linkonce.armextab.*)
                0x1a00c474                __exidx_start = .

.ARM.exidx      0x1a00c474        0x8
 *(.ARM.exidx* .gnu.linkonce.armexidx.*)
 .ARM.exidx     0x1a00c474        0x8 /usr/local/lpcxpresso_7.2.0_153/lpcxpresso/tools/bin/../lib/gcc/arm-none-eabi/4.8.3/armv7e-m/softfp/libgcc.a(_divdi3.o)
 .ARM.exidx     0x1a00c47c        0x0 /usr/local/lpcxpresso_7.2.0_153/lpcxpresso/tools/bin/../lib/gcc/arm-none-eabi/4.8.3/armv7e-m/softfp/libgcc.a(_udivdi3.o)
                                  0x8 (size before relaxing)
                0x1a00c47c                __exidx_end = .
                0x1a00c47c                _etext = .

.data_RAM2      0x10080000      0x288 load address 0x1a00c47c
 FILL mask 0xff
                0x10080000                __core_m0app_START__ = .
 *(.core_m0app)
 .core_m0app    0x10080000      0x288 /home/pablo/Documents/CIAA-Repositories/EOPT/workspace/CIAA-Demo-M0/Debug/CIAA-Demo-M0.axf.o
                0x10080288                __core_m0app_END__ = .
                0x00000001                ASSERT (! ((__core_m0app_START__ == __core_m0app_END__)), No slave code for _core_m0app)
                0x00000001                ASSERT ((ABSOLUTE (__core_m0app_START__) == __vectors_start___core_m0app), M0APP execute address differs from address provided in source image)
 *(.ramfunc.$RAM2)
 *(.ramfunc.$RamLoc40)
 *(.data.$RAM2*)
 *(.data.$RamLoc40*)
                0x10080288                . = ALIGN (0x4)

.rel.dyn        0x10080288        0x0 load address 0x1a00c704
 .rel.iplt      0x00000000        0x0 ./src/Emac/src/emac.o

.data_RAM3      0x20000000        0x0 load address 0x1a00c704
 FILL mask 0xff
 *(.ramfunc.$RAM3)
 *(.ramfunc.$RamAHB32)
 *(.data.$RAM3*)
 *(.data.$RamAHB32*)
                0x20000000                . = ALIGN (0x4)

.data_RAM4      0x20008000        0x0 load address 0x1a00c704
 FILL mask 0xff
 *(.ramfunc.$RAM4)
 *(.ramfunc.$RamAHB16)
 *(.data.$RAM4*)
 *(.data.$RamAHB16*)
                0x20008000                . = ALIGN (0x4)

.data_RAM5      0x2000c000        0x0 load address 0x1a00c704
 FILL mask 0xff
 *(.ramfunc.$RAM5)
 *(.ramfunc.$RamAHB_ETB16)
 *(.data.$RAM5*)
 *(.data.$RamAHB_ETB16*)
                0x2000c000                . = ALIGN (0x4)

.uninit_RESERVED
                0x10000000        0x0
 *(.bss.$RESERVED*)
                0x10000000                . = ALIGN (0x4)
                0x10000000                _end_uninit_RESERVED = .

.data           0x10000000      0x8c4 load address 0x1a00c704
 FILL mask 0xff
                0x10000000                _data = .
 *(vtable)
 *(.ramfunc*)
 *(.data*)
 .data.pTxIn    0x10000000        0x4 ./src/ciaaUART.o
                0x10000000                pTxIn
 .data.pTxOut   0x10000004        0x4 ./src/ciaaUART.o
                0x10000004                pTxOut
 .data.CGU_ClockSourceFrequency
                0x10000008       0x44 /home/pablo/Documents/CIAA-Repositories/EOPT/workspace/CMSIS_LPC43xx_DriverLib/Debug/libCMSIS_LPC43xx_DriverLib.a(lpc43xx_cgu.o)
                0x10000008                CGU_ClockSourceFrequency
 .data.SystemCoreClock
                0x1000004c        0x4 /home/pablo/Documents/CIAA-Repositories/EOPT/workspace/CMSIS_LPC43xx_DriverLib/Debug/libCMSIS_LPC43xx_DriverLib.a(system_LPC43xx.o)
                0x1000004c                SystemCoreClock
 .data.impure_data
                0x10000050      0x428 /usr/local/lpcxpresso_7.2.0_153/lpcxpresso/tools/bin/../lib/gcc/arm-none-eabi/4.8.3/../../../../arm-none-eabi/lib/armv7e-m/softfp/libc.a(lib_a-impure.o)
 .data._impure_ptr
                0x10000478        0x4 /usr/local/lpcxpresso_7.2.0_153/lpcxpresso/tools/bin/../lib/gcc/arm-none-eabi/4.8.3/../../../../arm-none-eabi/lib/armv7e-m/softfp/libc.a(lib_a-impure.o)
                0x10000478                _impure_ptr
 .data.lconv    0x1000047c       0x38 /usr/local/lpcxpresso_7.2.0_153/lpcxpresso/tools/bin/../lib/gcc/arm-none-eabi/4.8.3/../../../../arm-none-eabi/lib/armv7e-m/softfp/libc.a(lib_a-locale.o)
 .data.__malloc_av_
                0x100004b4      0x408 /usr/local/lpcxpresso_7.2.0_153/lpcxpresso/tools/bin/../lib/gcc/arm-none-eabi/4.8.3/../../../../arm-none-eabi/lib/armv7e-m/softfp/libc.a(lib_a-mallocr.o)
                0x100004b4                __malloc_av_
 .data.__malloc_trim_threshold
                0x100008bc        0x4 /usr/local/lpcxpresso_7.2.0_153/lpcxpresso/tools/bin/../lib/gcc/arm-none-eabi/4.8.3/../../../../arm-none-eabi/lib/armv7e-m/softfp/libc.a(lib_a-mallocr.o)
                0x100008bc                __malloc_trim_threshold
 .data.__malloc_sbrk_base
                0x100008c0        0x4 /usr/local/lpcxpresso_7.2.0_153/lpcxpresso/tools/bin/../lib/gcc/arm-none-eabi/4.8.3/../../../../arm-none-eabi/lib/armv7e-m/softfp/libc.a(lib_a-mallocr.o)
                0x100008c0                __malloc_sbrk_base
                0x100008c4                . = ALIGN (0x4)
                0x100008c4                _edata = .

.igot.plt       0x100008c4        0x0 load address 0x1a00cfc8
 .igot.plt      0x00000000        0x0 ./src/Emac/src/emac.o

.bss_RAM2       0x10080288        0x0
 *(.bss.$RAM2*)
 *(.bss.$RamLoc40*)
                0x10080288                . = ALIGN (0x4)

.bss_RAM3       0x20000000        0x0
 *(.bss.$RAM3*)
 *(.bss.$RamAHB32*)
                0x20000000                . = ALIGN (0x4)

.bss_RAM4       0x20008000        0x0
 *(.bss.$RAM4*)
 *(.bss.$RamAHB16*)
                0x20008000                . = ALIGN (0x4)

.bss_RAM5       0x2000c000        0x0
 *(.bss.$RAM5*)
 *(.bss.$RamAHB_ETB16*)
                0x2000c000                . = ALIGN (0x4)

.bss            0x100008c4     0x1320
                0x100008c4                _bss = .
 *(.bss*)
 .bss.rptr      0x100008c4        0x4 ./src/Emac/src/emac.o
 .bss.tptr      0x100008c8        0x4 ./src/Emac/src/emac.o
 .bss.TxDescIndex
                0x100008cc        0x4 ./src/Emac/src/emac.o
 .bss.RxDescIndex
                0x100008d0        0x4 ./src/Emac/src/emac.o
 .bss.sendPage.7019
                0x100008d4        0x1 ./src/Emac/src/webserver.o
 *fill*         0x100008d5        0x3 
 .bss.uartRxDataCount
                0x100008d8        0x4 ./src/ciaaUART.o
                0x100008d8                uartRxDataCount
 .bss.registro_count
                0x100008dc        0x4 ./src/database.o
                0x100008dc                registro_count
 .bss.TimeTick.7726
                0x100008e0        0x4 ./src/main.o
 .bss.expectedPLL0AudioFreq
                0x100008e4        0x4 /home/pablo/Documents/CIAA-Repositories/EOPT/workspace/CMSIS_LPC43xx_DriverLib/Debug/libCMSIS_LPC43xx_DriverLib.a(lpc43xx_cgu.o)
                0x100008e4                expectedPLL0AudioFreq
 .bss.expectedPLL0Freq
                0x100008e8        0x4 /home/pablo/Documents/CIAA-Repositories/EOPT/workspace/CMSIS_LPC43xx_DriverLib/Debug/libCMSIS_LPC43xx_DriverLib.a(lpc43xx_cgu.o)
                0x100008e8                expectedPLL0Freq
 .bss.I2C_MasterComplete
                0x100008ec        0xc /home/pablo/Documents/CIAA-Repositories/EOPT/workspace/CMSIS_LPC43xx_DriverLib/Debug/libCMSIS_LPC43xx_DriverLib.a(lpc43xx_i2c.o)
 .bss.i2cdat    0x100008f8       0x18 /home/pablo/Documents/CIAA-Repositories/EOPT/workspace/CMSIS_LPC43xx_DriverLib/Debug/libCMSIS_LPC43xx_DriverLib.a(lpc43xx_i2c.o)
 .bss.__malloc_max_total_mem
                0x10000910        0x4 /usr/local/lpcxpresso_7.2.0_153/lpcxpresso/tools/bin/../lib/gcc/arm-none-eabi/4.8.3/../../../../arm-none-eabi/lib/armv7e-m/softfp/libc.a(lib_a-mallocr.o)
                0x10000910                __malloc_max_total_mem
 .bss.__malloc_max_sbrked_mem
                0x10000914        0x4 /usr/local/lpcxpresso_7.2.0_153/lpcxpresso/tools/bin/../lib/gcc/arm-none-eabi/4.8.3/../../../../arm-none-eabi/lib/armv7e-m/softfp/libc.a(lib_a-mallocr.o)
                0x10000914                __malloc_max_sbrked_mem
 .bss.__malloc_top_pad
                0x10000918        0x4 /usr/local/lpcxpresso_7.2.0_153/lpcxpresso/tools/bin/../lib/gcc/arm-none-eabi/4.8.3/../../../../arm-none-eabi/lib/armv7e-m/softfp/libc.a(lib_a-mallocr.o)
                0x10000918                __malloc_top_pad
 .bss.__malloc_current_mallinfo
                0x1000091c       0x28 /usr/local/lpcxpresso_7.2.0_153/lpcxpresso/tools/bin/../lib/gcc/arm-none-eabi/4.8.3/../../../../arm-none-eabi/lib/armv7e-m/softfp/libc.a(lib_a-mallocr.o)
                0x1000091c                __malloc_current_mallinfo
 *(COMMON)
 COMMON         0x10000944      0x92d ./src/Emac/src/webserver.o
                0x10000944                TCPTimer
                0x10000948                HTTPBytesToSend
                0x1000094c                _db_dec
                0x10000950                TCPRxDataCount
                0x10000954                _db_dec_32
                0x10000958                _db_hex_32
                0x1000095c                _db_dec_16
                0x10000960                HTTPStatus
                0x10000962                TCPTxDataCount
                0x10000964                RecdFrameIP
                0x10000968                RemoteMAC
                0x1000096e                TCPStateMachine
                0x10000970                TCPUNASeqNr
                0x10000974                TCPLocalPort
                0x10000978                _RxTCPBuffer
                0x10000d78                _db_msg
                0x10000d7c                TCPFlags
                0x10000d80                RecdFrameMAC
                0x10000d88                _db_get_char
                0x10000d8c                _db_msg_
                0x10000d90                RecdIPFrameLength
                0x10000d94                _db_char
                0x10000d98                PWebSide
                0x10000d9c                RemoteIP
                0x10000da0                _db_hex
                0x10000da4                LastFrameSent
                0x10000da6                TCPRemotePort
                0x10000da8                TxFrame2Size
                0x10000dac                TCPAckNr
                0x10000db0                TransmitControl
                0x10000db2                TxFrame1Size
                0x10000db4                ISNGenHigh
                0x10000db8                _TxFrame2
                0x10000e02                RecdFrameLength
                0x10000e04                _db_hex_16
                0x10000e08                _TxFrame1
                0x10001240                TCPSeqNr
                0x10001244                RetryCounter
                0x10001248                __Ciob
                0x10001270                SocketStatus
 *fill*         0x10001271        0x3 
 COMMON         0x10001274      0x800 ./src/ciaaUART.o
                0x10001274                uartRxBuf
                0x10001674                uartTxBuf
 COMMON         0x10001a74      0x15e ./src/database.o
                0x10001a74                registro
                0x10001bc8                currentUID
 *fill*         0x10001bd2        0x2 
 COMMON         0x10001bd4        0x8 ./src/main.o
                0x10001bd4                msec
                0x10001bd8                wiegandTimeout
 COMMON         0x10001bdc        0x4 /usr/local/lpcxpresso_7.2.0_153/lpcxpresso/tools/bin/../lib/gcc/arm-none-eabi/4.8.3/../../../../arm-none-eabi/lib/armv7e-m/softfp/libc.a(lib_a-reent.o)
                0x10001bdc                errno
 COMMON         0x10001be0        0x4 /usr/local/lpcxpresso_7.2.0_153/lpcxpresso/tools/bin/../lib/gcc/arm-none-eabi/4.8.3/../../../../arm-none-eabi/lib/armv7e-m/softfp/libcr_newlib_nohost.a(_cr_sbrk.o)
                0x10001be0                __end_of_heap
                0x10001be4                . = ALIGN (0x4)
                0x10001be4                _ebss = .
                0x10001be4                PROVIDE (end, .)

.noinit_RAM2    0x10080288        0x0
 *(.noinit.$RAM2*)
 *(.noinit.$RamLoc40*)
                0x10080288                . = ALIGN (0x4)

.noinit_RAM3    0x20000000        0x0
 *(.noinit.$RAM3*)
 *(.noinit.$RamAHB32*)
                0x20000000                . = ALIGN (0x4)

.noinit_RAM4    0x20008000        0x0
 *(.noinit.$RAM4*)
 *(.noinit.$RamAHB16*)
                0x20008000                . = ALIGN (0x4)

.noinit_RAM5    0x2000c000        0x0
 *(.noinit.$RAM5*)
 *(.noinit.$RamAHB_ETB16*)
                0x2000c000                . = ALIGN (0x4)

.noinit         0x10001be4        0x0
                0x10001be4                _noinit = .
 *(.noinit*)
                0x10001be4                . = ALIGN (0x4)
                0x10001be4                _end_noinit = .
                0x10001be4                PROVIDE (_pvHeapStart, .)
                0x10008000                PROVIDE (_vStackTop, (__top_RamLoc32 - 0x0))
OUTPUT(CIAA-Demo.axf elf32-littlearm)

.debug_info     0x00000000     0xab90
 .debug_info    0x00000000      0xd45 ./src/Emac/src/emac.o
 .debug_info    0x00000d45      0x683 ./src/Emac/src/tcpip.o
 .debug_info    0x000013c8      0xa01 ./src/Emac/src/webserver.o
 .debug_info    0x00001dc9      0x19e ./src/ciaaAOUT.o
 .debug_info    0x00001f67      0x35a ./src/ciaaI2C.o
 .debug_info    0x000022c1      0x11f ./src/ciaaIO.o
 .debug_info    0x000023e0      0x8ba ./src/ciaaUART.o
 .debug_info    0x00002c9a      0x143 ./src/cr_start_m0.o
 .debug_info    0x00002ddd      0x2e6 ./src/cr_startup_lpc43xx.o
 .debug_info    0x000030c3       0x3f ./src/crp.o
 .debug_info    0x00003102      0x29e ./src/database.o
 .debug_info    0x000033a0      0xba9 ./src/main.o
 .debug_info    0x00003f49     0x1e10 /home/pablo/Documents/CIAA-Repositories/EOPT/workspace/CMSIS_LPC43xx_DriverLib/Debug/libCMSIS_LPC43xx_DriverLib.a(lpc43xx_cgu.o)
 .debug_info    0x00005d59      0x38b /home/pablo/Documents/CIAA-Repositories/EOPT/workspace/CMSIS_LPC43xx_DriverLib/Debug/libCMSIS_LPC43xx_DriverLib.a(lpc43xx_dac.o)
 .debug_info    0x000060e4      0x4b6 /home/pablo/Documents/CIAA-Repositories/EOPT/workspace/CMSIS_LPC43xx_DriverLib/Debug/libCMSIS_LPC43xx_DriverLib.a(lpc43xx_gpio.o)
 .debug_info    0x0000659a     0x1f82 /home/pablo/Documents/CIAA-Repositories/EOPT/workspace/CMSIS_LPC43xx_DriverLib/Debug/libCMSIS_LPC43xx_DriverLib.a(lpc43xx_i2c.o)
 .debug_info    0x0000851c      0x6c3 /home/pablo/Documents/CIAA-Repositories/EOPT/workspace/CMSIS_LPC43xx_DriverLib/Debug/libCMSIS_LPC43xx_DriverLib.a(lpc43xx_rgu.o)
 .debug_info    0x00008bdf      0x3a0 /home/pablo/Documents/CIAA-Repositories/EOPT/workspace/CMSIS_LPC43xx_DriverLib/Debug/libCMSIS_LPC43xx_DriverLib.a(lpc43xx_rit.o)
 .debug_info    0x00008f7f      0x113 /home/pablo/Documents/CIAA-Repositories/EOPT/workspace/CMSIS_LPC43xx_DriverLib/Debug/libCMSIS_LPC43xx_DriverLib.a(lpc43xx_scu.o)
 .debug_info    0x00009092     0x13ef /home/pablo/Documents/CIAA-Repositories/EOPT/workspace/CMSIS_LPC43xx_DriverLib/Debug/libCMSIS_LPC43xx_DriverLib.a(lpc43xx_uart.o)
 .debug_info    0x0000a481      0x560 /home/pablo/Documents/CIAA-Repositories/EOPT/workspace/CMSIS_LPC43xx_DriverLib/Debug/libCMSIS_LPC43xx_DriverLib.a(system_LPC43xx.o)
 .debug_info    0x0000a9e1      0x12d /usr/local/lpcxpresso_7.2.0_153/lpcxpresso/tools/bin/../lib/gcc/arm-none-eabi/4.8.3/../../../../arm-none-eabi/lib/armv7e-m/softfp/libcr_newlib_nohost.a(_cr_sbrk.o)
 .debug_info    0x0000ab0e       0x82 /usr/local/lpcxpresso_7.2.0_153/lpcxpresso/tools/bin/../lib/gcc/arm-none-eabi/4.8.3/../../../../arm-none-eabi/lib/armv7e-m/softfp/libcr_newlib_nohost.a(_cr_check_heap.o)

.debug_abbrev   0x00000000     0x205b
 .debug_abbrev  0x00000000      0x221 ./src/Emac/src/emac.o
 .debug_abbrev  0x00000221      0x1e8 ./src/Emac/src/tcpip.o
 .debug_abbrev  0x00000409      0x1e6 ./src/Emac/src/webserver.o
 .debug_abbrev  0x000005ef       0xde ./src/ciaaAOUT.o
 .debug_abbrev  0x000006cd      0x146 ./src/ciaaI2C.o
 .debug_abbrev  0x00000813       0xb1 ./src/ciaaIO.o
 .debug_abbrev  0x000008c4      0x1c4 ./src/ciaaUART.o
 .debug_abbrev  0x00000a88       0x9a ./src/cr_start_m0.o
 .debug_abbrev  0x00000b22      0x13a ./src/cr_startup_lpc43xx.o
 .debug_abbrev  0x00000c5c       0x36 ./src/crp.o
 .debug_abbrev  0x00000c92      0x142 ./src/database.o
 .debug_abbrev  0x00000dd4      0x233 ./src/main.o
 .debug_abbrev  0x00001007      0x29c /home/pablo/Documents/CIAA-Repositories/EOPT/workspace/CMSIS_LPC43xx_DriverLib/Debug/libCMSIS_LPC43xx_DriverLib.a(lpc43xx_cgu.o)
 .debug_abbrev  0x000012a3      0x14a /home/pablo/Documents/CIAA-Repositories/EOPT/workspace/CMSIS_LPC43xx_DriverLib/Debug/libCMSIS_LPC43xx_DriverLib.a(lpc43xx_dac.o)
 .debug_abbrev  0x000013ed      0x169 /home/pablo/Documents/CIAA-Repositories/EOPT/workspace/CMSIS_LPC43xx_DriverLib/Debug/libCMSIS_LPC43xx_DriverLib.a(lpc43xx_gpio.o)
 .debug_abbrev  0x00001556      0x31d /home/pablo/Documents/CIAA-Repositories/EOPT/workspace/CMSIS_LPC43xx_DriverLib/Debug/libCMSIS_LPC43xx_DriverLib.a(lpc43xx_i2c.o)
 .debug_abbrev  0x00001873      0x11c /home/pablo/Documents/CIAA-Repositories/EOPT/workspace/CMSIS_LPC43xx_DriverLib/Debug/libCMSIS_LPC43xx_DriverLib.a(lpc43xx_rgu.o)
 .debug_abbrev  0x0000198f      0x137 /home/pablo/Documents/CIAA-Repositories/EOPT/workspace/CMSIS_LPC43xx_DriverLib/Debug/libCMSIS_LPC43xx_DriverLib.a(lpc43xx_rit.o)
 .debug_abbrev  0x00001ac6       0xb1 /home/pablo/Documents/CIAA-Repositories/EOPT/workspace/CMSIS_LPC43xx_DriverLib/Debug/libCMSIS_LPC43xx_DriverLib.a(lpc43xx_scu.o)
 .debug_abbrev  0x00001b77      0x23f /home/pablo/Documents/CIAA-Repositories/EOPT/workspace/CMSIS_LPC43xx_DriverLib/Debug/libCMSIS_LPC43xx_DriverLib.a(lpc43xx_uart.o)
 .debug_abbrev  0x00001db6      0x13c /home/pablo/Documents/CIAA-Repositories/EOPT/workspace/CMSIS_LPC43xx_DriverLib/Debug/libCMSIS_LPC43xx_DriverLib.a(system_LPC43xx.o)
 .debug_abbrev  0x00001ef2       0xf6 /usr/local/lpcxpresso_7.2.0_153/lpcxpresso/tools/bin/../lib/gcc/arm-none-eabi/4.8.3/../../../../arm-none-eabi/lib/armv7e-m/softfp/libcr_newlib_nohost.a(_cr_sbrk.o)
 .debug_abbrev  0x00001fe8       0x73 /usr/local/lpcxpresso_7.2.0_153/lpcxpresso/tools/bin/../lib/gcc/arm-none-eabi/4.8.3/../../../../arm-none-eabi/lib/armv7e-m/softfp/libcr_newlib_nohost.a(_cr_check_heap.o)

.debug_aranges  0x00000000      0x820
 .debug_aranges
                0x00000000       0x98 ./src/Emac/src/emac.o
 .debug_aranges
                0x00000098      0x108 ./src/Emac/src/tcpip.o
 .debug_aranges
                0x000001a0       0x38 ./src/Emac/src/webserver.o
 .debug_aranges
                0x000001d8       0x28 ./src/ciaaAOUT.o
 .debug_aranges
                0x00000200       0x30 ./src/ciaaI2C.o
 .debug_aranges
                0x00000230       0x30 ./src/ciaaIO.o
 .debug_aranges
                0x00000260       0x40 ./src/ciaaUART.o
 .debug_aranges
                0x000002a0       0x30 ./src/cr_start_m0.o
 .debug_aranges
                0x000002d0       0x80 ./src/cr_startup_lpc43xx.o
 .debug_aranges
                0x00000350       0x18 ./src/crp.o
 .debug_aranges
                0x00000368       0x40 ./src/database.o
 .debug_aranges
                0x000003a8       0x80 ./src/main.o
 .debug_aranges
                0x00000428       0xb8 /home/pablo/Documents/CIAA-Repositories/EOPT/workspace/CMSIS_LPC43xx_DriverLib/Debug/libCMSIS_LPC43xx_DriverLib.a(lpc43xx_cgu.o)
 .debug_aranges
                0x000004e0       0x40 /home/pablo/Documents/CIAA-Repositories/EOPT/workspace/CMSIS_LPC43xx_DriverLib/Debug/libCMSIS_LPC43xx_DriverLib.a(lpc43xx_dac.o)
 .debug_aranges
                0x00000520       0x60 /home/pablo/Documents/CIAA-Repositories/EOPT/workspace/CMSIS_LPC43xx_DriverLib/Debug/libCMSIS_LPC43xx_DriverLib.a(lpc43xx_gpio.o)
 .debug_aranges
                0x00000580       0xb8 /home/pablo/Documents/CIAA-Repositories/EOPT/workspace/CMSIS_LPC43xx_DriverLib/Debug/libCMSIS_LPC43xx_DriverLib.a(lpc43xx_i2c.o)
 .debug_aranges
                0x00000638       0x30 /home/pablo/Documents/CIAA-Repositories/EOPT/workspace/CMSIS_LPC43xx_DriverLib/Debug/libCMSIS_LPC43xx_DriverLib.a(lpc43xx_rgu.o)
 .debug_aranges
                0x00000668       0x48 /home/pablo/Documents/CIAA-Repositories/EOPT/workspace/CMSIS_LPC43xx_DriverLib/Debug/libCMSIS_LPC43xx_DriverLib.a(lpc43xx_rit.o)
 .debug_aranges
                0x000006b0       0x20 /home/pablo/Documents/CIAA-Repositories/EOPT/workspace/CMSIS_LPC43xx_DriverLib/Debug/libCMSIS_LPC43xx_DriverLib.a(lpc43xx_scu.o)
 .debug_aranges
                0x000006d0       0xf0 /home/pablo/Documents/CIAA-Repositories/EOPT/workspace/CMSIS_LPC43xx_DriverLib/Debug/libCMSIS_LPC43xx_DriverLib.a(lpc43xx_uart.o)
 .debug_aranges
                0x000007c0       0x20 /home/pablo/Documents/CIAA-Repositories/EOPT/workspace/CMSIS_LPC43xx_DriverLib/Debug/libCMSIS_LPC43xx_DriverLib.a(system_LPC43xx.o)
 .debug_aranges
                0x000007e0       0x20 /usr/local/lpcxpresso_7.2.0_153/lpcxpresso/tools/bin/../lib/gcc/arm-none-eabi/4.8.3/../../../../arm-none-eabi/lib/armv7e-m/softfp/libcr_newlib_nohost.a(_cr_sbrk.o)
 .debug_aranges
                0x00000800       0x20 /usr/local/lpcxpresso_7.2.0_153/lpcxpresso/tools/bin/../lib/gcc/arm-none-eabi/4.8.3/../../../../arm-none-eabi/lib/armv7e-m/softfp/libcr_newlib_nohost.a(_cr_check_heap.o)

.debug_ranges   0x00000000      0x6a8
 .debug_ranges  0x00000000       0x88 ./src/Emac/src/emac.o
 .debug_ranges  0x00000088       0xf8 ./src/Emac/src/tcpip.o
 .debug_ranges  0x00000180       0x28 ./src/Emac/src/webserver.o
 .debug_ranges  0x000001a8       0x18 ./src/ciaaAOUT.o
 .debug_ranges  0x000001c0       0x20 ./src/ciaaI2C.o
 .debug_ranges  0x000001e0       0x20 ./src/ciaaIO.o
 .debug_ranges  0x00000200       0x30 ./src/ciaaUART.o
 .debug_ranges  0x00000230       0x20 ./src/cr_start_m0.o
 .debug_ranges  0x00000250       0x70 ./src/cr_startup_lpc43xx.o
 .debug_ranges  0x000002c0       0x30 ./src/database.o
 .debug_ranges  0x000002f0       0x70 ./src/main.o
 .debug_ranges  0x00000360       0xa8 /home/pablo/Documents/CIAA-Repositories/EOPT/workspace/CMSIS_LPC43xx_DriverLib/Debug/libCMSIS_LPC43xx_DriverLib.a(lpc43xx_cgu.o)
 .debug_ranges  0x00000408       0x30 /home/pablo/Documents/CIAA-Repositories/EOPT/workspace/CMSIS_LPC43xx_DriverLib/Debug/libCMSIS_LPC43xx_DriverLib.a(lpc43xx_dac.o)
 .debug_ranges  0x00000438       0x50 /home/pablo/Documents/CIAA-Repositories/EOPT/workspace/CMSIS_LPC43xx_DriverLib/Debug/libCMSIS_LPC43xx_DriverLib.a(lpc43xx_gpio.o)
 .debug_ranges  0x00000488       0xa8 /home/pablo/Documents/CIAA-Repositories/EOPT/workspace/CMSIS_LPC43xx_DriverLib/Debug/libCMSIS_LPC43xx_DriverLib.a(lpc43xx_i2c.o)
 .debug_ranges  0x00000530       0x20 /home/pablo/Documents/CIAA-Repositories/EOPT/workspace/CMSIS_LPC43xx_DriverLib/Debug/libCMSIS_LPC43xx_DriverLib.a(lpc43xx_rgu.o)
 .debug_ranges  0x00000550       0x38 /home/pablo/Documents/CIAA-Repositories/EOPT/workspace/CMSIS_LPC43xx_DriverLib/Debug/libCMSIS_LPC43xx_DriverLib.a(lpc43xx_rit.o)
 .debug_ranges  0x00000588       0x10 /home/pablo/Documents/CIAA-Repositories/EOPT/workspace/CMSIS_LPC43xx_DriverLib/Debug/libCMSIS_LPC43xx_DriverLib.a(lpc43xx_scu.o)
 .debug_ranges  0x00000598       0xe0 /home/pablo/Documents/CIAA-Repositories/EOPT/workspace/CMSIS_LPC43xx_DriverLib/Debug/libCMSIS_LPC43xx_DriverLib.a(lpc43xx_uart.o)
 .debug_ranges  0x00000678       0x10 /home/pablo/Documents/CIAA-Repositories/EOPT/workspace/CMSIS_LPC43xx_DriverLib/Debug/libCMSIS_LPC43xx_DriverLib.a(system_LPC43xx.o)
 .debug_ranges  0x00000688       0x10 /usr/local/lpcxpresso_7.2.0_153/lpcxpresso/tools/bin/../lib/gcc/arm-none-eabi/4.8.3/../../../../arm-none-eabi/lib/armv7e-m/softfp/libcr_newlib_nohost.a(_cr_sbrk.o)
 .debug_ranges  0x00000698       0x10 /usr/local/lpcxpresso_7.2.0_153/lpcxpresso/tools/bin/../lib/gcc/arm-none-eabi/4.8.3/../../../../arm-none-eabi/lib/armv7e-m/softfp/libcr_newlib_nohost.a(_cr_check_heap.o)

.debug_macro    0x00000000     0x651a
 .debug_macro   0x00000000       0xbc ./src/Emac/src/emac.o
 .debug_macro   0x000000bc      0x880 ./src/Emac/src/emac.o
 .debug_macro   0x0000093c      0x259 ./src/Emac/src/emac.o
 .debug_macro   0x00000b95      0x2d7 ./src/Emac/src/emac.o
 .debug_macro   0x00000e6c       0x2d ./src/Emac/src/emac.o
 .debug_macro   0x00000e99       0x3b ./src/Emac/src/emac.o
 .debug_macro   0x00000ed4       0x10 ./src/Emac/src/emac.o
 .debug_macro   0x00000ee4      0x122 ./src/Emac/src/emac.o
 .debug_macro   0x00001006      0x5b9 ./src/Emac/src/emac.o
 .debug_macro   0x000015bf       0x2d ./src/Emac/src/emac.o
 .debug_macro   0x000015ec       0x42 ./src/Emac/src/emac.o
 .debug_macro   0x0000162e      0xd39 ./src/Emac/src/emac.o
 .debug_macro   0x00002367      0x329 ./src/Emac/src/emac.o
 .debug_macro   0x00002690      0x118 ./src/Emac/src/emac.o
 .debug_macro   0x000027a8       0x6d ./src/Emac/src/emac.o
 .debug_macro   0x00002815       0x4f ./src/Emac/src/tcpip.o
 .debug_macro   0x00002864      0x135 ./src/Emac/src/webserver.o
 .debug_macro   0x00002999       0x22 ./src/Emac/src/webserver.o
 .debug_macro   0x000029bb       0x4c ./src/Emac/src/webserver.o
 .debug_macro   0x00002a07      0x194 ./src/Emac/src/webserver.o
 .debug_macro   0x00002b9b       0x16 ./src/Emac/src/webserver.o
 .debug_macro   0x00002bb1       0x9a ./src/Emac/src/webserver.o
 .debug_macro   0x00002c4b      0x3ad ./src/Emac/src/webserver.o
 .debug_macro   0x00002ff8       0x64 ./src/Emac/src/webserver.o
 .debug_macro   0x0000305c       0x1c ./src/Emac/src/webserver.o
 .debug_macro   0x00003078       0x10 ./src/Emac/src/webserver.o
 .debug_macro   0x00003088       0xac ./src/ciaaAOUT.o
 .debug_macro   0x00003134       0x16 ./src/ciaaAOUT.o
 .debug_macro   0x0000314a       0x44 ./src/ciaaAOUT.o
 .debug_macro   0x0000318e      0x209 ./src/ciaaAOUT.o
 .debug_macro   0x00003397       0x3a ./src/ciaaAOUT.o
 .debug_macro   0x000033d1       0xa6 ./src/ciaaI2C.o
 .debug_macro   0x00003477      0x18e ./src/ciaaI2C.o
 .debug_macro   0x00003605       0xb4 ./src/ciaaIO.o
 .debug_macro   0x000036b9       0xd9 ./src/ciaaUART.o
 .debug_macro   0x00003792       0x69 ./src/cr_start_m0.o
 .debug_macro   0x000037fb       0x16 ./src/cr_start_m0.o
 .debug_macro   0x00003811       0x1d ./src/cr_startup_lpc43xx.o
 .debug_macro   0x0000382e      0x886 ./src/cr_startup_lpc43xx.o
 .debug_macro   0x000040b4       0x1a ./src/crp.o
 .debug_macro   0x000040ce       0x34 ./src/crp.o
 .debug_macro   0x00004102       0xd8 ./src/database.o
 .debug_macro   0x000041da       0xa0 ./src/database.o
 .debug_macro   0x0000427a       0x66 ./src/database.o
 .debug_macro   0x000042e0      0x3a7 ./src/database.o
 .debug_macro   0x00004687      0x24c ./src/main.o
 .debug_macro   0x000048d3       0x82 ./src/main.o
 .debug_macro   0x00004955       0x28 ./src/main.o
 .debug_macro   0x0000497d       0x58 ./src/main.o
 .debug_macro   0x000049d5       0x35 ./src/main.o
 .debug_macro   0x00004a0a       0xa2 ./src/main.o
 .debug_macro   0x00004aac       0x16 ./src/main.o
 .debug_macro   0x00004ac2       0x97 ./src/main.o
 .debug_macro   0x00004b59       0x10 ./src/main.o
 .debug_macro   0x00004b69       0xef ./src/main.o
 .debug_macro   0x00004c58       0x52 ./src/main.o
 .debug_macro   0x00004caa       0x16 ./src/main.o
 .debug_macro   0x00004cc0       0x43 ./src/main.o
 .debug_macro   0x00004d03      0x180 ./src/main.o
 .debug_macro   0x00004e83       0x10 ./src/main.o
 .debug_macro   0x00004e93       0x22 ./src/main.o
 .debug_macro   0x00004eb5       0xbd ./src/main.o
 .debug_macro   0x00004f72       0x16 ./src/main.o
 .debug_macro   0x00004f88      0x16c ./src/main.o
 .debug_macro   0x000050f4      0x2a6 ./src/main.o
 .debug_macro   0x0000539a       0x10 ./src/main.o
 .debug_macro   0x000053aa       0x35 ./src/main.o
 .debug_macro   0x000053df       0x1f ./src/main.o
 .debug_macro   0x000053fe       0x10 ./src/main.o
 .debug_macro   0x0000540e       0x40 ./src/main.o
 .debug_macro   0x0000544e      0x11c /home/pablo/Documents/CIAA-Repositories/EOPT/workspace/CMSIS_LPC43xx_DriverLib/Debug/libCMSIS_LPC43xx_DriverLib.a(lpc43xx_cgu.o)
 .debug_macro   0x0000556a      0x868 /home/pablo/Documents/CIAA-Repositories/EOPT/workspace/CMSIS_LPC43xx_DriverLib/Debug/libCMSIS_LPC43xx_DriverLib.a(lpc43xx_cgu.o)
 .debug_macro   0x00005dd2       0x67 /home/pablo/Documents/CIAA-Repositories/EOPT/workspace/CMSIS_LPC43xx_DriverLib/Debug/libCMSIS_LPC43xx_DriverLib.a(lpc43xx_cgu.o)
 .debug_macro   0x00005e39       0x46 /home/pablo/Documents/CIAA-Repositories/EOPT/workspace/CMSIS_LPC43xx_DriverLib/Debug/libCMSIS_LPC43xx_DriverLib.a(lpc43xx_cgu.o)
 .debug_macro   0x00005e7f       0xae /home/pablo/Documents/CIAA-Repositories/EOPT/workspace/CMSIS_LPC43xx_DriverLib/Debug/libCMSIS_LPC43xx_DriverLib.a(lpc43xx_dac.o)
 .debug_macro   0x00005f2d       0xfe /home/pablo/Documents/CIAA-Repositories/EOPT/workspace/CMSIS_LPC43xx_DriverLib/Debug/libCMSIS_LPC43xx_DriverLib.a(lpc43xx_dac.o)
 .debug_macro   0x0000602b       0xa4 /home/pablo/Documents/CIAA-Repositories/EOPT/workspace/CMSIS_LPC43xx_DriverLib/Debug/libCMSIS_LPC43xx_DriverLib.a(lpc43xx_gpio.o)
 .debug_macro   0x000060cf       0xcf /home/pablo/Documents/CIAA-Repositories/EOPT/workspace/CMSIS_LPC43xx_DriverLib/Debug/libCMSIS_LPC43xx_DriverLib.a(lpc43xx_i2c.o)
 .debug_macro   0x0000619e       0xa9 /home/pablo/Documents/CIAA-Repositories/EOPT/workspace/CMSIS_LPC43xx_DriverLib/Debug/libCMSIS_LPC43xx_DriverLib.a(lpc43xx_rgu.o)
 .debug_macro   0x00006247       0xae /home/pablo/Documents/CIAA-Repositories/EOPT/workspace/CMSIS_LPC43xx_DriverLib/Debug/libCMSIS_LPC43xx_DriverLib.a(lpc43xx_rit.o)
 .debug_macro   0x000062f5       0x22 /home/pablo/Documents/CIAA-Repositories/EOPT/workspace/CMSIS_LPC43xx_DriverLib/Debug/libCMSIS_LPC43xx_DriverLib.a(lpc43xx_rit.o)
 .debug_macro   0x00006317       0x96 /home/pablo/Documents/CIAA-Repositories/EOPT/workspace/CMSIS_LPC43xx_DriverLib/Debug/libCMSIS_LPC43xx_DriverLib.a(lpc43xx_scu.o)
 .debug_macro   0x000063ad       0xc1 /home/pablo/Documents/CIAA-Repositories/EOPT/workspace/CMSIS_LPC43xx_DriverLib/Debug/libCMSIS_LPC43xx_DriverLib.a(lpc43xx_uart.o)
 .debug_macro   0x0000646e       0xac /home/pablo/Documents/CIAA-Repositories/EOPT/workspace/CMSIS_LPC43xx_DriverLib/Debug/libCMSIS_LPC43xx_DriverLib.a(system_LPC43xx.o)

.debug_line     0x00000000     0x4588
 .debug_line    0x00000000      0x460 ./src/Emac/src/emac.o
 .debug_line    0x00000460      0x580 ./src/Emac/src/tcpip.o
 .debug_line    0x000009e0      0x3f8 ./src/Emac/src/webserver.o
 .debug_line    0x00000dd8      0x2b7 ./src/ciaaAOUT.o
 .debug_line    0x0000108f      0x21e ./src/ciaaI2C.o
 .debug_line    0x000012ad      0x240 ./src/ciaaIO.o
 .debug_line    0x000014ed      0x2b1 ./src/ciaaUART.o
 .debug_line    0x0000179e      0x174 ./src/cr_start_m0.o
 .debug_line    0x00001912       0xbb ./src/cr_startup_lpc43xx.o
 .debug_line    0x000019cd       0x7c ./src/crp.o
 .debug_line    0x00001a49      0x324 ./src/database.o
 .debug_line    0x00001d6d      0x74b ./src/main.o
 .debug_line    0x000024b8      0x667 /home/pablo/Documents/CIAA-Repositories/EOPT/workspace/CMSIS_LPC43xx_DriverLib/Debug/libCMSIS_LPC43xx_DriverLib.a(lpc43xx_cgu.o)
 .debug_line    0x00002b1f      0x260 /home/pablo/Documents/CIAA-Repositories/EOPT/workspace/CMSIS_LPC43xx_DriverLib/Debug/libCMSIS_LPC43xx_DriverLib.a(lpc43xx_dac.o)
 .debug_line    0x00002d7f      0x290 /home/pablo/Documents/CIAA-Repositories/EOPT/workspace/CMSIS_LPC43xx_DriverLib/Debug/libCMSIS_LPC43xx_DriverLib.a(lpc43xx_gpio.o)
 .debug_line    0x0000300f      0x5b0 /home/pablo/Documents/CIAA-Repositories/EOPT/workspace/CMSIS_LPC43xx_DriverLib/Debug/libCMSIS_LPC43xx_DriverLib.a(lpc43xx_i2c.o)
 .debug_line    0x000035bf      0x25a /home/pablo/Documents/CIAA-Repositories/EOPT/workspace/CMSIS_LPC43xx_DriverLib/Debug/libCMSIS_LPC43xx_DriverLib.a(lpc43xx_rgu.o)
 .debug_line    0x00003819      0x27f /home/pablo/Documents/CIAA-Repositories/EOPT/workspace/CMSIS_LPC43xx_DriverLib/Debug/libCMSIS_LPC43xx_DriverLib.a(lpc43xx_rit.o)
 .debug_line    0x00003a98      0x1e4 /home/pablo/Documents/CIAA-Repositories/EOPT/workspace/CMSIS_LPC43xx_DriverLib/Debug/libCMSIS_LPC43xx_DriverLib.a(lpc43xx_scu.o)
 .debug_line    0x00003c7c      0x5cb /home/pablo/Documents/CIAA-Repositories/EOPT/workspace/CMSIS_LPC43xx_DriverLib/Debug/libCMSIS_LPC43xx_DriverLib.a(lpc43xx_uart.o)
 .debug_line    0x00004247      0x1ee /home/pablo/Documents/CIAA-Repositories/EOPT/workspace/CMSIS_LPC43xx_DriverLib/Debug/libCMSIS_LPC43xx_DriverLib.a(system_LPC43xx.o)
 .debug_line    0x00004435      0x101 /usr/local/lpcxpresso_7.2.0_153/lpcxpresso/tools/bin/../lib/gcc/arm-none-eabi/4.8.3/../../../../arm-none-eabi/lib/armv7e-m/softfp/libcr_newlib_nohost.a(_cr_sbrk.o)
 .debug_line    0x00004536       0x52 /usr/local/lpcxpresso_7.2.0_153/lpcxpresso/tools/bin/../lib/gcc/arm-none-eabi/4.8.3/../../../../arm-none-eabi/lib/armv7e-m/softfp/libcr_newlib_nohost.a(_cr_check_heap.o)

.debug_str      0x00000000    0x18020
 .debug_str     0x00000000     0xc918 ./src/Emac/src/emac.o
                               0xca0b (size before relaxing)
 .debug_str     0x0000c918      0x4ca ./src/Emac/src/tcpip.o
                               0x436c (size before relaxing)
 .debug_str     0x0000cde2     0x2dbf ./src/Emac/src/webserver.o
                               0xf018 (size before relaxing)
 .debug_str     0x0000fba1      0xbee ./src/ciaaAOUT.o
                               0x9b88 (size before relaxing)
 .debug_str     0x0001078f      0x15f ./src/ciaaI2C.o
                               0xaf55 (size before relaxing)
 .debug_str     0x000108ee       0xbd ./src/ciaaIO.o
                               0xac5f (size before relaxing)
 .debug_str     0x000109ab      0x6e7 ./src/ciaaUART.o
                               0xd1d5 (size before relaxing)
 .debug_str     0x00011092      0x1e0 ./src/cr_start_m0.o
                               0x3dc6 (size before relaxing)
 .debug_str     0x00011272      0x309 ./src/cr_startup_lpc43xx.o
                               0x26d0 (size before relaxing)
 .debug_str     0x0001157b       0xe9 ./src/crp.o
                               0x259a (size before relaxing)
 .debug_str     0x00011664       0x7d ./src/database.o
                               0xc539 (size before relaxing)
 .debug_str     0x000116e1     0x39db ./src/main.o
                              0x11464 (size before relaxing)
 .debug_str     0x000150bc     0x1468 /home/pablo/Documents/CIAA-Repositories/EOPT/workspace/CMSIS_LPC43xx_DriverLib/Debug/libCMSIS_LPC43xx_DriverLib.a(lpc43xx_cgu.o)
                               0xc695 (size before relaxing)
 .debug_str     0x00016524      0x208 /home/pablo/Documents/CIAA-Repositories/EOPT/workspace/CMSIS_LPC43xx_DriverLib/Debug/libCMSIS_LPC43xx_DriverLib.a(lpc43xx_dac.o)
                               0xad09 (size before relaxing)
 .debug_str     0x0001672c       0xc3 /home/pablo/Documents/CIAA-Repositories/EOPT/workspace/CMSIS_LPC43xx_DriverLib/Debug/libCMSIS_LPC43xx_DriverLib.a(lpc43xx_gpio.o)
                               0xa79a (size before relaxing)
 .debug_str     0x000167ef      0xa67 /home/pablo/Documents/CIAA-Repositories/EOPT/workspace/CMSIS_LPC43xx_DriverLib/Debug/libCMSIS_LPC43xx_DriverLib.a(lpc43xx_i2c.o)
                               0xce48 (size before relaxing)
 .debug_str     0x00017256       0xd9 /home/pablo/Documents/CIAA-Repositories/EOPT/workspace/CMSIS_LPC43xx_DriverLib/Debug/libCMSIS_LPC43xx_DriverLib.a(lpc43xx_rgu.o)
                               0xae6e (size before relaxing)
 .debug_str     0x0001732f       0x99 /home/pablo/Documents/CIAA-Repositories/EOPT/workspace/CMSIS_LPC43xx_DriverLib/Debug/libCMSIS_LPC43xx_DriverLib.a(lpc43xx_rit.o)
                               0xad0b (size before relaxing)
 .debug_str     0x000173c8       0x2d /home/pablo/Documents/CIAA-Repositories/EOPT/workspace/CMSIS_LPC43xx_DriverLib/Debug/libCMSIS_LPC43xx_DriverLib.a(lpc43xx_scu.o)
                               0xab77 (size before relaxing)
 .debug_str     0x000173f5      0x704 /home/pablo/Documents/CIAA-Repositories/EOPT/workspace/CMSIS_LPC43xx_DriverLib/Debug/libCMSIS_LPC43xx_DriverLib.a(lpc43xx_uart.o)
                               0xd401 (size before relaxing)
 .debug_str     0x00017af9      0x337 /home/pablo/Documents/CIAA-Repositories/EOPT/workspace/CMSIS_LPC43xx_DriverLib/Debug/libCMSIS_LPC43xx_DriverLib.a(system_LPC43xx.o)
                               0xaa6a (size before relaxing)
 .debug_str     0x00017e30      0x1c1 /usr/local/lpcxpresso_7.2.0_153/lpcxpresso/tools/bin/../lib/gcc/arm-none-eabi/4.8.3/../../../../arm-none-eabi/lib/armv7e-m/softfp/libcr_newlib_nohost.a(_cr_sbrk.o)
                                0x25a (size before relaxing)
 .debug_str     0x00017ff1       0x2f /usr/local/lpcxpresso_7.2.0_153/lpcxpresso/tools/bin/../lib/gcc/arm-none-eabi/4.8.3/../../../../arm-none-eabi/lib/armv7e-m/softfp/libcr_newlib_nohost.a(_cr_check_heap.o)
                                0x1bf (size before relaxing)

.comment        0x00000000       0x70
 .comment       0x00000000       0x70 ./src/Emac/src/emac.o
                                 0x71 (size before relaxing)
 .comment       0x00000000       0x71 ./src/Emac/src/tcpip.o
 .comment       0x00000000       0x71 ./src/Emac/src/webserver.o
 .comment       0x00000000       0x71 ./src/ciaaAOUT.o
 .comment       0x00000000       0x71 ./src/ciaaI2C.o
 .comment       0x00000000       0x71 ./src/ciaaIO.o
 .comment       0x00000000       0x71 ./src/ciaaUART.o
 .comment       0x00000000       0x71 ./src/cr_start_m0.o
 .comment       0x00000000       0x71 ./src/cr_startup_lpc43xx.o
 .comment       0x00000000       0x71 ./src/crp.o
 .comment       0x00000000       0x71 ./src/database.o
 .comment       0x00000000       0x71 ./src/main.o
 .comment       0x00000000       0x70 /home/pablo/Documents/CIAA-Repositories/EOPT/workspace/CIAA-Demo-M0/Debug/CIAA-Demo-M0.axf.o
 .comment       0x00000000       0x71 /home/pablo/Documents/CIAA-Repositories/EOPT/workspace/CMSIS_LPC43xx_DriverLib/Debug/libCMSIS_LPC43xx_DriverLib.a(lpc43xx_cgu.o)
 .comment       0x00000000       0x71 /home/pablo/Documents/CIAA-Repositories/EOPT/workspace/CMSIS_LPC43xx_DriverLib/Debug/libCMSIS_LPC43xx_DriverLib.a(lpc43xx_dac.o)
 .comment       0x00000000       0x71 /home/pablo/Documents/CIAA-Repositories/EOPT/workspace/CMSIS_LPC43xx_DriverLib/Debug/libCMSIS_LPC43xx_DriverLib.a(lpc43xx_gpio.o)
 .comment       0x00000000       0x71 /home/pablo/Documents/CIAA-Repositories/EOPT/workspace/CMSIS_LPC43xx_DriverLib/Debug/libCMSIS_LPC43xx_DriverLib.a(lpc43xx_i2c.o)
 .comment       0x00000000       0x71 /home/pablo/Documents/CIAA-Repositories/EOPT/workspace/CMSIS_LPC43xx_DriverLib/Debug/libCMSIS_LPC43xx_DriverLib.a(lpc43xx_rgu.o)
 .comment       0x00000000       0x71 /home/pablo/Documents/CIAA-Repositories/EOPT/workspace/CMSIS_LPC43xx_DriverLib/Debug/libCMSIS_LPC43xx_DriverLib.a(lpc43xx_rit.o)
 .comment       0x00000000       0x71 /home/pablo/Documents/CIAA-Repositories/EOPT/workspace/CMSIS_LPC43xx_DriverLib/Debug/libCMSIS_LPC43xx_DriverLib.a(lpc43xx_scu.o)
 .comment       0x00000000       0x71 /home/pablo/Documents/CIAA-Repositories/EOPT/workspace/CMSIS_LPC43xx_DriverLib/Debug/libCMSIS_LPC43xx_DriverLib.a(lpc43xx_uart.o)
 .comment       0x00000000       0x71 /home/pablo/Documents/CIAA-Repositories/EOPT/workspace/CMSIS_LPC43xx_DriverLib/Debug/libCMSIS_LPC43xx_DriverLib.a(system_LPC43xx.o)
 .comment       0x00000000       0x71 /usr/local/lpcxpresso_7.2.0_153/lpcxpresso/tools/bin/../lib/gcc/arm-none-eabi/4.8.3/../../../../arm-none-eabi/lib/armv7e-m/softfp/libcr_newlib_nohost.a(_cr_sbrk.o)
 .comment       0x00000000       0x71 /usr/local/lpcxpresso_7.2.0_153/lpcxpresso/tools/bin/../lib/gcc/arm-none-eabi/4.8.3/../../../../arm-none-eabi/lib/armv7e-m/softfp/libcr_newlib_nohost.a(_cr_check_heap.o)

.ARM.attributes
                0x00000000       0x35
 .ARM.attributes
                0x00000000       0x37 ./src/Emac/src/emac.o
 .ARM.attributes
                0x00000037       0x37 ./src/Emac/src/tcpip.o
 .ARM.attributes
                0x0000006e       0x37 ./src/Emac/src/webserver.o
 .ARM.attributes
                0x000000a5       0x37 ./src/ciaaAOUT.o
 .ARM.attributes
                0x000000dc       0x37 ./src/ciaaI2C.o
 .ARM.attributes
                0x00000113       0x37 ./src/ciaaIO.o
 .ARM.attributes
                0x0000014a       0x37 ./src/ciaaUART.o
 .ARM.attributes
                0x00000181       0x37 ./src/cr_start_m0.o
 .ARM.attributes
                0x000001b8       0x37 ./src/cr_startup_lpc43xx.o
 .ARM.attributes
                0x000001ef       0x37 ./src/crp.o
 .ARM.attributes
                0x00000226       0x37 ./src/database.o
 .ARM.attributes
                0x0000025d       0x37 ./src/main.o
 .ARM.attributes
                0x00000294       0x2f /home/pablo/Documents/CIAA-Repositories/EOPT/workspace/CIAA-Demo-M0/Debug/CIAA-Demo-M0.axf.o
 .ARM.attributes
                0x000002c3       0x37 /home/pablo/Documents/CIAA-Repositories/EOPT/workspace/CMSIS_LPC43xx_DriverLib/Debug/libCMSIS_LPC43xx_DriverLib.a(lpc43xx_cgu.o)
 .ARM.attributes
                0x000002fa       0x37 /home/pablo/Documents/CIAA-Repositories/EOPT/workspace/CMSIS_LPC43xx_DriverLib/Debug/libCMSIS_LPC43xx_DriverLib.a(lpc43xx_dac.o)
 .ARM.attributes
                0x00000331       0x37 /home/pablo/Documents/CIAA-Repositories/EOPT/workspace/CMSIS_LPC43xx_DriverLib/Debug/libCMSIS_LPC43xx_DriverLib.a(lpc43xx_gpio.o)
 .ARM.attributes
                0x00000368       0x37 /home/pablo/Documents/CIAA-Repositories/EOPT/workspace/CMSIS_LPC43xx_DriverLib/Debug/libCMSIS_LPC43xx_DriverLib.a(lpc43xx_i2c.o)
 .ARM.attributes
                0x0000039f       0x37 /home/pablo/Documents/CIAA-Repositories/EOPT/workspace/CMSIS_LPC43xx_DriverLib/Debug/libCMSIS_LPC43xx_DriverLib.a(lpc43xx_rgu.o)
 .ARM.attributes
                0x000003d6       0x37 /home/pablo/Documents/CIAA-Repositories/EOPT/workspace/CMSIS_LPC43xx_DriverLib/Debug/libCMSIS_LPC43xx_DriverLib.a(lpc43xx_rit.o)
 .ARM.attributes
                0x0000040d       0x37 /home/pablo/Documents/CIAA-Repositories/EOPT/workspace/CMSIS_LPC43xx_DriverLib/Debug/libCMSIS_LPC43xx_DriverLib.a(lpc43xx_scu.o)
 .ARM.attributes
                0x00000444       0x37 /home/pablo/Documents/CIAA-Repositories/EOPT/workspace/CMSIS_LPC43xx_DriverLib/Debug/libCMSIS_LPC43xx_DriverLib.a(lpc43xx_uart.o)
 .ARM.attributes
                0x0000047b       0x37 /home/pablo/Documents/CIAA-Repositories/EOPT/workspace/CMSIS_LPC43xx_DriverLib/Debug/libCMSIS_LPC43xx_DriverLib.a(system_LPC43xx.o)
 .ARM.attributes
                0x000004b2       0x22 /usr/local/lpcxpresso_7.2.0_153/lpcxpresso/tools/bin/../lib/gcc/arm-none-eabi/4.8.3/armv7e-m/softfp/libgcc.a(_arm_addsubdf3.o)
 .ARM.attributes
                0x000004d4       0x22 /usr/local/lpcxpresso_7.2.0_153/lpcxpresso/tools/bin/../lib/gcc/arm-none-eabi/4.8.3/armv7e-m/softfp/libgcc.a(_arm_muldivdf3.o)
 .ARM.attributes
                0x000004f6       0x22 /usr/local/lpcxpresso_7.2.0_153/lpcxpresso/tools/bin/../lib/gcc/arm-none-eabi/4.8.3/armv7e-m/softfp/libgcc.a(_arm_cmpdf2.o)
 .ARM.attributes
                0x00000518       0x22 /usr/local/lpcxpresso_7.2.0_153/lpcxpresso/tools/bin/../lib/gcc/arm-none-eabi/4.8.3/armv7e-m/softfp/libgcc.a(_aeabi_uldivmod.o)
 .ARM.attributes
                0x0000053a       0x32 /usr/local/lpcxpresso_7.2.0_153/lpcxpresso/tools/bin/../lib/gcc/arm-none-eabi/4.8.3/armv7e-m/softfp/libgcc.a(bpabi.o)
 .ARM.attributes
                0x0000056c       0x22 /usr/local/lpcxpresso_7.2.0_153/lpcxpresso/tools/bin/../lib/gcc/arm-none-eabi/4.8.3/armv7e-m/softfp/libgcc.a(_dvmd_tls.o)
 .ARM.attributes
                0x0000058e       0x32 /usr/local/lpcxpresso_7.2.0_153/lpcxpresso/tools/bin/../lib/gcc/arm-none-eabi/4.8.3/armv7e-m/softfp/libgcc.a(_divdi3.o)
 .ARM.attributes
                0x000005c0       0x32 /usr/local/lpcxpresso_7.2.0_153/lpcxpresso/tools/bin/../lib/gcc/arm-none-eabi/4.8.3/armv7e-m/softfp/libgcc.a(_udivdi3.o)
 .ARM.attributes
                0x000005f2       0x32 /usr/local/lpcxpresso_7.2.0_153/lpcxpresso/tools/bin/../lib/gcc/arm-none-eabi/4.8.3/../../../../arm-none-eabi/lib/armv7e-m/softfp/libc.a(lib_a-memcmp.o)
 .ARM.attributes
                0x00000624       0x20 /usr/local/lpcxpresso_7.2.0_153/lpcxpresso/tools/bin/../lib/gcc/arm-none-eabi/4.8.3/../../../../arm-none-eabi/lib/armv7e-m/softfp/libc.a(lib_a-memcpy.o)
 .ARM.attributes
                0x00000644       0x32 /usr/local/lpcxpresso_7.2.0_153/lpcxpresso/tools/bin/../lib/gcc/arm-none-eabi/4.8.3/../../../../arm-none-eabi/lib/armv7e-m/softfp/libc.a(lib_a-memset.o)
 .ARM.attributes
                0x00000676       0x32 /usr/local/lpcxpresso_7.2.0_153/lpcxpresso/tools/bin/../lib/gcc/arm-none-eabi/4.8.3/../../../../arm-none-eabi/lib/armv7e-m/softfp/libc.a(lib_a-sprintf.o)
 .ARM.attributes
                0x000006a8       0x32 /usr/local/lpcxpresso_7.2.0_153/lpcxpresso/tools/bin/../lib/gcc/arm-none-eabi/4.8.3/../../../../arm-none-eabi/lib/armv7e-m/softfp/libc.a(lib_a-strcat.o)
 .ARM.attributes
                0x000006da       0x32 /usr/local/lpcxpresso_7.2.0_153/lpcxpresso/tools/bin/../lib/gcc/arm-none-eabi/4.8.3/../../../../arm-none-eabi/lib/armv7e-m/softfp/libc.a(lib_a-strcpy.o)
 .ARM.attributes
                0x0000070c       0x32 /usr/local/lpcxpresso_7.2.0_153/lpcxpresso/tools/bin/../lib/gcc/arm-none-eabi/4.8.3/../../../../arm-none-eabi/lib/armv7e-m/softfp/libc.a(lib_a-strlen.o)
 .ARM.attributes
                0x0000073e       0x32 /usr/local/lpcxpresso_7.2.0_153/lpcxpresso/tools/bin/../lib/gcc/arm-none-eabi/4.8.3/../../../../arm-none-eabi/lib/armv7e-m/softfp/libc.a(lib_a-strncpy.o)
 .ARM.attributes
                0x00000770       0x32 /usr/local/lpcxpresso_7.2.0_153/lpcxpresso/tools/bin/../lib/gcc/arm-none-eabi/4.8.3/../../../../arm-none-eabi/lib/armv7e-m/softfp/libc.a(lib_a-strstr.o)
 .ARM.attributes
                0x000007a2       0x32 /usr/local/lpcxpresso_7.2.0_153/lpcxpresso/tools/bin/../lib/gcc/arm-none-eabi/4.8.3/../../../../arm-none-eabi/lib/armv7e-m/softfp/libc.a(lib_a-svfprintf.o)
 .ARM.attributes
                0x000007d4       0x32 /usr/local/lpcxpresso_7.2.0_153/lpcxpresso/tools/bin/../lib/gcc/arm-none-eabi/4.8.3/../../../../arm-none-eabi/lib/armv7e-m/softfp/libc.a(lib_a-dtoa.o)
 .ARM.attributes
                0x00000806       0x32 /usr/local/lpcxpresso_7.2.0_153/lpcxpresso/tools/bin/../lib/gcc/arm-none-eabi/4.8.3/../../../../arm-none-eabi/lib/armv7e-m/softfp/libc.a(lib_a-impure.o)
 .ARM.attributes
                0x00000838       0x32 /usr/local/lpcxpresso_7.2.0_153/lpcxpresso/tools/bin/../lib/gcc/arm-none-eabi/4.8.3/../../../../arm-none-eabi/lib/armv7e-m/softfp/libc.a(lib_a-locale.o)
 .ARM.attributes
                0x0000086a       0x32 /usr/local/lpcxpresso_7.2.0_153/lpcxpresso/tools/bin/../lib/gcc/arm-none-eabi/4.8.3/../../../../arm-none-eabi/lib/armv7e-m/softfp/libc.a(lib_a-mallocr.o)
 .ARM.attributes
                0x0000089c       0x32 /usr/local/lpcxpresso_7.2.0_153/lpcxpresso/tools/bin/../lib/gcc/arm-none-eabi/4.8.3/../../../../arm-none-eabi/lib/armv7e-m/softfp/libc.a(lib_a-memchr-stub.o)
 .ARM.attributes
                0x000008ce       0x32 /usr/local/lpcxpresso_7.2.0_153/lpcxpresso/tools/bin/../lib/gcc/arm-none-eabi/4.8.3/../../../../arm-none-eabi/lib/armv7e-m/softfp/libc.a(lib_a-mlock.o)
 .ARM.attributes
                0x00000900       0x32 /usr/local/lpcxpresso_7.2.0_153/lpcxpresso/tools/bin/../lib/gcc/arm-none-eabi/4.8.3/../../../../arm-none-eabi/lib/armv7e-m/softfp/libc.a(lib_a-mprec.o)
 .ARM.attributes
                0x00000932       0x32 /usr/local/lpcxpresso_7.2.0_153/lpcxpresso/tools/bin/../lib/gcc/arm-none-eabi/4.8.3/../../../../arm-none-eabi/lib/armv7e-m/softfp/libc.a(lib_a-s_fpclassify.o)
 .ARM.attributes
                0x00000964       0x32 /usr/local/lpcxpresso_7.2.0_153/lpcxpresso/tools/bin/../lib/gcc/arm-none-eabi/4.8.3/../../../../arm-none-eabi/lib/armv7e-m/softfp/libc.a(lib_a-sbrkr.o)
 .ARM.attributes