12:18:50 **** Incremental Build of configuration Debug for project CIAA-Demo ****
make pre-build main-build 
redlinkserv: no process found
killall redlinkserv
 
make: [pre-build] Error 1 (ignored)
Building file: ../src/Emac/src/emac.c
Invoking: MCU C Compiler
arm-none-eabi-gcc -D__NEWLIB__ -DDEBUG -D__CODE_RED -DCORE_M4 -D__USE_CMSIS=CMSIS_LPC43xx_DriverLib -D__LPC43XX__ -DLPC43_MULTICORE_M0APP -D__MULTICORE_MASTER -I"/home/pablo/Documents/CIAA-Repositories/EOPT/workspace/CIAA-Demo/src" -I"/home/pablo/Documents/CIAA-Repositories/EOPT/workspace/CIAA-Demo/src/Emac/inc" -I"/home/pablo/Documents/CIAA-Repositories/EOPT/workspace/CMSIS_LPC43xx_DriverLib/inc" -O0 -g3 -Wall -c -fmessage-length=0 -fno-builtin -ffunction-sections -fdata-sections -fsingle-precision-constant -mcpu=cortex-m4 -mfpu=fpv4-sp-d16 -mfloat-abi=softfp -mthumb -D__NEWLIB__ -specs=redlib.specs -MMD -MP -MF"src/Emac/src/emac.d" -MT"src/Emac/src/emac.d" -o "src/Emac/src/emac.o" "../src/Emac/src/emac.c"
Finished building: ../src/Emac/src/emac.c
 
Building file: ../src/Emac/src/tcpip.c
Invoking: MCU C Compiler
arm-none-eabi-gcc -D__NEWLIB__ -DDEBUG -D__CODE_RED -DCORE_M4 -D__USE_CMSIS=CMSIS_LPC43xx_DriverLib -D__LPC43XX__ -DLPC43_MULTICORE_M0APP -D__MULTICORE_MASTER -I"/home/pablo/Documents/CIAA-Repositories/EOPT/workspace/CIAA-Demo/src" -I"/home/pablo/Documents/CIAA-Repositories/EOPT/workspace/CIAA-Demo/src/Emac/inc" -I"/home/pablo/Documents/CIAA-Repositories/EOPT/workspace/CMSIS_LPC43xx_DriverLib/inc" -O0 -g3 -Wall -c -fmessage-length=0 -fno-builtin -ffunction-sections -fdata-sections -fsingle-precision-constant -mcpu=cortex-m4 -mfpu=fpv4-sp-d16 -mfloat-abi=softfp -mthumb -D__NEWLIB__ -specs=redlib.specs -MMD -MP -MF"src/Emac/src/tcpip.d" -MT"src/Emac/src/tcpip.d" -o "src/Emac/src/tcpip.o" "../src/Emac/src/tcpip.c"
Finished building: ../src/Emac/src/tcpip.c
 
Building file: ../src/Emac/src/webserver.c
Invoking: MCU C Compiler
arm-none-eabi-gcc -D__NEWLIB__ -DDEBUG -D__CODE_RED -DCORE_M4 -D__USE_CMSIS=CMSIS_LPC43xx_DriverLib -D__LPC43XX__ -DLPC43_MULTICORE_M0APP -D__MULTICORE_MASTER -I"/home/pablo/Documents/CIAA-Repositories/EOPT/workspace/CIAA-Demo/src" -I"/home/pablo/Documents/CIAA-Repositories/EOPT/workspace/CIAA-Demo/src/Emac/inc" -I"/home/pablo/Documents/CIAA-Repositories/EOPT/workspace/CMSIS_LPC43xx_DriverLib/inc" -O0 -g3 -Wall -c -fmessage-length=0 -fno-builtin -ffunction-sections -fdata-sections -fsingle-precision-constant -mcpu=cortex-m4 -mfpu=fpv4-sp-d16 -mfloat-abi=softfp -mthumb -D__NEWLIB__ -specs=redlib.specs -MMD -MP -MF"src/Emac/src/webserver.d" -MT"src/Emac/src/webserver.d" -o "src/Emac/src/webserver.o" "../src/Emac/src/webserver.c"
Finished building: ../src/Emac/src/webserver.c
 
Building file: ../src/ciaaI2C.c
Invoking: MCU C Compiler
arm-none-eabi-gcc -D__NEWLIB__ -DDEBUG -D__CODE_RED -DCORE_M4 -D__USE_CMSIS=CMSIS_LPC43xx_DriverLib -D__LPC43XX__ -DLPC43_MULTICORE_M0APP -D__MULTICORE_MASTER -I"/home/pablo/Documents/CIAA-Repositories/EOPT/workspace/CIAA-Demo/src" -I"/home/pablo/Documents/CIAA-Repositories/EOPT/workspace/CIAA-Demo/src/Emac/inc" -I"/home/pablo/Documents/CIAA-Repositories/EOPT/workspace/CMSIS_LPC43xx_DriverLib/inc" -O0 -g3 -Wall -c -fmessage-length=0 -fno-builtin -ffunction-sections -fdata-sections -fsingle-precision-constant -mcpu=cortex-m4 -mfpu=fpv4-sp-d16 -mfloat-abi=softfp -mthumb -D__NEWLIB__ -specs=redlib.specs -MMD -MP -MF"src/ciaaI2C.d" -MT"src/ciaaI2C.d" -o "src/ciaaI2C.o" "../src/ciaaI2C.c"
Finished building: ../src/ciaaI2C.c
 
Building file: ../src/ciaaIO.c
Invoking: MCU C Compiler
arm-none-eabi-gcc -D__NEWLIB__ -DDEBUG -D__CODE_RED -DCORE_M4 -D__USE_CMSIS=CMSIS_LPC43xx_DriverLib -D__LPC43XX__ -DLPC43_MULTICORE_M0APP -D__MULTICORE_MASTER -I"/home/pablo/Documents/CIAA-Repositories/EOPT/workspace/CIAA-Demo/src" -I"/home/pablo/Documents/CIAA-Repositories/EOPT/workspace/CIAA-Demo/src/Emac/inc" -I"/home/pablo/Documents/CIAA-Repositories/EOPT/workspace/CMSIS_LPC43xx_DriverLib/inc" -O0 -g3 -Wall -c -fmessage-length=0 -fno-builtin -ffunction-sections -fdata-sections -fsingle-precision-constant -mcpu=cortex-m4 -mfpu=fpv4-sp-d16 -mfloat-abi=softfp -mthumb -D__NEWLIB__ -specs=redlib.specs -MMD -MP -MF"src/ciaaIO.d" -MT"src/ciaaIO.d" -o "src/ciaaIO.o" "../src/ciaaIO.c"
Finished building: ../src/ciaaIO.c
 
Building file: ../src/ciaaUART.c
Invoking: MCU C Compiler
arm-none-eabi-gcc -D__NEWLIB__ -DDEBUG -D__CODE_RED -DCORE_M4 -D__USE_CMSIS=CMSIS_LPC43xx_DriverLib -D__LPC43XX__ -DLPC43_MULTICORE_M0APP -D__MULTICORE_MASTER -I"/home/pablo/Documents/CIAA-Repositories/EOPT/workspace/CIAA-Demo/src" -I"/home/pablo/Documents/CIAA-Repositories/EOPT/workspace/CIAA-Demo/src/Emac/inc" -I"/home/pablo/Documents/CIAA-Repositories/EOPT/workspace/CMSIS_LPC43xx_DriverLib/inc" -O0 -g3 -Wall -c -fmessage-length=0 -fno-builtin -ffunction-sections -fdata-sections -fsingle-precision-constant -mcpu=cortex-m4 -mfpu=fpv4-sp-d16 -mfloat-abi=softfp -mthumb -D__NEWLIB__ -specs=redlib.specs -MMD -MP -MF"src/ciaaUART.d" -MT"src/ciaaUART.d" -o "src/ciaaUART.o" "../src/ciaaUART.c"
Finished building: ../src/ciaaUART.c
 
Building file: ../src/cr_start_m0.c
Invoking: MCU C Compiler
arm-none-eabi-gcc -D__NEWLIB__ -DDEBUG -D__CODE_RED -DCORE_M4 -D__USE_CMSIS=CMSIS_LPC43xx_DriverLib -D__LPC43XX__ -DLPC43_MULTICORE_M0APP -D__MULTICORE_MASTER -I"/home/pablo/Documents/CIAA-Repositories/EOPT/workspace/CIAA-Demo/src" -I"/home/pablo/Documents/CIAA-Repositories/EOPT/workspace/CIAA-Demo/src/Emac/inc" -I"/home/pablo/Documents/CIAA-Repositories/EOPT/workspace/CMSIS_LPC43xx_DriverLib/inc" -O0 -g3 -Wall -c -fmessage-length=0 -fno-builtin -ffunction-sections -fdata-sections -fsingle-precision-constant -mcpu=cortex-m4 -mfpu=fpv4-sp-d16 -mfloat-abi=softfp -mthumb -D__NEWLIB__ -specs=redlib.specs -MMD -MP -MF"src/cr_start_m0.d" -MT"src/cr_start_m0.d" -o "src/cr_start_m0.o" "../src/cr_start_m0.c"
Finished building: ../src/cr_start_m0.c
 
Building file: ../src/cr_startup_lpc43xx.c
Invoking: MCU C Compiler
arm-none-eabi-gcc -D__NEWLIB__ -DDEBUG -D__CODE_RED -DCORE_M4 -D__USE_CMSIS=CMSIS_LPC43xx_DriverLib -D__LPC43XX__ -DLPC43_MULTICORE_M0APP -D__MULTICORE_MASTER -I"/home/pablo/Documents/CIAA-Repositories/EOPT/workspace/CIAA-Demo/src" -I"/home/pablo/Documents/CIAA-Repositories/EOPT/workspace/CIAA-Demo/src/Emac/inc" -I"/home/pablo/Documents/CIAA-Repositories/EOPT/workspace/CMSIS_LPC43xx_DriverLib/inc" -Os -g3 -Wall -c -fmessage-length=0 -fno-builtin -ffunction-sections -fdata-sections -fsingle-precision-constant -mcpu=cortex-m4 -mfpu=fpv4-sp-d16 -mfloat-abi=softfp -mthumb -D__NEWLIB__ -specs=redlib.specs -MMD -MP -MF"src/cr_startup_lpc43xx.d" -MT"src/cr_startup_lpc43xx.d" -o "src/cr_startup_lpc43xx.o" "../src/cr_startup_lpc43xx.c"
Finished building: ../src/cr_startup_lpc43xx.c
 
Building file: ../src/crp.c
Invoking: MCU C Compiler
arm-none-eabi-gcc -D__NEWLIB__ -DDEBUG -D__CODE_RED -DCORE_M4 -D__USE_CMSIS=CMSIS_LPC43xx_DriverLib -D__LPC43XX__ -DLPC43_MULTICORE_M0APP -D__MULTICORE_MASTER -I"/home/pablo/Documents/CIAA-Repositories/EOPT/workspace/CIAA-Demo/src" -I"/home/pablo/Documents/CIAA-Repositories/EOPT/workspace/CIAA-Demo/src/Emac/inc" -I"/home/pablo/Documents/CIAA-Repositories/EOPT/workspace/CMSIS_LPC43xx_DriverLib/inc" -O0 -g3 -Wall -c -fmessage-length=0 -fno-builtin -ffunction-sections -fdata-sections -fsingle-precision-constant -mcpu=cortex-m4 -mfpu=fpv4-sp-d16 -mfloat-abi=softfp -mthumb -D__NEWLIB__ -specs=redlib.specs -MMD -MP -MF"src/crp.d" -MT"src/crp.d" -o "src/crp.o" "../src/crp.c"
Finished building: ../src/crp.c
 
Building file: ../src/database.c
Invoking: MCU C Compiler
arm-none-eabi-gcc -D__NEWLIB__ -DDEBUG -D__CODE_RED -DCORE_M4 -D__USE_CMSIS=CMSIS_LPC43xx_DriverLib -D__LPC43XX__ -DLPC43_MULTICORE_M0APP -D__MULTICORE_MASTER -I"/home/pablo/Documents/CIAA-Repositories/EOPT/workspace/CIAA-Demo/src" -I"/home/pablo/Documents/CIAA-Repositories/EOPT/workspace/CIAA-Demo/src/Emac/inc" -I"/home/pablo/Documents/CIAA-Repositories/EOPT/workspace/CMSIS_LPC43xx_DriverLib/inc" -O0 -g3 -Wall -c -fmessage-length=0 -fno-builtin -ffunction-sections -fdata-sections -fsingle-precision-constant -mcpu=cortex-m4 -mfpu=fpv4-sp-d16 -mfloat-abi=softfp -mthumb -D__NEWLIB__ -specs=redlib.specs -MMD -MP -MF"src/database.d" -MT"src/database.d" -o "src/database.o" "../src/database.c"
Finished building: ../src/database.c
 
Building file: ../src/main.c
Invoking: MCU C Compiler
arm-none-eabi-gcc -D__NEWLIB__ -DDEBUG -D__CODE_RED -DCORE_M4 -D__USE_CMSIS=CMSIS_LPC43xx_DriverLib -D__LPC43XX__ -DLPC43_MULTICORE_M0APP -D__MULTICORE_MASTER -I"/home/pablo/Documents/CIAA-Repositories/EOPT/workspace/CIAA-Demo/src" -I"/home/pablo/Documents/CIAA-Repositories/EOPT/workspace/CIAA-Demo/src/Emac/inc" -I"/home/pablo/Documents/CIAA-Repositories/EOPT/workspace/CMSIS_LPC43xx_DriverLib/inc" -O0 -g3 -Wall -c -fmessage-length=0 -fno-builtin -ffunction-sections -fdata-sections -fsingle-precision-constant -mcpu=cortex-m4 -mfpu=fpv4-sp-d16 -mfloat-abi=softfp -mthumb -D__NEWLIB__ -specs=redlib.specs -MMD -MP -MF"src/main.d" -MT"src/main.d" -o "src/main.o" "../src/main.c"
Finished building: ../src/main.c
 
Building target: CIAA-Demo.axf
Invoking: MCU Linker
arm-none-eabi-gcc -nostdlib -L"/home/pablo/Documents/CIAA-Repositories/EOPT/workspace/CMSIS_LPC43xx_DriverLib/Debug" -Xlinker -Map="CIAA-Demo.map" -Xlinker --gc-sections -mcpu=cortex-m4 -mfpu=fpv4-sp-d16 -mfloat-abi=softfp -mthumb -T "CIAA-Demo_Debug.ld" -o "CIAA-Demo.axf"  ./src/Emac/src/emac.o ./src/Emac/src/tcpip.o ./src/Emac/src/webserver.o  ./src/ciaaI2C.o ./src/ciaaIO.o ./src/ciaaUART.o ./src/cr_start_m0.o ./src/cr_startup_lpc43xx.o ./src/crp.o ./src/database.o ./src/main.o  /home/pablo/Documents/CIAA-Repositories/EOPT/workspace/CIAA-Demo-M0/Debug/CIAA-Demo-M0.axf.o -lCMSIS_LPC43xx_DriverLib
Finished building target: CIAA-Demo.axf
 
make --no-print-directory post-build
Performing post-build steps
arm-none-eabi-size "CIAA-Demo.axf"; # arm-none-eabi-objcopy -v -O binary "CIAA-Demo.axf" "CIAA-Demo.bin" ; # checksum -p LPC4337 -d "CIAA-Demo.bin";
   text	   data	    bss	    dec	    hex	filename
  50588	   2244	   4896	  57728	   e180	CIAA-Demo.axf
 

12:18:51 Build Finished (took 1s.264ms)

