15:08:02 **** Incremental Build of configuration Debug for project ciaaBlink ****
make all 
Building target: ciaaBlink.axf
Invoking: MCU Linker
arm-none-eabi-gcc -nostdlib -L"/home/pablo/Documents/CIAA-Repositories/EOPT/workspace/CMSIS_LPC43xx_DriverLib/Debug" -Xlinker -Map="ciaaBlink.map" -Xlinker --gc-sections -mcpu=cortex-m4 -mfpu=fpv4-sp-d16 -mfloat-abi=softfp -mthumb -T "ciaaBlink_Debug.ld" -o "ciaaBlink.axf"  ./src/ciaaBlink.o ./src/ciaaIO.o ./src/cr_startup_lpc43xx.o ./src/crp.o   -lCMSIS_LPC43xx_DriverLib
Finished building target: ciaaBlink.axf
 
make --no-print-directory post-build
Performing post-build steps
arm-none-eabi-size "ciaaBlink.axf"; # arm-none-eabi-objcopy -v -O binary "ciaaBlink.axf" "ciaaBlink.bin" ; # checksum -p LPC4337 -d "ciaaBlink.bin";
   text	   data	    bss	    dec	    hex	filename
   3896	     72	     12	   3980	    f8c	ciaaBlink.axf
 

15:08:02 Build Finished (took 91ms)

