09:38:04 **** Incremental Build of configuration Debug for project ciaaBlink ****
make all 
Building file: ../src/ciaaBlink.c
Invoking: MCU C Compiler
arm-none-eabi-gcc -D__REDLIB__ -D__MULTICORE_NONE -DDEBUG -D__CODE_RED -DCORE_M4 -D__USE_CMSIS=CMSIS_LPC43xx_DriverLib -D__LPC43XX__ -I"/home/pablo/Documents/CIAA-Repositories/EOPT/workspace/CMSIS_LPC43xx_DriverLib/inc" -Og -g3 -Wall -c -fmessage-length=0 -fno-builtin -ffunction-sections -fdata-sections -fsingle-precision-constant -mcpu=cortex-m4 -mfpu=fpv4-sp-d16 -mfloat-abi=softfp -mthumb -specs=redlib.specs -MMD -MP -MF"src/ciaaBlink.d" -MT"src/ciaaBlink.d" -o "src/ciaaBlink.o" "../src/ciaaBlink.c"
Finished building: ../src/ciaaBlink.c
 
Building target: ciaaBlink.axf
Invoking: MCU Linker
arm-none-eabi-gcc -nostdlib -L"/home/pablo/Documents/CIAA-Repositories/EOPT/workspace/CMSIS_LPC43xx_DriverLib/Debug" -Xlinker -Map="ciaaBlink.map" -Xlinker --gc-sections -mcpu=cortex-m4 -mfpu=fpv4-sp-d16 -mfloat-abi=softfp -mthumb -T "ciaaBlink_Debug.ld" -o "ciaaBlink.axf"  ./src/ciaaBlink.o ./src/ciaaIO.o ./src/cr_startup_lpc43xx.o ./src/crp.o   -lCMSIS_LPC43xx_DriverLib
Finished building target: ciaaBlink.axf
 
make --no-print-directory post-build
Performing post-build steps
arm-none-eabi-size "ciaaBlink.axf"; # arm-none-eabi-objcopy -v -O binary "ciaaBlink.axf" "ciaaBlink.bin" ; # checksum -p LPC4337 -d "ciaaBlink.bin";
   text	   data	    bss	    dec	    hex	filename
   4184	     72	     12	   4268	   10ac	ciaaBlink.axf
 

09:38:04 Build Finished (took 215ms)

