12:18:49 **** Incremental Build of configuration Debug for project CIAA-Demo-M0 ****
make all 
Building file: ../src/cr_startup_lpc43xx-m0app.c
Invoking: MCU C Compiler
arm-none-eabi-gcc -D__REDLIB__ -DDEBUG -D__CODE_RED -DCORE_M0 -D__USE_CMSIS=CMSIS_LPC43xx_DriverLib-M0 -D__USE_CMSIS_DSPLIB=CMSIS_DSPLIB_CM0 -D__LPC43XX__ -DCORE_M0APP -D__MULTICORE_M0APP -I"/home/pablo/Documents/CIAA-Repositories/EOPT/workspace/CMSIS_LPC43xx_DriverLib-M0/inc" -I"/home/pablo/Documents/CIAA-Repositories/EOPT/workspace/CMSIS_DSPLIB_CM0/inc" -Os -g3 -Wall -c -fmessage-length=0 -fno-builtin -ffunction-sections -fdata-sections -mcpu=cortex-m0 -mthumb -specs=redlib.specs -MMD -MP -MF"src/cr_startup_lpc43xx-m0app.d" -MT"src/cr_startup_lpc43xx-m0app.d" -o "src/cr_startup_lpc43xx-m0app.o" "../src/cr_startup_lpc43xx-m0app.c"
Finished building: ../src/cr_startup_lpc43xx-m0app.c
 
Building file: ../src/main_m0.c
Invoking: MCU C Compiler
arm-none-eabi-gcc -D__REDLIB__ -DDEBUG -D__CODE_RED -DCORE_M0 -D__USE_CMSIS=CMSIS_LPC43xx_DriverLib-M0 -D__USE_CMSIS_DSPLIB=CMSIS_DSPLIB_CM0 -D__LPC43XX__ -DCORE_M0APP -D__MULTICORE_M0APP -I"/home/pablo/Documents/CIAA-Repositories/EOPT/workspace/CMSIS_LPC43xx_DriverLib-M0/inc" -I"/home/pablo/Documents/CIAA-Repositories/EOPT/workspace/CMSIS_DSPLIB_CM0/inc" -Og -g3 -Wall -c -fmessage-length=0 -fno-builtin -ffunction-sections -fdata-sections -mcpu=cortex-m0 -mthumb -specs=redlib.specs -MMD -MP -MF"src/main_m0.d" -MT"src/main_m0.d" -o "src/main_m0.o" "../src/main_m0.c"
Finished building: ../src/main_m0.c
 
Building target: CIAA-Demo-M0.axf
Invoking: MCU Linker
arm-none-eabi-gcc -nostdlib -L"/home/pablo/Documents/CIAA-Repositories/EOPT/workspace/CMSIS_LPC43xx_DriverLib-M0/Debug" -L"/home/pablo/Documents/CIAA-Repositories/EOPT/workspace/CMSIS_DSPLIB_CM0/lib" -Xlinker -Map="CIAA-Demo-M0.map" -Xlinker --gc-sections -mcpu=cortex-m0 -mthumb -T "CIAA-Demo-M0_Debug.ld" -o "CIAA-Demo-M0.axf"  ./src/cr_startup_lpc43xx-m0app.o ./src/main_m0.o   -lCMSIS_LPC43xx_DriverLib-M0 -lCMSIS_DSPLIB_CM0 && arm-none-eabi-objcopy --target elf32-littlearm --verbose --strip-all --redefine-sym __vectors_start__=__vectors_start___core_m0app --keep-symbol __vectors_start___core_m0app --rename-section .text=".core_m0app" --rename-section .data=".core_m0app.data" "CIAA-Demo-M0.axf" "CIAA-Demo-M0.axf.o"
copy from `CIAA-Demo-M0.axf' [elf32-littlearm] to `CIAA-Demo-M0.axf.o' [elf32-littlearm]
Finished building target: CIAA-Demo-M0.axf
 
make --no-print-directory post-build
Performing post-build steps
arm-none-eabi-size "CIAA-Demo-M0.axf"; # arm-none-eabi-objcopy -v -O binary "CIAA-Demo-M0.axf" "CIAA-Demo-M0.bin" ; # checksum -p LPC4337_M0 -d "CIAA-Demo-M0.bin";
   text	   data	    bss	    dec	    hex	filename
    648	      0	      4	    652	    28c	CIAA-Demo-M0.axf
 

12:18:49 Build Finished (took 262ms)

