19:59:29 **** Incremental Build of configuration Debug for project CIAA-Demo ****
make all 
Building file: ../src/main.c
Invoking: MCU C Compiler
arm-none-eabi-gcc -D__NEWLIB__ -DDEBUG -D__CODE_RED -DCORE_M4 -D__USE_CMSIS=CMSIS_LPC43xx_DriverLib -D__LPC43XX__ -DLPC43_MULTICORE_M0APP -D__MULTICORE_MASTER -I"/home/pablo/Documents/CIAA-Repositories/EOPT/workspace/CIAA-Demo/src" -I"/home/pablo/Documents/CIAA-Repositories/EOPT/workspace/CIAA-Demo/src/Emac/inc" -I"/home/pablo/Documents/CIAA-Repositories/EOPT/workspace/CMSIS_LPC43xx_DriverLib/inc" -I"/home/pablo/Dropbox/Privado/Electrónica/NXP/LPC43xx/workspace/LPC4330_Xplorer_UsbVcomLib/inc" -O0 -g3 -Wall -c -fmessage-length=0 -fno-builtin -ffunction-sections -fdata-sections -fsingle-precision-constant -mcpu=cortex-m4 -mfpu=fpv4-sp-d16 -mfloat-abi=softfp -mthumb -D__NEWLIB__ -MMD -MP -MF"src/main.d" -MT"src/main.d" -o "src/main.o" "../src/main.c"
Finished building: ../src/main.c
 
Building target: CIAA-Demo.axf
Invoking: MCU Linker
arm-none-eabi-gcc -nostdlib -L"/home/pablo/Documents/CIAA-Repositories/EOPT/workspace/CMSIS_LPC43xx_DriverLib/Debug" -L"/home/pablo/Dropbox/Privado/Electrónica/NXP/LPC43xx/workspace/LPC4330_Xplorer_UsbVcomLib/Debug" -Xlinker -Map="CIAA-Demo.map" -Xlinker --gc-sections -mcpu=cortex-m4 -mfpu=fpv4-sp-d16 -mfloat-abi=softfp -mthumb -T "CIAA-Demo_Debug.ld" -o "CIAA-Demo.axf"  ./src/Emac/src/emac.o ./src/Emac/src/tcpip.o ./src/Emac/src/webserver.o  ./src/ciaaAIN.o ./src/ciaaAOUT.o ./src/ciaaI2C.o ./src/ciaaIO.o ./src/ciaaUART.o ./src/cr_start_m0.o ./src/cr_startup_lpc43xx.o ./src/crp.o ./src/database.o ./src/main.o  /home/pablo/Documents/CIAA-Repositories/EOPT/workspace/CIAA-Demo-M0/Debug/CIAA-Demo-M0.axf.o -lCMSIS_LPC43xx_DriverLib -lLPC4330_Xplorer_UsbVcomLib
Finished building target: CIAA-Demo.axf
 
make --no-print-directory post-build
Performing post-build steps
arm-none-eabi-size "CIAA-Demo.axf"; arm-none-eabi-objcopy -v -O binary "CIAA-Demo.axf" "CIAA-Demo.bin" ; # checksum -p LPC4337 -d "CIAA-Demo.bin";
   text	   data	    bss	    dec	    hex	filename
  50700	   2244	   4860	  57804	   e1cc	CIAA-Demo.axf
copy from `CIAA-Demo.axf' [elf32-littlearm] to `CIAA-Demo.bin' [binary]
 

19:59:30 Build Finished (took 322ms)

