15:07:57 **** Build of configuration Debug for project CMSIS_LPC43xx_DriverLib ****
make all 
Building file: ../src/Font5x7.c
Invoking: MCU C Compiler
arm-none-eabi-gcc -D__REDLIB__ -DDEBUG -D__CODE_RED -DCORE_M4 -D__LPC43XX__ -DHITEX_LCD_TERM -I"/home/pablo/Documents/CIAA-Repositories/EOPT/workspace/CMSIS_LPC43xx_DriverLib/inc" -Og -g3 -c -fmessage-length=0 -fno-builtin -ffunction-sections -fdata-sections -fsingle-precision-constant -mcpu=cortex-m4 -mfpu=fpv4-sp-d16 -mfloat-abi=softfp -mthumb -D__REDLIB__ -specs=redlib.specs -MMD -MP -MF"src/Font5x7.d" -MT"src/Font5x7.d" -o "src/Font5x7.o" "../src/Font5x7.c"
Finished building: ../src/Font5x7.c
 
Building file: ../src/LCDTerm.c
Invoking: MCU C Compiler
arm-none-eabi-gcc -D__REDLIB__ -DDEBUG -D__CODE_RED -DCORE_M4 -D__LPC43XX__ -DHITEX_LCD_TERM -I"/home/pablo/Documents/CIAA-Repositories/EOPT/workspace/CMSIS_LPC43xx_DriverLib/inc" -Og -g3 -c -fmessage-length=0 -fno-builtin -ffunction-sections -fdata-sections -fsingle-precision-constant -mcpu=cortex-m4 -mfpu=fpv4-sp-d16 -mfloat-abi=softfp -mthumb -D__REDLIB__ -specs=redlib.specs -MMD -MP -MF"src/LCDTerm.d" -MT"src/LCDTerm.d" -o "src/LCDTerm.o" "../src/LCDTerm.c"
Finished building: ../src/LCDTerm.c
 
Building file: ../src/debug_frmwrk.c
Invoking: MCU C Compiler
arm-none-eabi-gcc -D__REDLIB__ -DDEBUG -D__CODE_RED -DCORE_M4 -D__LPC43XX__ -DHITEX_LCD_TERM -I"/home/pablo/Documents/CIAA-Repositories/EOPT/workspace/CMSIS_LPC43xx_DriverLib/inc" -Og -g3 -c -fmessage-length=0 -fno-builtin -ffunction-sections -fdata-sections -fsingle-precision-constant -mcpu=cortex-m4 -mfpu=fpv4-sp-d16 -mfloat-abi=softfp -mthumb -D__REDLIB__ -specs=redlib.specs -MMD -MP -MF"src/debug_frmwrk.d" -MT"src/debug_frmwrk.d" -o "src/debug_frmwrk.o" "../src/debug_frmwrk.c"
Finished building: ../src/debug_frmwrk.c
 
Building file: ../src/lpc43xx_adc.c
Invoking: MCU C Compiler
arm-none-eabi-gcc -D__REDLIB__ -DDEBUG -D__CODE_RED -DCORE_M4 -D__LPC43XX__ -DHITEX_LCD_TERM -I"/home/pablo/Documents/CIAA-Repositories/EOPT/workspace/CMSIS_LPC43xx_DriverLib/inc" -Og -g3 -c -fmessage-length=0 -fno-builtin -ffunction-sections -fdata-sections -fsingle-precision-constant -mcpu=cortex-m4 -mfpu=fpv4-sp-d16 -mfloat-abi=softfp -mthumb -D__REDLIB__ -specs=redlib.specs -MMD -MP -MF"src/lpc43xx_adc.d" -MT"src/lpc43xx_adc.d" -o "src/lpc43xx_adc.o" "../src/lpc43xx_adc.c"
Finished building: ../src/lpc43xx_adc.c
 
Building file: ../src/lpc43xx_atimer.c
Invoking: MCU C Compiler
arm-none-eabi-gcc -D__REDLIB__ -DDEBUG -D__CODE_RED -DCORE_M4 -D__LPC43XX__ -DHITEX_LCD_TERM -I"/home/pablo/Documents/CIAA-Repositories/EOPT/workspace/CMSIS_LPC43xx_DriverLib/inc" -Og -g3 -c -fmessage-length=0 -fno-builtin -ffunction-sections -fdata-sections -fsingle-precision-constant -mcpu=cortex-m4 -mfpu=fpv4-sp-d16 -mfloat-abi=softfp -mthumb -D__REDLIB__ -specs=redlib.specs -MMD -MP -MF"src/lpc43xx_atimer.d" -MT"src/lpc43xx_atimer.d" -o "src/lpc43xx_atimer.o" "../src/lpc43xx_atimer.c"
Finished building: ../src/lpc43xx_atimer.c
 
Building file: ../src/lpc43xx_can.c
Invoking: MCU C Compiler
arm-none-eabi-gcc -D__REDLIB__ -DDEBUG -D__CODE_RED -DCORE_M4 -D__LPC43XX__ -DHITEX_LCD_TERM -I"/home/pablo/Documents/CIAA-Repositories/EOPT/workspace/CMSIS_LPC43xx_DriverLib/inc" -Og -g3 -c -fmessage-length=0 -fno-builtin -ffunction-sections -fdata-sections -fsingle-precision-constant -mcpu=cortex-m4 -mfpu=fpv4-sp-d16 -mfloat-abi=softfp -mthumb -D__REDLIB__ -specs=redlib.specs -MMD -MP -MF"src/lpc43xx_can.d" -MT"src/lpc43xx_can.d" -o "src/lpc43xx_can.o" "../src/lpc43xx_can.c"
Finished building: ../src/lpc43xx_can.c
 
Building file: ../src/lpc43xx_cgu.c
Invoking: MCU C Compiler
arm-none-eabi-gcc -D__REDLIB__ -DDEBUG -D__CODE_RED -DCORE_M4 -D__LPC43XX__ -DHITEX_LCD_TERM -I"/home/pablo/Documents/CIAA-Repositories/EOPT/workspace/CMSIS_LPC43xx_DriverLib/inc" -Og -g3 -c -fmessage-length=0 -fno-builtin -ffunction-sections -fdata-sections -fsingle-precision-constant -mcpu=cortex-m4 -mfpu=fpv4-sp-d16 -mfloat-abi=softfp -mthumb -D__REDLIB__ -specs=redlib.specs -MMD -MP -MF"src/lpc43xx_cgu.d" -MT"src/lpc43xx_cgu.d" -o "src/lpc43xx_cgu.o" "../src/lpc43xx_cgu.c"
Finished building: ../src/lpc43xx_cgu.c
 
Building file: ../src/lpc43xx_dac.c
Invoking: MCU C Compiler
arm-none-eabi-gcc -D__REDLIB__ -DDEBUG -D__CODE_RED -DCORE_M4 -D__LPC43XX__ -DHITEX_LCD_TERM -I"/home/pablo/Documents/CIAA-Repositories/EOPT/workspace/CMSIS_LPC43xx_DriverLib/inc" -Og -g3 -c -fmessage-length=0 -fno-builtin -ffunction-sections -fdata-sections -fsingle-precision-constant -mcpu=cortex-m4 -mfpu=fpv4-sp-d16 -mfloat-abi=softfp -mthumb -D__REDLIB__ -specs=redlib.specs -MMD -MP -MF"src/lpc43xx_dac.d" -MT"src/lpc43xx_dac.d" -o "src/lpc43xx_dac.o" "../src/lpc43xx_dac.c"
Finished building: ../src/lpc43xx_dac.c
 
Building file: ../src/lpc43xx_emc.c
Invoking: MCU C Compiler
arm-none-eabi-gcc -D__REDLIB__ -DDEBUG -D__CODE_RED -DCORE_M4 -D__LPC43XX__ -DHITEX_LCD_TERM -I"/home/pablo/Documents/CIAA-Repositories/EOPT/workspace/CMSIS_LPC43xx_DriverLib/inc" -Og -g3 -c -fmessage-length=0 -fno-builtin -ffunction-sections -fdata-sections -fsingle-precision-constant -mcpu=cortex-m4 -mfpu=fpv4-sp-d16 -mfloat-abi=softfp -mthumb -D__REDLIB__ -specs=redlib.specs -MMD -MP -MF"src/lpc43xx_emc.d" -MT"src/lpc43xx_emc.d" -o "src/lpc43xx_emc.o" "../src/lpc43xx_emc.c"
Finished building: ../src/lpc43xx_emc.c
 
Building file: ../src/lpc43xx_evrt.c
Invoking: MCU C Compiler
arm-none-eabi-gcc -D__REDLIB__ -DDEBUG -D__CODE_RED -DCORE_M4 -D__LPC43XX__ -DHITEX_LCD_TERM -I"/home/pablo/Documents/CIAA-Repositories/EOPT/workspace/CMSIS_LPC43xx_DriverLib/inc" -Og -g3 -c -fmessage-length=0 -fno-builtin -ffunction-sections -fdata-sections -fsingle-precision-constant -mcpu=cortex-m4 -mfpu=fpv4-sp-d16 -mfloat-abi=softfp -mthumb -D__REDLIB__ -specs=redlib.specs -MMD -MP -MF"src/lpc43xx_evrt.d" -MT"src/lpc43xx_evrt.d" -o "src/lpc43xx_evrt.o" "../src/lpc43xx_evrt.c"
Finished building: ../src/lpc43xx_evrt.c
 
Building file: ../src/lpc43xx_gpdma.c
Invoking: MCU C Compiler
arm-none-eabi-gcc -D__REDLIB__ -DDEBUG -D__CODE_RED -DCORE_M4 -D__LPC43XX__ -DHITEX_LCD_TERM -I"/home/pablo/Documents/CIAA-Repositories/EOPT/workspace/CMSIS_LPC43xx_DriverLib/inc" -Og -g3 -c -fmessage-length=0 -fno-builtin -ffunction-sections -fdata-sections -fsingle-precision-constant -mcpu=cortex-m4 -mfpu=fpv4-sp-d16 -mfloat-abi=softfp -mthumb -D__REDLIB__ -specs=redlib.specs -MMD -MP -MF"src/lpc43xx_gpdma.d" -MT"src/lpc43xx_gpdma.d" -o "src/lpc43xx_gpdma.o" "../src/lpc43xx_gpdma.c"
Finished building: ../src/lpc43xx_gpdma.c
 
Building file: ../src/lpc43xx_gpio.c
Invoking: MCU C Compiler
arm-none-eabi-gcc -D__REDLIB__ -DDEBUG -D__CODE_RED -DCORE_M4 -D__LPC43XX__ -DHITEX_LCD_TERM -I"/home/pablo/Documents/CIAA-Repositories/EOPT/workspace/CMSIS_LPC43xx_DriverLib/inc" -Og -g3 -c -fmessage-length=0 -fno-builtin -ffunction-sections -fdata-sections -fsingle-precision-constant -mcpu=cortex-m4 -mfpu=fpv4-sp-d16 -mfloat-abi=softfp -mthumb -D__REDLIB__ -specs=redlib.specs -MMD -MP -MF"src/lpc43xx_gpio.d" -MT"src/lpc43xx_gpio.d" -o "src/lpc43xx_gpio.o" "../src/lpc43xx_gpio.c"
Finished building: ../src/lpc43xx_gpio.c
 
Building file: ../src/lpc43xx_i2c.c
Invoking: MCU C Compiler
arm-none-eabi-gcc -D__REDLIB__ -DDEBUG -D__CODE_RED -DCORE_M4 -D__LPC43XX__ -DHITEX_LCD_TERM -I"/home/pablo/Documents/CIAA-Repositories/EOPT/workspace/CMSIS_LPC43xx_DriverLib/inc" -Og -g3 -c -fmessage-length=0 -fno-builtin -ffunction-sections -fdata-sections -fsingle-precision-constant -mcpu=cortex-m4 -mfpu=fpv4-sp-d16 -mfloat-abi=softfp -mthumb -D__REDLIB__ -specs=redlib.specs -MMD -MP -MF"src/lpc43xx_i2c.d" -MT"src/lpc43xx_i2c.d" -o "src/lpc43xx_i2c.o" "../src/lpc43xx_i2c.c"
Finished building: ../src/lpc43xx_i2c.c
 
Building file: ../src/lpc43xx_i2s.c
Invoking: MCU C Compiler
arm-none-eabi-gcc -D__REDLIB__ -DDEBUG -D__CODE_RED -DCORE_M4 -D__LPC43XX__ -DHITEX_LCD_TERM -I"/home/pablo/Documents/CIAA-Repositories/EOPT/workspace/CMSIS_LPC43xx_DriverLib/inc" -Og -g3 -c -fmessage-length=0 -fno-builtin -ffunction-sections -fdata-sections -fsingle-precision-constant -mcpu=cortex-m4 -mfpu=fpv4-sp-d16 -mfloat-abi=softfp -mthumb -D__REDLIB__ -specs=redlib.specs -MMD -MP -MF"src/lpc43xx_i2s.d" -MT"src/lpc43xx_i2s.d" -o "src/lpc43xx_i2s.o" "../src/lpc43xx_i2s.c"
Finished building: ../src/lpc43xx_i2s.c
 
Building file: ../src/lpc43xx_lcd.c
Invoking: MCU C Compiler
arm-none-eabi-gcc -D__REDLIB__ -DDEBUG -D__CODE_RED -DCORE_M4 -D__LPC43XX__ -DHITEX_LCD_TERM -I"/home/pablo/Documents/CIAA-Repositories/EOPT/workspace/CMSIS_LPC43xx_DriverLib/inc" -Og -g3 -c -fmessage-length=0 -fno-builtin -ffunction-sections -fdata-sections -fsingle-precision-constant -mcpu=cortex-m4 -mfpu=fpv4-sp-d16 -mfloat-abi=softfp -mthumb -D__REDLIB__ -specs=redlib.specs -MMD -MP -MF"src/lpc43xx_lcd.d" -MT"src/lpc43xx_lcd.d" -o "src/lpc43xx_lcd.o" "../src/lpc43xx_lcd.c"
Finished building: ../src/lpc43xx_lcd.c
 
Building file: ../src/lpc43xx_mcpwm.c
Invoking: MCU C Compiler
arm-none-eabi-gcc -D__REDLIB__ -DDEBUG -D__CODE_RED -DCORE_M4 -D__LPC43XX__ -DHITEX_LCD_TERM -I"/home/pablo/Documents/CIAA-Repositories/EOPT/workspace/CMSIS_LPC43xx_DriverLib/inc" -Og -g3 -c -fmessage-length=0 -fno-builtin -ffunction-sections -fdata-sections -fsingle-precision-constant -mcpu=cortex-m4 -mfpu=fpv4-sp-d16 -mfloat-abi=softfp -mthumb -D__REDLIB__ -specs=redlib.specs -MMD -MP -MF"src/lpc43xx_mcpwm.d" -MT"src/lpc43xx_mcpwm.d" -o "src/lpc43xx_mcpwm.o" "../src/lpc43xx_mcpwm.c"
Finished building: ../src/lpc43xx_mcpwm.c
 
Building file: ../src/lpc43xx_nvic.c
Invoking: MCU C Compiler
arm-none-eabi-gcc -D__REDLIB__ -DDEBUG -D__CODE_RED -DCORE_M4 -D__LPC43XX__ -DHITEX_LCD_TERM -I"/home/pablo/Documents/CIAA-Repositories/EOPT/workspace/CMSIS_LPC43xx_DriverLib/inc" -Og -g3 -c -fmessage-length=0 -fno-builtin -ffunction-sections -fdata-sections -fsingle-precision-constant -mcpu=cortex-m4 -mfpu=fpv4-sp-d16 -mfloat-abi=softfp -mthumb -D__REDLIB__ -specs=redlib.specs -MMD -MP -MF"src/lpc43xx_nvic.d" -MT"src/lpc43xx_nvic.d" -o "src/lpc43xx_nvic.o" "../src/lpc43xx_nvic.c"
Finished building: ../src/lpc43xx_nvic.c
 
Building file: ../src/lpc43xx_pwr.c
Invoking: MCU C Compiler
arm-none-eabi-gcc -D__REDLIB__ -DDEBUG -D__CODE_RED -DCORE_M4 -D__LPC43XX__ -DHITEX_LCD_TERM -I"/home/pablo/Documents/CIAA-Repositories/EOPT/workspace/CMSIS_LPC43xx_DriverLib/inc" -Og -g3 -c -fmessage-length=0 -fno-builtin -ffunction-sections -fdata-sections -fsingle-precision-constant -mcpu=cortex-m4 -mfpu=fpv4-sp-d16 -mfloat-abi=softfp -mthumb -D__REDLIB__ -specs=redlib.specs -MMD -MP -MF"src/lpc43xx_pwr.d" -MT"src/lpc43xx_pwr.d" -o "src/lpc43xx_pwr.o" "../src/lpc43xx_pwr.c"
Finished building: ../src/lpc43xx_pwr.c
 
Building file: ../src/lpc43xx_qei.c
Invoking: MCU C Compiler
arm-none-eabi-gcc -D__REDLIB__ -DDEBUG -D__CODE_RED -DCORE_M4 -D__LPC43XX__ -DHITEX_LCD_TERM -I"/home/pablo/Documents/CIAA-Repositories/EOPT/workspace/CMSIS_LPC43xx_DriverLib/inc" -Og -g3 -c -fmessage-length=0 -fno-builtin -ffunction-sections -fdata-sections -fsingle-precision-constant -mcpu=cortex-m4 -mfpu=fpv4-sp-d16 -mfloat-abi=softfp -mthumb -D__REDLIB__ -specs=redlib.specs -MMD -MP -MF"src/lpc43xx_qei.d" -MT"src/lpc43xx_qei.d" -o "src/lpc43xx_qei.o" "../src/lpc43xx_qei.c"
Finished building: ../src/lpc43xx_qei.c
 
Building file: ../src/lpc43xx_rgu.c
Invoking: MCU C Compiler
arm-none-eabi-gcc -D__REDLIB__ -DDEBUG -D__CODE_RED -DCORE_M4 -D__LPC43XX__ -DHITEX_LCD_TERM -I"/home/pablo/Documents/CIAA-Repositories/EOPT/workspace/CMSIS_LPC43xx_DriverLib/inc" -Og -g3 -c -fmessage-length=0 -fno-builtin -ffunction-sections -fdata-sections -fsingle-precision-constant -mcpu=cortex-m4 -mfpu=fpv4-sp-d16 -mfloat-abi=softfp -mthumb -D__REDLIB__ -specs=redlib.specs -MMD -MP -MF"src/lpc43xx_rgu.d" -MT"src/lpc43xx_rgu.d" -o "src/lpc43xx_rgu.o" "../src/lpc43xx_rgu.c"
Finished building: ../src/lpc43xx_rgu.c
 
Building file: ../src/lpc43xx_rit.c
Invoking: MCU C Compiler
arm-none-eabi-gcc -D__REDLIB__ -DDEBUG -D__CODE_RED -DCORE_M4 -D__LPC43XX__ -DHITEX_LCD_TERM -I"/home/pablo/Documents/CIAA-Repositories/EOPT/workspace/CMSIS_LPC43xx_DriverLib/inc" -Og -g3 -c -fmessage-length=0 -fno-builtin -ffunction-sections -fdata-sections -fsingle-precision-constant -mcpu=cortex-m4 -mfpu=fpv4-sp-d16 -mfloat-abi=softfp -mthumb -D__REDLIB__ -specs=redlib.specs -MMD -MP -MF"src/lpc43xx_rit.d" -MT"src/lpc43xx_rit.d" -o "src/lpc43xx_rit.o" "../src/lpc43xx_rit.c"
Finished building: ../src/lpc43xx_rit.c
 
Building file: ../src/lpc43xx_rtc.c
Invoking: MCU C Compiler
arm-none-eabi-gcc -D__REDLIB__ -DDEBUG -D__CODE_RED -DCORE_M4 -D__LPC43XX__ -DHITEX_LCD_TERM -I"/home/pablo/Documents/CIAA-Repositories/EOPT/workspace/CMSIS_LPC43xx_DriverLib/inc" -Og -g3 -c -fmessage-length=0 -fno-builtin -ffunction-sections -fdata-sections -fsingle-precision-constant -mcpu=cortex-m4 -mfpu=fpv4-sp-d16 -mfloat-abi=softfp -mthumb -D__REDLIB__ -specs=redlib.specs -MMD -MP -MF"src/lpc43xx_rtc.d" -MT"src/lpc43xx_rtc.d" -o "src/lpc43xx_rtc.o" "../src/lpc43xx_rtc.c"
Finished building: ../src/lpc43xx_rtc.c
 
Building file: ../src/lpc43xx_sct.c
Invoking: MCU C Compiler
arm-none-eabi-gcc -D__REDLIB__ -DDEBUG -D__CODE_RED -DCORE_M4 -D__LPC43XX__ -DHITEX_LCD_TERM -I"/home/pablo/Documents/CIAA-Repositories/EOPT/workspace/CMSIS_LPC43xx_DriverLib/inc" -Og -g3 -c -fmessage-length=0 -fno-builtin -ffunction-sections -fdata-sections -fsingle-precision-constant -mcpu=cortex-m4 -mfpu=fpv4-sp-d16 -mfloat-abi=softfp -mthumb -D__REDLIB__ -specs=redlib.specs -MMD -MP -MF"src/lpc43xx_sct.d" -MT"src/lpc43xx_sct.d" -o "src/lpc43xx_sct.o" "../src/lpc43xx_sct.c"
Finished building: ../src/lpc43xx_sct.c
 
Building file: ../src/lpc43xx_scu.c
Invoking: MCU C Compiler
arm-none-eabi-gcc -D__REDLIB__ -DDEBUG -D__CODE_RED -DCORE_M4 -D__LPC43XX__ -DHITEX_LCD_TERM -I"/home/pablo/Documents/CIAA-Repositories/EOPT/workspace/CMSIS_LPC43xx_DriverLib/inc" -Og -g3 -c -fmessage-length=0 -fno-builtin -ffunction-sections -fdata-sections -fsingle-precision-constant -mcpu=cortex-m4 -mfpu=fpv4-sp-d16 -mfloat-abi=softfp -mthumb -D__REDLIB__ -specs=redlib.specs -MMD -MP -MF"src/lpc43xx_scu.d" -MT"src/lpc43xx_scu.d" -o "src/lpc43xx_scu.o" "../src/lpc43xx_scu.c"
Finished building: ../src/lpc43xx_scu.c
 
Building file: ../src/lpc43xx_sdif.c
Invoking: MCU C Compiler
arm-none-eabi-gcc -D__REDLIB__ -DDEBUG -D__CODE_RED -DCORE_M4 -D__LPC43XX__ -DHITEX_LCD_TERM -I"/home/pablo/Documents/CIAA-Repositories/EOPT/workspace/CMSIS_LPC43xx_DriverLib/inc" -Og -g3 -c -fmessage-length=0 -fno-builtin -ffunction-sections -fdata-sections -fsingle-precision-constant -mcpu=cortex-m4 -mfpu=fpv4-sp-d16 -mfloat-abi=softfp -mthumb -D__REDLIB__ -specs=redlib.specs -MMD -MP -MF"src/lpc43xx_sdif.d" -MT"src/lpc43xx_sdif.d" -o "src/lpc43xx_sdif.o" "../src/lpc43xx_sdif.c"
Finished building: ../src/lpc43xx_sdif.c
 
Building file: ../src/lpc43xx_sdmmc.c
Invoking: MCU C Compiler
arm-none-eabi-gcc -D__REDLIB__ -DDEBUG -D__CODE_RED -DCORE_M4 -D__LPC43XX__ -DHITEX_LCD_TERM -I"/home/pablo/Documents/CIAA-Repositories/EOPT/workspace/CMSIS_LPC43xx_DriverLib/inc" -Og -g3 -c -fmessage-length=0 -fno-builtin -ffunction-sections -fdata-sections -fsingle-precision-constant -mcpu=cortex-m4 -mfpu=fpv4-sp-d16 -mfloat-abi=softfp -mthumb -D__REDLIB__ -specs=redlib.specs -MMD -MP -MF"src/lpc43xx_sdmmc.d" -MT"src/lpc43xx_sdmmc.d" -o "src/lpc43xx_sdmmc.o" "../src/lpc43xx_sdmmc.c"
Finished building: ../src/lpc43xx_sdmmc.c
 
Building file: ../src/lpc43xx_ssp.c
Invoking: MCU C Compiler
arm-none-eabi-gcc -D__REDLIB__ -DDEBUG -D__CODE_RED -DCORE_M4 -D__LPC43XX__ -DHITEX_LCD_TERM -I"/home/pablo/Documents/CIAA-Repositories/EOPT/workspace/CMSIS_LPC43xx_DriverLib/inc" -Og -g3 -c -fmessage-length=0 -fno-builtin -ffunction-sections -fdata-sections -fsingle-precision-constant -mcpu=cortex-m4 -mfpu=fpv4-sp-d16 -mfloat-abi=softfp -mthumb -D__REDLIB__ -specs=redlib.specs -MMD -MP -MF"src/lpc43xx_ssp.d" -MT"src/lpc43xx_ssp.d" -o "src/lpc43xx_ssp.o" "../src/lpc43xx_ssp.c"
Finished building: ../src/lpc43xx_ssp.c
 
Building file: ../src/lpc43xx_timer.c
Invoking: MCU C Compiler
arm-none-eabi-gcc -D__REDLIB__ -DDEBUG -D__CODE_RED -DCORE_M4 -D__LPC43XX__ -DHITEX_LCD_TERM -I"/home/pablo/Documents/CIAA-Repositories/EOPT/workspace/CMSIS_LPC43xx_DriverLib/inc" -Og -g3 -c -fmessage-length=0 -fno-builtin -ffunction-sections -fdata-sections -fsingle-precision-constant -mcpu=cortex-m4 -mfpu=fpv4-sp-d16 -mfloat-abi=softfp -mthumb -D__REDLIB__ -specs=redlib.specs -MMD -MP -MF"src/lpc43xx_timer.d" -MT"src/lpc43xx_timer.d" -o "src/lpc43xx_timer.o" "../src/lpc43xx_timer.c"
Finished building: ../src/lpc43xx_timer.c
 
Building file: ../src/lpc43xx_uart.c
Invoking: MCU C Compiler
arm-none-eabi-gcc -D__REDLIB__ -DDEBUG -D__CODE_RED -DCORE_M4 -D__LPC43XX__ -DHITEX_LCD_TERM -I"/home/pablo/Documents/CIAA-Repositories/EOPT/workspace/CMSIS_LPC43xx_DriverLib/inc" -Og -g3 -c -fmessage-length=0 -fno-builtin -ffunction-sections -fdata-sections -fsingle-precision-constant -mcpu=cortex-m4 -mfpu=fpv4-sp-d16 -mfloat-abi=softfp -mthumb -D__REDLIB__ -specs=redlib.specs -MMD -MP -MF"src/lpc43xx_uart.d" -MT"src/lpc43xx_uart.d" -o "src/lpc43xx_uart.o" "../src/lpc43xx_uart.c"
Finished building: ../src/lpc43xx_uart.c
 
Building file: ../src/lpc43xx_wwdt.c
Invoking: MCU C Compiler
arm-none-eabi-gcc -D__REDLIB__ -DDEBUG -D__CODE_RED -DCORE_M4 -D__LPC43XX__ -DHITEX_LCD_TERM -I"/home/pablo/Documents/CIAA-Repositories/EOPT/workspace/CMSIS_LPC43xx_DriverLib/inc" -Og -g3 -c -fmessage-length=0 -fno-builtin -ffunction-sections -fdata-sections -fsingle-precision-constant -mcpu=cortex-m4 -mfpu=fpv4-sp-d16 -mfloat-abi=softfp -mthumb -D__REDLIB__ -specs=redlib.specs -MMD -MP -MF"src/lpc43xx_wwdt.d" -MT"src/lpc43xx_wwdt.d" -o "src/lpc43xx_wwdt.o" "../src/lpc43xx_wwdt.c"
Finished building: ../src/lpc43xx_wwdt.c
 
Building file: ../src/sdio.c
Invoking: MCU C Compiler
arm-none-eabi-gcc -D__REDLIB__ -DDEBUG -D__CODE_RED -DCORE_M4 -D__LPC43XX__ -DHITEX_LCD_TERM -I"/home/pablo/Documents/CIAA-Repositories/EOPT/workspace/CMSIS_LPC43xx_DriverLib/inc" -Og -g3 -c -fmessage-length=0 -fno-builtin -ffunction-sections -fdata-sections -fsingle-precision-constant -mcpu=cortex-m4 -mfpu=fpv4-sp-d16 -mfloat-abi=softfp -mthumb -D__REDLIB__ -specs=redlib.specs -MMD -MP -MF"src/sdio.d" -MT"src/sdio.d" -o "src/sdio.o" "../src/sdio.c"
Finished building: ../src/sdio.c
 
Building file: ../src/system_LPC43xx.c
Invoking: MCU C Compiler
arm-none-eabi-gcc -D__REDLIB__ -DDEBUG -D__CODE_RED -DCORE_M4 -D__LPC43XX__ -DHITEX_LCD_TERM -I"/home/pablo/Documents/CIAA-Repositories/EOPT/workspace/CMSIS_LPC43xx_DriverLib/inc" -Og -g3 -c -fmessage-length=0 -fno-builtin -ffunction-sections -fdata-sections -fsingle-precision-constant -mcpu=cortex-m4 -mfpu=fpv4-sp-d16 -mfloat-abi=softfp -mthumb -D__REDLIB__ -specs=redlib.specs -MMD -MP -MF"src/system_LPC43xx.d" -MT"src/system_LPC43xx.d" -o "src/system_LPC43xx.o" "../src/system_LPC43xx.c"
Finished building: ../src/system_LPC43xx.c
 
Building target: libCMSIS_LPC43xx_DriverLib.a
Invoking: MCU Archiver
arm-none-eabi-ar -r  "libCMSIS_LPC43xx_DriverLib.a"  ./src/Font5x7.o ./src/LCDTerm.o ./src/debug_frmwrk.o ./src/lpc43xx_adc.o ./src/lpc43xx_atimer.o ./src/lpc43xx_can.o ./src/lpc43xx_cgu.o ./src/lpc43xx_dac.o ./src/lpc43xx_emc.o ./src/lpc43xx_evrt.o ./src/lpc43xx_gpdma.o ./src/lpc43xx_gpio.o ./src/lpc43xx_i2c.o ./src/lpc43xx_i2s.o ./src/lpc43xx_lcd.o ./src/lpc43xx_mcpwm.o ./src/lpc43xx_nvic.o ./src/lpc43xx_pwr.o ./src/lpc43xx_qei.o ./src/lpc43xx_rgu.o ./src/lpc43xx_rit.o ./src/lpc43xx_rtc.o ./src/lpc43xx_sct.o ./src/lpc43xx_scu.o ./src/lpc43xx_sdif.o ./src/lpc43xx_sdmmc.o ./src/lpc43xx_ssp.o ./src/lpc43xx_timer.o ./src/lpc43xx_uart.o ./src/lpc43xx_wwdt.o ./src/sdio.o ./src/system_LPC43xx.o   
arm-none-eabi-ar: creating libCMSIS_LPC43xx_DriverLib.a
Finished building target: libCMSIS_LPC43xx_DriverLib.a
 
make --no-print-directory post-build
Performing post-build steps
arm-none-eabi-size "libCMSIS_LPC43xx_DriverLib.a" ; # arm-none-eabi-objdump -h -S "libCMSIS_LPC43xx_DriverLib.a" >"libCMSIS_LPC43xx_DriverLib.lss"
   text	   data	    bss	    dec	    hex	filename
   1780	      0	      0	   1780	    6f4	Font5x7.o (ex libCMSIS_LPC43xx_DriverLib.a)
   2064	      0	     27	   2091	    82b	LCDTerm.o (ex libCMSIS_LPC43xx_DriverLib.a)
   1260	      0	      0	   1260	    4ec	debug_frmwrk.o (ex libCMSIS_LPC43xx_DriverLib.a)
    884	      0	      0	    884	    374	lpc43xx_adc.o (ex libCMSIS_LPC43xx_DriverLib.a)
    364	      0	      0	    364	    16c	lpc43xx_atimer.o (ex libCMSIS_LPC43xx_DriverLib.a)
    912	      0	     36	    948	    3b4	lpc43xx_can.o (ex libCMSIS_LPC43xx_DriverLib.a)
   4784	     68	      8	   4860	   12fc	lpc43xx_cgu.o (ex libCMSIS_LPC43xx_DriverLib.a)
    268	      0	      0	    268	    10c	lpc43xx_dac.o (ex libCMSIS_LPC43xx_DriverLib.a)
   1032	      0	      0	   1032	    408	lpc43xx_emc.o (ex libCMSIS_LPC43xx_DriverLib.a)
    572	      0	      0	    572	    23c	lpc43xx_evrt.o (ex libCMSIS_LPC43xx_DriverLib.a)
   1216	     32	      0	   1248	    4e0	lpc43xx_gpdma.o (ex libCMSIS_LPC43xx_DriverLib.a)
    168	      0	      0	    168	     a8	lpc43xx_gpio.o (ex libCMSIS_LPC43xx_DriverLib.a)
   2568	      0	     52	   2620	    a3c	lpc43xx_i2c.o (ex libCMSIS_LPC43xx_DriverLib.a)
   2196	      0	      0	   2196	    894	lpc43xx_i2s.o (ex libCMSIS_LPC43xx_DriverLib.a)
    824	      1	      0	    825	    339	lpc43xx_lcd.o (ex libCMSIS_LPC43xx_DriverLib.a)
   1036	      0	      0	   1036	    40c	lpc43xx_mcpwm.o (ex libCMSIS_LPC43xx_DriverLib.a)
     12	      0	      0	     12	      c	lpc43xx_nvic.o (ex libCMSIS_LPC43xx_DriverLib.a)
     88	      0	      0	     88	     58	lpc43xx_pwr.o (ex libCMSIS_LPC43xx_DriverLib.a)
    500	      0	      0	    500	    1f4	lpc43xx_qei.o (ex libCMSIS_LPC43xx_DriverLib.a)
    228	      0	      0	    228	     e4	lpc43xx_rgu.o (ex libCMSIS_LPC43xx_DriverLib.a)
    348	      0	      0	    348	    15c	lpc43xx_rit.o (ex libCMSIS_LPC43xx_DriverLib.a)
   2024	      0	      0	   2024	    7e8	lpc43xx_rtc.o (ex libCMSIS_LPC43xx_DriverLib.a)
    196	      0	      0	    196	     c4	lpc43xx_sct.o (ex libCMSIS_LPC43xx_DriverLib.a)
     24	      0	      0	     24	     18	lpc43xx_scu.o (ex libCMSIS_LPC43xx_DriverLib.a)
    624	      0	    288	    912	    390	lpc43xx_sdif.o (ex libCMSIS_LPC43xx_DriverLib.a)
   2024	      0	     16	   2040	    7f8	lpc43xx_sdmmc.o (ex libCMSIS_LPC43xx_DriverLib.a)
   1632	      0	      0	   1632	    660	lpc43xx_ssp.o (ex libCMSIS_LPC43xx_DriverLib.a)
   1556	      0	      0	   1556	    614	lpc43xx_timer.o (ex libCMSIS_LPC43xx_DriverLib.a)
   2996	      0	      0	   2996	    bb4	lpc43xx_uart.o (ex libCMSIS_LPC43xx_DriverLib.a)
    432	      0	      0	    432	    1b0	lpc43xx_wwdt.o (ex libCMSIS_LPC43xx_DriverLib.a)
   2612	      0	    864	   3476	    d94	sdio.o (ex libCMSIS_LPC43xx_DriverLib.a)
     64	      4	      0	     68	     44	system_LPC43xx.o (ex libCMSIS_LPC43xx_DriverLib.a)
 

15:08:02 Build Finished (took 4s.625ms)

