12:18:45 **** Incremental Build of configuration Debug for project CMSIS_LPC43xx_DriverLib-M0 ****
make all 
Building file: ../src/Font5x7.c
Invoking: MCU C Compiler
arm-none-eabi-gcc -D__REDLIB__ -DDEBUG -D__CODE_RED -DCORE_M0 -D__LPC43XX__ -DHITEX_LCD_TERM -I"/home/pablo/Documents/CIAA-Repositories/EOPT/workspace/CMSIS_LPC43xx_DriverLib-M0/inc" -Og -g3 -Wall -c -fmessage-length=0 -fno-builtin -ffunction-sections -fdata-sections -mcpu=cortex-m0 -mthumb -D__REDLIB__ -specs=redlib.specs -MMD -MP -MF"src/Font5x7.d" -MT"src/Font5x7.d" -o "src/Font5x7.o" "../src/Font5x7.c"
Finished building: ../src/Font5x7.c
 
Building file: ../src/LCDTerm.c
Invoking: MCU C Compiler
arm-none-eabi-gcc -D__REDLIB__ -DDEBUG -D__CODE_RED -DCORE_M0 -D__LPC43XX__ -DHITEX_LCD_TERM -I"/home/pablo/Documents/CIAA-Repositories/EOPT/workspace/CMSIS_LPC43xx_DriverLib-M0/inc" -Og -g3 -Wall -c -fmessage-length=0 -fno-builtin -ffunction-sections -fdata-sections -mcpu=cortex-m0 -mthumb -D__REDLIB__ -specs=redlib.specs -MMD -MP -MF"src/LCDTerm.d" -MT"src/LCDTerm.d" -o "src/LCDTerm.o" "../src/LCDTerm.c"
Finished building: ../src/LCDTerm.c
 
Building file: ../src/debug_frmwrk.c
Invoking: MCU C Compiler
arm-none-eabi-gcc -D__REDLIB__ -DDEBUG -D__CODE_RED -DCORE_M0 -D__LPC43XX__ -DHITEX_LCD_TERM -I"/home/pablo/Documents/CIAA-Repositories/EOPT/workspace/CMSIS_LPC43xx_DriverLib-M0/inc" -Og -g3 -Wall -c -fmessage-length=0 -fno-builtin -ffunction-sections -fdata-sections -mcpu=cortex-m0 -mthumb -D__REDLIB__ -specs=redlib.specs -MMD -MP -MF"src/debug_frmwrk.d" -MT"src/debug_frmwrk.d" -o "src/debug_frmwrk.o" "../src/debug_frmwrk.c"
Finished building: ../src/debug_frmwrk.c
 
Building file: ../src/lpc43xx_adc.c
Invoking: MCU C Compiler
arm-none-eabi-gcc -D__REDLIB__ -DDEBUG -D__CODE_RED -DCORE_M0 -D__LPC43XX__ -DHITEX_LCD_TERM -I"/home/pablo/Documents/CIAA-Repositories/EOPT/workspace/CMSIS_LPC43xx_DriverLib-M0/inc" -Og -g3 -Wall -c -fmessage-length=0 -fno-builtin -ffunction-sections -fdata-sections -mcpu=cortex-m0 -mthumb -D__REDLIB__ -specs=redlib.specs -MMD -MP -MF"src/lpc43xx_adc.d" -MT"src/lpc43xx_adc.d" -o "src/lpc43xx_adc.o" "../src/lpc43xx_adc.c"
../src/lpc43xx_adc.c: In function 'ADC_Init':
../src/lpc43xx_adc.c:94:15: warning: 'temp' may be used uninitialized in this function [-Wmaybe-uninitialized]
  temp = ((temp*2 + ADCbitrate) / (ADCbitrate*2)) - 1;//get the round value by fomular: (2*A + B)/(2*B)
               ^
Finished building: ../src/lpc43xx_adc.c
 
Building file: ../src/lpc43xx_atimer.c
Invoking: MCU C Compiler
arm-none-eabi-gcc -D__REDLIB__ -DDEBUG -D__CODE_RED -DCORE_M0 -D__LPC43XX__ -DHITEX_LCD_TERM -I"/home/pablo/Documents/CIAA-Repositories/EOPT/workspace/CMSIS_LPC43xx_DriverLib-M0/inc" -Og -g3 -Wall -c -fmessage-length=0 -fno-builtin -ffunction-sections -fdata-sections -mcpu=cortex-m0 -mthumb -D__REDLIB__ -specs=redlib.specs -MMD -MP -MF"src/lpc43xx_atimer.d" -MT"src/lpc43xx_atimer.d" -o "src/lpc43xx_atimer.o" "../src/lpc43xx_atimer.c"
Finished building: ../src/lpc43xx_atimer.c
 
Building file: ../src/lpc43xx_can.c
Invoking: MCU C Compiler
arm-none-eabi-gcc -D__REDLIB__ -DDEBUG -D__CODE_RED -DCORE_M0 -D__LPC43XX__ -DHITEX_LCD_TERM -I"/home/pablo/Documents/CIAA-Repositories/EOPT/workspace/CMSIS_LPC43xx_DriverLib-M0/inc" -Og -g3 -Wall -c -fmessage-length=0 -fno-builtin -ffunction-sections -fdata-sections -mcpu=cortex-m0 -mthumb -D__REDLIB__ -specs=redlib.specs -MMD -MP -MF"src/lpc43xx_can.d" -MT"src/lpc43xx_can.d" -o "src/lpc43xx_can.o" "../src/lpc43xx_can.c"
Finished building: ../src/lpc43xx_can.c
 
Building file: ../src/lpc43xx_cgu.c
Invoking: MCU C Compiler
arm-none-eabi-gcc -D__REDLIB__ -DDEBUG -D__CODE_RED -DCORE_M0 -D__LPC43XX__ -DHITEX_LCD_TERM -I"/home/pablo/Documents/CIAA-Repositories/EOPT/workspace/CMSIS_LPC43xx_DriverLib-M0/inc" -Og -g3 -Wall -c -fmessage-length=0 -fno-builtin -ffunction-sections -fdata-sections -mcpu=cortex-m0 -mthumb -D__REDLIB__ -specs=redlib.specs -MMD -MP -MF"src/lpc43xx_cgu.d" -MT"src/lpc43xx_cgu.d" -o "src/lpc43xx_cgu.o" "../src/lpc43xx_cgu.c"
../src/lpc43xx_cgu.c: In function 'pdec_new':
../src/lpc43xx_cgu.c:293:39: warning: suggest parentheses around arithmetic in operand of '|' [-Wparentheses]
      x = ((x ^ x>>2) & 1) << 4 | x>>1 & 0xF;
                                       ^
../src/lpc43xx_cgu.c: In function 'ndec_new':
../src/lpc43xx_cgu.c:306:53: warning: suggest parentheses around arithmetic in operand of '|' [-Wparentheses]
      x = ((x ^ x>>2 ^ x>>3 ^ x>>4) & 1) << 7 | x>>1 & 0x7F;
                                                     ^
../src/lpc43xx_cgu.c: In function 'mdec_new':
../src/lpc43xx_cgu.c:319:40: warning: suggest parentheses around arithmetic in operand of '|' [-Wparentheses]
      x = ((x ^ x>>1) & 1) << 14 | x>>1 & 0x3FFF;
                                        ^
../src/lpc43xx_cgu.c: In function 'compute_pll_regs':
../src/lpc43xx_cgu.c:411:8: warning: suggest parentheses around '&&' within '||' [-Wparentheses]
        && fcco < best_fcco)) {
        ^
../src/lpc43xx_cgu.c:409:7: warning: suggest parentheses around '&&' within '||' [-Wparentheses]
       && (preDiv <  best_pre
       ^
Finished building: ../src/lpc43xx_cgu.c
 
Building file: ../src/lpc43xx_dac.c
Invoking: MCU C Compiler
arm-none-eabi-gcc -D__REDLIB__ -DDEBUG -D__CODE_RED -DCORE_M0 -D__LPC43XX__ -DHITEX_LCD_TERM -I"/home/pablo/Documents/CIAA-Repositories/EOPT/workspace/CMSIS_LPC43xx_DriverLib-M0/inc" -Og -g3 -Wall -c -fmessage-length=0 -fno-builtin -ffunction-sections -fdata-sections -mcpu=cortex-m0 -mthumb -D__REDLIB__ -specs=redlib.specs -MMD -MP -MF"src/lpc43xx_dac.d" -MT"src/lpc43xx_dac.d" -o "src/lpc43xx_dac.o" "../src/lpc43xx_dac.c"
Finished building: ../src/lpc43xx_dac.c
 
Building file: ../src/lpc43xx_emc.c
Invoking: MCU C Compiler
arm-none-eabi-gcc -D__REDLIB__ -DDEBUG -D__CODE_RED -DCORE_M0 -D__LPC43XX__ -DHITEX_LCD_TERM -I"/home/pablo/Documents/CIAA-Repositories/EOPT/workspace/CMSIS_LPC43xx_DriverLib-M0/inc" -Og -g3 -Wall -c -fmessage-length=0 -fno-builtin -ffunction-sections -fdata-sections -mcpu=cortex-m0 -mthumb -D__REDLIB__ -specs=redlib.specs -MMD -MP -MF"src/lpc43xx_emc.d" -MT"src/lpc43xx_emc.d" -o "src/lpc43xx_emc.o" "../src/lpc43xx_emc.c"
Finished building: ../src/lpc43xx_emc.c
 
Building file: ../src/lpc43xx_evrt.c
Invoking: MCU C Compiler
arm-none-eabi-gcc -D__REDLIB__ -DDEBUG -D__CODE_RED -DCORE_M0 -D__LPC43XX__ -DHITEX_LCD_TERM -I"/home/pablo/Documents/CIAA-Repositories/EOPT/workspace/CMSIS_LPC43xx_DriverLib-M0/inc" -Og -g3 -Wall -c -fmessage-length=0 -fno-builtin -ffunction-sections -fdata-sections -mcpu=cortex-m0 -mthumb -D__REDLIB__ -specs=redlib.specs -MMD -MP -MF"src/lpc43xx_evrt.d" -MT"src/lpc43xx_evrt.d" -o "src/lpc43xx_evrt.o" "../src/lpc43xx_evrt.c"
Finished building: ../src/lpc43xx_evrt.c
 
Building file: ../src/lpc43xx_gpdma.c
Invoking: MCU C Compiler
arm-none-eabi-gcc -D__REDLIB__ -DDEBUG -D__CODE_RED -DCORE_M0 -D__LPC43XX__ -DHITEX_LCD_TERM -I"/home/pablo/Documents/CIAA-Repositories/EOPT/workspace/CMSIS_LPC43xx_DriverLib-M0/inc" -Og -g3 -Wall -c -fmessage-length=0 -fno-builtin -ffunction-sections -fdata-sections -mcpu=cortex-m0 -mthumb -D__REDLIB__ -specs=redlib.specs -MMD -MP -MF"src/lpc43xx_gpdma.d" -MT"src/lpc43xx_gpdma.d" -o "src/lpc43xx_gpdma.o" "../src/lpc43xx_gpdma.c"
Finished building: ../src/lpc43xx_gpdma.c
 
Building file: ../src/lpc43xx_gpio.c
Invoking: MCU C Compiler
arm-none-eabi-gcc -D__REDLIB__ -DDEBUG -D__CODE_RED -DCORE_M0 -D__LPC43XX__ -DHITEX_LCD_TERM -I"/home/pablo/Documents/CIAA-Repositories/EOPT/workspace/CMSIS_LPC43xx_DriverLib-M0/inc" -Og -g3 -Wall -c -fmessage-length=0 -fno-builtin -ffunction-sections -fdata-sections -mcpu=cortex-m0 -mthumb -D__REDLIB__ -specs=redlib.specs -MMD -MP -MF"src/lpc43xx_gpio.d" -MT"src/lpc43xx_gpio.d" -o "src/lpc43xx_gpio.o" "../src/lpc43xx_gpio.c"
Finished building: ../src/lpc43xx_gpio.c
 
Building file: ../src/lpc43xx_i2c.c
Invoking: MCU C Compiler
arm-none-eabi-gcc -D__REDLIB__ -DDEBUG -D__CODE_RED -DCORE_M0 -D__LPC43XX__ -DHITEX_LCD_TERM -I"/home/pablo/Documents/CIAA-Repositories/EOPT/workspace/CMSIS_LPC43xx_DriverLib-M0/inc" -Og -g3 -Wall -c -fmessage-length=0 -fno-builtin -ffunction-sections -fdata-sections -mcpu=cortex-m0 -mthumb -D__REDLIB__ -specs=redlib.specs -MMD -MP -MF"src/lpc43xx_i2c.d" -MT"src/lpc43xx_i2c.d" -o "src/lpc43xx_i2c.o" "../src/lpc43xx_i2c.c"
Finished building: ../src/lpc43xx_i2c.c
 
Building file: ../src/lpc43xx_i2s.c
Invoking: MCU C Compiler
arm-none-eabi-gcc -D__REDLIB__ -DDEBUG -D__CODE_RED -DCORE_M0 -D__LPC43XX__ -DHITEX_LCD_TERM -I"/home/pablo/Documents/CIAA-Repositories/EOPT/workspace/CMSIS_LPC43xx_DriverLib-M0/inc" -Og -g3 -Wall -c -fmessage-length=0 -fno-builtin -ffunction-sections -fdata-sections -mcpu=cortex-m0 -mthumb -D__REDLIB__ -specs=redlib.specs -MMD -MP -MF"src/lpc43xx_i2s.d" -MT"src/lpc43xx_i2s.d" -o "src/lpc43xx_i2s.o" "../src/lpc43xx_i2s.c"
../src/lpc43xx_i2s.c: In function 'I2S_FreqConfig':
../src/lpc43xx_i2s.c:336:19: warning: variable 'channel' set but not used [-Wunused-but-set-variable]
  uint8_t bitrate, channel, wordwidth;
                   ^
Finished building: ../src/lpc43xx_i2s.c
 
Building file: ../src/lpc43xx_lcd.c
Invoking: MCU C Compiler
arm-none-eabi-gcc -D__REDLIB__ -DDEBUG -D__CODE_RED -DCORE_M0 -D__LPC43XX__ -DHITEX_LCD_TERM -I"/home/pablo/Documents/CIAA-Repositories/EOPT/workspace/CMSIS_LPC43xx_DriverLib-M0/inc" -Og -g3 -Wall -c -fmessage-length=0 -fno-builtin -ffunction-sections -fdata-sections -mcpu=cortex-m0 -mthumb -D__REDLIB__ -specs=redlib.specs -MMD -MP -MF"src/lpc43xx_lcd.d" -MT"src/lpc43xx_lcd.d" -o "src/lpc43xx_lcd.o" "../src/lpc43xx_lcd.c"
Finished building: ../src/lpc43xx_lcd.c
 
Building file: ../src/lpc43xx_mcpwm.c
Invoking: MCU C Compiler
arm-none-eabi-gcc -D__REDLIB__ -DDEBUG -D__CODE_RED -DCORE_M0 -D__LPC43XX__ -DHITEX_LCD_TERM -I"/home/pablo/Documents/CIAA-Repositories/EOPT/workspace/CMSIS_LPC43xx_DriverLib-M0/inc" -Og -g3 -Wall -c -fmessage-length=0 -fno-builtin -ffunction-sections -fdata-sections -mcpu=cortex-m0 -mthumb -D__REDLIB__ -specs=redlib.specs -MMD -MP -MF"src/lpc43xx_mcpwm.d" -MT"src/lpc43xx_mcpwm.d" -o "src/lpc43xx_mcpwm.o" "../src/lpc43xx_mcpwm.c"
Finished building: ../src/lpc43xx_mcpwm.c
 
Building file: ../src/lpc43xx_pwr.c
Invoking: MCU C Compiler
arm-none-eabi-gcc -D__REDLIB__ -DDEBUG -D__CODE_RED -DCORE_M0 -D__LPC43XX__ -DHITEX_LCD_TERM -I"/home/pablo/Documents/CIAA-Repositories/EOPT/workspace/CMSIS_LPC43xx_DriverLib-M0/inc" -Og -g3 -Wall -c -fmessage-length=0 -fno-builtin -ffunction-sections -fdata-sections -mcpu=cortex-m0 -mthumb -D__REDLIB__ -specs=redlib.specs -MMD -MP -MF"src/lpc43xx_pwr.d" -MT"src/lpc43xx_pwr.d" -o "src/lpc43xx_pwr.o" "../src/lpc43xx_pwr.c"
Finished building: ../src/lpc43xx_pwr.c
 
Building file: ../src/lpc43xx_qei.c
Invoking: MCU C Compiler
arm-none-eabi-gcc -D__REDLIB__ -DDEBUG -D__CODE_RED -DCORE_M0 -D__LPC43XX__ -DHITEX_LCD_TERM -I"/home/pablo/Documents/CIAA-Repositories/EOPT/workspace/CMSIS_LPC43xx_DriverLib-M0/inc" -Og -g3 -Wall -c -fmessage-length=0 -fno-builtin -ffunction-sections -fdata-sections -mcpu=cortex-m0 -mthumb -D__REDLIB__ -specs=redlib.specs -MMD -MP -MF"src/lpc43xx_qei.d" -MT"src/lpc43xx_qei.d" -o "src/lpc43xx_qei.o" "../src/lpc43xx_qei.c"
Finished building: ../src/lpc43xx_qei.c
 
Building file: ../src/lpc43xx_rgu.c
Invoking: MCU C Compiler
arm-none-eabi-gcc -D__REDLIB__ -DDEBUG -D__CODE_RED -DCORE_M0 -D__LPC43XX__ -DHITEX_LCD_TERM -I"/home/pablo/Documents/CIAA-Repositories/EOPT/workspace/CMSIS_LPC43xx_DriverLib-M0/inc" -Og -g3 -Wall -c -fmessage-length=0 -fno-builtin -ffunction-sections -fdata-sections -mcpu=cortex-m0 -mthumb -D__REDLIB__ -specs=redlib.specs -MMD -MP -MF"src/lpc43xx_rgu.d" -MT"src/lpc43xx_rgu.d" -o "src/lpc43xx_rgu.o" "../src/lpc43xx_rgu.c"
Finished building: ../src/lpc43xx_rgu.c
 
Building file: ../src/lpc43xx_rit.c
Invoking: MCU C Compiler
arm-none-eabi-gcc -D__REDLIB__ -DDEBUG -D__CODE_RED -DCORE_M0 -D__LPC43XX__ -DHITEX_LCD_TERM -I"/home/pablo/Documents/CIAA-Repositories/EOPT/workspace/CMSIS_LPC43xx_DriverLib-M0/inc" -Og -g3 -Wall -c -fmessage-length=0 -fno-builtin -ffunction-sections -fdata-sections -mcpu=cortex-m0 -mthumb -D__REDLIB__ -specs=redlib.specs -MMD -MP -MF"src/lpc43xx_rit.d" -MT"src/lpc43xx_rit.d" -o "src/lpc43xx_rit.o" "../src/lpc43xx_rit.c"
Finished building: ../src/lpc43xx_rit.c
 
Building file: ../src/lpc43xx_rtc.c
Invoking: MCU C Compiler
arm-none-eabi-gcc -D__REDLIB__ -DDEBUG -D__CODE_RED -DCORE_M0 -D__LPC43XX__ -DHITEX_LCD_TERM -I"/home/pablo/Documents/CIAA-Repositories/EOPT/workspace/CMSIS_LPC43xx_DriverLib-M0/inc" -Og -g3 -Wall -c -fmessage-length=0 -fno-builtin -ffunction-sections -fdata-sections -mcpu=cortex-m0 -mthumb -D__REDLIB__ -specs=redlib.specs -MMD -MP -MF"src/lpc43xx_rtc.d" -MT"src/lpc43xx_rtc.d" -o "src/lpc43xx_rtc.o" "../src/lpc43xx_rtc.c"
../src/lpc43xx_rtc.c: In function 'RTC_CntIncrIntConfig':
../src/lpc43xx_rtc.c:220:20: warning: 'tem' may be used uninitialized in this function [-Wmaybe-uninitialized]
   while(RTCx->CIIR & tem);
                    ^
../src/lpc43xx_rtc.c: In function 'RTC_AlarmIntConfig':
../src/lpc43xx_rtc.c:295:20: warning: 'tem' may be used uninitialized in this function [-Wmaybe-uninitialized]
   while((RTCx->AMR & tem)== 0);
                    ^
Finished building: ../src/lpc43xx_rtc.c
 
Building file: ../src/lpc43xx_sct.c
Invoking: MCU C Compiler
arm-none-eabi-gcc -D__REDLIB__ -DDEBUG -D__CODE_RED -DCORE_M0 -D__LPC43XX__ -DHITEX_LCD_TERM -I"/home/pablo/Documents/CIAA-Repositories/EOPT/workspace/CMSIS_LPC43xx_DriverLib-M0/inc" -Og -g3 -Wall -c -fmessage-length=0 -fno-builtin -ffunction-sections -fdata-sections -mcpu=cortex-m0 -mthumb -D__REDLIB__ -specs=redlib.specs -MMD -MP -MF"src/lpc43xx_sct.d" -MT"src/lpc43xx_sct.d" -o "src/lpc43xx_sct.o" "../src/lpc43xx_sct.c"
Finished building: ../src/lpc43xx_sct.c
 
Building file: ../src/lpc43xx_scu.c
Invoking: MCU C Compiler
arm-none-eabi-gcc -D__REDLIB__ -DDEBUG -D__CODE_RED -DCORE_M0 -D__LPC43XX__ -DHITEX_LCD_TERM -I"/home/pablo/Documents/CIAA-Repositories/EOPT/workspace/CMSIS_LPC43xx_DriverLib-M0/inc" -Og -g3 -Wall -c -fmessage-length=0 -fno-builtin -ffunction-sections -fdata-sections -mcpu=cortex-m0 -mthumb -D__REDLIB__ -specs=redlib.specs -MMD -MP -MF"src/lpc43xx_scu.d" -MT"src/lpc43xx_scu.d" -o "src/lpc43xx_scu.o" "../src/lpc43xx_scu.c"
Finished building: ../src/lpc43xx_scu.c
 
Building file: ../src/lpc43xx_sdif.c
Invoking: MCU C Compiler
arm-none-eabi-gcc -D__REDLIB__ -DDEBUG -D__CODE_RED -DCORE_M0 -D__LPC43XX__ -DHITEX_LCD_TERM -I"/home/pablo/Documents/CIAA-Repositories/EOPT/workspace/CMSIS_LPC43xx_DriverLib-M0/inc" -Og -g3 -Wall -c -fmessage-length=0 -fno-builtin -ffunction-sections -fdata-sections -mcpu=cortex-m0 -mthumb -D__REDLIB__ -specs=redlib.specs -MMD -MP -MF"src/lpc43xx_sdif.d" -MT"src/lpc43xx_sdif.d" -o "src/lpc43xx_sdif.o" "../src/lpc43xx_sdif.c"
../src/lpc43xx_sdif.c: In function 'sdif_init':
../src/lpc43xx_sdif.c:326:23: warning: unused variable 'i' [-Wunused-variable]
     volatile uint32_t i;
                       ^
Finished building: ../src/lpc43xx_sdif.c
 
Building file: ../src/lpc43xx_sdmmc.c
Invoking: MCU C Compiler
arm-none-eabi-gcc -D__REDLIB__ -DDEBUG -D__CODE_RED -DCORE_M0 -D__LPC43XX__ -DHITEX_LCD_TERM -I"/home/pablo/Documents/CIAA-Repositories/EOPT/workspace/CMSIS_LPC43xx_DriverLib-M0/inc" -Og -g3 -Wall -c -fmessage-length=0 -fno-builtin -ffunction-sections -fdata-sections -mcpu=cortex-m0 -mthumb -D__REDLIB__ -specs=redlib.specs -MMD -MP -MF"src/lpc43xx_sdmmc.d" -MT"src/lpc43xx_sdmmc.d" -o "src/lpc43xx_sdmmc.o" "../src/lpc43xx_sdmmc.c"
Finished building: ../src/lpc43xx_sdmmc.c
 
Building file: ../src/lpc43xx_ssp.c
Invoking: MCU C Compiler
arm-none-eabi-gcc -D__REDLIB__ -DDEBUG -D__CODE_RED -DCORE_M0 -D__LPC43XX__ -DHITEX_LCD_TERM -I"/home/pablo/Documents/CIAA-Repositories/EOPT/workspace/CMSIS_LPC43xx_DriverLib-M0/inc" -Og -g3 -Wall -c -fmessage-length=0 -fno-builtin -ffunction-sections -fdata-sections -mcpu=cortex-m0 -mthumb -D__REDLIB__ -specs=redlib.specs -MMD -MP -MF"src/lpc43xx_ssp.d" -MT"src/lpc43xx_ssp.d" -o "src/lpc43xx_ssp.o" "../src/lpc43xx_ssp.c"
../src/lpc43xx_ssp.c: In function 'SSP_ReadWrite':
../src/lpc43xx_ssp.c:375:14: warning: 'wdata16' may be used uninitialized in this function [-Wmaybe-uninitialized]
       wdata16++;
              ^
../src/lpc43xx_ssp.c:400:18: warning: 'rdata16' may be used uninitialized in this function [-Wmaybe-uninitialized]
       *(rdata16) = (uint16_t) tmp;
                  ^
../src/lpc43xx_ssp.c:371:13: warning: 'wdata8' may be used uninitialized in this function [-Wmaybe-uninitialized]
       wdata8++;
             ^
../src/lpc43xx_ssp.c:398:13: warning: 'rdata8' may be used uninitialized in this function [-Wmaybe-uninitialized]
       rdata8++;
             ^
Finished building: ../src/lpc43xx_ssp.c
 
Building file: ../src/lpc43xx_timer.c
Invoking: MCU C Compiler
arm-none-eabi-gcc -D__REDLIB__ -DDEBUG -D__CODE_RED -DCORE_M0 -D__LPC43XX__ -DHITEX_LCD_TERM -I"/home/pablo/Documents/CIAA-Repositories/EOPT/workspace/CMSIS_LPC43xx_DriverLib-M0/inc" -Og -g3 -Wall -c -fmessage-length=0 -fno-builtin -ffunction-sections -fdata-sections -mcpu=cortex-m0 -mthumb -D__REDLIB__ -specs=redlib.specs -MMD -MP -MF"src/lpc43xx_timer.d" -MT"src/lpc43xx_timer.d" -o "src/lpc43xx_timer.o" "../src/lpc43xx_timer.c"
../src/lpc43xx_timer.c: In function 'getPClock':
../src/lpc43xx_timer.c:87:2: warning: 'clkdlycnt' may be used uninitialized in this function [-Wmaybe-uninitialized]
  return clkdlycnt;
  ^
Finished building: ../src/lpc43xx_timer.c
 
Building file: ../src/lpc43xx_uart.c
Invoking: MCU C Compiler
arm-none-eabi-gcc -D__REDLIB__ -DDEBUG -D__CODE_RED -DCORE_M0 -D__LPC43XX__ -DHITEX_LCD_TERM -I"/home/pablo/Documents/CIAA-Repositories/EOPT/workspace/CMSIS_LPC43xx_DriverLib-M0/inc" -Og -g3 -Wall -c -fmessage-length=0 -fno-builtin -ffunction-sections -fdata-sections -mcpu=cortex-m0 -mthumb -D__REDLIB__ -specs=redlib.specs -MMD -MP -MF"src/lpc43xx_uart.d" -MT"src/lpc43xx_uart.d" -o "src/lpc43xx_uart.o" "../src/lpc43xx_uart.c"
Finished building: ../src/lpc43xx_uart.c
 
Building file: ../src/lpc43xx_wwdt.c
Invoking: MCU C Compiler
arm-none-eabi-gcc -D__REDLIB__ -DDEBUG -D__CODE_RED -DCORE_M0 -D__LPC43XX__ -DHITEX_LCD_TERM -I"/home/pablo/Documents/CIAA-Repositories/EOPT/workspace/CMSIS_LPC43xx_DriverLib-M0/inc" -Og -g3 -Wall -c -fmessage-length=0 -fno-builtin -ffunction-sections -fdata-sections -mcpu=cortex-m0 -mthumb -D__REDLIB__ -specs=redlib.specs -MMD -MP -MF"src/lpc43xx_wwdt.d" -MT"src/lpc43xx_wwdt.d" -o "src/lpc43xx_wwdt.o" "../src/lpc43xx_wwdt.c"
Finished building: ../src/lpc43xx_wwdt.c
 
Building file: ../src/sdio.c
Invoking: MCU C Compiler
arm-none-eabi-gcc -D__REDLIB__ -DDEBUG -D__CODE_RED -DCORE_M0 -D__LPC43XX__ -DHITEX_LCD_TERM -I"/home/pablo/Documents/CIAA-Repositories/EOPT/workspace/CMSIS_LPC43xx_DriverLib-M0/inc" -Og -g3 -Wall -c -fmessage-length=0 -fno-builtin -ffunction-sections -fdata-sections -mcpu=cortex-m0 -mthumb -D__REDLIB__ -specs=redlib.specs -MMD -MP -MF"src/sdio.d" -MT"src/sdio.d" -o "src/sdio.o" "../src/sdio.c"
../src/sdio.c: In function 'sdio_init':
../src/sdio.c:874:21: warning: unused variable 'i' [-Wunused-variable]
   volatile uint32_t i;
                     ^
Finished building: ../src/sdio.c
 
Building target: libCMSIS_LPC43xx_DriverLib-M0.a
Invoking: MCU Archiver
arm-none-eabi-ar -r  "libCMSIS_LPC43xx_DriverLib-M0.a"  ./src/Font5x7.o ./src/LCDTerm.o ./src/debug_frmwrk.o ./src/lpc43xx_adc.o ./src/lpc43xx_atimer.o ./src/lpc43xx_can.o ./src/lpc43xx_cgu.o ./src/lpc43xx_dac.o ./src/lpc43xx_emc.o ./src/lpc43xx_evrt.o ./src/lpc43xx_gpdma.o ./src/lpc43xx_gpio.o ./src/lpc43xx_i2c.o ./src/lpc43xx_i2s.o ./src/lpc43xx_lcd.o ./src/lpc43xx_mcpwm.o ./src/lpc43xx_pwr.o ./src/lpc43xx_qei.o ./src/lpc43xx_rgu.o ./src/lpc43xx_rit.o ./src/lpc43xx_rtc.o ./src/lpc43xx_sct.o ./src/lpc43xx_scu.o ./src/lpc43xx_sdif.o ./src/lpc43xx_sdmmc.o ./src/lpc43xx_ssp.o ./src/lpc43xx_timer.o ./src/lpc43xx_uart.o ./src/lpc43xx_wwdt.o ./src/sdio.o   
arm-none-eabi-ar: creating libCMSIS_LPC43xx_DriverLib-M0.a
Finished building target: libCMSIS_LPC43xx_DriverLib-M0.a
 
make --no-print-directory post-build
Performing post-build steps
arm-none-eabi-size "libCMSIS_LPC43xx_DriverLib-M0.a" ; # arm-none-eabi-objdump -h -S "libCMSIS_LPC43xx_DriverLib-M0.a" >"libCMSIS_LPC43xx_DriverLib-M0.lss"
   text	   data	    bss	    dec	    hex	filename
   1780	      0	      0	   1780	    6f4	Font5x7.o (ex libCMSIS_LPC43xx_DriverLib-M0.a)
   2040	      0	     27	   2067	    813	LCDTerm.o (ex libCMSIS_LPC43xx_DriverLib-M0.a)
   1180	      0	      0	   1180	    49c	debug_frmwrk.o (ex libCMSIS_LPC43xx_DriverLib-M0.a)
    952	      0	      0	    952	    3b8	lpc43xx_adc.o (ex libCMSIS_LPC43xx_DriverLib-M0.a)
    388	      0	      0	    388	    184	lpc43xx_atimer.o (ex libCMSIS_LPC43xx_DriverLib-M0.a)
    948	      0	     36	    984	    3d8	lpc43xx_can.o (ex libCMSIS_LPC43xx_DriverLib-M0.a)
   4908	     68	      8	   4984	   1378	lpc43xx_cgu.o (ex libCMSIS_LPC43xx_DriverLib-M0.a)
    284	      0	      0	    284	    11c	lpc43xx_dac.o (ex libCMSIS_LPC43xx_DriverLib-M0.a)
   1080	      0	      0	   1080	    438	lpc43xx_emc.o (ex libCMSIS_LPC43xx_DriverLib-M0.a)
    620	      0	      0	    620	    26c	lpc43xx_evrt.o (ex libCMSIS_LPC43xx_DriverLib-M0.a)
   1360	     32	      0	   1392	    570	lpc43xx_gpdma.o (ex libCMSIS_LPC43xx_DriverLib-M0.a)
    180	      0	      0	    180	     b4	lpc43xx_gpio.o (ex libCMSIS_LPC43xx_DriverLib-M0.a)
   2856	      0	     52	   2908	    b5c	lpc43xx_i2c.o (ex libCMSIS_LPC43xx_DriverLib-M0.a)
   2304	      0	      0	   2304	    900	lpc43xx_i2s.o (ex libCMSIS_LPC43xx_DriverLib-M0.a)
    928	      1	      0	    929	    3a1	lpc43xx_lcd.o (ex libCMSIS_LPC43xx_DriverLib-M0.a)
    956	      0	      0	    956	    3bc	lpc43xx_mcpwm.o (ex libCMSIS_LPC43xx_DriverLib-M0.a)
     88	      0	      0	     88	     58	lpc43xx_pwr.o (ex libCMSIS_LPC43xx_DriverLib-M0.a)
    564	      0	      0	    564	    234	lpc43xx_qei.o (ex libCMSIS_LPC43xx_DriverLib-M0.a)
    264	      0	      0	    264	    108	lpc43xx_rgu.o (ex libCMSIS_LPC43xx_DriverLib-M0.a)
    344	      0	      0	    344	    158	lpc43xx_rit.o (ex libCMSIS_LPC43xx_DriverLib-M0.a)
   2248	      0	      0	   2248	    8c8	lpc43xx_rtc.o (ex libCMSIS_LPC43xx_DriverLib-M0.a)
    196	      0	      0	    196	     c4	lpc43xx_sct.o (ex libCMSIS_LPC43xx_DriverLib-M0.a)
     20	      0	      0	     20	     14	lpc43xx_scu.o (ex libCMSIS_LPC43xx_DriverLib-M0.a)
    716	      0	    288	   1004	    3ec	lpc43xx_sdif.o (ex libCMSIS_LPC43xx_DriverLib-M0.a)
   2156	      0	     16	   2172	    87c	lpc43xx_sdmmc.o (ex libCMSIS_LPC43xx_DriverLib-M0.a)
   1784	      0	      0	   1784	    6f8	lpc43xx_ssp.o (ex libCMSIS_LPC43xx_DriverLib-M0.a)
   1660	      0	      0	   1660	    67c	lpc43xx_timer.o (ex libCMSIS_LPC43xx_DriverLib-M0.a)
   3500	      0	      0	   3500	    dac	lpc43xx_uart.o (ex libCMSIS_LPC43xx_DriverLib-M0.a)
    440	      0	      0	    440	    1b8	lpc43xx_wwdt.o (ex libCMSIS_LPC43xx_DriverLib-M0.a)
   2872	      0	    864	   3736	    e98	sdio.o (ex libCMSIS_LPC43xx_DriverLib-M0.a)
 

12:18:49 Build Finished (took 4s.171ms)

