16:36:19 **** Incremental Build of configuration Debug for project CMSIS_LPC43xx_DriverLib ****
make all 
make: Nothing to be done for `all'.
16:36:20 **** Incremental Build of configuration Debug for project osek ****
make all 
Building file: ../src/blinking.c
Invoking: MCU C Compiler
arm-none-eabi-gcc -D__REDLIB__ -DCPU=lpc4337 -DDEBUG -D__CODE_RED -DCORE_M4 -D__USE_CMSIS=CMSIS_LPC43xx_DriverLib -D__LPC43XX__ -D__MULTICORE_NONE -I"/home/pablo/Dropbox/Privado/FRBA/DPLab/osek_lpc4337/CMSIS_LPC43xx_DriverLib/inc" -O0 -g3 -Wall -c -fmessage-length=0 -fno-builtin -ffunction-sections -fdata-sections -fsingle-precision-constant -mcpu=cortex-m4 -mfpu=fpv4-sp-d16 -mfloat-abi=softfp -mthumb -specs=redlib.specs -MMD -MP -MF"src/blinking.d" -MT"src/blinking.d" -o "src/blinking.o" "../src/blinking.c"
In file included from ../src/Types.h:67:0,
                 from ../src/os.h:76,
                 from ../src/blinking.c:61:
/home/pablo/Dropbox/Privado/FRBA/DPLab/osek_lpc4337/CMSIS_LPC43xx_DriverLib/inc/lpc_types.h:204:0: warning: "INLINE" redefined [enabled by default]
 #define INLINE inline
 ^
In file included from ../src/Types.h:66:0,
                 from ../src/os.h:76,
                 from ../src/blinking.c:61:
../src/Compiler.h:94:0: note: this is the location of the previous definition
 #define INLINE
 ^
In file included from ../src/os.h:76:0,
                 from ../src/blinking.c:61:
../src/Types.h:105:0: warning: "INLINE" redefined [enabled by default]
 #define INLINE
 ^
In file included from ../src/Types.h:67:0,
                 from ../src/os.h:76,
                 from ../src/blinking.c:61:
/home/pablo/Dropbox/Privado/FRBA/DPLab/osek_lpc4337/CMSIS_LPC43xx_DriverLib/inc/lpc_types.h:204:0: note: this is the location of the previous definition
 #define INLINE inline
 ^
In file included from ../src/Types.h:127:0,
                 from ../src/os.h:76,
                 from ../src/blinking.c:61:
../src/Types_Arch.h:71:0: warning: "NULL" redefined [enabled by default]
 #define NULL ((void *)0)
 ^
In file included from ../src/Types.h:67:0,
                 from ../src/os.h:76,
                 from ../src/blinking.c:61:
/home/pablo/Dropbox/Privado/FRBA/DPLab/osek_lpc4337/CMSIS_LPC43xx_DriverLib/inc/lpc_types.h:137:0: note: this is the location of the previous definition
 #define NULL ((void*) 0)
 ^
../src/blinking.c: In function 'main':
../src/blinking.c:93:2: warning: implicit declaration of function 'printf' [-Wimplicit-function-declaration]
  printf("[main]StartOS\n");
  ^
Finished building: ../src/blinking.c
 
Building file: ../src/ciaaIO.c
Invoking: MCU C Compiler
arm-none-eabi-gcc -D__REDLIB__ -DCPU=lpc4337 -DDEBUG -D__CODE_RED -DCORE_M4 -D__USE_CMSIS=CMSIS_LPC43xx_DriverLib -D__LPC43XX__ -D__MULTICORE_NONE -I"/home/pablo/Dropbox/Privado/FRBA/DPLab/osek_lpc4337/CMSIS_LPC43xx_DriverLib/inc" -O0 -g3 -Wall -c -fmessage-length=0 -fno-builtin -ffunction-sections -fdata-sections -fsingle-precision-constant -mcpu=cortex-m4 -mfpu=fpv4-sp-d16 -mfloat-abi=softfp -mthumb -specs=redlib.specs -MMD -MP -MF"src/ciaaIO.d" -MT"src/ciaaIO.d" -o "src/ciaaIO.o" "../src/ciaaIO.c"
Finished building: ../src/ciaaIO.c
 
Building file: ../src/ciaaUART.c
Invoking: MCU C Compiler
arm-none-eabi-gcc -D__REDLIB__ -DCPU=lpc4337 -DDEBUG -D__CODE_RED -DCORE_M4 -D__USE_CMSIS=CMSIS_LPC43xx_DriverLib -D__LPC43XX__ -D__MULTICORE_NONE -I"/home/pablo/Dropbox/Privado/FRBA/DPLab/osek_lpc4337/CMSIS_LPC43xx_DriverLib/inc" -O0 -g3 -Wall -c -fmessage-length=0 -fno-builtin -ffunction-sections -fdata-sections -fsingle-precision-constant -mcpu=cortex-m4 -mfpu=fpv4-sp-d16 -mfloat-abi=softfp -mthumb -specs=redlib.specs -MMD -MP -MF"src/ciaaUART.d" -MT"src/ciaaUART.d" -o "src/ciaaUART.o" "../src/ciaaUART.c"
Finished building: ../src/ciaaUART.c
 
Building file: ../src/cr_startup_lpc43xx.c
Invoking: MCU C Compiler
arm-none-eabi-gcc -D__REDLIB__ -DCPU=lpc4337 -DDEBUG -D__CODE_RED -DCORE_M4 -D__USE_CMSIS=CMSIS_LPC43xx_DriverLib -D__LPC43XX__ -D__MULTICORE_NONE -I"/home/pablo/Dropbox/Privado/FRBA/DPLab/osek_lpc4337/CMSIS_LPC43xx_DriverLib/inc" -O0 -g3 -Wall -c -fmessage-length=0 -fno-builtin -ffunction-sections -fdata-sections -fsingle-precision-constant -mcpu=cortex-m4 -mfpu=fpv4-sp-d16 -mfloat-abi=softfp -mthumb -specs=redlib.specs -MMD -MP -MF"src/cr_startup_lpc43xx.d" -MT"src/cr_startup_lpc43xx.d" -o "src/cr_startup_lpc43xx.o" "../src/cr_startup_lpc43xx.c"
Finished building: ../src/cr_startup_lpc43xx.c
 
Building file: ../src/crp.c
Invoking: MCU C Compiler
arm-none-eabi-gcc -D__REDLIB__ -DCPU=lpc4337 -DDEBUG -D__CODE_RED -DCORE_M4 -D__USE_CMSIS=CMSIS_LPC43xx_DriverLib -D__LPC43XX__ -D__MULTICORE_NONE -I"/home/pablo/Dropbox/Privado/FRBA/DPLab/osek_lpc4337/CMSIS_LPC43xx_DriverLib/inc" -O0 -g3 -Wall -c -fmessage-length=0 -fno-builtin -ffunction-sections -fdata-sections -fsingle-precision-constant -mcpu=cortex-m4 -mfpu=fpv4-sp-d16 -mfloat-abi=softfp -mthumb -specs=redlib.specs -MMD -MP -MF"src/crp.d" -MT"src/crp.d" -o "src/crp.o" "../src/crp.c"
Finished building: ../src/crp.c
 
Building target: osek.axf
Invoking: MCU Linker
arm-none-eabi-gcc -nostdlib -L"/home/pablo/Dropbox/Privado/FRBA/DPLab/osek_lpc4337/CMSIS_LPC43xx_DriverLib/Debug" -Xlinker -Map="osek.map" -Xlinker --gc-sections -mcpu=cortex-m4 -mfpu=fpv4-sp-d16 -mfloat-abi=softfp -mthumb -T "osek_Debug.ld" -o "osek.axf"  ./src/ActivateTask.o ./src/CancelAlarm.o ./src/ChainTask.o ./src/ClearEvent.o ./src/GetActiveApplicationMode.o ./src/GetAlarm.o ./src/GetAlarmBase.o ./src/GetEvent.o ./src/GetResource.o ./src/GetTaskID.o ./src/GetTaskState.o ./src/Os.o ./src/Os_Arch.o ./src/Os_Cfg.o ./src/Os_Internal.o ./src/Os_Internal_Arch.o ./src/Os_Internal_Cfg.o ./src/PendSV.o ./src/ReleaseResource.o ./src/Schedule.o ./src/SetAbsAlarm.o ./src/SetEvent.o ./src/SetRelAlarm.o ./src/ShutdownOS.o ./src/StartOS.o ./src/StartOs_Arch.o ./src/TerminateTask.o ./src/WaitEvent.o ./src/blinking.o ./src/ciaaIO.o ./src/ciaaUART.o ./src/cr_startup_lpc43xx.o ./src/crp.o   -lCMSIS_LPC43xx_DriverLib
Finished building target: osek.axf
 
make --no-print-directory post-build
Performing post-build steps
arm-none-eabi-size "osek.axf"; # arm-none-eabi-objcopy -v -O binary "osek.axf" "osek.bin" ; # checksum -p LPC4337 -d "osek.bin";
   text	   data	    bss	    dec	    hex	filename
  21576	     88	   6688	  28352	   6ec0	osek.axf
 
16:50:23 **** Clean-only build of configuration Debug for project CIAA-Demo ****
make clean 
rm -rf  ./src/Emac/src/emac.o ./src/Emac/src/tcpip.o ./src/Emac/src/webserver.o  ./src/ciaaI2C.o ./src/ciaaIO.o ./src/ciaaUART.o ./src/cr_start_m0.o ./src/cr_startup_lpc43xx.o ./src/crp.o ./src/database.o ./src/main.o  ./src/Emac/src/emac.d ./src/Emac/src/tcpip.d ./src/Emac/src/webserver.d  ./src/ciaaI2C.d ./src/ciaaIO.d ./src/ciaaUART.d ./src/cr_start_m0.d ./src/cr_startup_lpc43xx.d ./src/crp.d ./src/database.d ./src/main.d  CIAA-Demo.axf
 
16:50:23 **** Clean-only build of configuration Debug for project CIAA-Demo-M0 ****
make clean 
rm -rf  ./src/cr_startup_lpc43xx-m0app.o ./src/main_m0.o  ./src/cr_startup_lpc43xx-m0app.d ./src/main_m0.d  CIAA-Demo-M0.axf
 
16:50:23 **** Clean-only build of configuration Debug for project CMSIS_LPC43xx_DriverLib ****
make clean 
rm -rf  ./src/Font5x7.o ./src/LCDTerm.o ./src/debug_frmwrk.o ./src/lpc43xx_adc.o ./src/lpc43xx_atimer.o ./src/lpc43xx_can.o ./src/lpc43xx_cgu.o ./src/lpc43xx_dac.o ./src/lpc43xx_emc.o ./src/lpc43xx_evrt.o ./src/lpc43xx_gpdma.o ./src/lpc43xx_gpio.o ./src/lpc43xx_i2c.o ./src/lpc43xx_i2s.o ./src/lpc43xx_lcd.o ./src/lpc43xx_mcpwm.o ./src/lpc43xx_nvic.o ./src/lpc43xx_pwr.o ./src/lpc43xx_qei.o ./src/lpc43xx_rgu.o ./src/lpc43xx_rit.o ./src/lpc43xx_rtc.o ./src/lpc43xx_sct.o ./src/lpc43xx_scu.o ./src/lpc43xx_sdif.o ./src/lpc43xx_sdmmc.o ./src/lpc43xx_ssp.o ./src/lpc43xx_timer.o ./src/lpc43xx_uart.o ./src/lpc43xx_wwdt.o ./src/sdio.o ./src/system_LPC43xx.o  ./src/Font5x7.d ./src/LCDTerm.d ./src/debug_frmwrk.d ./src/lpc43xx_adc.d ./src/lpc43xx_atimer.d ./src/lpc43xx_can.d ./src/lpc43xx_cgu.d ./src/lpc43xx_dac.d ./src/lpc43xx_emc.d ./src/lpc43xx_evrt.d ./src/lpc43xx_gpdma.d ./src/lpc43xx_gpio.d ./src/lpc43xx_i2c.d ./src/lpc43xx_i2s.d ./src/lpc43xx_lcd.d ./src/lpc43xx_mcpwm.d ./src/lpc43xx_nvic.d ./src/lpc43xx_pwr.d ./src/lpc43xx_qei.d ./src/lpc43xx_rgu.d ./src/lpc43xx_rit.d ./src/lpc43xx_rtc.d ./src/lpc43xx_sct.d ./src/lpc43xx_scu.d ./src/lpc43xx_sdif.d ./src/lpc43xx_sdmmc.d ./src/lpc43xx_ssp.d ./src/lpc43xx_timer.d ./src/lpc43xx_uart.d ./src/lpc43xx_wwdt.d ./src/sdio.d ./src/system_LPC43xx.d  libCMSIS_LPC43xx_DriverLib.a
 
16:50:23 **** Clean-only build of configuration Debug for project CMSIS_LPC43xx_DriverLib-M0 ****
make clean 
rm -rf  ./src/Font5x7.o ./src/LCDTerm.o ./src/debug_frmwrk.o ./src/lpc43xx_adc.o ./src/lpc43xx_atimer.o ./src/lpc43xx_can.o ./src/lpc43xx_cgu.o ./src/lpc43xx_dac.o ./src/lpc43xx_emc.o ./src/lpc43xx_evrt.o ./src/lpc43xx_gpdma.o ./src/lpc43xx_gpio.o ./src/lpc43xx_i2c.o ./src/lpc43xx_i2s.o ./src/lpc43xx_lcd.o ./src/lpc43xx_mcpwm.o ./src/lpc43xx_pwr.o ./src/lpc43xx_qei.o ./src/lpc43xx_rgu.o ./src/lpc43xx_rit.o ./src/lpc43xx_rtc.o ./src/lpc43xx_sct.o ./src/lpc43xx_scu.o ./src/lpc43xx_sdif.o ./src/lpc43xx_sdmmc.o ./src/lpc43xx_ssp.o ./src/lpc43xx_timer.o ./src/lpc43xx_uart.o ./src/lpc43xx_wwdt.o ./src/sdio.o  ./src/Font5x7.d ./src/LCDTerm.d ./src/debug_frmwrk.d ./src/lpc43xx_adc.d ./src/lpc43xx_atimer.d ./src/lpc43xx_can.d ./src/lpc43xx_cgu.d ./src/lpc43xx_dac.d ./src/lpc43xx_emc.d ./src/lpc43xx_evrt.d ./src/lpc43xx_gpdma.d ./src/lpc43xx_gpio.d ./src/lpc43xx_i2c.d ./src/lpc43xx_i2s.d ./src/lpc43xx_lcd.d ./src/lpc43xx_mcpwm.d ./src/lpc43xx_pwr.d ./src/lpc43xx_qei.d ./src/lpc43xx_rgu.d ./src/lpc43xx_rit.d ./src/lpc43xx_rtc.d ./src/lpc43xx_sct.d ./src/lpc43xx_scu.d ./src/lpc43xx_sdif.d ./src/lpc43xx_sdmmc.d ./src/lpc43xx_ssp.d ./src/lpc43xx_timer.d ./src/lpc43xx_uart.d ./src/lpc43xx_wwdt.d ./src/sdio.d  libCMSIS_LPC43xx_DriverLib-M0.a
 
16:50:23 **** Clean-only build of configuration Debug for project osek ****
make clean 
rm -rf  ./src/ActivateTask.o ./src/CancelAlarm.o ./src/ChainTask.o ./src/ClearEvent.o ./src/GetActiveApplicationMode.o ./src/GetAlarm.o ./src/GetAlarmBase.o ./src/GetEvent.o ./src/GetResource.o ./src/GetTaskID.o ./src/GetTaskState.o ./src/Os.o ./src/Os_Arch.o ./src/Os_Cfg.o ./src/Os_Internal.o ./src/Os_Internal_Arch.o ./src/Os_Internal_Cfg.o ./src/PendSV.o ./src/ReleaseResource.o ./src/Schedule.o ./src/SetAbsAlarm.o ./src/SetEvent.o ./src/SetRelAlarm.o ./src/ShutdownOS.o ./src/StartOS.o ./src/StartOs_Arch.o ./src/TerminateTask.o ./src/WaitEvent.o ./src/blinking.o ./src/ciaaIO.o ./src/ciaaUART.o ./src/cr_startup_lpc43xx.o ./src/crp.o  ./src/ActivateTask.d ./src/CancelAlarm.d ./src/ChainTask.d ./src/ClearEvent.d ./src/GetActiveApplicationMode.d ./src/GetAlarm.d ./src/GetAlarmBase.d ./src/GetEvent.d ./src/GetResource.d ./src/GetTaskID.d ./src/GetTaskState.d ./src/Os.d ./src/Os_Arch.d ./src/Os_Cfg.d ./src/Os_Internal.d ./src/Os_Internal_Arch.d ./src/Os_Internal_Cfg.d ./src/ReleaseResource.d ./src/Schedule.d ./src/SetAbsAlarm.d ./src/SetEvent.d ./src/SetRelAlarm.d ./src/ShutdownOS.d ./src/StartOS.d ./src/StartOs_Arch.d ./src/TerminateTask.d ./src/WaitEvent.d ./src/blinking.d ./src/ciaaIO.d ./src/ciaaUART.d ./src/cr_startup_lpc43xx.d ./src/crp.d  osek.axf
 
12:17:27 **** Build of configuration Debug for project CMSIS_LPC43xx_DriverLib ****
make all 
Building file: ../src/Font5x7.c
Invoking: MCU C Compiler
arm-none-eabi-gcc -D__REDLIB__ -D__CODE_RED -DCORE_M4 -D__LPC43XX__ -I"/home/pablo/Documents/CIAA-Repositories/EOPT/workspace/CMSIS_LPC43xx_DriverLib/inc" -Og -g3 -c -fmessage-length=0 -fno-builtin -ffunction-sections -fdata-sections -fsingle-precision-constant -mcpu=cortex-m4 -mfpu=fpv4-sp-d16 -mfloat-abi=softfp -mthumb -D__REDLIB__ -MMD -MP -MF"src/Font5x7.d" -MT"src/Font5x7.d" -o "src/Font5x7.o" "../src/Font5x7.c"
Finished building: ../src/Font5x7.c
 
Building file: ../src/LCDTerm.c
Invoking: MCU C Compiler
arm-none-eabi-gcc -D__REDLIB__ -D__CODE_RED -DCORE_M4 -D__LPC43XX__ -I"/home/pablo/Documents/CIAA-Repositories/EOPT/workspace/CMSIS_LPC43xx_DriverLib/inc" -Og -g3 -c -fmessage-length=0 -fno-builtin -ffunction-sections -fdata-sections -fsingle-precision-constant -mcpu=cortex-m4 -mfpu=fpv4-sp-d16 -mfloat-abi=softfp -mthumb -D__REDLIB__ -MMD -MP -MF"src/LCDTerm.d" -MT"src/LCDTerm.d" -o "src/LCDTerm.o" "../src/LCDTerm.c"
Finished building: ../src/LCDTerm.c
 
Building file: ../src/debug_frmwrk.c
Invoking: MCU C Compiler
arm-none-eabi-gcc -D__REDLIB__ -D__CODE_RED -DCORE_M4 -D__LPC43XX__ -I"/home/pablo/Documents/CIAA-Repositories/EOPT/workspace/CMSIS_LPC43xx_DriverLib/inc" -Og -g3 -c -fmessage-length=0 -fno-builtin -ffunction-sections -fdata-sections -fsingle-precision-constant -mcpu=cortex-m4 -mfpu=fpv4-sp-d16 -mfloat-abi=softfp -mthumb -D__REDLIB__ -MMD -MP -MF"src/debug_frmwrk.d" -MT"src/debug_frmwrk.d" -o "src/debug_frmwrk.o" "../src/debug_frmwrk.c"
Finished building: ../src/debug_frmwrk.c
 
Building file: ../src/lpc43xx_adc.c
Invoking: MCU C Compiler
arm-none-eabi-gcc -D__REDLIB__ -D__CODE_RED -DCORE_M4 -D__LPC43XX__ -I"/home/pablo/Documents/CIAA-Repositories/EOPT/workspace/CMSIS_LPC43xx_DriverLib/inc" -Og -g3 -c -fmessage-length=0 -fno-builtin -ffunction-sections -fdata-sections -fsingle-precision-constant -mcpu=cortex-m4 -mfpu=fpv4-sp-d16 -mfloat-abi=softfp -mthumb -D__REDLIB__ -MMD -MP -MF"src/lpc43xx_adc.d" -MT"src/lpc43xx_adc.d" -o "src/lpc43xx_adc.o" "../src/lpc43xx_adc.c"
Finished building: ../src/lpc43xx_adc.c
 
Building file: ../src/lpc43xx_atimer.c
Invoking: MCU C Compiler
arm-none-eabi-gcc -D__REDLIB__ -D__CODE_RED -DCORE_M4 -D__LPC43XX__ -I"/home/pablo/Documents/CIAA-Repositories/EOPT/workspace/CMSIS_LPC43xx_DriverLib/inc" -Og -g3 -c -fmessage-length=0 -fno-builtin -ffunction-sections -fdata-sections -fsingle-precision-constant -mcpu=cortex-m4 -mfpu=fpv4-sp-d16 -mfloat-abi=softfp -mthumb -D__REDLIB__ -MMD -MP -MF"src/lpc43xx_atimer.d" -MT"src/lpc43xx_atimer.d" -o "src/lpc43xx_atimer.o" "../src/lpc43xx_atimer.c"
Finished building: ../src/lpc43xx_atimer.c
 
Building file: ../src/lpc43xx_can.c
Invoking: MCU C Compiler
arm-none-eabi-gcc -D__REDLIB__ -D__CODE_RED -DCORE_M4 -D__LPC43XX__ -I"/home/pablo/Documents/CIAA-Repositories/EOPT/workspace/CMSIS_LPC43xx_DriverLib/inc" -Og -g3 -c -fmessage-length=0 -fno-builtin -ffunction-sections -fdata-sections -fsingle-precision-constant -mcpu=cortex-m4 -mfpu=fpv4-sp-d16 -mfloat-abi=softfp -mthumb -D__REDLIB__ -MMD -MP -MF"src/lpc43xx_can.d" -MT"src/lpc43xx_can.d" -o "src/lpc43xx_can.o" "../src/lpc43xx_can.c"
Finished building: ../src/lpc43xx_can.c
 
Building file: ../src/lpc43xx_cgu.c
Invoking: MCU C Compiler
arm-none-eabi-gcc -D__REDLIB__ -D__CODE_RED -DCORE_M4 -D__LPC43XX__ -I"/home/pablo/Documents/CIAA-Repositories/EOPT/workspace/CMSIS_LPC43xx_DriverLib/inc" -Og -g3 -c -fmessage-length=0 -fno-builtin -ffunction-sections -fdata-sections -fsingle-precision-constant -mcpu=cortex-m4 -mfpu=fpv4-sp-d16 -mfloat-abi=softfp -mthumb -D__REDLIB__ -MMD -MP -MF"src/lpc43xx_cgu.d" -MT"src/lpc43xx_cgu.d" -o "src/lpc43xx_cgu.o" "../src/lpc43xx_cgu.c"
Finished building: ../src/lpc43xx_cgu.c
 
Building file: ../src/lpc43xx_dac.c
Invoking: MCU C Compiler
arm-none-eabi-gcc -D__REDLIB__ -D__CODE_RED -DCORE_M4 -D__LPC43XX__ -I"/home/pablo/Documents/CIAA-Repositories/EOPT/workspace/CMSIS_LPC43xx_DriverLib/inc" -Og -g3 -c -fmessage-length=0 -fno-builtin -ffunction-sections -fdata-sections -fsingle-precision-constant -mcpu=cortex-m4 -mfpu=fpv4-sp-d16 -mfloat-abi=softfp -mthumb -D__REDLIB__ -MMD -MP -MF"src/lpc43xx_dac.d" -MT"src/lpc43xx_dac.d" -o "src/lpc43xx_dac.o" "../src/lpc43xx_dac.c"
Finished building: ../src/lpc43xx_dac.c
 
Building file: ../src/lpc43xx_emc.c
Invoking: MCU C Compiler
arm-none-eabi-gcc -D__REDLIB__ -D__CODE_RED -DCORE_M4 -D__LPC43XX__ -I"/home/pablo/Documents/CIAA-Repositories/EOPT/workspace/CMSIS_LPC43xx_DriverLib/inc" -Og -g3 -c -fmessage-length=0 -fno-builtin -ffunction-sections -fdata-sections -fsingle-precision-constant -mcpu=cortex-m4 -mfpu=fpv4-sp-d16 -mfloat-abi=softfp -mthumb -D__REDLIB__ -MMD -MP -MF"src/lpc43xx_emc.d" -MT"src/lpc43xx_emc.d" -o "src/lpc43xx_emc.o" "../src/lpc43xx_emc.c"
Finished building: ../src/lpc43xx_emc.c
 
Building file: ../src/lpc43xx_evrt.c
Invoking: MCU C Compiler
arm-none-eabi-gcc -D__REDLIB__ -D__CODE_RED -DCORE_M4 -D__LPC43XX__ -I"/home/pablo/Documents/CIAA-Repositories/EOPT/workspace/CMSIS_LPC43xx_DriverLib/inc" -Og -g3 -c -fmessage-length=0 -fno-builtin -ffunction-sections -fdata-sections -fsingle-precision-constant -mcpu=cortex-m4 -mfpu=fpv4-sp-d16 -mfloat-abi=softfp -mthumb -D__REDLIB__ -MMD -MP -MF"src/lpc43xx_evrt.d" -MT"src/lpc43xx_evrt.d" -o "src/lpc43xx_evrt.o" "../src/lpc43xx_evrt.c"
Finished building: ../src/lpc43xx_evrt.c
 
Building file: ../src/lpc43xx_gpdma.c
Invoking: MCU C Compiler
arm-none-eabi-gcc -D__REDLIB__ -D__CODE_RED -DCORE_M4 -D__LPC43XX__ -I"/home/pablo/Documents/CIAA-Repositories/EOPT/workspace/CMSIS_LPC43xx_DriverLib/inc" -Og -g3 -c -fmessage-length=0 -fno-builtin -ffunction-sections -fdata-sections -fsingle-precision-constant -mcpu=cortex-m4 -mfpu=fpv4-sp-d16 -mfloat-abi=softfp -mthumb -D__REDLIB__ -MMD -MP -MF"src/lpc43xx_gpdma.d" -MT"src/lpc43xx_gpdma.d" -o "src/lpc43xx_gpdma.o" "../src/lpc43xx_gpdma.c"
Finished building: ../src/lpc43xx_gpdma.c
 
Building file: ../src/lpc43xx_gpio.c
Invoking: MCU C Compiler
arm-none-eabi-gcc -D__REDLIB__ -D__CODE_RED -DCORE_M4 -D__LPC43XX__ -I"/home/pablo/Documents/CIAA-Repositories/EOPT/workspace/CMSIS_LPC43xx_DriverLib/inc" -Og -g3 -c -fmessage-length=0 -fno-builtin -ffunction-sections -fdata-sections -fsingle-precision-constant -mcpu=cortex-m4 -mfpu=fpv4-sp-d16 -mfloat-abi=softfp -mthumb -D__REDLIB__ -MMD -MP -MF"src/lpc43xx_gpio.d" -MT"src/lpc43xx_gpio.d" -o "src/lpc43xx_gpio.o" "../src/lpc43xx_gpio.c"
Finished building: ../src/lpc43xx_gpio.c
 
Building file: ../src/lpc43xx_i2c.c
Invoking: MCU C Compiler
arm-none-eabi-gcc -D__REDLIB__ -D__CODE_RED -DCORE_M4 -D__LPC43XX__ -I"/home/pablo/Documents/CIAA-Repositories/EOPT/workspace/CMSIS_LPC43xx_DriverLib/inc" -Og -g3 -c -fmessage-length=0 -fno-builtin -ffunction-sections -fdata-sections -fsingle-precision-constant -mcpu=cortex-m4 -mfpu=fpv4-sp-d16 -mfloat-abi=softfp -mthumb -D__REDLIB__ -MMD -MP -MF"src/lpc43xx_i2c.d" -MT"src/lpc43xx_i2c.d" -o "src/lpc43xx_i2c.o" "../src/lpc43xx_i2c.c"
Finished building: ../src/lpc43xx_i2c.c
 
Building file: ../src/lpc43xx_i2s.c
Invoking: MCU C Compiler
arm-none-eabi-gcc -D__REDLIB__ -D__CODE_RED -DCORE_M4 -D__LPC43XX__ -I"/home/pablo/Documents/CIAA-Repositories/EOPT/workspace/CMSIS_LPC43xx_DriverLib/inc" -Og -g3 -c -fmessage-length=0 -fno-builtin -ffunction-sections -fdata-sections -fsingle-precision-constant -mcpu=cortex-m4 -mfpu=fpv4-sp-d16 -mfloat-abi=softfp -mthumb -D__REDLIB__ -MMD -MP -MF"src/lpc43xx_i2s.d" -MT"src/lpc43xx_i2s.d" -o "src/lpc43xx_i2s.o" "../src/lpc43xx_i2s.c"
Finished building: ../src/lpc43xx_i2s.c
 
Building file: ../src/lpc43xx_lcd.c
Invoking: MCU C Compiler
arm-none-eabi-gcc -D__REDLIB__ -D__CODE_RED -DCORE_M4 -D__LPC43XX__ -I"/home/pablo/Documents/CIAA-Repositories/EOPT/workspace/CMSIS_LPC43xx_DriverLib/inc" -Og -g3 -c -fmessage-length=0 -fno-builtin -ffunction-sections -fdata-sections -fsingle-precision-constant -mcpu=cortex-m4 -mfpu=fpv4-sp-d16 -mfloat-abi=softfp -mthumb -D__REDLIB__ -MMD -MP -MF"src/lpc43xx_lcd.d" -MT"src/lpc43xx_lcd.d" -o "src/lpc43xx_lcd.o" "../src/lpc43xx_lcd.c"
Finished building: ../src/lpc43xx_lcd.c
 
Building file: ../src/lpc43xx_mcpwm.c
Invoking: MCU C Compiler
arm-none-eabi-gcc -D__REDLIB__ -D__CODE_RED -DCORE_M4 -D__LPC43XX__ -I"/home/pablo/Documents/CIAA-Repositories/EOPT/workspace/CMSIS_LPC43xx_DriverLib/inc" -Og -g3 -c -fmessage-length=0 -fno-builtin -ffunction-sections -fdata-sections -fsingle-precision-constant -mcpu=cortex-m4 -mfpu=fpv4-sp-d16 -mfloat-abi=softfp -mthumb -D__REDLIB__ -MMD -MP -MF"src/lpc43xx_mcpwm.d" -MT"src/lpc43xx_mcpwm.d" -o "src/lpc43xx_mcpwm.o" "../src/lpc43xx_mcpwm.c"
Finished building: ../src/lpc43xx_mcpwm.c
 
Building file: ../src/lpc43xx_nvic.c
Invoking: MCU C Compiler
arm-none-eabi-gcc -D__REDLIB__ -D__CODE_RED -DCORE_M4 -D__LPC43XX__ -I"/home/pablo/Documents/CIAA-Repositories/EOPT/workspace/CMSIS_LPC43xx_DriverLib/inc" -Og -g3 -c -fmessage-length=0 -fno-builtin -ffunction-sections -fdata-sections -fsingle-precision-constant -mcpu=cortex-m4 -mfpu=fpv4-sp-d16 -mfloat-abi=softfp -mthumb -D__REDLIB__ -MMD -MP -MF"src/lpc43xx_nvic.d" -MT"src/lpc43xx_nvic.d" -o "src/lpc43xx_nvic.o" "../src/lpc43xx_nvic.c"
Finished building: ../src/lpc43xx_nvic.c
 
Building file: ../src/lpc43xx_pwr.c
Invoking: MCU C Compiler
arm-none-eabi-gcc -D__REDLIB__ -D__CODE_RED -DCORE_M4 -D__LPC43XX__ -I"/home/pablo/Documents/CIAA-Repositories/EOPT/workspace/CMSIS_LPC43xx_DriverLib/inc" -Og -g3 -c -fmessage-length=0 -fno-builtin -ffunction-sections -fdata-sections -fsingle-precision-constant -mcpu=cortex-m4 -mfpu=fpv4-sp-d16 -mfloat-abi=softfp -mthumb -D__REDLIB__ -MMD -MP -MF"src/lpc43xx_pwr.d" -MT"src/lpc43xx_pwr.d" -o "src/lpc43xx_pwr.o" "../src/lpc43xx_pwr.c"
Finished building: ../src/lpc43xx_pwr.c
 
Building file: ../src/lpc43xx_qei.c
Invoking: MCU C Compiler
arm-none-eabi-gcc -D__REDLIB__ -D__CODE_RED -DCORE_M4 -D__LPC43XX__ -I"/home/pablo/Documents/CIAA-Repositories/EOPT/workspace/CMSIS_LPC43xx_DriverLib/inc" -Og -g3 -c -fmessage-length=0 -fno-builtin -ffunction-sections -fdata-sections -fsingle-precision-constant -mcpu=cortex-m4 -mfpu=fpv4-sp-d16 -mfloat-abi=softfp -mthumb -D__REDLIB__ -MMD -MP -MF"src/lpc43xx_qei.d" -MT"src/lpc43xx_qei.d" -o "src/lpc43xx_qei.o" "../src/lpc43xx_qei.c"
Finished building: ../src/lpc43xx_qei.c
 
Building file: ../src/lpc43xx_rgu.c
Invoking: MCU C Compiler
arm-none-eabi-gcc -D__REDLIB__ -D__CODE_RED -DCORE_M4 -D__LPC43XX__ -I"/home/pablo/Documents/CIAA-Repositories/EOPT/workspace/CMSIS_LPC43xx_DriverLib/inc" -Og -g3 -c -fmessage-length=0 -fno-builtin -ffunction-sections -fdata-sections -fsingle-precision-constant -mcpu=cortex-m4 -mfpu=fpv4-sp-d16 -mfloat-abi=softfp -mthumb -D__REDLIB__ -MMD -MP -MF"src/lpc43xx_rgu.d" -MT"src/lpc43xx_rgu.d" -o "src/lpc43xx_rgu.o" "../src/lpc43xx_rgu.c"
Finished building: ../src/lpc43xx_rgu.c
 
Building file: ../src/lpc43xx_rit.c
Invoking: MCU C Compiler
arm-none-eabi-gcc -D__REDLIB__ -D__CODE_RED -DCORE_M4 -D__LPC43XX__ -I"/home/pablo/Documents/CIAA-Repositories/EOPT/workspace/CMSIS_LPC43xx_DriverLib/inc" -Og -g3 -c -fmessage-length=0 -fno-builtin -ffunction-sections -fdata-sections -fsingle-precision-constant -mcpu=cortex-m4 -mfpu=fpv4-sp-d16 -mfloat-abi=softfp -mthumb -D__REDLIB__ -MMD -MP -MF"src/lpc43xx_rit.d" -MT"src/lpc43xx_rit.d" -o "src/lpc43xx_rit.o" "../src/lpc43xx_rit.c"
Finished building: ../src/lpc43xx_rit.c
 
Building file: ../src/lpc43xx_rtc.c
Invoking: MCU C Compiler
arm-none-eabi-gcc -D__REDLIB__ -D__CODE_RED -DCORE_M4 -D__LPC43XX__ -I"/home/pablo/Documents/CIAA-Repositories/EOPT/workspace/CMSIS_LPC43xx_DriverLib/inc" -Og -g3 -c -fmessage-length=0 -fno-builtin -ffunction-sections -fdata-sections -fsingle-precision-constant -mcpu=cortex-m4 -mfpu=fpv4-sp-d16 -mfloat-abi=softfp -mthumb -D__REDLIB__ -MMD -MP -MF"src/lpc43xx_rtc.d" -MT"src/lpc43xx_rtc.d" -o "src/lpc43xx_rtc.o" "../src/lpc43xx_rtc.c"
Finished building: ../src/lpc43xx_rtc.c
 
Building file: ../src/lpc43xx_sct.c
Invoking: MCU C Compiler
arm-none-eabi-gcc -D__REDLIB__ -D__CODE_RED -DCORE_M4 -D__LPC43XX__ -I"/home/pablo/Documents/CIAA-Repositories/EOPT/workspace/CMSIS_LPC43xx_DriverLib/inc" -Og -g3 -c -fmessage-length=0 -fno-builtin -ffunction-sections -fdata-sections -fsingle-precision-constant -mcpu=cortex-m4 -mfpu=fpv4-sp-d16 -mfloat-abi=softfp -mthumb -D__REDLIB__ -MMD -MP -MF"src/lpc43xx_sct.d" -MT"src/lpc43xx_sct.d" -o "src/lpc43xx_sct.o" "../src/lpc43xx_sct.c"
Finished building: ../src/lpc43xx_sct.c
 
Building file: ../src/lpc43xx_scu.c
Invoking: MCU C Compiler
arm-none-eabi-gcc -D__REDLIB__ -D__CODE_RED -DCORE_M4 -D__LPC43XX__ -I"/home/pablo/Documents/CIAA-Repositories/EOPT/workspace/CMSIS_LPC43xx_DriverLib/inc" -Og -g3 -c -fmessage-length=0 -fno-builtin -ffunction-sections -fdata-sections -fsingle-precision-constant -mcpu=cortex-m4 -mfpu=fpv4-sp-d16 -mfloat-abi=softfp -mthumb -D__REDLIB__ -MMD -MP -MF"src/lpc43xx_scu.d" -MT"src/lpc43xx_scu.d" -o "src/lpc43xx_scu.o" "../src/lpc43xx_scu.c"
Finished building: ../src/lpc43xx_scu.c
 
Building file: ../src/lpc43xx_sdif.c
Invoking: MCU C Compiler
arm-none-eabi-gcc -D__REDLIB__ -D__CODE_RED -DCORE_M4 -D__LPC43XX__ -I"/home/pablo/Documents/CIAA-Repositories/EOPT/workspace/CMSIS_LPC43xx_DriverLib/inc" -Og -g3 -c -fmessage-length=0 -fno-builtin -ffunction-sections -fdata-sections -fsingle-precision-constant -mcpu=cortex-m4 -mfpu=fpv4-sp-d16 -mfloat-abi=softfp -mthumb -D__REDLIB__ -MMD -MP -MF"src/lpc43xx_sdif.d" -MT"src/lpc43xx_sdif.d" -o "src/lpc43xx_sdif.o" "../src/lpc43xx_sdif.c"
Finished building: ../src/lpc43xx_sdif.c
 
Building file: ../src/lpc43xx_sdmmc.c
Invoking: MCU C Compiler
arm-none-eabi-gcc -D__REDLIB__ -D__CODE_RED -DCORE_M4 -D__LPC43XX__ -I"/home/pablo/Documents/CIAA-Repositories/EOPT/workspace/CMSIS_LPC43xx_DriverLib/inc" -Og -g3 -c -fmessage-length=0 -fno-builtin -ffunction-sections -fdata-sections -fsingle-precision-constant -mcpu=cortex-m4 -mfpu=fpv4-sp-d16 -mfloat-abi=softfp -mthumb -D__REDLIB__ -MMD -MP -MF"src/lpc43xx_sdmmc.d" -MT"src/lpc43xx_sdmmc.d" -o "src/lpc43xx_sdmmc.o" "../src/lpc43xx_sdmmc.c"
Finished building: ../src/lpc43xx_sdmmc.c
 
Building file: ../src/lpc43xx_ssp.c
Invoking: MCU C Compiler
arm-none-eabi-gcc -D__REDLIB__ -D__CODE_RED -DCORE_M4 -D__LPC43XX__ -I"/home/pablo/Documents/CIAA-Repositories/EOPT/workspace/CMSIS_LPC43xx_DriverLib/inc" -Og -g3 -c -fmessage-length=0 -fno-builtin -ffunction-sections -fdata-sections -fsingle-precision-constant -mcpu=cortex-m4 -mfpu=fpv4-sp-d16 -mfloat-abi=softfp -mthumb -D__REDLIB__ -MMD -MP -MF"src/lpc43xx_ssp.d" -MT"src/lpc43xx_ssp.d" -o "src/lpc43xx_ssp.o" "../src/lpc43xx_ssp.c"
Finished building: ../src/lpc43xx_ssp.c
 
Building file: ../src/lpc43xx_timer.c
Invoking: MCU C Compiler
arm-none-eabi-gcc -D__REDLIB__ -D__CODE_RED -DCORE_M4 -D__LPC43XX__ -I"/home/pablo/Documents/CIAA-Repositories/EOPT/workspace/CMSIS_LPC43xx_DriverLib/inc" -Og -g3 -c -fmessage-length=0 -fno-builtin -ffunction-sections -fdata-sections -fsingle-precision-constant -mcpu=cortex-m4 -mfpu=fpv4-sp-d16 -mfloat-abi=softfp -mthumb -D__REDLIB__ -MMD -MP -MF"src/lpc43xx_timer.d" -MT"src/lpc43xx_timer.d" -o "src/lpc43xx_timer.o" "../src/lpc43xx_timer.c"
Finished building: ../src/lpc43xx_timer.c
 
Building file: ../src/lpc43xx_uart.c
Invoking: MCU C Compiler
arm-none-eabi-gcc -D__REDLIB__ -D__CODE_RED -DCORE_M4 -D__LPC43XX__ -I"/home/pablo/Documents/CIAA-Repositories/EOPT/workspace/CMSIS_LPC43xx_DriverLib/inc" -Og -g3 -c -fmessage-length=0 -fno-builtin -ffunction-sections -fdata-sections -fsingle-precision-constant -mcpu=cortex-m4 -mfpu=fpv4-sp-d16 -mfloat-abi=softfp -mthumb -D__REDLIB__ -MMD -MP -MF"src/lpc43xx_uart.d" -MT"src/lpc43xx_uart.d" -o "src/lpc43xx_uart.o" "../src/lpc43xx_uart.c"
Finished building: ../src/lpc43xx_uart.c
 
Building file: ../src/lpc43xx_wwdt.c
Invoking: MCU C Compiler
arm-none-eabi-gcc -D__REDLIB__ -D__CODE_RED -DCORE_M4 -D__LPC43XX__ -I"/home/pablo/Documents/CIAA-Repositories/EOPT/workspace/CMSIS_LPC43xx_DriverLib/inc" -Og -g3 -c -fmessage-length=0 -fno-builtin -ffunction-sections -fdata-sections -fsingle-precision-constant -mcpu=cortex-m4 -mfpu=fpv4-sp-d16 -mfloat-abi=softfp -mthumb -D__REDLIB__ -MMD -MP -MF"src/lpc43xx_wwdt.d" -MT"src/lpc43xx_wwdt.d" -o "src/lpc43xx_wwdt.o" "../src/lpc43xx_wwdt.c"
Finished building: ../src/lpc43xx_wwdt.c
 
Building file: ../src/sdio.c
Invoking: MCU C Compiler
arm-none-eabi-gcc -D__REDLIB__ -D__CODE_RED -DCORE_M4 -D__LPC43XX__ -I"/home/pablo/Documents/CIAA-Repositories/EOPT/workspace/CMSIS_LPC43xx_DriverLib/inc" -Og -g3 -c -fmessage-length=0 -fno-builtin -ffunction-sections -fdata-sections -fsingle-precision-constant -mcpu=cortex-m4 -mfpu=fpv4-sp-d16 -mfloat-abi=softfp -mthumb -D__REDLIB__ -MMD -MP -MF"src/sdio.d" -MT"src/sdio.d" -o "src/sdio.o" "../src/sdio.c"
Finished building: ../src/sdio.c
 
Building file: ../src/system_LPC43xx.c
Invoking: MCU C Compiler
arm-none-eabi-gcc -D__REDLIB__ -D__CODE_RED -DCORE_M4 -D__LPC43XX__ -I"/home/pablo/Documents/CIAA-Repositories/EOPT/workspace/CMSIS_LPC43xx_DriverLib/inc" -Og -g3 -c -fmessage-length=0 -fno-builtin -ffunction-sections -fdata-sections -fsingle-precision-constant -mcpu=cortex-m4 -mfpu=fpv4-sp-d16 -mfloat-abi=softfp -mthumb -D__REDLIB__ -MMD -MP -MF"src/system_LPC43xx.d" -MT"src/system_LPC43xx.d" -o "src/system_LPC43xx.o" "../src/system_LPC43xx.c"
Finished building: ../src/system_LPC43xx.c
 
Building target: libCMSIS_LPC43xx_DriverLib.a
Invoking: MCU Archiver
arm-none-eabi-ar -r  "libCMSIS_LPC43xx_DriverLib.a"  ./src/Font5x7.o ./src/LCDTerm.o ./src/debug_frmwrk.o ./src/lpc43xx_adc.o ./src/lpc43xx_atimer.o ./src/lpc43xx_can.o ./src/lpc43xx_cgu.o ./src/lpc43xx_dac.o ./src/lpc43xx_emc.o ./src/lpc43xx_evrt.o ./src/lpc43xx_gpdma.o ./src/lpc43xx_gpio.o ./src/lpc43xx_i2c.o ./src/lpc43xx_i2s.o ./src/lpc43xx_lcd.o ./src/lpc43xx_mcpwm.o ./src/lpc43xx_nvic.o ./src/lpc43xx_pwr.o ./src/lpc43xx_qei.o ./src/lpc43xx_rgu.o ./src/lpc43xx_rit.o ./src/lpc43xx_rtc.o ./src/lpc43xx_sct.o ./src/lpc43xx_scu.o ./src/lpc43xx_sdif.o ./src/lpc43xx_sdmmc.o ./src/lpc43xx_ssp.o ./src/lpc43xx_timer.o ./src/lpc43xx_uart.o ./src/lpc43xx_wwdt.o ./src/sdio.o ./src/system_LPC43xx.o   
arm-none-eabi-ar: creating libCMSIS_LPC43xx_DriverLib.a
Finished building target: libCMSIS_LPC43xx_DriverLib.a
 
make --no-print-directory post-build
Performing post-build steps
arm-none-eabi-size "libCMSIS_LPC43xx_DriverLib.a" ; # arm-none-eabi-objdump -h -S "libCMSIS_LPC43xx_DriverLib.a" >"libCMSIS_LPC43xx_DriverLib.lss"
   text	   data	    bss	    dec	    hex	filename
   1780	      0	      0	   1780	    6f4	Font5x7.o (ex libCMSIS_LPC43xx_DriverLib.a)
      0	      0	      0	      0	      0	LCDTerm.o (ex libCMSIS_LPC43xx_DriverLib.a)
   1232	      0	      0	   1232	    4d0	debug_frmwrk.o (ex libCMSIS_LPC43xx_DriverLib.a)
    348	      0	      0	    348	    15c	lpc43xx_adc.o (ex libCMSIS_LPC43xx_DriverLib.a)
    144	      0	      0	    144	     90	lpc43xx_atimer.o (ex libCMSIS_LPC43xx_DriverLib.a)
    912	      0	     36	    948	    3b4	lpc43xx_can.o (ex libCMSIS_LPC43xx_DriverLib.a)
   4784	     68	      8	   4860	   12fc	lpc43xx_cgu.o (ex libCMSIS_LPC43xx_DriverLib.a)
    120	      0	      0	    120	     78	lpc43xx_dac.o (ex libCMSIS_LPC43xx_DriverLib.a)
   1032	      0	      0	   1032	    408	lpc43xx_emc.o (ex libCMSIS_LPC43xx_DriverLib.a)
    212	      0	      0	    212	     d4	lpc43xx_evrt.o (ex libCMSIS_LPC43xx_DriverLib.a)
   1120	     32	      0	   1152	    480	lpc43xx_gpdma.o (ex libCMSIS_LPC43xx_DriverLib.a)
    168	      0	      0	    168	     a8	lpc43xx_gpio.o (ex libCMSIS_LPC43xx_DriverLib.a)
   2224	      0	     52	   2276	    8e4	lpc43xx_i2c.o (ex libCMSIS_LPC43xx_DriverLib.a)
    976	      0	      0	    976	    3d0	lpc43xx_i2s.o (ex libCMSIS_LPC43xx_DriverLib.a)
    708	      1	      0	    709	    2c5	lpc43xx_lcd.o (ex libCMSIS_LPC43xx_DriverLib.a)
   1036	      0	      0	   1036	    40c	lpc43xx_mcpwm.o (ex libCMSIS_LPC43xx_DriverLib.a)
     12	      0	      0	     12	      c	lpc43xx_nvic.o (ex libCMSIS_LPC43xx_DriverLib.a)
     88	      0	      0	     88	     58	lpc43xx_pwr.o (ex libCMSIS_LPC43xx_DriverLib.a)
    500	      0	      0	    500	    1f4	lpc43xx_qei.o (ex libCMSIS_LPC43xx_DriverLib.a)
    228	      0	      0	    228	     e4	lpc43xx_rgu.o (ex libCMSIS_LPC43xx_DriverLib.a)
    144	      0	      0	    144	     90	lpc43xx_rit.o (ex libCMSIS_LPC43xx_DriverLib.a)
   1020	      0	      0	   1020	    3fc	lpc43xx_rtc.o (ex libCMSIS_LPC43xx_DriverLib.a)
     80	      0	      0	     80	     50	lpc43xx_sct.o (ex libCMSIS_LPC43xx_DriverLib.a)
     24	      0	      0	     24	     18	lpc43xx_scu.o (ex libCMSIS_LPC43xx_DriverLib.a)
    624	      0	    288	    912	    390	lpc43xx_sdif.o (ex libCMSIS_LPC43xx_DriverLib.a)
   2024	      0	     16	   2040	    7f8	lpc43xx_sdmmc.o (ex libCMSIS_LPC43xx_DriverLib.a)
    916	      0	      0	    916	    394	lpc43xx_ssp.o (ex libCMSIS_LPC43xx_DriverLib.a)
    820	      0	      0	    820	    334	lpc43xx_timer.o (ex libCMSIS_LPC43xx_DriverLib.a)
   1832	      0	      0	   1832	    728	lpc43xx_uart.o (ex libCMSIS_LPC43xx_DriverLib.a)
    432	      0	      0	    432	    1b0	lpc43xx_wwdt.o (ex libCMSIS_LPC43xx_DriverLib.a)
   2612	      0	    864	   3476	    d94	sdio.o (ex libCMSIS_LPC43xx_DriverLib.a)
     64	      4	      0	     68	     44	system_LPC43xx.o (ex libCMSIS_LPC43xx_DriverLib.a)
 
12:17:33 **** Build of configuration Debug for project CMSIS_LPC43xx_DriverLib-M0 ****
make all 
Building file: ../src/Font5x7.c
Invoking: MCU C Compiler
arm-none-eabi-gcc -D__REDLIB__ -DDEBUG -D__CODE_RED -DCORE_M0 -D__LPC43XX__ -DHITEX_LCD_TERM -I"/home/pablo/Documents/CIAA-Repositories/EOPT/workspace/CMSIS_LPC43xx_DriverLib-M0/inc" -Og -g3 -Wall -c -fmessage-length=0 -fno-builtin -ffunction-sections -fdata-sections -mcpu=cortex-m0 -mthumb -D__REDLIB__ -specs=redlib.specs -MMD -MP -MF"src/Font5x7.d" -MT"src/Font5x7.d" -o "src/Font5x7.o" "../src/Font5x7.c"
Finished building: ../src/Font5x7.c
 
Building file: ../src/LCDTerm.c
Invoking: MCU C Compiler
arm-none-eabi-gcc -D__REDLIB__ -DDEBUG -D__CODE_RED -DCORE_M0 -D__LPC43XX__ -DHITEX_LCD_TERM -I"/home/pablo/Documents/CIAA-Repositories/EOPT/workspace/CMSIS_LPC43xx_DriverLib-M0/inc" -Og -g3 -Wall -c -fmessage-length=0 -fno-builtin -ffunction-sections -fdata-sections -mcpu=cortex-m0 -mthumb -D__REDLIB__ -specs=redlib.specs -MMD -MP -MF"src/LCDTerm.d" -MT"src/LCDTerm.d" -o "src/LCDTerm.o" "../src/LCDTerm.c"
Finished building: ../src/LCDTerm.c
 
Building file: ../src/debug_frmwrk.c
Invoking: MCU C Compiler
arm-none-eabi-gcc -D__REDLIB__ -DDEBUG -D__CODE_RED -DCORE_M0 -D__LPC43XX__ -DHITEX_LCD_TERM -I"/home/pablo/Documents/CIAA-Repositories/EOPT/workspace/CMSIS_LPC43xx_DriverLib-M0/inc" -Og -g3 -Wall -c -fmessage-length=0 -fno-builtin -ffunction-sections -fdata-sections -mcpu=cortex-m0 -mthumb -D__REDLIB__ -specs=redlib.specs -MMD -MP -MF"src/debug_frmwrk.d" -MT"src/debug_frmwrk.d" -o "src/debug_frmwrk.o" "../src/debug_frmwrk.c"
Finished building: ../src/debug_frmwrk.c
 
Building file: ../src/lpc43xx_adc.c
Invoking: MCU C Compiler
arm-none-eabi-gcc -D__REDLIB__ -DDEBUG -D__CODE_RED -DCORE_M0 -D__LPC43XX__ -DHITEX_LCD_TERM -I"/home/pablo/Documents/CIAA-Repositories/EOPT/workspace/CMSIS_LPC43xx_DriverLib-M0/inc" -Og -g3 -Wall -c -fmessage-length=0 -fno-builtin -ffunction-sections -fdata-sections -mcpu=cortex-m0 -mthumb -D__REDLIB__ -specs=redlib.specs -MMD -MP -MF"src/lpc43xx_adc.d" -MT"src/lpc43xx_adc.d" -o "src/lpc43xx_adc.o" "../src/lpc43xx_adc.c"
../src/lpc43xx_adc.c: In function 'ADC_Init':
../src/lpc43xx_adc.c:94:15: warning: 'temp' may be used uninitialized in this function [-Wmaybe-uninitialized]
  temp = ((temp*2 + ADCbitrate) / (ADCbitrate*2)) - 1;//get the round value by fomular: (2*A + B)/(2*B)
               ^
Finished building: ../src/lpc43xx_adc.c
 
Building file: ../src/lpc43xx_atimer.c
Invoking: MCU C Compiler
arm-none-eabi-gcc -D__REDLIB__ -DDEBUG -D__CODE_RED -DCORE_M0 -D__LPC43XX__ -DHITEX_LCD_TERM -I"/home/pablo/Documents/CIAA-Repositories/EOPT/workspace/CMSIS_LPC43xx_DriverLib-M0/inc" -Og -g3 -Wall -c -fmessage-length=0 -fno-builtin -ffunction-sections -fdata-sections -mcpu=cortex-m0 -mthumb -D__REDLIB__ -specs=redlib.specs -MMD -MP -MF"src/lpc43xx_atimer.d" -MT"src/lpc43xx_atimer.d" -o "src/lpc43xx_atimer.o" "../src/lpc43xx_atimer.c"
Finished building: ../src/lpc43xx_atimer.c
 
Building file: ../src/lpc43xx_can.c
Invoking: MCU C Compiler
arm-none-eabi-gcc -D__REDLIB__ -DDEBUG -D__CODE_RED -DCORE_M0 -D__LPC43XX__ -DHITEX_LCD_TERM -I"/home/pablo/Documents/CIAA-Repositories/EOPT/workspace/CMSIS_LPC43xx_DriverLib-M0/inc" -Og -g3 -Wall -c -fmessage-length=0 -fno-builtin -ffunction-sections -fdata-sections -mcpu=cortex-m0 -mthumb -D__REDLIB__ -specs=redlib.specs -MMD -MP -MF"src/lpc43xx_can.d" -MT"src/lpc43xx_can.d" -o "src/lpc43xx_can.o" "../src/lpc43xx_can.c"
Finished building: ../src/lpc43xx_can.c
 
Building file: ../src/lpc43xx_cgu.c
Invoking: MCU C Compiler
arm-none-eabi-gcc -D__REDLIB__ -DDEBUG -D__CODE_RED -DCORE_M0 -D__LPC43XX__ -DHITEX_LCD_TERM -I"/home/pablo/Documents/CIAA-Repositories/EOPT/workspace/CMSIS_LPC43xx_DriverLib-M0/inc" -Og -g3 -Wall -c -fmessage-length=0 -fno-builtin -ffunction-sections -fdata-sections -mcpu=cortex-m0 -mthumb -D__REDLIB__ -specs=redlib.specs -MMD -MP -MF"src/lpc43xx_cgu.d" -MT"src/lpc43xx_cgu.d" -o "src/lpc43xx_cgu.o" "../src/lpc43xx_cgu.c"
../src/lpc43xx_cgu.c: In function 'pdec_new':
../src/lpc43xx_cgu.c:293:39: warning: suggest parentheses around arithmetic in operand of '|' [-Wparentheses]
      x = ((x ^ x>>2) & 1) << 4 | x>>1 & 0xF;
                                       ^
../src/lpc43xx_cgu.c: In function 'ndec_new':
../src/lpc43xx_cgu.c:306:53: warning: suggest parentheses around arithmetic in operand of '|' [-Wparentheses]
      x = ((x ^ x>>2 ^ x>>3 ^ x>>4) & 1) << 7 | x>>1 & 0x7F;
                                                     ^
../src/lpc43xx_cgu.c: In function 'mdec_new':
../src/lpc43xx_cgu.c:319:40: warning: suggest parentheses around arithmetic in operand of '|' [-Wparentheses]
      x = ((x ^ x>>1) & 1) << 14 | x>>1 & 0x3FFF;
                                        ^
../src/lpc43xx_cgu.c: In function 'compute_pll_regs':
../src/lpc43xx_cgu.c:411:8: warning: suggest parentheses around '&&' within '||' [-Wparentheses]
        && fcco < best_fcco)) {
        ^
../src/lpc43xx_cgu.c:409:7: warning: suggest parentheses around '&&' within '||' [-Wparentheses]
       && (preDiv <  best_pre
       ^
Finished building: ../src/lpc43xx_cgu.c
 
Building file: ../src/lpc43xx_dac.c
Invoking: MCU C Compiler
arm-none-eabi-gcc -D__REDLIB__ -DDEBUG -D__CODE_RED -DCORE_M0 -D__LPC43XX__ -DHITEX_LCD_TERM -I"/home/pablo/Documents/CIAA-Repositories/EOPT/workspace/CMSIS_LPC43xx_DriverLib-M0/inc" -Og -g3 -Wall -c -fmessage-length=0 -fno-builtin -ffunction-sections -fdata-sections -mcpu=cortex-m0 -mthumb -D__REDLIB__ -specs=redlib.specs -MMD -MP -MF"src/lpc43xx_dac.d" -MT"src/lpc43xx_dac.d" -o "src/lpc43xx_dac.o" "../src/lpc43xx_dac.c"
Finished building: ../src/lpc43xx_dac.c
 
Building file: ../src/lpc43xx_emc.c
Invoking: MCU C Compiler
arm-none-eabi-gcc -D__REDLIB__ -DDEBUG -D__CODE_RED -DCORE_M0 -D__LPC43XX__ -DHITEX_LCD_TERM -I"/home/pablo/Documents/CIAA-Repositories/EOPT/workspace/CMSIS_LPC43xx_DriverLib-M0/inc" -Og -g3 -Wall -c -fmessage-length=0 -fno-builtin -ffunction-sections -fdata-sections -mcpu=cortex-m0 -mthumb -D__REDLIB__ -specs=redlib.specs -MMD -MP -MF"src/lpc43xx_emc.d" -MT"src/lpc43xx_emc.d" -o "src/lpc43xx_emc.o" "../src/lpc43xx_emc.c"
Finished building: ../src/lpc43xx_emc.c
 
Building file: ../src/lpc43xx_evrt.c
Invoking: MCU C Compiler
arm-none-eabi-gcc -D__REDLIB__ -DDEBUG -D__CODE_RED -DCORE_M0 -D__LPC43XX__ -DHITEX_LCD_TERM -I"/home/pablo/Documents/CIAA-Repositories/EOPT/workspace/CMSIS_LPC43xx_DriverLib-M0/inc" -Og -g3 -Wall -c -fmessage-length=0 -fno-builtin -ffunction-sections -fdata-sections -mcpu=cortex-m0 -mthumb -D__REDLIB__ -specs=redlib.specs -MMD -MP -MF"src/lpc43xx_evrt.d" -MT"src/lpc43xx_evrt.d" -o "src/lpc43xx_evrt.o" "../src/lpc43xx_evrt.c"
Finished building: ../src/lpc43xx_evrt.c
 
Building file: ../src/lpc43xx_gpdma.c
Invoking: MCU C Compiler
arm-none-eabi-gcc -D__REDLIB__ -DDEBUG -D__CODE_RED -DCORE_M0 -D__LPC43XX__ -DHITEX_LCD_TERM -I"/home/pablo/Documents/CIAA-Repositories/EOPT/workspace/CMSIS_LPC43xx_DriverLib-M0/inc" -Og -g3 -Wall -c -fmessage-length=0 -fno-builtin -ffunction-sections -fdata-sections -mcpu=cortex-m0 -mthumb -D__REDLIB__ -specs=redlib.specs -MMD -MP -MF"src/lpc43xx_gpdma.d" -MT"src/lpc43xx_gpdma.d" -o "src/lpc43xx_gpdma.o" "../src/lpc43xx_gpdma.c"
Finished building: ../src/lpc43xx_gpdma.c
 
Building file: ../src/lpc43xx_gpio.c
Invoking: MCU C Compiler
arm-none-eabi-gcc -D__REDLIB__ -DDEBUG -D__CODE_RED -DCORE_M0 -D__LPC43XX__ -DHITEX_LCD_TERM -I"/home/pablo/Documents/CIAA-Repositories/EOPT/workspace/CMSIS_LPC43xx_DriverLib-M0/inc" -Og -g3 -Wall -c -fmessage-length=0 -fno-builtin -ffunction-sections -fdata-sections -mcpu=cortex-m0 -mthumb -D__REDLIB__ -specs=redlib.specs -MMD -MP -MF"src/lpc43xx_gpio.d" -MT"src/lpc43xx_gpio.d" -o "src/lpc43xx_gpio.o" "../src/lpc43xx_gpio.c"
Finished building: ../src/lpc43xx_gpio.c
 
Building file: ../src/lpc43xx_i2c.c
Invoking: MCU C Compiler
arm-none-eabi-gcc -D__REDLIB__ -DDEBUG -D__CODE_RED -DCORE_M0 -D__LPC43XX__ -DHITEX_LCD_TERM -I"/home/pablo/Documents/CIAA-Repositories/EOPT/workspace/CMSIS_LPC43xx_DriverLib-M0/inc" -Og -g3 -Wall -c -fmessage-length=0 -fno-builtin -ffunction-sections -fdata-sections -mcpu=cortex-m0 -mthumb -D__REDLIB__ -specs=redlib.specs -MMD -MP -MF"src/lpc43xx_i2c.d" -MT"src/lpc43xx_i2c.d" -o "src/lpc43xx_i2c.o" "../src/lpc43xx_i2c.c"
Finished building: ../src/lpc43xx_i2c.c
 
Building file: ../src/lpc43xx_i2s.c
Invoking: MCU C Compiler
arm-none-eabi-gcc -D__REDLIB__ -DDEBUG -D__CODE_RED -DCORE_M0 -D__LPC43XX__ -DHITEX_LCD_TERM -I"/home/pablo/Documents/CIAA-Repositories/EOPT/workspace/CMSIS_LPC43xx_DriverLib-M0/inc" -Og -g3 -Wall -c -fmessage-length=0 -fno-builtin -ffunction-sections -fdata-sections -mcpu=cortex-m0 -mthumb -D__REDLIB__ -specs=redlib.specs -MMD -MP -MF"src/lpc43xx_i2s.d" -MT"src/lpc43xx_i2s.d" -o "src/lpc43xx_i2s.o" "../src/lpc43xx_i2s.c"
../src/lpc43xx_i2s.c: In function 'I2S_FreqConfig':
../src/lpc43xx_i2s.c:336:19: warning: variable 'channel' set but not used [-Wunused-but-set-variable]
  uint8_t bitrate, channel, wordwidth;
                   ^
Finished building: ../src/lpc43xx_i2s.c
 
Building file: ../src/lpc43xx_lcd.c
Invoking: MCU C Compiler
arm-none-eabi-gcc -D__REDLIB__ -DDEBUG -D__CODE_RED -DCORE_M0 -D__LPC43XX__ -DHITEX_LCD_TERM -I"/home/pablo/Documents/CIAA-Repositories/EOPT/workspace/CMSIS_LPC43xx_DriverLib-M0/inc" -Og -g3 -Wall -c -fmessage-length=0 -fno-builtin -ffunction-sections -fdata-sections -mcpu=cortex-m0 -mthumb -D__REDLIB__ -specs=redlib.specs -MMD -MP -MF"src/lpc43xx_lcd.d" -MT"src/lpc43xx_lcd.d" -o "src/lpc43xx_lcd.o" "../src/lpc43xx_lcd.c"
Finished building: ../src/lpc43xx_lcd.c
 
Building file: ../src/lpc43xx_mcpwm.c
Invoking: MCU C Compiler
arm-none-eabi-gcc -D__REDLIB__ -DDEBUG -D__CODE_RED -DCORE_M0 -D__LPC43XX__ -DHITEX_LCD_TERM -I"/home/pablo/Documents/CIAA-Repositories/EOPT/workspace/CMSIS_LPC43xx_DriverLib-M0/inc" -Og -g3 -Wall -c -fmessage-length=0 -fno-builtin -ffunction-sections -fdata-sections -mcpu=cortex-m0 -mthumb -D__REDLIB__ -specs=redlib.specs -MMD -MP -MF"src/lpc43xx_mcpwm.d" -MT"src/lpc43xx_mcpwm.d" -o "src/lpc43xx_mcpwm.o" "../src/lpc43xx_mcpwm.c"
Finished building: ../src/lpc43xx_mcpwm.c
 
Building file: ../src/lpc43xx_pwr.c
Invoking: MCU C Compiler
arm-none-eabi-gcc -D__REDLIB__ -DDEBUG -D__CODE_RED -DCORE_M0 -D__LPC43XX__ -DHITEX_LCD_TERM -I"/home/pablo/Documents/CIAA-Repositories/EOPT/workspace/CMSIS_LPC43xx_DriverLib-M0/inc" -Og -g3 -Wall -c -fmessage-length=0 -fno-builtin -ffunction-sections -fdata-sections -mcpu=cortex-m0 -mthumb -D__REDLIB__ -specs=redlib.specs -MMD -MP -MF"src/lpc43xx_pwr.d" -MT"src/lpc43xx_pwr.d" -o "src/lpc43xx_pwr.o" "../src/lpc43xx_pwr.c"
Finished building: ../src/lpc43xx_pwr.c
 
Building file: ../src/lpc43xx_qei.c
Invoking: MCU C Compiler
arm-none-eabi-gcc -D__REDLIB__ -DDEBUG -D__CODE_RED -DCORE_M0 -D__LPC43XX__ -DHITEX_LCD_TERM -I"/home/pablo/Documents/CIAA-Repositories/EOPT/workspace/CMSIS_LPC43xx_DriverLib-M0/inc" -Og -g3 -Wall -c -fmessage-length=0 -fno-builtin -ffunction-sections -fdata-sections -mcpu=cortex-m0 -mthumb -D__REDLIB__ -specs=redlib.specs -MMD -MP -MF"src/lpc43xx_qei.d" -MT"src/lpc43xx_qei.d" -o "src/lpc43xx_qei.o" "../src/lpc43xx_qei.c"
Finished building: ../src/lpc43xx_qei.c
 
Building file: ../src/lpc43xx_rgu.c
Invoking: MCU C Compiler
arm-none-eabi-gcc -D__REDLIB__ -DDEBUG -D__CODE_RED -DCORE_M0 -D__LPC43XX__ -DHITEX_LCD_TERM -I"/home/pablo/Documents/CIAA-Repositories/EOPT/workspace/CMSIS_LPC43xx_DriverLib-M0/inc" -Og -g3 -Wall -c -fmessage-length=0 -fno-builtin -ffunction-sections -fdata-sections -mcpu=cortex-m0 -mthumb -D__REDLIB__ -specs=redlib.specs -MMD -MP -MF"src/lpc43xx_rgu.d" -MT"src/lpc43xx_rgu.d" -o "src/lpc43xx_rgu.o" "../src/lpc43xx_rgu.c"
Finished building: ../src/lpc43xx_rgu.c
 
Building file: ../src/lpc43xx_rit.c
Invoking: MCU C Compiler
arm-none-eabi-gcc -D__REDLIB__ -DDEBUG -D__CODE_RED -DCORE_M0 -D__LPC43XX__ -DHITEX_LCD_TERM -I"/home/pablo/Documents/CIAA-Repositories/EOPT/workspace/CMSIS_LPC43xx_DriverLib-M0/inc" -Og -g3 -Wall -c -fmessage-length=0 -fno-builtin -ffunction-sections -fdata-sections -mcpu=cortex-m0 -mthumb -D__REDLIB__ -specs=redlib.specs -MMD -MP -MF"src/lpc43xx_rit.d" -MT"src/lpc43xx_rit.d" -o "src/lpc43xx_rit.o" "../src/lpc43xx_rit.c"
Finished building: ../src/lpc43xx_rit.c
 
Building file: ../src/lpc43xx_rtc.c
Invoking: MCU C Compiler
arm-none-eabi-gcc -D__REDLIB__ -DDEBUG -D__CODE_RED -DCORE_M0 -D__LPC43XX__ -DHITEX_LCD_TERM -I"/home/pablo/Documents/CIAA-Repositories/EOPT/workspace/CMSIS_LPC43xx_DriverLib-M0/inc" -Og -g3 -Wall -c -fmessage-length=0 -fno-builtin -ffunction-sections -fdata-sections -mcpu=cortex-m0 -mthumb -D__REDLIB__ -specs=redlib.specs -MMD -MP -MF"src/lpc43xx_rtc.d" -MT"src/lpc43xx_rtc.d" -o "src/lpc43xx_rtc.o" "../src/lpc43xx_rtc.c"
../src/lpc43xx_rtc.c: In function 'RTC_CntIncrIntConfig':
../src/lpc43xx_rtc.c:220:20: warning: 'tem' may be used uninitialized in this function [-Wmaybe-uninitialized]
   while(RTCx->CIIR & tem);
                    ^
../src/lpc43xx_rtc.c: In function 'RTC_AlarmIntConfig':
../src/lpc43xx_rtc.c:295:20: warning: 'tem' may be used uninitialized in this function [-Wmaybe-uninitialized]
   while((RTCx->AMR & tem)== 0);
                    ^
Finished building: ../src/lpc43xx_rtc.c
 
Building file: ../src/lpc43xx_sct.c
Invoking: MCU C Compiler
arm-none-eabi-gcc -D__REDLIB__ -DDEBUG -D__CODE_RED -DCORE_M0 -D__LPC43XX__ -DHITEX_LCD_TERM -I"/home/pablo/Documents/CIAA-Repositories/EOPT/workspace/CMSIS_LPC43xx_DriverLib-M0/inc" -Og -g3 -Wall -c -fmessage-length=0 -fno-builtin -ffunction-sections -fdata-sections -mcpu=cortex-m0 -mthumb -D__REDLIB__ -specs=redlib.specs -MMD -MP -MF"src/lpc43xx_sct.d" -MT"src/lpc43xx_sct.d" -o "src/lpc43xx_sct.o" "../src/lpc43xx_sct.c"
Finished building: ../src/lpc43xx_sct.c
 
Building file: ../src/lpc43xx_scu.c
Invoking: MCU C Compiler
arm-none-eabi-gcc -D__REDLIB__ -DDEBUG -D__CODE_RED -DCORE_M0 -D__LPC43XX__ -DHITEX_LCD_TERM -I"/home/pablo/Documents/CIAA-Repositories/EOPT/workspace/CMSIS_LPC43xx_DriverLib-M0/inc" -Og -g3 -Wall -c -fmessage-length=0 -fno-builtin -ffunction-sections -fdata-sections -mcpu=cortex-m0 -mthumb -D__REDLIB__ -specs=redlib.specs -MMD -MP -MF"src/lpc43xx_scu.d" -MT"src/lpc43xx_scu.d" -o "src/lpc43xx_scu.o" "../src/lpc43xx_scu.c"
Finished building: ../src/lpc43xx_scu.c
 
Building file: ../src/lpc43xx_sdif.c
Invoking: MCU C Compiler
arm-none-eabi-gcc -D__REDLIB__ -DDEBUG -D__CODE_RED -DCORE_M0 -D__LPC43XX__ -DHITEX_LCD_TERM -I"/home/pablo/Documents/CIAA-Repositories/EOPT/workspace/CMSIS_LPC43xx_DriverLib-M0/inc" -Og -g3 -Wall -c -fmessage-length=0 -fno-builtin -ffunction-sections -fdata-sections -mcpu=cortex-m0 -mthumb -D__REDLIB__ -specs=redlib.specs -MMD -MP -MF"src/lpc43xx_sdif.d" -MT"src/lpc43xx_sdif.d" -o "src/lpc43xx_sdif.o" "../src/lpc43xx_sdif.c"
../src/lpc43xx_sdif.c: In function 'sdif_init':
../src/lpc43xx_sdif.c:326:23: warning: unused variable 'i' [-Wunused-variable]
     volatile uint32_t i;
                       ^
Finished building: ../src/lpc43xx_sdif.c
 
Building file: ../src/lpc43xx_sdmmc.c
Invoking: MCU C Compiler
arm-none-eabi-gcc -D__REDLIB__ -DDEBUG -D__CODE_RED -DCORE_M0 -D__LPC43XX__ -DHITEX_LCD_TERM -I"/home/pablo/Documents/CIAA-Repositories/EOPT/workspace/CMSIS_LPC43xx_DriverLib-M0/inc" -Og -g3 -Wall -c -fmessage-length=0 -fno-builtin -ffunction-sections -fdata-sections -mcpu=cortex-m0 -mthumb -D__REDLIB__ -specs=redlib.specs -MMD -MP -MF"src/lpc43xx_sdmmc.d" -MT"src/lpc43xx_sdmmc.d" -o "src/lpc43xx_sdmmc.o" "../src/lpc43xx_sdmmc.c"
Finished building: ../src/lpc43xx_sdmmc.c
 
Building file: ../src/lpc43xx_ssp.c
Invoking: MCU C Compiler
arm-none-eabi-gcc -D__REDLIB__ -DDEBUG -D__CODE_RED -DCORE_M0 -D__LPC43XX__ -DHITEX_LCD_TERM -I"/home/pablo/Documents/CIAA-Repositories/EOPT/workspace/CMSIS_LPC43xx_DriverLib-M0/inc" -Og -g3 -Wall -c -fmessage-length=0 -fno-builtin -ffunction-sections -fdata-sections -mcpu=cortex-m0 -mthumb -D__REDLIB__ -specs=redlib.specs -MMD -MP -MF"src/lpc43xx_ssp.d" -MT"src/lpc43xx_ssp.d" -o "src/lpc43xx_ssp.o" "../src/lpc43xx_ssp.c"
../src/lpc43xx_ssp.c: In function 'SSP_ReadWrite':
../src/lpc43xx_ssp.c:375:14: warning: 'wdata16' may be used uninitialized in this function [-Wmaybe-uninitialized]
       wdata16++;
              ^
../src/lpc43xx_ssp.c:400:18: warning: 'rdata16' may be used uninitialized in this function [-Wmaybe-uninitialized]
       *(rdata16) = (uint16_t) tmp;
                  ^
../src/lpc43xx_ssp.c:371:13: warning: 'wdata8' may be used uninitialized in this function [-Wmaybe-uninitialized]
       wdata8++;
             ^
../src/lpc43xx_ssp.c:398:13: warning: 'rdata8' may be used uninitialized in this function [-Wmaybe-uninitialized]
       rdata8++;
             ^
Finished building: ../src/lpc43xx_ssp.c
 
Building file: ../src/lpc43xx_timer.c
Invoking: MCU C Compiler
arm-none-eabi-gcc -D__REDLIB__ -DDEBUG -D__CODE_RED -DCORE_M0 -D__LPC43XX__ -DHITEX_LCD_TERM -I"/home/pablo/Documents/CIAA-Repositories/EOPT/workspace/CMSIS_LPC43xx_DriverLib-M0/inc" -Og -g3 -Wall -c -fmessage-length=0 -fno-builtin -ffunction-sections -fdata-sections -mcpu=cortex-m0 -mthumb -D__REDLIB__ -specs=redlib.specs -MMD -MP -MF"src/lpc43xx_timer.d" -MT"src/lpc43xx_timer.d" -o "src/lpc43xx_timer.o" "../src/lpc43xx_timer.c"
../src/lpc43xx_timer.c: In function 'getPClock':
../src/lpc43xx_timer.c:87:2: warning: 'clkdlycnt' may be used uninitialized in this function [-Wmaybe-uninitialized]
  return clkdlycnt;
  ^
Finished building: ../src/lpc43xx_timer.c
 
Building file: ../src/lpc43xx_uart.c
Invoking: MCU C Compiler
arm-none-eabi-gcc -D__REDLIB__ -DDEBUG -D__CODE_RED -DCORE_M0 -D__LPC43XX__ -DHITEX_LCD_TERM -I"/home/pablo/Documents/CIAA-Repositories/EOPT/workspace/CMSIS_LPC43xx_DriverLib-M0/inc" -Og -g3 -Wall -c -fmessage-length=0 -fno-builtin -ffunction-sections -fdata-sections -mcpu=cortex-m0 -mthumb -D__REDLIB__ -specs=redlib.specs -MMD -MP -MF"src/lpc43xx_uart.d" -MT"src/lpc43xx_uart.d" -o "src/lpc43xx_uart.o" "../src/lpc43xx_uart.c"
Finished building: ../src/lpc43xx_uart.c
 
Building file: ../src/lpc43xx_wwdt.c
Invoking: MCU C Compiler
arm-none-eabi-gcc -D__REDLIB__ -DDEBUG -D__CODE_RED -DCORE_M0 -D__LPC43XX__ -DHITEX_LCD_TERM -I"/home/pablo/Documents/CIAA-Repositories/EOPT/workspace/CMSIS_LPC43xx_DriverLib-M0/inc" -Og -g3 -Wall -c -fmessage-length=0 -fno-builtin -ffunction-sections -fdata-sections -mcpu=cortex-m0 -mthumb -D__REDLIB__ -specs=redlib.specs -MMD -MP -MF"src/lpc43xx_wwdt.d" -MT"src/lpc43xx_wwdt.d" -o "src/lpc43xx_wwdt.o" "../src/lpc43xx_wwdt.c"
Finished building: ../src/lpc43xx_wwdt.c
 
Building file: ../src/sdio.c
Invoking: MCU C Compiler
arm-none-eabi-gcc -D__REDLIB__ -DDEBUG -D__CODE_RED -DCORE_M0 -D__LPC43XX__ -DHITEX_LCD_TERM -I"/home/pablo/Documents/CIAA-Repositories/EOPT/workspace/CMSIS_LPC43xx_DriverLib-M0/inc" -Og -g3 -Wall -c -fmessage-length=0 -fno-builtin -ffunction-sections -fdata-sections -mcpu=cortex-m0 -mthumb -D__REDLIB__ -specs=redlib.specs -MMD -MP -MF"src/sdio.d" -MT"src/sdio.d" -o "src/sdio.o" "../src/sdio.c"
../src/sdio.c: In function 'sdio_init':
../src/sdio.c:874:21: warning: unused variable 'i' [-Wunused-variable]
   volatile uint32_t i;
                     ^
Finished building: ../src/sdio.c
 
Building target: libCMSIS_LPC43xx_DriverLib-M0.a
Invoking: MCU Archiver
arm-none-eabi-ar -r  "libCMSIS_LPC43xx_DriverLib-M0.a"  ./src/Font5x7.o ./src/LCDTerm.o ./src/debug_frmwrk.o ./src/lpc43xx_adc.o ./src/lpc43xx_atimer.o ./src/lpc43xx_can.o ./src/lpc43xx_cgu.o ./src/lpc43xx_dac.o ./src/lpc43xx_emc.o ./src/lpc43xx_evrt.o ./src/lpc43xx_gpdma.o ./src/lpc43xx_gpio.o ./src/lpc43xx_i2c.o ./src/lpc43xx_i2s.o ./src/lpc43xx_lcd.o ./src/lpc43xx_mcpwm.o ./src/lpc43xx_pwr.o ./src/lpc43xx_qei.o ./src/lpc43xx_rgu.o ./src/lpc43xx_rit.o ./src/lpc43xx_rtc.o ./src/lpc43xx_sct.o ./src/lpc43xx_scu.o ./src/lpc43xx_sdif.o ./src/lpc43xx_sdmmc.o ./src/lpc43xx_ssp.o ./src/lpc43xx_timer.o ./src/lpc43xx_uart.o ./src/lpc43xx_wwdt.o ./src/sdio.o   
arm-none-eabi-ar: creating libCMSIS_LPC43xx_DriverLib-M0.a
Finished building target: libCMSIS_LPC43xx_DriverLib-M0.a
 
make --no-print-directory post-build
Performing post-build steps
arm-none-eabi-size "libCMSIS_LPC43xx_DriverLib-M0.a" ; # arm-none-eabi-objdump -h -S "libCMSIS_LPC43xx_DriverLib-M0.a" >"libCMSIS_LPC43xx_DriverLib-M0.lss"
   text	   data	    bss	    dec	    hex	filename
   1780	      0	      0	   1780	    6f4	Font5x7.o (ex libCMSIS_LPC43xx_DriverLib-M0.a)
   2040	      0	     27	   2067	    813	LCDTerm.o (ex libCMSIS_LPC43xx_DriverLib-M0.a)
   1180	      0	      0	   1180	    49c	debug_frmwrk.o (ex libCMSIS_LPC43xx_DriverLib-M0.a)
    952	      0	      0	    952	    3b8	lpc43xx_adc.o (ex libCMSIS_LPC43xx_DriverLib-M0.a)
    388	      0	      0	    388	    184	lpc43xx_atimer.o (ex libCMSIS_LPC43xx_DriverLib-M0.a)
    948	      0	     36	    984	    3d8	lpc43xx_can.o (ex libCMSIS_LPC43xx_DriverLib-M0.a)
   4908	     68	      8	   4984	   1378	lpc43xx_cgu.o (ex libCMSIS_LPC43xx_DriverLib-M0.a)
    284	      0	      0	    284	    11c	lpc43xx_dac.o (ex libCMSIS_LPC43xx_DriverLib-M0.a)
   1080	      0	      0	   1080	    438	lpc43xx_emc.o (ex libCMSIS_LPC43xx_DriverLib-M0.a)
    620	      0	      0	    620	    26c	lpc43xx_evrt.o (ex libCMSIS_LPC43xx_DriverLib-M0.a)
   1360	     32	      0	   1392	    570	lpc43xx_gpdma.o (ex libCMSIS_LPC43xx_DriverLib-M0.a)
    180	      0	      0	    180	     b4	lpc43xx_gpio.o (ex libCMSIS_LPC43xx_DriverLib-M0.a)
   2856	      0	     52	   2908	    b5c	lpc43xx_i2c.o (ex libCMSIS_LPC43xx_DriverLib-M0.a)
   2304	      0	      0	   2304	    900	lpc43xx_i2s.o (ex libCMSIS_LPC43xx_DriverLib-M0.a)
    928	      1	      0	    929	    3a1	lpc43xx_lcd.o (ex libCMSIS_LPC43xx_DriverLib-M0.a)
    956	      0	      0	    956	    3bc	lpc43xx_mcpwm.o (ex libCMSIS_LPC43xx_DriverLib-M0.a)
     88	      0	      0	     88	     58	lpc43xx_pwr.o (ex libCMSIS_LPC43xx_DriverLib-M0.a)
    564	      0	      0	    564	    234	lpc43xx_qei.o (ex libCMSIS_LPC43xx_DriverLib-M0.a)
    264	      0	      0	    264	    108	lpc43xx_rgu.o (ex libCMSIS_LPC43xx_DriverLib-M0.a)
    344	      0	      0	    344	    158	lpc43xx_rit.o (ex libCMSIS_LPC43xx_DriverLib-M0.a)
   2248	      0	      0	   2248	    8c8	lpc43xx_rtc.o (ex libCMSIS_LPC43xx_DriverLib-M0.a)
    196	      0	      0	    196	     c4	lpc43xx_sct.o (ex libCMSIS_LPC43xx_DriverLib-M0.a)
     20	      0	      0	     20	     14	lpc43xx_scu.o (ex libCMSIS_LPC43xx_DriverLib-M0.a)
    716	      0	    288	   1004	    3ec	lpc43xx_sdif.o (ex libCMSIS_LPC43xx_DriverLib-M0.a)
   2156	      0	     16	   2172	    87c	lpc43xx_sdmmc.o (ex libCMSIS_LPC43xx_DriverLib-M0.a)
   1784	      0	      0	   1784	    6f8	lpc43xx_ssp.o (ex libCMSIS_LPC43xx_DriverLib-M0.a)
   1660	      0	      0	   1660	    67c	lpc43xx_timer.o (ex libCMSIS_LPC43xx_DriverLib-M0.a)
   3500	      0	      0	   3500	    dac	lpc43xx_uart.o (ex libCMSIS_LPC43xx_DriverLib-M0.a)
    440	      0	      0	    440	    1b8	lpc43xx_wwdt.o (ex libCMSIS_LPC43xx_DriverLib-M0.a)
   2872	      0	    864	   3736	    e98	sdio.o (ex libCMSIS_LPC43xx_DriverLib-M0.a)
 
12:17:38 **** Build of configuration Debug for project CIAA-Demo-M0 ****
make all 
Building file: ../src/cr_startup_lpc43xx-m0app.c
Invoking: MCU C Compiler
arm-none-eabi-gcc -D__REDLIB__ -DDEBUG -D__CODE_RED -DCORE_M0 -D__USE_CMSIS=CMSIS_LPC43xx_DriverLib-M0 -D__USE_CMSIS_DSPLIB=CMSIS_DSPLIB_CM0 -D__LPC43XX__ -DCORE_M0APP -D__MULTICORE_M0APP -I"/home/pablo/Documents/CIAA-Repositories/EOPT/workspace/CMSIS_LPC43xx_DriverLib-M0/inc" -I"/home/pablo/Documents/CIAA-Repositories/EOPT/workspace/CMSIS_DSPLIB_CM0/inc" -Os -g3 -Wall -c -fmessage-length=0 -fno-builtin -ffunction-sections -fdata-sections -mcpu=cortex-m0 -mthumb -specs=redlib.specs -MMD -MP -MF"src/cr_startup_lpc43xx-m0app.d" -MT"src/cr_startup_lpc43xx-m0app.d" -o "src/cr_startup_lpc43xx-m0app.o" "../src/cr_startup_lpc43xx-m0app.c"
Finished building: ../src/cr_startup_lpc43xx-m0app.c
 
Building file: ../src/main_m0.c
Invoking: MCU C Compiler
arm-none-eabi-gcc -D__REDLIB__ -DDEBUG -D__CODE_RED -DCORE_M0 -D__USE_CMSIS=CMSIS_LPC43xx_DriverLib-M0 -D__USE_CMSIS_DSPLIB=CMSIS_DSPLIB_CM0 -D__LPC43XX__ -DCORE_M0APP -D__MULTICORE_M0APP -I"/home/pablo/Documents/CIAA-Repositories/EOPT/workspace/CMSIS_LPC43xx_DriverLib-M0/inc" -I"/home/pablo/Documents/CIAA-Repositories/EOPT/workspace/CMSIS_DSPLIB_CM0/inc" -Og -g3 -Wall -c -fmessage-length=0 -fno-builtin -ffunction-sections -fdata-sections -mcpu=cortex-m0 -mthumb -specs=redlib.specs -MMD -MP -MF"src/main_m0.d" -MT"src/main_m0.d" -o "src/main_m0.o" "../src/main_m0.c"
Finished building: ../src/main_m0.c
 
Building target: CIAA-Demo-M0.axf
Invoking: MCU Linker
arm-none-eabi-gcc -nostdlib -L"/home/pablo/Documents/CIAA-Repositories/EOPT/workspace/CMSIS_LPC43xx_DriverLib-M0/Debug" -L"/home/pablo/Documents/CIAA-Repositories/EOPT/workspace/CMSIS_DSPLIB_CM0/lib" -Xlinker -Map="CIAA-Demo-M0.map" -Xlinker --gc-sections -mcpu=cortex-m0 -mthumb -T "CIAA-Demo-M0_Debug.ld" -o "CIAA-Demo-M0.axf"  ./src/cr_startup_lpc43xx-m0app.o ./src/main_m0.o   -lCMSIS_LPC43xx_DriverLib-M0 -lCMSIS_DSPLIB_CM0 && arm-none-eabi-objcopy --target elf32-littlearm --verbose --strip-all --redefine-sym __vectors_start__=__vectors_start___core_m0app --keep-symbol __vectors_start___core_m0app --rename-section .text=".core_m0app" --rename-section .data=".core_m0app.data" "CIAA-Demo-M0.axf" "CIAA-Demo-M0.axf.o"
copy from `CIAA-Demo-M0.axf' [elf32-littlearm] to `CIAA-Demo-M0.axf.o' [elf32-littlearm]
Finished building target: CIAA-Demo-M0.axf
 
make --no-print-directory post-build
Performing post-build steps
arm-none-eabi-size "CIAA-Demo-M0.axf"; # arm-none-eabi-objcopy -v -O binary "CIAA-Demo-M0.axf" "CIAA-Demo-M0.bin" ; # checksum -p LPC4337_M0 -d "CIAA-Demo-M0.bin";
   text	   data	    bss	    dec	    hex	filename
    648	      0	      4	    652	    28c	CIAA-Demo-M0.axf
 
12:17:39 **** Build of configuration Debug for project CIAA-Demo ****
make pre-build main-build 
killall redlinkserv
redlinkserv: no process found
make: [pre-build] Error 1 (ignored)
 
Building file: ../src/Emac/src/emac.c
Invoking: MCU C Compiler
arm-none-eabi-gcc -D__NEWLIB__ -DDEBUG -D__CODE_RED -DCORE_M4 -D__USE_CMSIS=CMSIS_LPC43xx_DriverLib -D__LPC43XX__ -DLPC43_MULTICORE_M0APP -D__MULTICORE_MASTER -I"/home/pablo/Documents/CIAA-Repositories/EOPT/workspace/CIAA-Demo/src" -I"/home/pablo/Documents/CIAA-Repositories/EOPT/workspace/CIAA-Demo/src/Emac/inc" -I"/home/pablo/Documents/CIAA-Repositories/EOPT/workspace/CMSIS_LPC43xx_DriverLib/inc" -O0 -g3 -Wall -c -fmessage-length=0 -fno-builtin -ffunction-sections -fdata-sections -fsingle-precision-constant -mcpu=cortex-m4 -mfpu=fpv4-sp-d16 -mfloat-abi=softfp -mthumb -D__NEWLIB__ -specs=redlib.specs -MMD -MP -MF"src/Emac/src/emac.d" -MT"src/Emac/src/emac.d" -o "src/Emac/src/emac.o" "../src/Emac/src/emac.c"
Finished building: ../src/Emac/src/emac.c
 
Building file: ../src/Emac/src/tcpip.c
Invoking: MCU C Compiler
arm-none-eabi-gcc -D__NEWLIB__ -DDEBUG -D__CODE_RED -DCORE_M4 -D__USE_CMSIS=CMSIS_LPC43xx_DriverLib -D__LPC43XX__ -DLPC43_MULTICORE_M0APP -D__MULTICORE_MASTER -I"/home/pablo/Documents/CIAA-Repositories/EOPT/workspace/CIAA-Demo/src" -I"/home/pablo/Documents/CIAA-Repositories/EOPT/workspace/CIAA-Demo/src/Emac/inc" -I"/home/pablo/Documents/CIAA-Repositories/EOPT/workspace/CMSIS_LPC43xx_DriverLib/inc" -O0 -g3 -Wall -c -fmessage-length=0 -fno-builtin -ffunction-sections -fdata-sections -fsingle-precision-constant -mcpu=cortex-m4 -mfpu=fpv4-sp-d16 -mfloat-abi=softfp -mthumb -D__NEWLIB__ -specs=redlib.specs -MMD -MP -MF"src/Emac/src/tcpip.d" -MT"src/Emac/src/tcpip.d" -o "src/Emac/src/tcpip.o" "../src/Emac/src/tcpip.c"
Finished building: ../src/Emac/src/tcpip.c
 
Building file: ../src/Emac/src/webserver.c
Invoking: MCU C Compiler
arm-none-eabi-gcc -D__NEWLIB__ -DDEBUG -D__CODE_RED -DCORE_M4 -D__USE_CMSIS=CMSIS_LPC43xx_DriverLib -D__LPC43XX__ -DLPC43_MULTICORE_M0APP -D__MULTICORE_MASTER -I"/home/pablo/Documents/CIAA-Repositories/EOPT/workspace/CIAA-Demo/src" -I"/home/pablo/Documents/CIAA-Repositories/EOPT/workspace/CIAA-Demo/src/Emac/inc" -I"/home/pablo/Documents/CIAA-Repositories/EOPT/workspace/CMSIS_LPC43xx_DriverLib/inc" -O0 -g3 -Wall -c -fmessage-length=0 -fno-builtin -ffunction-sections -fdata-sections -fsingle-precision-constant -mcpu=cortex-m4 -mfpu=fpv4-sp-d16 -mfloat-abi=softfp -mthumb -D__NEWLIB__ -specs=redlib.specs -MMD -MP -MF"src/Emac/src/webserver.d" -MT"src/Emac/src/webserver.d" -o "src/Emac/src/webserver.o" "../src/Emac/src/webserver.c"
Finished building: ../src/Emac/src/webserver.c
 
Building file: ../src/ciaaI2C.c
Invoking: MCU C Compiler
arm-none-eabi-gcc -D__NEWLIB__ -DDEBUG -D__CODE_RED -DCORE_M4 -D__USE_CMSIS=CMSIS_LPC43xx_DriverLib -D__LPC43XX__ -DLPC43_MULTICORE_M0APP -D__MULTICORE_MASTER -I"/home/pablo/Documents/CIAA-Repositories/EOPT/workspace/CIAA-Demo/src" -I"/home/pablo/Documents/CIAA-Repositories/EOPT/workspace/CIAA-Demo/src/Emac/inc" -I"/home/pablo/Documents/CIAA-Repositories/EOPT/workspace/CMSIS_LPC43xx_DriverLib/inc" -O0 -g3 -Wall -c -fmessage-length=0 -fno-builtin -ffunction-sections -fdata-sections -fsingle-precision-constant -mcpu=cortex-m4 -mfpu=fpv4-sp-d16 -mfloat-abi=softfp -mthumb -D__NEWLIB__ -specs=redlib.specs -MMD -MP -MF"src/ciaaI2C.d" -MT"src/ciaaI2C.d" -o "src/ciaaI2C.o" "../src/ciaaI2C.c"
Finished building: ../src/ciaaI2C.c
 
Building file: ../src/ciaaIO.c
Invoking: MCU C Compiler
arm-none-eabi-gcc -D__NEWLIB__ -DDEBUG -D__CODE_RED -DCORE_M4 -D__USE_CMSIS=CMSIS_LPC43xx_DriverLib -D__LPC43XX__ -DLPC43_MULTICORE_M0APP -D__MULTICORE_MASTER -I"/home/pablo/Documents/CIAA-Repositories/EOPT/workspace/CIAA-Demo/src" -I"/home/pablo/Documents/CIAA-Repositories/EOPT/workspace/CIAA-Demo/src/Emac/inc" -I"/home/pablo/Documents/CIAA-Repositories/EOPT/workspace/CMSIS_LPC43xx_DriverLib/inc" -O0 -g3 -Wall -c -fmessage-length=0 -fno-builtin -ffunction-sections -fdata-sections -fsingle-precision-constant -mcpu=cortex-m4 -mfpu=fpv4-sp-d16 -mfloat-abi=softfp -mthumb -D__NEWLIB__ -specs=redlib.specs -MMD -MP -MF"src/ciaaIO.d" -MT"src/ciaaIO.d" -o "src/ciaaIO.o" "../src/ciaaIO.c"
Finished building: ../src/ciaaIO.c
 
Building file: ../src/ciaaUART.c
Invoking: MCU C Compiler
arm-none-eabi-gcc -D__NEWLIB__ -DDEBUG -D__CODE_RED -DCORE_M4 -D__USE_CMSIS=CMSIS_LPC43xx_DriverLib -D__LPC43XX__ -DLPC43_MULTICORE_M0APP -D__MULTICORE_MASTER -I"/home/pablo/Documents/CIAA-Repositories/EOPT/workspace/CIAA-Demo/src" -I"/home/pablo/Documents/CIAA-Repositories/EOPT/workspace/CIAA-Demo/src/Emac/inc" -I"/home/pablo/Documents/CIAA-Repositories/EOPT/workspace/CMSIS_LPC43xx_DriverLib/inc" -O0 -g3 -Wall -c -fmessage-length=0 -fno-builtin -ffunction-sections -fdata-sections -fsingle-precision-constant -mcpu=cortex-m4 -mfpu=fpv4-sp-d16 -mfloat-abi=softfp -mthumb -D__NEWLIB__ -specs=redlib.specs -MMD -MP -MF"src/ciaaUART.d" -MT"src/ciaaUART.d" -o "src/ciaaUART.o" "../src/ciaaUART.c"
Finished building: ../src/ciaaUART.c
 
Building file: ../src/cr_start_m0.c
Invoking: MCU C Compiler
arm-none-eabi-gcc -D__NEWLIB__ -DDEBUG -D__CODE_RED -DCORE_M4 -D__USE_CMSIS=CMSIS_LPC43xx_DriverLib -D__LPC43XX__ -DLPC43_MULTICORE_M0APP -D__MULTICORE_MASTER -I"/home/pablo/Documents/CIAA-Repositories/EOPT/workspace/CIAA-Demo/src" -I"/home/pablo/Documents/CIAA-Repositories/EOPT/workspace/CIAA-Demo/src/Emac/inc" -I"/home/pablo/Documents/CIAA-Repositories/EOPT/workspace/CMSIS_LPC43xx_DriverLib/inc" -O0 -g3 -Wall -c -fmessage-length=0 -fno-builtin -ffunction-sections -fdata-sections -fsingle-precision-constant -mcpu=cortex-m4 -mfpu=fpv4-sp-d16 -mfloat-abi=softfp -mthumb -D__NEWLIB__ -specs=redlib.specs -MMD -MP -MF"src/cr_start_m0.d" -MT"src/cr_start_m0.d" -o "src/cr_start_m0.o" "../src/cr_start_m0.c"
Finished building: ../src/cr_start_m0.c
 
Building file: ../src/cr_startup_lpc43xx.c
Invoking: MCU C Compiler
arm-none-eabi-gcc -D__NEWLIB__ -DDEBUG -D__CODE_RED -DCORE_M4 -D__USE_CMSIS=CMSIS_LPC43xx_DriverLib -D__LPC43XX__ -DLPC43_MULTICORE_M0APP -D__MULTICORE_MASTER -I"/home/pablo/Documents/CIAA-Repositories/EOPT/workspace/CIAA-Demo/src" -I"/home/pablo/Documents/CIAA-Repositories/EOPT/workspace/CIAA-Demo/src/Emac/inc" -I"/home/pablo/Documents/CIAA-Repositories/EOPT/workspace/CMSIS_LPC43xx_DriverLib/inc" -Os -g3 -Wall -c -fmessage-length=0 -fno-builtin -ffunction-sections -fdata-sections -fsingle-precision-constant -mcpu=cortex-m4 -mfpu=fpv4-sp-d16 -mfloat-abi=softfp -mthumb -D__NEWLIB__ -specs=redlib.specs -MMD -MP -MF"src/cr_startup_lpc43xx.d" -MT"src/cr_startup_lpc43xx.d" -o "src/cr_startup_lpc43xx.o" "../src/cr_startup_lpc43xx.c"
Finished building: ../src/cr_startup_lpc43xx.c
 
Building file: ../src/crp.c
Invoking: MCU C Compiler
arm-none-eabi-gcc -D__NEWLIB__ -DDEBUG -D__CODE_RED -DCORE_M4 -D__USE_CMSIS=CMSIS_LPC43xx_DriverLib -D__LPC43XX__ -DLPC43_MULTICORE_M0APP -D__MULTICORE_MASTER -I"/home/pablo/Documents/CIAA-Repositories/EOPT/workspace/CIAA-Demo/src" -I"/home/pablo/Documents/CIAA-Repositories/EOPT/workspace/CIAA-Demo/src/Emac/inc" -I"/home/pablo/Documents/CIAA-Repositories/EOPT/workspace/CMSIS_LPC43xx_DriverLib/inc" -O0 -g3 -Wall -c -fmessage-length=0 -fno-builtin -ffunction-sections -fdata-sections -fsingle-precision-constant -mcpu=cortex-m4 -mfpu=fpv4-sp-d16 -mfloat-abi=softfp -mthumb -D__NEWLIB__ -specs=redlib.specs -MMD -MP -MF"src/crp.d" -MT"src/crp.d" -o "src/crp.o" "../src/crp.c"
Finished building: ../src/crp.c
 
Building file: ../src/database.c
Invoking: MCU C Compiler
arm-none-eabi-gcc -D__NEWLIB__ -DDEBUG -D__CODE_RED -DCORE_M4 -D__USE_CMSIS=CMSIS_LPC43xx_DriverLib -D__LPC43XX__ -DLPC43_MULTICORE_M0APP -D__MULTICORE_MASTER -I"/home/pablo/Documents/CIAA-Repositories/EOPT/workspace/CIAA-Demo/src" -I"/home/pablo/Documents/CIAA-Repositories/EOPT/workspace/CIAA-Demo/src/Emac/inc" -I"/home/pablo/Documents/CIAA-Repositories/EOPT/workspace/CMSIS_LPC43xx_DriverLib/inc" -O0 -g3 -Wall -c -fmessage-length=0 -fno-builtin -ffunction-sections -fdata-sections -fsingle-precision-constant -mcpu=cortex-m4 -mfpu=fpv4-sp-d16 -mfloat-abi=softfp -mthumb -D__NEWLIB__ -specs=redlib.specs -MMD -MP -MF"src/database.d" -MT"src/database.d" -o "src/database.o" "../src/database.c"
Finished building: ../src/database.c
 
Building file: ../src/main.c
Invoking: MCU C Compiler
arm-none-eabi-gcc -D__NEWLIB__ -DDEBUG -D__CODE_RED -DCORE_M4 -D__USE_CMSIS=CMSIS_LPC43xx_DriverLib -D__LPC43XX__ -DLPC43_MULTICORE_M0APP -D__MULTICORE_MASTER -I"/home/pablo/Documents/CIAA-Repositories/EOPT/workspace/CIAA-Demo/src" -I"/home/pablo/Documents/CIAA-Repositories/EOPT/workspace/CIAA-Demo/src/Emac/inc" -I"/home/pablo/Documents/CIAA-Repositories/EOPT/workspace/CMSIS_LPC43xx_DriverLib/inc" -O0 -g3 -Wall -c -fmessage-length=0 -fno-builtin -ffunction-sections -fdata-sections -fsingle-precision-constant -mcpu=cortex-m4 -mfpu=fpv4-sp-d16 -mfloat-abi=softfp -mthumb -D__NEWLIB__ -specs=redlib.specs -MMD -MP -MF"src/main.d" -MT"src/main.d" -o "src/main.o" "../src/main.c"
Finished building: ../src/main.c
 
Building target: CIAA-Demo.axf
Invoking: MCU Linker
arm-none-eabi-gcc -nostdlib -L"/home/pablo/Documents/CIAA-Repositories/EOPT/workspace/CMSIS_LPC43xx_DriverLib/Debug" -Xlinker -Map="CIAA-Demo.map" -Xlinker --gc-sections -mcpu=cortex-m4 -mfpu=fpv4-sp-d16 -mfloat-abi=softfp -mthumb -T "CIAA-Demo_Debug.ld" -o "CIAA-Demo.axf"  ./src/Emac/src/emac.o ./src/Emac/src/tcpip.o ./src/Emac/src/webserver.o  ./src/ciaaI2C.o ./src/ciaaIO.o ./src/ciaaUART.o ./src/cr_start_m0.o ./src/cr_startup_lpc43xx.o ./src/crp.o ./src/database.o ./src/main.o  /home/pablo/Documents/CIAA-Repositories/EOPT/workspace/CIAA-Demo-M0/Debug/CIAA-Demo-M0.axf.o -lCMSIS_LPC43xx_DriverLib
Finished building target: CIAA-Demo.axf
 
make --no-print-directory post-build
Performing post-build steps
arm-none-eabi-size "CIAA-Demo.axf"; # arm-none-eabi-objcopy -v -O binary "CIAA-Demo.axf" "CIAA-Demo.bin" ; # checksum -p LPC4337 -d "CIAA-Demo.bin";
   text	   data	    bss	    dec	    hex	filename
  50588	   2244	   4896	  57728	   e180	CIAA-Demo.axf
 
12:17:41 **** Build of configuration Debug for project osek ****
make all 
Building file: ../src/ActivateTask.c
Invoking: MCU C Compiler
arm-none-eabi-gcc -D__REDLIB__ -DCPU=lpc4337 -DDEBUG -D__CODE_RED -DCORE_M4 -D__USE_CMSIS=CMSIS_LPC43xx_DriverLib -D__LPC43XX__ -D__MULTICORE_NONE -I"/home/pablo/Documents/CIAA-Repositories/EOPT/workspace/CMSIS_LPC43xx_DriverLib/inc" -O0 -g3 -Wall -c -fmessage-length=0 -fno-builtin -ffunction-sections -fdata-sections -fsingle-precision-constant -mcpu=cortex-m4 -mfpu=fpv4-sp-d16 -mfloat-abi=softfp -mthumb -MMD -MP -MF"src/ActivateTask.d" -MT"src/ActivateTask.d" -o "src/ActivateTask.o" "../src/ActivateTask.c"
In file included from ../src/Types.h:67:0,
                 from ../src/os.h:76,
                 from ../src/Os_Internal.h:71,
                 from ../src/ActivateTask.c:69:
/home/pablo/Documents/CIAA-Repositories/EOPT/workspace/CMSIS_LPC43xx_DriverLib/inc/lpc_types.h:204:0: warning: "INLINE" redefined [enabled by default]
 #define INLINE inline
 ^
In file included from ../src/Types.h:66:0,
                 from ../src/os.h:76,
                 from ../src/Os_Internal.h:71,
                 from ../src/ActivateTask.c:69:
../src/Compiler.h:94:0: note: this is the location of the previous definition
 #define INLINE
 ^
In file included from ../src/os.h:76:0,
                 from ../src/Os_Internal.h:71,
                 from ../src/ActivateTask.c:69:
../src/Types.h:105:0: warning: "INLINE" redefined [enabled by default]
 #define INLINE
 ^
In file included from ../src/Types.h:67:0,
                 from ../src/os.h:76,
                 from ../src/Os_Internal.h:71,
                 from ../src/ActivateTask.c:69:
/home/pablo/Documents/CIAA-Repositories/EOPT/workspace/CMSIS_LPC43xx_DriverLib/inc/lpc_types.h:204:0: note: this is the location of the previous definition
 #define INLINE inline
 ^
In file included from ../src/Types.h:127:0,
                 from ../src/os.h:76,
                 from ../src/Os_Internal.h:71,
                 from ../src/ActivateTask.c:69:
../src/Types_Arch.h:71:0: warning: "NULL" redefined [enabled by default]
 #define NULL ((void *)0)
 ^
In file included from ../src/Types.h:67:0,
                 from ../src/os.h:76,
                 from ../src/Os_Internal.h:71,
                 from ../src/ActivateTask.c:69:
/home/pablo/Documents/CIAA-Repositories/EOPT/workspace/CMSIS_LPC43xx_DriverLib/inc/lpc_types.h:137:0: note: this is the location of the previous definition
 #define NULL ((void*) 0)
 ^
Finished building: ../src/ActivateTask.c
 
Building file: ../src/CancelAlarm.c
Invoking: MCU C Compiler
arm-none-eabi-gcc -D__REDLIB__ -DCPU=lpc4337 -DDEBUG -D__CODE_RED -DCORE_M4 -D__USE_CMSIS=CMSIS_LPC43xx_DriverLib -D__LPC43XX__ -D__MULTICORE_NONE -I"/home/pablo/Documents/CIAA-Repositories/EOPT/workspace/CMSIS_LPC43xx_DriverLib/inc" -O0 -g3 -Wall -c -fmessage-length=0 -fno-builtin -ffunction-sections -fdata-sections -fsingle-precision-constant -mcpu=cortex-m4 -mfpu=fpv4-sp-d16 -mfloat-abi=softfp -mthumb -MMD -MP -MF"src/CancelAlarm.d" -MT"src/CancelAlarm.d" -o "src/CancelAlarm.o" "../src/CancelAlarm.c"
In file included from ../src/Types.h:67:0,
                 from ../src/os.h:76,
                 from ../src/Os_Internal.h:71,
                 from ../src/CancelAlarm.c:67:
/home/pablo/Documents/CIAA-Repositories/EOPT/workspace/CMSIS_LPC43xx_DriverLib/inc/lpc_types.h:204:0: warning: "INLINE" redefined [enabled by default]
 #define INLINE inline
 ^
In file included from ../src/Types.h:66:0,
                 from ../src/os.h:76,
                 from ../src/Os_Internal.h:71,
                 from ../src/CancelAlarm.c:67:
../src/Compiler.h:94:0: note: this is the location of the previous definition
 #define INLINE
 ^
In file included from ../src/os.h:76:0,
                 from ../src/Os_Internal.h:71,
                 from ../src/CancelAlarm.c:67:
../src/Types.h:105:0: warning: "INLINE" redefined [enabled by default]
 #define INLINE
 ^
In file included from ../src/Types.h:67:0,
                 from ../src/os.h:76,
                 from ../src/Os_Internal.h:71,
                 from ../src/CancelAlarm.c:67:
/home/pablo/Documents/CIAA-Repositories/EOPT/workspace/CMSIS_LPC43xx_DriverLib/inc/lpc_types.h:204:0: note: this is the location of the previous definition
 #define INLINE inline
 ^
In file included from ../src/Types.h:127:0,
                 from ../src/os.h:76,
                 from ../src/Os_Internal.h:71,
                 from ../src/CancelAlarm.c:67:
../src/Types_Arch.h:71:0: warning: "NULL" redefined [enabled by default]
 #define NULL ((void *)0)
 ^
In file included from ../src/Types.h:67:0,
                 from ../src/os.h:76,
                 from ../src/Os_Internal.h:71,
                 from ../src/CancelAlarm.c:67:
/home/pablo/Documents/CIAA-Repositories/EOPT/workspace/CMSIS_LPC43xx_DriverLib/inc/lpc_types.h:137:0: note: this is the location of the previous definition
 #define NULL ((void*) 0)
 ^
Finished building: ../src/CancelAlarm.c
 
Building file: ../src/ChainTask.c
Invoking: MCU C Compiler
arm-none-eabi-gcc -D__REDLIB__ -DCPU=lpc4337 -DDEBUG -D__CODE_RED -DCORE_M4 -D__USE_CMSIS=CMSIS_LPC43xx_DriverLib -D__LPC43XX__ -D__MULTICORE_NONE -I"/home/pablo/Documents/CIAA-Repositories/EOPT/workspace/CMSIS_LPC43xx_DriverLib/inc" -O0 -g3 -Wall -c -fmessage-length=0 -fno-builtin -ffunction-sections -fdata-sections -fsingle-precision-constant -mcpu=cortex-m4 -mfpu=fpv4-sp-d16 -mfloat-abi=softfp -mthumb -MMD -MP -MF"src/ChainTask.d" -MT"src/ChainTask.d" -o "src/ChainTask.o" "../src/ChainTask.c"
In file included from ../src/Types.h:67:0,
                 from ../src/os.h:76,
                 from ../src/Os_Internal.h:71,
                 from ../src/ChainTask.c:70:
/home/pablo/Documents/CIAA-Repositories/EOPT/workspace/CMSIS_LPC43xx_DriverLib/inc/lpc_types.h:204:0: warning: "INLINE" redefined [enabled by default]
 #define INLINE inline
 ^
In file included from ../src/Types.h:66:0,
                 from ../src/os.h:76,
                 from ../src/Os_Internal.h:71,
                 from ../src/ChainTask.c:70:
../src/Compiler.h:94:0: note: this is the location of the previous definition
 #define INLINE
 ^
In file included from ../src/os.h:76:0,
                 from ../src/Os_Internal.h:71,
                 from ../src/ChainTask.c:70:
../src/Types.h:105:0: warning: "INLINE" redefined [enabled by default]
 #define INLINE
 ^
In file included from ../src/Types.h:67:0,
                 from ../src/os.h:76,
                 from ../src/Os_Internal.h:71,
                 from ../src/ChainTask.c:70:
/home/pablo/Documents/CIAA-Repositories/EOPT/workspace/CMSIS_LPC43xx_DriverLib/inc/lpc_types.h:204:0: note: this is the location of the previous definition
 #define INLINE inline
 ^
In file included from ../src/Types.h:127:0,
                 from ../src/os.h:76,
                 from ../src/Os_Internal.h:71,
                 from ../src/ChainTask.c:70:
../src/Types_Arch.h:71:0: warning: "NULL" redefined [enabled by default]
 #define NULL ((void *)0)
 ^
In file included from ../src/Types.h:67:0,
                 from ../src/os.h:76,
                 from ../src/Os_Internal.h:71,
                 from ../src/ChainTask.c:70:
/home/pablo/Documents/CIAA-Repositories/EOPT/workspace/CMSIS_LPC43xx_DriverLib/inc/lpc_types.h:137:0: note: this is the location of the previous definition
 #define NULL ((void*) 0)
 ^
Finished building: ../src/ChainTask.c
 
Building file: ../src/ClearEvent.c
Invoking: MCU C Compiler
arm-none-eabi-gcc -D__REDLIB__ -DCPU=lpc4337 -DDEBUG -D__CODE_RED -DCORE_M4 -D__USE_CMSIS=CMSIS_LPC43xx_DriverLib -D__LPC43XX__ -D__MULTICORE_NONE -I"/home/pablo/Documents/CIAA-Repositories/EOPT/workspace/CMSIS_LPC43xx_DriverLib/inc" -O0 -g3 -Wall -c -fmessage-length=0 -fno-builtin -ffunction-sections -fdata-sections -fsingle-precision-constant -mcpu=cortex-m4 -mfpu=fpv4-sp-d16 -mfloat-abi=softfp -mthumb -MMD -MP -MF"src/ClearEvent.d" -MT"src/ClearEvent.d" -o "src/ClearEvent.o" "../src/ClearEvent.c"
In file included from ../src/Types.h:67:0,
                 from ../src/os.h:76,
                 from ../src/Os_Internal.h:71,
                 from ../src/ClearEvent.c:68:
/home/pablo/Documents/CIAA-Repositories/EOPT/workspace/CMSIS_LPC43xx_DriverLib/inc/lpc_types.h:204:0: warning: "INLINE" redefined [enabled by default]
 #define INLINE inline
 ^
In file included from ../src/Types.h:66:0,
                 from ../src/os.h:76,
                 from ../src/Os_Internal.h:71,
                 from ../src/ClearEvent.c:68:
../src/Compiler.h:94:0: note: this is the location of the previous definition
 #define INLINE
 ^
In file included from ../src/os.h:76:0,
                 from ../src/Os_Internal.h:71,
                 from ../src/ClearEvent.c:68:
../src/Types.h:105:0: warning: "INLINE" redefined [enabled by default]
 #define INLINE
 ^
In file included from ../src/Types.h:67:0,
                 from ../src/os.h:76,
                 from ../src/Os_Internal.h:71,
                 from ../src/ClearEvent.c:68:
/home/pablo/Documents/CIAA-Repositories/EOPT/workspace/CMSIS_LPC43xx_DriverLib/inc/lpc_types.h:204:0: note: this is the location of the previous definition
 #define INLINE inline
 ^
In file included from ../src/Types.h:127:0,
                 from ../src/os.h:76,
                 from ../src/Os_Internal.h:71,
                 from ../src/ClearEvent.c:68:
../src/Types_Arch.h:71:0: warning: "NULL" redefined [enabled by default]
 #define NULL ((void *)0)
 ^
In file included from ../src/Types.h:67:0,
                 from ../src/os.h:76,
                 from ../src/Os_Internal.h:71,
                 from ../src/ClearEvent.c:68:
/home/pablo/Documents/CIAA-Repositories/EOPT/workspace/CMSIS_LPC43xx_DriverLib/inc/lpc_types.h:137:0: note: this is the location of the previous definition
 #define NULL ((void*) 0)
 ^
Finished building: ../src/ClearEvent.c
 
Building file: ../src/GetActiveApplicationMode.c
Invoking: MCU C Compiler
arm-none-eabi-gcc -D__REDLIB__ -DCPU=lpc4337 -DDEBUG -D__CODE_RED -DCORE_M4 -D__USE_CMSIS=CMSIS_LPC43xx_DriverLib -D__LPC43XX__ -D__MULTICORE_NONE -I"/home/pablo/Documents/CIAA-Repositories/EOPT/workspace/CMSIS_LPC43xx_DriverLib/inc" -O0 -g3 -Wall -c -fmessage-length=0 -fno-builtin -ffunction-sections -fdata-sections -fsingle-precision-constant -mcpu=cortex-m4 -mfpu=fpv4-sp-d16 -mfloat-abi=softfp -mthumb -MMD -MP -MF"src/GetActiveApplicationMode.d" -MT"src/GetActiveApplicationMode.d" -o "src/GetActiveApplicationMode.o" "../src/GetActiveApplicationMode.c"
In file included from ../src/Types.h:67:0,
                 from ../src/os.h:76,
                 from ../src/Os_Internal.h:71,
                 from ../src/GetActiveApplicationMode.c:67:
/home/pablo/Documents/CIAA-Repositories/EOPT/workspace/CMSIS_LPC43xx_DriverLib/inc/lpc_types.h:204:0: warning: "INLINE" redefined [enabled by default]
 #define INLINE inline
 ^
In file included from ../src/Types.h:66:0,
                 from ../src/os.h:76,
                 from ../src/Os_Internal.h:71,
                 from ../src/GetActiveApplicationMode.c:67:
../src/Compiler.h:94:0: note: this is the location of the previous definition
 #define INLINE
 ^
In file included from ../src/os.h:76:0,
                 from ../src/Os_Internal.h:71,
                 from ../src/GetActiveApplicationMode.c:67:
../src/Types.h:105:0: warning: "INLINE" redefined [enabled by default]
 #define INLINE
 ^
In file included from ../src/Types.h:67:0,
                 from ../src/os.h:76,
[...]
In file included from ../src/Types.h:67:0,
                 from ../src/os.h:76,
                 from ../src/Os_Internal.h:71,
                 from ../src/WaitEvent.c:68:
/home/pablo/Documents/CIAA-Repositories/EOPT/workspace/CMSIS_LPC43xx_DriverLib/inc/lpc_types.h:204:0: warning: "INLINE" redefined [enabled by default]
 #define INLINE inline
 ^
In file included from ../src/Types.h:66:0,
                 from ../src/os.h:76,
                 from ../src/Os_Internal.h:71,
                 from ../src/WaitEvent.c:68:
../src/Compiler.h:94:0: note: this is the location of the previous definition
 #define INLINE
 ^
In file included from ../src/os.h:76:0,
                 from ../src/Os_Internal.h:71,
                 from ../src/WaitEvent.c:68:
../src/Types.h:105:0: warning: "INLINE" redefined [enabled by default]
 #define INLINE
 ^
In file included from ../src/Types.h:67:0,
                 from ../src/os.h:76,
                 from ../src/Os_Internal.h:71,
                 from ../src/WaitEvent.c:68:
/home/pablo/Documents/CIAA-Repositories/EOPT/workspace/CMSIS_LPC43xx_DriverLib/inc/lpc_types.h:204:0: note: this is the location of the previous definition
 #define INLINE inline
 ^
In file included from ../src/Types.h:127:0,
                 from ../src/os.h:76,
                 from ../src/Os_Internal.h:71,
                 from ../src/WaitEvent.c:68:
../src/Types_Arch.h:71:0: warning: "NULL" redefined [enabled by default]
 #define NULL ((void *)0)
 ^
In file included from ../src/Types.h:67:0,
                 from ../src/os.h:76,
                 from ../src/Os_Internal.h:71,
                 from ../src/WaitEvent.c:68:
/home/pablo/Documents/CIAA-Repositories/EOPT/workspace/CMSIS_LPC43xx_DriverLib/inc/lpc_types.h:137:0: note: this is the location of the previous definition
 #define NULL ((void*) 0)
 ^
Finished building: ../src/WaitEvent.c
 
Building file: ../src/blinking.c
Invoking: MCU C Compiler
arm-none-eabi-gcc -D__REDLIB__ -DCPU=lpc4337 -DDEBUG -D__CODE_RED -DCORE_M4 -D__USE_CMSIS=CMSIS_LPC43xx_DriverLib -D__LPC43XX__ -D__MULTICORE_NONE -I"/home/pablo/Documents/CIAA-Repositories/EOPT/workspace/CMSIS_LPC43xx_DriverLib/inc" -O0 -g3 -Wall -c -fmessage-length=0 -fno-builtin -ffunction-sections -fdata-sections -fsingle-precision-constant -mcpu=cortex-m4 -mfpu=fpv4-sp-d16 -mfloat-abi=softfp -mthumb -specs=redlib.specs -MMD -MP -MF"src/blinking.d" -MT"src/blinking.d" -o "src/blinking.o" "../src/blinking.c"
In file included from ../src/Types.h:67:0,
                 from ../src/os.h:76,
                 from ../src/blinking.c:61:
/home/pablo/Documents/CIAA-Repositories/EOPT/workspace/CMSIS_LPC43xx_DriverLib/inc/lpc_types.h:204:0: warning: "INLINE" redefined [enabled by default]
 #define INLINE inline
 ^
In file included from ../src/Types.h:66:0,
                 from ../src/os.h:76,
                 from ../src/blinking.c:61:
../src/Compiler.h:94:0: note: this is the location of the previous definition
 #define INLINE
 ^
In file included from ../src/os.h:76:0,
                 from ../src/blinking.c:61:
../src/Types.h:105:0: warning: "INLINE" redefined [enabled by default]
 #define INLINE
 ^
In file included from ../src/Types.h:67:0,
                 from ../src/os.h:76,
                 from ../src/blinking.c:61:
/home/pablo/Documents/CIAA-Repositories/EOPT/workspace/CMSIS_LPC43xx_DriverLib/inc/lpc_types.h:204:0: note: this is the location of the previous definition
 #define INLINE inline
 ^
In file included from ../src/Types.h:127:0,
                 from ../src/os.h:76,
                 from ../src/blinking.c:61:
../src/Types_Arch.h:71:0: warning: "NULL" redefined [enabled by default]
 #define NULL ((void *)0)
 ^
In file included from ../src/Types.h:67:0,
                 from ../src/os.h:76,
                 from ../src/blinking.c:61:
/home/pablo/Documents/CIAA-Repositories/EOPT/workspace/CMSIS_LPC43xx_DriverLib/inc/lpc_types.h:137:0: note: this is the location of the previous definition
 #define NULL ((void*) 0)
 ^
../src/blinking.c: In function 'main':
../src/blinking.c:96:2: warning: implicit declaration of function 'printf' [-Wimplicit-function-declaration]
  printf("[main]StartOS\n");
  ^
Finished building: ../src/blinking.c
 
Building file: ../src/ciaaIO.c
Invoking: MCU C Compiler
arm-none-eabi-gcc -D__REDLIB__ -DCPU=lpc4337 -DDEBUG -D__CODE_RED -DCORE_M4 -D__USE_CMSIS=CMSIS_LPC43xx_DriverLib -D__LPC43XX__ -D__MULTICORE_NONE -I"/home/pablo/Documents/CIAA-Repositories/EOPT/workspace/CMSIS_LPC43xx_DriverLib/inc" -O0 -g3 -Wall -c -fmessage-length=0 -fno-builtin -ffunction-sections -fdata-sections -fsingle-precision-constant -mcpu=cortex-m4 -mfpu=fpv4-sp-d16 -mfloat-abi=softfp -mthumb -specs=redlib.specs -MMD -MP -MF"src/ciaaIO.d" -MT"src/ciaaIO.d" -o "src/ciaaIO.o" "../src/ciaaIO.c"
Finished building: ../src/ciaaIO.c
 
Building file: ../src/ciaaUART.c
Invoking: MCU C Compiler
arm-none-eabi-gcc -D__REDLIB__ -DCPU=lpc4337 -DDEBUG -D__CODE_RED -DCORE_M4 -D__USE_CMSIS=CMSIS_LPC43xx_DriverLib -D__LPC43XX__ -D__MULTICORE_NONE -I"/home/pablo/Documents/CIAA-Repositories/EOPT/workspace/CMSIS_LPC43xx_DriverLib/inc" -O0 -g3 -Wall -c -fmessage-length=0 -fno-builtin -ffunction-sections -fdata-sections -fsingle-precision-constant -mcpu=cortex-m4 -mfpu=fpv4-sp-d16 -mfloat-abi=softfp -mthumb -specs=redlib.specs -MMD -MP -MF"src/ciaaUART.d" -MT"src/ciaaUART.d" -o "src/ciaaUART.o" "../src/ciaaUART.c"
Finished building: ../src/ciaaUART.c
 
Building file: ../src/cr_startup_lpc43xx.c
Invoking: MCU C Compiler
arm-none-eabi-gcc -D__REDLIB__ -DCPU=lpc4337 -DDEBUG -D__CODE_RED -DCORE_M4 -D__USE_CMSIS=CMSIS_LPC43xx_DriverLib -D__LPC43XX__ -D__MULTICORE_NONE -I"/home/pablo/Documents/CIAA-Repositories/EOPT/workspace/CMSIS_LPC43xx_DriverLib/inc" -O0 -g3 -Wall -c -fmessage-length=0 -fno-builtin -ffunction-sections -fdata-sections -fsingle-precision-constant -mcpu=cortex-m4 -mfpu=fpv4-sp-d16 -mfloat-abi=softfp -mthumb -specs=redlib.specs -MMD -MP -MF"src/cr_startup_lpc43xx.d" -MT"src/cr_startup_lpc43xx.d" -o "src/cr_startup_lpc43xx.o" "../src/cr_startup_lpc43xx.c"
Finished building: ../src/cr_startup_lpc43xx.c
 
Building file: ../src/crp.c
Invoking: MCU C Compiler
arm-none-eabi-gcc -D__REDLIB__ -DCPU=lpc4337 -DDEBUG -D__CODE_RED -DCORE_M4 -D__USE_CMSIS=CMSIS_LPC43xx_DriverLib -D__LPC43XX__ -D__MULTICORE_NONE -I"/home/pablo/Documents/CIAA-Repositories/EOPT/workspace/CMSIS_LPC43xx_DriverLib/inc" -O0 -g3 -Wall -c -fmessage-length=0 -fno-builtin -ffunction-sections -fdata-sections -fsingle-precision-constant -mcpu=cortex-m4 -mfpu=fpv4-sp-d16 -mfloat-abi=softfp -mthumb -specs=redlib.specs -MMD -MP -MF"src/crp.d" -MT"src/crp.d" -o "src/crp.o" "../src/crp.c"
Finished building: ../src/crp.c
 
Building target: osek.axf
Invoking: MCU Linker
arm-none-eabi-gcc -nostdlib -L"/home/pablo/Documents/CIAA-Repositories/EOPT/workspace/CMSIS_LPC43xx_DriverLib/Debug" -Xlinker -Map="osek.map" -Xlinker --gc-sections -mcpu=cortex-m4 -mfpu=fpv4-sp-d16 -mfloat-abi=softfp -mthumb -T "osek_Debug.ld" -o "osek.axf"  ./src/ActivateTask.o ./src/CancelAlarm.o ./src/ChainTask.o ./src/ClearEvent.o ./src/GetActiveApplicationMode.o ./src/GetAlarm.o ./src/GetAlarmBase.o ./src/GetEvent.o ./src/GetResource.o ./src/GetTaskID.o ./src/GetTaskState.o ./src/Os.o ./src/Os_Arch.o ./src/Os_Cfg.o ./src/Os_Internal.o ./src/Os_Internal_Arch.o ./src/Os_Internal_Cfg.o ./src/PendSV.o ./src/ReleaseResource.o ./src/Schedule.o ./src/SetAbsAlarm.o ./src/SetEvent.o ./src/SetRelAlarm.o ./src/ShutdownOS.o ./src/StartOS.o ./src/StartOs_Arch.o ./src/TerminateTask.o ./src/WaitEvent.o ./src/blinking.o ./src/ciaaIO.o ./src/ciaaUART.o ./src/cr_startup_lpc43xx.o ./src/crp.o   -lCMSIS_LPC43xx_DriverLib
Finished building target: osek.axf
 
make --no-print-directory post-build
Performing post-build steps
arm-none-eabi-size "osek.axf"; # arm-none-eabi-objcopy -v -O binary "osek.axf" "osek.bin" ; # checksum -p LPC4337 -d "osek.bin";
   text	   data	    bss	    dec	    hex	filename
  21320	     88	   6688	  28096	   6dc0	osek.axf
 
12:24:24 **** Build of configuration Debug for project CMSIS_LPC43xx_DriverLib ****
make all 
make: Nothing to be done for `all'.
12:24:24 **** Build of configuration Debug for project osek ****
make all 
Building target: osek.axf
Invoking: MCU Linker
arm-none-eabi-gcc -nostdlib -L"/home/pablo/Documents/CIAA-Repositories/EOPT/workspace/CMSIS_LPC43xx_DriverLib/Debug" -Xlinker -Map="osek.map" -Xlinker --gc-sections -mcpu=cortex-m4 -mfpu=fpv4-sp-d16 -mfloat-abi=softfp -mthumb -T "osek_Debug.ld" -o "osek.axf"  ./src/ActivateTask.o ./src/CancelAlarm.o ./src/ChainTask.o ./src/ClearEvent.o ./src/GetActiveApplicationMode.o ./src/GetAlarm.o ./src/GetAlarmBase.o ./src/GetEvent.o ./src/GetResource.o ./src/GetTaskID.o ./src/GetTaskState.o ./src/Os.o ./src/Os_Arch.o ./src/Os_Cfg.o ./src/Os_Internal.o ./src/Os_Internal_Arch.o ./src/Os_Internal_Cfg.o ./src/PendSV.o ./src/ReleaseResource.o ./src/Schedule.o ./src/SetAbsAlarm.o ./src/SetEvent.o ./src/SetRelAlarm.o ./src/ShutdownOS.o ./src/StartOS.o ./src/StartOs_Arch.o ./src/TerminateTask.o ./src/WaitEvent.o ./src/blinking.o ./src/ciaaIO.o ./src/ciaaUART.o ./src/cr_startup_lpc43xx.o ./src/crp.o   -lCMSIS_LPC43xx_DriverLib
Finished building target: osek.axf
 
make --no-print-directory post-build
Performing post-build steps
arm-none-eabi-size "osek.axf"; # arm-none-eabi-objcopy -v -O binary "osek.axf" "osek.bin" ; # checksum -p LPC4337 -d "osek.bin";
   text	   data	    bss	    dec	    hex	filename
  21320	     88	   6688	  28096	   6dc0	osek.axf
 
12:27:19 **** Incremental Build of configuration Debug for project CMSIS_LPC43xx_DriverLib ****
make all 
make: Nothing to be done for `all'.
12:27:20 **** Incremental Build of configuration Debug for project osek ****
make all 
Building file: ../src/ciaaUART.c
Invoking: MCU C Compiler
arm-none-eabi-gcc -D__REDLIB__ -DCPU=lpc4337 -DDEBUG -D__CODE_RED -DCORE_M4 -D__USE_CMSIS=CMSIS_LPC43xx_DriverLib -D__LPC43XX__ -D__MULTICORE_NONE -I"/home/pablo/Documents/CIAA-Repositories/EOPT/workspace/CMSIS_LPC43xx_DriverLib/inc" -O0 -g3 -Wall -c -fmessage-length=0 -fno-builtin -ffunction-sections -fdata-sections -fsingle-precision-constant -mcpu=cortex-m4 -mfpu=fpv4-sp-d16 -mfloat-abi=softfp -mthumb -specs=redlib.specs -MMD -MP -MF"src/ciaaUART.d" -MT"src/ciaaUART.d" -o "src/ciaaUART.o" "../src/ciaaUART.c"
Finished building: ../src/ciaaUART.c
 
Building target: osek.axf
Invoking: MCU Linker
arm-none-eabi-gcc -nostdlib -L"/home/pablo/Documents/CIAA-Repositories/EOPT/workspace/CMSIS_LPC43xx_DriverLib/Debug" -Xlinker -Map="osek.map" -Xlinker --gc-sections -mcpu=cortex-m4 -mfpu=fpv4-sp-d16 -mfloat-abi=softfp -mthumb -T "osek_Debug.ld" -o "osek.axf"  ./src/ActivateTask.o ./src/CancelAlarm.o ./src/ChainTask.o ./src/ClearEvent.o ./src/GetActiveApplicationMode.o ./src/GetAlarm.o ./src/GetAlarmBase.o ./src/GetEvent.o ./src/GetResource.o ./src/GetTaskID.o ./src/GetTaskState.o ./src/Os.o ./src/Os_Arch.o ./src/Os_Cfg.o ./src/Os_Internal.o ./src/Os_Internal_Arch.o ./src/Os_Internal_Cfg.o ./src/PendSV.o ./src/ReleaseResource.o ./src/Schedule.o ./src/SetAbsAlarm.o ./src/SetEvent.o ./src/SetRelAlarm.o ./src/ShutdownOS.o ./src/StartOS.o ./src/StartOs_Arch.o ./src/TerminateTask.o ./src/WaitEvent.o ./src/blinking.o ./src/ciaaIO.o ./src/ciaaUART.o ./src/cr_startup_lpc43xx.o ./src/crp.o   -lCMSIS_LPC43xx_DriverLib
Finished building target: osek.axf
 
make --no-print-directory post-build
Performing post-build steps
arm-none-eabi-size "osek.axf"; # arm-none-eabi-objcopy -v -O binary "osek.axf" "osek.bin" ; # checksum -p LPC4337 -d "osek.bin";
   text	   data	    bss	    dec	    hex	filename
  21320	     88	   6688	  28096	   6dc0	osek.axf
 
12:28:32 **** Incremental Build of configuration Debug for project CMSIS_LPC43xx_DriverLib ****
make all 
make: Nothing to be done for `all'.
12:28:33 **** Incremental Build of configuration Debug for project osek ****
make all 
Building file: ../src/blinking.c
Invoking: MCU C Compiler
arm-none-eabi-gcc -D__REDLIB__ -DCPU=lpc4337 -DDEBUG -D__CODE_RED -DCORE_M4 -D__USE_CMSIS=CMSIS_LPC43xx_DriverLib -D__LPC43XX__ -D__MULTICORE_NONE -I"/home/pablo/Documents/CIAA-Repositories/EOPT/workspace/CMSIS_LPC43xx_DriverLib/inc" -O0 -g3 -Wall -c -fmessage-length=0 -fno-builtin -ffunction-sections -fdata-sections -fsingle-precision-constant -mcpu=cortex-m4 -mfpu=fpv4-sp-d16 -mfloat-abi=softfp -mthumb -specs=redlib.specs -MMD -MP -MF"src/blinking.d" -MT"src/blinking.d" -o "src/blinking.o" "../src/blinking.c"
In file included from ../src/Types.h:67:0,
                 from ../src/os.h:76,
                 from ../src/blinking.c:61:
/home/pablo/Documents/CIAA-Repositories/EOPT/workspace/CMSIS_LPC43xx_DriverLib/inc/lpc_types.h:204:0: warning: "INLINE" redefined [enabled by default]
 #define INLINE inline
 ^
In file included from ../src/Types.h:66:0,
                 from ../src/os.h:76,
                 from ../src/blinking.c:61:
../src/Compiler.h:94:0: note: this is the location of the previous definition
 #define INLINE
 ^
In file included from ../src/os.h:76:0,
                 from ../src/blinking.c:61:
../src/Types.h:105:0: warning: "INLINE" redefined [enabled by default]
 #define INLINE
 ^
In file included from ../src/Types.h:67:0,
                 from ../src/os.h:76,
                 from ../src/blinking.c:61:
/home/pablo/Documents/CIAA-Repositories/EOPT/workspace/CMSIS_LPC43xx_DriverLib/inc/lpc_types.h:204:0: note: this is the location of the previous definition
 #define INLINE inline
 ^
In file included from ../src/Types.h:127:0,
                 from ../src/os.h:76,
                 from ../src/blinking.c:61:
../src/Types_Arch.h:71:0: warning: "NULL" redefined [enabled by default]
 #define NULL ((void *)0)
 ^
In file included from ../src/Types.h:67:0,
                 from ../src/os.h:76,
                 from ../src/blinking.c:61:
/home/pablo/Documents/CIAA-Repositories/EOPT/workspace/CMSIS_LPC43xx_DriverLib/inc/lpc_types.h:137:0: note: this is the location of the previous definition
 #define NULL ((void*) 0)
 ^
../src/blinking.c: In function 'main':
../src/blinking.c:98:2: warning: implicit declaration of function 'printf' [-Wimplicit-function-declaration]
  printf("[main]StartOS\n");
  ^
Finished building: ../src/blinking.c
 
Building target: osek.axf
Invoking: MCU Linker
arm-none-eabi-gcc -nostdlib -L"/home/pablo/Documents/CIAA-Repositories/EOPT/workspace/CMSIS_LPC43xx_DriverLib/Debug" -Xlinker -Map="osek.map" -Xlinker --gc-sections -mcpu=cortex-m4 -mfpu=fpv4-sp-d16 -mfloat-abi=softfp -mthumb -T "osek_Debug.ld" -o "osek.axf"  ./src/ActivateTask.o ./src/CancelAlarm.o ./src/ChainTask.o ./src/ClearEvent.o ./src/GetActiveApplicationMode.o ./src/GetAlarm.o ./src/GetAlarmBase.o ./src/GetEvent.o ./src/GetResource.o ./src/GetTaskID.o ./src/GetTaskState.o ./src/Os.o ./src/Os_Arch.o ./src/Os_Cfg.o ./src/Os_Internal.o ./src/Os_Internal_Arch.o ./src/Os_Internal_Cfg.o ./src/PendSV.o ./src/ReleaseResource.o ./src/Schedule.o ./src/SetAbsAlarm.o ./src/SetEvent.o ./src/SetRelAlarm.o ./src/ShutdownOS.o ./src/StartOS.o ./src/StartOs_Arch.o ./src/TerminateTask.o ./src/WaitEvent.o ./src/blinking.o ./src/ciaaIO.o ./src/ciaaUART.o ./src/cr_startup_lpc43xx.o ./src/crp.o   -lCMSIS_LPC43xx_DriverLib
Finished building target: osek.axf
 
make --no-print-directory post-build
Performing post-build steps
arm-none-eabi-size "osek.axf"; # arm-none-eabi-objcopy -v -O binary "osek.axf" "osek.bin" ; # checksum -p LPC4337 -d "osek.bin";
   text	   data	    bss	    dec	    hex	filename
  22104	     88	   6688	  28880	   70d0	osek.axf
 
12:28:42 **** Incremental Build of configuration Debug for project CMSIS_LPC43xx_DriverLib ****
make all 
make: Nothing to be done for `all'.
12:28:42 **** Incremental Build of configuration Debug for project osek ****
make all 
make: Nothing to be done for `all'.
12:30:08 **** Incremental Build of configuration Debug for project CMSIS_LPC43xx_DriverLib ****
make all 
make: Nothing to be done for `all'.
12:30:08 **** Incremental Build of configuration Debug for project osek ****
make all 
Building file: ../src/blinking.c
Invoking: MCU C Compiler
arm-none-eabi-gcc -D__REDLIB__ -DCPU=lpc4337 -DDEBUG -D__CODE_RED -DCORE_M4 -D__USE_CMSIS=CMSIS_LPC43xx_DriverLib -D__LPC43XX__ -D__MULTICORE_NONE -I"/home/pablo/Documents/CIAA-Repositories/EOPT/workspace/CMSIS_LPC43xx_DriverLib/inc" -O0 -g3 -Wall -c -fmessage-length=0 -fno-builtin -ffunction-sections -fdata-sections -fsingle-precision-constant -mcpu=cortex-m4 -mfpu=fpv4-sp-d16 -mfloat-abi=softfp -mthumb -specs=redlib.specs -MMD -MP -MF"src/blinking.d" -MT"src/blinking.d" -o "src/blinking.o" "../src/blinking.c"
In file included from ../src/Types.h:67:0,
                 from ../src/os.h:76,
                 from ../src/blinking.c:61:
/home/pablo/Documents/CIAA-Repositories/EOPT/workspace/CMSIS_LPC43xx_DriverLib/inc/lpc_types.h:204:0: warning: "INLINE" redefined [enabled by default]
 #define INLINE inline
 ^
In file included from ../src/Types.h:66:0,
                 from ../src/os.h:76,
                 from ../src/blinking.c:61:
../src/Compiler.h:94:0: note: this is the location of the previous definition
 #define INLINE
 ^
In file included from ../src/os.h:76:0,
                 from ../src/blinking.c:61:
../src/Types.h:105:0: warning: "INLINE" redefined [enabled by default]
 #define INLINE
 ^
In file included from ../src/Types.h:67:0,
                 from ../src/os.h:76,
                 from ../src/blinking.c:61:
/home/pablo/Documents/CIAA-Repositories/EOPT/workspace/CMSIS_LPC43xx_DriverLib/inc/lpc_types.h:204:0: note: this is the location of the previous definition
 #define INLINE inline
 ^
In file included from ../src/Types.h:127:0,
                 from ../src/os.h:76,
                 from ../src/blinking.c:61:
../src/Types_Arch.h:71:0: warning: "NULL" redefined [enabled by default]
 #define NULL ((void *)0)
 ^
In file included from ../src/Types.h:67:0,
                 from ../src/os.h:76,
                 from ../src/blinking.c:61:
/home/pablo/Documents/CIAA-Repositories/EOPT/workspace/CMSIS_LPC43xx_DriverLib/inc/lpc_types.h:137:0: note: this is the location of the previous definition
 #define NULL ((void*) 0)
 ^
../src/blinking.c: In function 'main':
../src/blinking.c:99:2: warning: implicit declaration of function 'printf' [-Wimplicit-function-declaration]
  printf("[main]StartOS\n");
  ^
Finished building: ../src/blinking.c
 
Building target: osek.axf
Invoking: MCU Linker
arm-none-eabi-gcc -nostdlib -L"/home/pablo/Documents/CIAA-Repositories/EOPT/workspace/CMSIS_LPC43xx_DriverLib/Debug" -Xlinker -Map="osek.map" -Xlinker --gc-sections -mcpu=cortex-m4 -mfpu=fpv4-sp-d16 -mfloat-abi=softfp -mthumb -T "osek_Debug.ld" -o "osek.axf"  ./src/ActivateTask.o ./src/CancelAlarm.o ./src/ChainTask.o ./src/ClearEvent.o ./src/GetActiveApplicationMode.o ./src/GetAlarm.o ./src/GetAlarmBase.o ./src/GetEvent.o ./src/GetResource.o ./src/GetTaskID.o ./src/GetTaskState.o ./src/Os.o ./src/Os_Arch.o ./src/Os_Cfg.o ./src/Os_Internal.o ./src/Os_Internal_Arch.o ./src/Os_Internal_Cfg.o ./src/PendSV.o ./src/ReleaseResource.o ./src/Schedule.o ./src/SetAbsAlarm.o ./src/SetEvent.o ./src/SetRelAlarm.o ./src/ShutdownOS.o ./src/StartOS.o ./src/StartOs_Arch.o ./src/TerminateTask.o ./src/WaitEvent.o ./src/blinking.o ./src/ciaaIO.o ./src/ciaaUART.o ./src/cr_startup_lpc43xx.o ./src/crp.o   -lCMSIS_LPC43xx_DriverLib
Finished building target: osek.axf
 
make --no-print-directory post-build
Performing post-build steps
arm-none-eabi-size "osek.axf"; # arm-none-eabi-objcopy -v -O binary "osek.axf" "osek.bin" ; # checksum -p LPC4337 -d "osek.bin";
   text	   data	    bss	    dec	    hex	filename
  22104	     88	   6688	  28880	   70d0	osek.axf
 
