09:54:48 **** Incremental Build of configuration Debug for project CMSIS_LPC43xx_DriverLib ****
make all 
make: Nothing to be done for `all'.
09:54:48 **** Incremental Build of configuration Debug for project CMSIS_LPC43xx_DriverLib-M0 ****
make all 
make: Nothing to be done for `all'.
09:54:49 **** Incremental Build of configuration Debug for project CIAA-Demo-M0 ****
make all 
make: Nothing to be done for `all'.
09:54:49 **** Incremental Build of configuration Debug for project CIAA-Demo ****
make all 
Building target: CIAA-Demo.axf
Invoking: MCU Linker
arm-none-eabi-gcc -nostdlib -L"/home/pablo/Documents/CIAA-Repositories/EOPT/workspace/CMSIS_LPC43xx_DriverLib/Debug" -Xlinker -Map="CIAA-Demo.map" -Xlinker --gc-sections -mcpu=cortex-m4 -mfpu=fpv4-sp-d16 -mfloat-abi=softfp -mthumb -T "CIAA-Demo_Debug.ld" -o "CIAA-Demo.axf"  ./src/Emac/src/emac.o ./src/Emac/src/tcpip.o ./src/Emac/src/webserver.o  ./src/ciaaAOUT.o ./src/ciaaI2C.o ./src/ciaaIO.o ./src/ciaaUART.o ./src/cr_start_m0.o ./src/cr_startup_lpc43xx.o ./src/crp.o ./src/database.o ./src/main.o  /home/pablo/Documents/CIAA-Repositories/EOPT/workspace/CIAA-Demo-M0/Debug/CIAA-Demo-M0.axf.o -lCMSIS_LPC43xx_DriverLib
Finished building target: CIAA-Demo.axf
 
make --no-print-directory post-build
Performing post-build steps
arm-none-eabi-size "CIAA-Demo.axf"; # arm-none-eabi-objcopy -v -O binary "CIAA-Demo.axf" "CIAA-Demo.bin" ; # checksum -p LPC4337 -d "CIAA-Demo.bin";
   text	   data	    bss	    dec	    hex	filename
  50588	   2244	   4896	  57728	   e180	CIAA-Demo.axf
 
09:58:26 **** Incremental Build of configuration Debug for project CMSIS_LPC43xx_DriverLib ****
make all 
make: Nothing to be done for `all'.
09:58:27 **** Incremental Build of configuration Debug for project CMSIS_LPC43xx_DriverLib-M0 ****
make all 
make: Nothing to be done for `all'.
09:58:27 **** Incremental Build of configuration Debug for project CIAA-Demo-M0 ****
make all 
make: Nothing to be done for `all'.
09:58:28 **** Incremental Build of configuration Debug for project CIAA-Demo ****
make all 
Building file: ../src/main.c
Invoking: MCU C Compiler
arm-none-eabi-gcc -D__NEWLIB__ -DDEBUG -D__CODE_RED -DCORE_M4 -D__USE_CMSIS=CMSIS_LPC43xx_DriverLib -D__LPC43XX__ -DLPC43_MULTICORE_M0APP -D__MULTICORE_MASTER -I"/home/pablo/Documents/CIAA-Repositories/EOPT/workspace/CIAA-Demo/src" -I"/home/pablo/Documents/CIAA-Repositories/EOPT/workspace/CIAA-Demo/src/Emac/inc" -I"/home/pablo/Documents/CIAA-Repositories/EOPT/workspace/CMSIS_LPC43xx_DriverLib/inc" -O0 -g3 -Wall -c -fmessage-length=0 -fno-builtin -ffunction-sections -fdata-sections -fsingle-precision-constant -mcpu=cortex-m4 -mfpu=fpv4-sp-d16 -mfloat-abi=softfp -mthumb -D__NEWLIB__ -MMD -MP -MF"src/main.d" -MT"src/main.d" -o "src/main.o" "../src/main.c"
../src/main.c: In function 'setupHardware':
../src/main.c:122:2: warning: implicit declaration of function 'ciaaAOUTInit' [-Wimplicit-function-declaration]
  ciaaAOUTInit();
  ^
../src/main.c:127:3: warning: implicit declaration of function 'ciaaAOUTSet' [-Wimplicit-function-declaration]
   ciaaAOUTSet(i);
   ^
Finished building: ../src/main.c
 
Building target: CIAA-Demo.axf
Invoking: MCU Linker
arm-none-eabi-gcc -nostdlib -L"/home/pablo/Documents/CIAA-Repositories/EOPT/workspace/CMSIS_LPC43xx_DriverLib/Debug" -Xlinker -Map="CIAA-Demo.map" -Xlinker --gc-sections -mcpu=cortex-m4 -mfpu=fpv4-sp-d16 -mfloat-abi=softfp -mthumb -T "CIAA-Demo_Debug.ld" -o "CIAA-Demo.axf"  ./src/Emac/src/emac.o ./src/Emac/src/tcpip.o ./src/Emac/src/webserver.o  ./src/ciaaAOUT.o ./src/ciaaI2C.o ./src/ciaaIO.o ./src/ciaaUART.o ./src/cr_start_m0.o ./src/cr_startup_lpc43xx.o ./src/crp.o ./src/database.o ./src/main.o  /home/pablo/Documents/CIAA-Repositories/EOPT/workspace/CIAA-Demo-M0/Debug/CIAA-Demo-M0.axf.o -lCMSIS_LPC43xx_DriverLib
Finished building target: CIAA-Demo.axf
 
make --no-print-directory post-build
Performing post-build steps
arm-none-eabi-size "CIAA-Demo.axf"; # arm-none-eabi-objcopy -v -O binary "CIAA-Demo.axf" "CIAA-Demo.bin" ; # checksum -p LPC4337 -d "CIAA-Demo.bin";
   text	   data	    bss	    dec	    hex	filename
  50852	   2244	   4896	  57992	   e288	CIAA-Demo.axf
 
09:59:00 **** Incremental Build of configuration Debug for project CMSIS_LPC43xx_DriverLib ****
make all 
make: Nothing to be done for `all'.
09:59:01 **** Incremental Build of configuration Debug for project CMSIS_LPC43xx_DriverLib-M0 ****
make all 
make: Nothing to be done for `all'.
09:59:01 **** Incremental Build of configuration Debug for project CIAA-Demo-M0 ****
make all 
make: Nothing to be done for `all'.
09:59:01 **** Incremental Build of configuration Debug for project CIAA-Demo ****
make all 
make: Nothing to be done for `all'.
09:59:20 **** Incremental Build of configuration Debug for project CMSIS_LPC43xx_DriverLib ****
make all 
make: Nothing to be done for `all'.
09:59:21 **** Incremental Build of configuration Debug for project CMSIS_LPC43xx_DriverLib-M0 ****
make all 
make: Nothing to be done for `all'.
09:59:21 **** Incremental Build of configuration Debug for project CIAA-Demo-M0 ****
make all 
make: Nothing to be done for `all'.
09:59:21 **** Incremental Build of configuration Debug for project CIAA-Demo ****
make all 
make: Nothing to be done for `all'.
10:00:10 **** Incremental Build of configuration Debug for project CMSIS_LPC43xx_DriverLib ****
make all 
make: Nothing to be done for `all'.
10:00:10 **** Incremental Build of configuration Debug for project CMSIS_LPC43xx_DriverLib-M0 ****
make all 
make: Nothing to be done for `all'.
10:00:10 **** Incremental Build of configuration Debug for project CIAA-Demo-M0 ****
make all 
make: Nothing to be done for `all'.
10:00:11 **** Incremental Build of configuration Debug for project CIAA-Demo ****
make all 
make: Nothing to be done for `all'.
10:00:22 **** Incremental Build of configuration Debug for project CMSIS_LPC43xx_DriverLib ****
make all 
make: Nothing to be done for `all'.
10:00:23 **** Incremental Build of configuration Debug for project CMSIS_LPC43xx_DriverLib-M0 ****
make all 
make: Nothing to be done for `all'.
10:00:23 **** Incremental Build of configuration Debug for project CIAA-Demo-M0 ****
make all 
make: Nothing to be done for `all'.
10:00:24 **** Incremental Build of configuration Debug for project CIAA-Demo ****
make all 
make: Nothing to be done for `all'.
10:00:40 **** Incremental Build of configuration Debug for project CMSIS_LPC43xx_DriverLib ****
make all 
make: Nothing to be done for `all'.
10:00:40 **** Incremental Build of configuration Debug for project CMSIS_LPC43xx_DriverLib-M0 ****
make all 
make: Nothing to be done for `all'.
10:00:41 **** Incremental Build of configuration Debug for project CIAA-Demo-M0 ****
make all 
make: Nothing to be done for `all'.
10:00:41 **** Incremental Build of configuration Debug for project CIAA-Demo ****
make all 
make: Nothing to be done for `all'.
10:14:04 **** Incremental Build of configuration Debug for project CMSIS_LPC43xx_DriverLib ****
make all 
make: Nothing to be done for `all'.
10:14:04 **** Incremental Build of configuration Debug for project CMSIS_LPC43xx_DriverLib-M0 ****
make all 
make: Nothing to be done for `all'.
10:14:04 **** Incremental Build of configuration Debug for project CIAA-Demo-M0 ****
make all 
make: Nothing to be done for `all'.
10:14:05 **** Incremental Build of configuration Debug for project CIAA-Demo ****
make all 
Building file: ../src/ciaaAOUT.c
Invoking: MCU C Compiler
arm-none-eabi-gcc -D__NEWLIB__ -DDEBUG -D__CODE_RED -DCORE_M4 -D__USE_CMSIS=CMSIS_LPC43xx_DriverLib -D__LPC43XX__ -DLPC43_MULTICORE_M0APP -D__MULTICORE_MASTER -I"/home/pablo/Documents/CIAA-Repositories/EOPT/workspace/CIAA-Demo/src" -I"/home/pablo/Documents/CIAA-Repositories/EOPT/workspace/CIAA-Demo/src/Emac/inc" -I"/home/pablo/Documents/CIAA-Repositories/EOPT/workspace/CMSIS_LPC43xx_DriverLib/inc" -O0 -g3 -Wall -c -fmessage-length=0 -fno-builtin -ffunction-sections -fdata-sections -fsingle-precision-constant -mcpu=cortex-m4 -mfpu=fpv4-sp-d16 -mfloat-abi=softfp -mthumb -D__NEWLIB__ -MMD -MP -MF"src/ciaaAOUT.d" -MT"src/ciaaAOUT.d" -o "src/ciaaAOUT.o" "../src/ciaaAOUT.c"
Finished building: ../src/ciaaAOUT.c
 
Building file: ../src/main.c
Invoking: MCU C Compiler
arm-none-eabi-gcc -D__NEWLIB__ -DDEBUG -D__CODE_RED -DCORE_M4 -D__USE_CMSIS=CMSIS_LPC43xx_DriverLib -D__LPC43XX__ -DLPC43_MULTICORE_M0APP -D__MULTICORE_MASTER -I"/home/pablo/Documents/CIAA-Repositories/EOPT/workspace/CIAA-Demo/src" -I"/home/pablo/Documents/CIAA-Repositories/EOPT/workspace/CIAA-Demo/src/Emac/inc" -I"/home/pablo/Documents/CIAA-Repositories/EOPT/workspace/CMSIS_LPC43xx_DriverLib/inc" -O0 -g3 -Wall -c -fmessage-length=0 -fno-builtin -ffunction-sections -fdata-sections -fsingle-precision-constant -mcpu=cortex-m4 -mfpu=fpv4-sp-d16 -mfloat-abi=softfp -mthumb -D__NEWLIB__ -MMD -MP -MF"src/main.d" -MT"src/main.d" -o "src/main.o" "../src/main.c"
../src/main.c: In function 'setupHardware':
../src/main.c:122:2: warning: implicit declaration of function 'ciaaAOUTInit' [-Wimplicit-function-declaration]
  ciaaAOUTInit();
  ^
../src/main.c:127:3: warning: implicit declaration of function 'ciaaAOUTSet' [-Wimplicit-function-declaration]
   ciaaAOUTSet(i);
   ^
Finished building: ../src/main.c
 
Building target: CIAA-Demo.axf
Invoking: MCU Linker
arm-none-eabi-gcc -nostdlib -L"/home/pablo/Documents/CIAA-Repositories/EOPT/workspace/CMSIS_LPC43xx_DriverLib/Debug" -Xlinker -Map="CIAA-Demo.map" -Xlinker --gc-sections -mcpu=cortex-m4 -mfpu=fpv4-sp-d16 -mfloat-abi=softfp -mthumb -T "CIAA-Demo_Debug.ld" -o "CIAA-Demo.axf"  ./src/Emac/src/emac.o ./src/Emac/src/tcpip.o ./src/Emac/src/webserver.o  ./src/ciaaAOUT.o ./src/ciaaI2C.o ./src/ciaaIO.o ./src/ciaaUART.o ./src/cr_start_m0.o ./src/cr_startup_lpc43xx.o ./src/crp.o ./src/database.o ./src/main.o  /home/pablo/Documents/CIAA-Repositories/EOPT/workspace/CIAA-Demo-M0/Debug/CIAA-Demo-M0.axf.o -lCMSIS_LPC43xx_DriverLib
Finished building target: CIAA-Demo.axf
 
make --no-print-directory post-build
Performing post-build steps
arm-none-eabi-size "CIAA-Demo.axf"; # arm-none-eabi-objcopy -v -O binary "CIAA-Demo.axf" "CIAA-Demo.bin" ; # checksum -p LPC4337 -d "CIAA-Demo.bin";
   text	   data	    bss	    dec	    hex	filename
  50852	   2244	   4896	  57992	   e288	CIAA-Demo.axf
 
10:15:32 **** Incremental Build of configuration Debug for project CMSIS_LPC43xx_DriverLib ****
make all 
make: Nothing to be done for `all'.
10:15:32 **** Incremental Build of configuration Debug for project CMSIS_LPC43xx_DriverLib-M0 ****
make all 
make: Nothing to be done for `all'.
10:15:33 **** Incremental Build of configuration Debug for project CIAA-Demo-M0 ****
make all 
make: Nothing to be done for `all'.
10:15:33 **** Incremental Build of configuration Debug for project CIAA-Demo ****
make all 
Building file: ../src/ciaaAOUT.c
Invoking: MCU C Compiler
arm-none-eabi-gcc -D__NEWLIB__ -DDEBUG -D__CODE_RED -DCORE_M4 -D__USE_CMSIS=CMSIS_LPC43xx_DriverLib -D__LPC43XX__ -DLPC43_MULTICORE_M0APP -D__MULTICORE_MASTER -I"/home/pablo/Documents/CIAA-Repositories/EOPT/workspace/CIAA-Demo/src" -I"/home/pablo/Documents/CIAA-Repositories/EOPT/workspace/CIAA-Demo/src/Emac/inc" -I"/home/pablo/Documents/CIAA-Repositories/EOPT/workspace/CMSIS_LPC43xx_DriverLib/inc" -O0 -g3 -Wall -c -fmessage-length=0 -fno-builtin -ffunction-sections -fdata-sections -fsingle-precision-constant -mcpu=cortex-m4 -mfpu=fpv4-sp-d16 -mfloat-abi=softfp -mthumb -D__NEWLIB__ -MMD -MP -MF"src/ciaaAOUT.d" -MT"src/ciaaAOUT.d" -o "src/ciaaAOUT.o" "../src/ciaaAOUT.c"
Finished building: ../src/ciaaAOUT.c
 
Building file: ../src/main.c
Invoking: MCU C Compiler
arm-none-eabi-gcc -D__NEWLIB__ -DDEBUG -D__CODE_RED -DCORE_M4 -D__USE_CMSIS=CMSIS_LPC43xx_DriverLib -D__LPC43XX__ -DLPC43_MULTICORE_M0APP -D__MULTICORE_MASTER -I"/home/pablo/Documents/CIAA-Repositories/EOPT/workspace/CIAA-Demo/src" -I"/home/pablo/Documents/CIAA-Repositories/EOPT/workspace/CIAA-Demo/src/Emac/inc" -I"/home/pablo/Documents/CIAA-Repositories/EOPT/workspace/CMSIS_LPC43xx_DriverLib/inc" -O0 -g3 -Wall -c -fmessage-length=0 -fno-builtin -ffunction-sections -fdata-sections -fsingle-precision-constant -mcpu=cortex-m4 -mfpu=fpv4-sp-d16 -mfloat-abi=softfp -mthumb -D__NEWLIB__ -MMD -MP -MF"src/main.d" -MT"src/main.d" -o "src/main.o" "../src/main.c"
Finished building: ../src/main.c
 
Building target: CIAA-Demo.axf
Invoking: MCU Linker
arm-none-eabi-gcc -nostdlib -L"/home/pablo/Documents/CIAA-Repositories/EOPT/workspace/CMSIS_LPC43xx_DriverLib/Debug" -Xlinker -Map="CIAA-Demo.map" -Xlinker --gc-sections -mcpu=cortex-m4 -mfpu=fpv4-sp-d16 -mfloat-abi=softfp -mthumb -T "CIAA-Demo_Debug.ld" -o "CIAA-Demo.axf"  ./src/Emac/src/emac.o ./src/Emac/src/tcpip.o ./src/Emac/src/webserver.o  ./src/ciaaAOUT.o ./src/ciaaI2C.o ./src/ciaaIO.o ./src/ciaaUART.o ./src/cr_start_m0.o ./src/cr_startup_lpc43xx.o ./src/crp.o ./src/database.o ./src/main.o  /home/pablo/Documents/CIAA-Repositories/EOPT/workspace/CIAA-Demo-M0/Debug/CIAA-Demo-M0.axf.o -lCMSIS_LPC43xx_DriverLib
Finished building target: CIAA-Demo.axf
 
make --no-print-directory post-build
Performing post-build steps
arm-none-eabi-size "CIAA-Demo.axf"; # arm-none-eabi-objcopy -v -O binary "CIAA-Demo.axf" "CIAA-Demo.bin" ; # checksum -p LPC4337 -d "CIAA-Demo.bin";
   text	   data	    bss	    dec	    hex	filename
  50860	   2244	   4896	  58000	   e290	CIAA-Demo.axf
 
10:15:38 **** Incremental Build of configuration Debug for project CMSIS_LPC43xx_DriverLib ****
make all 
make: Nothing to be done for `all'.
10:15:39 **** Incremental Build of configuration Debug for project CMSIS_LPC43xx_DriverLib-M0 ****
make all 
make: Nothing to be done for `all'.
10:15:39 **** Incremental Build of configuration Debug for project CIAA-Demo-M0 ****
make all 
make: Nothing to be done for `all'.
10:15:39 **** Incremental Build of configuration Debug for project CIAA-Demo ****
make all 
make: Nothing to be done for `all'.
10:16:10 **** Incremental Build of configuration Debug for project CMSIS_LPC43xx_DriverLib ****
make all 
make: Nothing to be done for `all'.
10:16:10 **** Incremental Build of configuration Debug for project CMSIS_LPC43xx_DriverLib-M0 ****
make all 
make: Nothing to be done for `all'.
10:16:10 **** Incremental Build of configuration Debug for project CIAA-Demo-M0 ****
make all 
make: Nothing to be done for `all'.
10:16:11 **** Incremental Build of configuration Debug for project CIAA-Demo ****
make all 
Building file: ../src/main.c
Invoking: MCU C Compiler
arm-none-eabi-gcc -D__NEWLIB__ -DDEBUG -D__CODE_RED -DCORE_M4 -D__USE_CMSIS=CMSIS_LPC43xx_DriverLib -D__LPC43XX__ -DLPC43_MULTICORE_M0APP -D__MULTICORE_MASTER -I"/home/pablo/Documents/CIAA-Repositories/EOPT/workspace/CIAA-Demo/src" -I"/home/pablo/Documents/CIAA-Repositories/EOPT/workspace/CIAA-Demo/src/Emac/inc" -I"/home/pablo/Documents/CIAA-Repositories/EOPT/workspace/CMSIS_LPC43xx_DriverLib/inc" -O0 -g3 -Wall -c -fmessage-length=0 -fno-builtin -ffunction-sections -fdata-sections -fsingle-precision-constant -mcpu=cortex-m4 -mfpu=fpv4-sp-d16 -mfloat-abi=softfp -mthumb -D__NEWLIB__ -MMD -MP -MF"src/main.d" -MT"src/main.d" -o "src/main.o" "../src/main.c"
Finished building: ../src/main.c
 
Building target: CIAA-Demo.axf
Invoking: MCU Linker
arm-none-eabi-gcc -nostdlib -L"/home/pablo/Documents/CIAA-Repositories/EOPT/workspace/CMSIS_LPC43xx_DriverLib/Debug" -Xlinker -Map="CIAA-Demo.map" -Xlinker --gc-sections -mcpu=cortex-m4 -mfpu=fpv4-sp-d16 -mfloat-abi=softfp -mthumb -T "CIAA-Demo_Debug.ld" -o "CIAA-Demo.axf"  ./src/Emac/src/emac.o ./src/Emac/src/tcpip.o ./src/Emac/src/webserver.o  ./src/ciaaAOUT.o ./src/ciaaI2C.o ./src/ciaaIO.o ./src/ciaaUART.o ./src/cr_start_m0.o ./src/cr_startup_lpc43xx.o ./src/crp.o ./src/database.o ./src/main.o  /home/pablo/Documents/CIAA-Repositories/EOPT/workspace/CIAA-Demo-M0/Debug/CIAA-Demo-M0.axf.o -lCMSIS_LPC43xx_DriverLib
Finished building target: CIAA-Demo.axf
 
make --no-print-directory post-build
Performing post-build steps
arm-none-eabi-size "CIAA-Demo.axf"; # arm-none-eabi-objcopy -v -O binary "CIAA-Demo.axf" "CIAA-Demo.bin" ; # checksum -p LPC4337 -d "CIAA-Demo.bin";
   text	   data	    bss	    dec	    hex	filename
  50908	   2244	   4896	  58048	   e2c0	CIAA-Demo.axf
 
11:26:13 **** Incremental Build of configuration Debug for project CMSIS_LPC43xx_DriverLib ****
make all 
make: Nothing to be done for `all'.
11:26:13 **** Incremental Build of configuration Debug for project CMSIS_LPC43xx_DriverLib-M0 ****
make all 
make: Nothing to be done for `all'.
11:26:14 **** Incremental Build of configuration Debug for project CIAA-Demo-M0 ****
make all 
Building target: CIAA-Demo-M0.axf
Invoking: MCU Linker
arm-none-eabi-gcc -nostdlib -L"/home/pablo/Documents/CIAA-Repositories/EOPT/workspace/CMSIS_LPC43xx_DriverLib-M0/Debug" -L"/home/pablo/Documents/CIAA-Repositories/EOPT/workspace/CMSIS_DSPLIB_CM0/lib" -Xlinker -Map="CIAA-Demo-M0.map" -Xlinker --gc-sections -mcpu=cortex-m0 -mthumb -T "CIAA-Demo-M0_Debug.ld" -o "CIAA-Demo-M0.axf"  ./src/cr_startup_lpc43xx-m0app.o ./src/main_m0.o   -lCMSIS_LPC43xx_DriverLib-M0 -lCMSIS_DSPLIB_CM0 && arm-none-eabi-objcopy --target elf32-littlearm --verbose --strip-all --redefine-sym __vectors_start__=__vectors_start___core_m0app --keep-symbol __vectors_start___core_m0app --rename-section .text=".core_m0app" --rename-section .data=".core_m0app.data" "CIAA-Demo-M0.axf" "CIAA-Demo-M0.axf.o"
copy from `CIAA-Demo-M0.axf' [elf32-littlearm] to `CIAA-Demo-M0.axf.o' [elf32-littlearm]
Finished building target: CIAA-Demo-M0.axf
 
make --no-print-directory post-build
Performing post-build steps
arm-none-eabi-size "CIAA-Demo-M0.axf"; # arm-none-eabi-objcopy -v -O binary "CIAA-Demo-M0.axf" "CIAA-Demo-M0.bin" ; # checksum -p LPC4337_M0 -d "CIAA-Demo-M0.bin";
   text	   data	    bss	    dec	    hex	filename
    648	      0	      4	    652	    28c	CIAA-Demo-M0.axf
 
11:26:14 **** Incremental Build of configuration Debug for project CIAA-Demo ****
make all 
Building target: CIAA-Demo.axf
Invoking: MCU Linker
arm-none-eabi-gcc -nostdlib -L"/home/pablo/Documents/CIAA-Repositories/EOPT/workspace/CMSIS_LPC43xx_DriverLib/Debug" -Xlinker -Map="CIAA-Demo.map" -Xlinker --gc-sections -mcpu=cortex-m4 -mfpu=fpv4-sp-d16 -mfloat-abi=softfp -mthumb -T "CIAA-Demo_Debug.ld" -o "CIAA-Demo.axf"  ./src/Emac/src/emac.o ./src/Emac/src/tcpip.o ./src/Emac/src/webserver.o  ./src/ciaaAOUT.o ./src/ciaaI2C.o ./src/ciaaIO.o ./src/ciaaUART.o ./src/cr_start_m0.o ./src/cr_startup_lpc43xx.o ./src/crp.o ./src/database.o ./src/main.o  /home/pablo/Documents/CIAA-Repositories/EOPT/workspace/CIAA-Demo-M0/Debug/CIAA-Demo-M0.axf.o -lCMSIS_LPC43xx_DriverLib
Finished building target: CIAA-Demo.axf
 
make --no-print-directory post-build
Performing post-build steps
arm-none-eabi-size "CIAA-Demo.axf"; # arm-none-eabi-objcopy -v -O binary "CIAA-Demo.axf" "CIAA-Demo.bin" ; # checksum -p LPC4337 -d "CIAA-Demo.bin";
   text	   data	    bss	    dec	    hex	filename
  50908	   2244	   4896	  58048	   e2c0	CIAA-Demo.axf
 
11:28:33 **** Incremental Build of configuration Debug for project CMSIS_LPC43xx_DriverLib ****
make all 
make: Nothing to be done for `all'.
11:28:33 **** Incremental Build of configuration Debug for project CMSIS_LPC43xx_DriverLib-M0 ****
make all 
make: Nothing to be done for `all'.
11:28:34 **** Incremental Build of configuration Debug for project CIAA-Demo-M0 ****
make all 
make: Nothing to be done for `all'.
11:28:34 **** Incremental Build of configuration Debug for project CIAA-Demo ****
make all 
Building file: ../src/main.c
Invoking: MCU C Compiler
arm-none-eabi-gcc -D__NEWLIB__ -DDEBUG -D__CODE_RED -DCORE_M4 -D__USE_CMSIS=CMSIS_LPC43xx_DriverLib -D__LPC43XX__ -DLPC43_MULTICORE_M0APP -D__MULTICORE_MASTER -I"/home/pablo/Documents/CIAA-Repositories/EOPT/workspace/CIAA-Demo/src" -I"/home/pablo/Documents/CIAA-Repositories/EOPT/workspace/CIAA-Demo/src/Emac/inc" -I"/home/pablo/Documents/CIAA-Repositories/EOPT/workspace/CMSIS_LPC43xx_DriverLib/inc" -O0 -g3 -Wall -c -fmessage-length=0 -fno-builtin -ffunction-sections -fdata-sections -fsingle-precision-constant -mcpu=cortex-m4 -mfpu=fpv4-sp-d16 -mfloat-abi=softfp -mthumb -D__NEWLIB__ -MMD -MP -MF"src/main.d" -MT"src/main.d" -o "src/main.o" "../src/main.c"
Finished building: ../src/main.c
 
Building target: CIAA-Demo.axf
Invoking: MCU Linker
arm-none-eabi-gcc -nostdlib -L"/home/pablo/Documents/CIAA-Repositories/EOPT/workspace/CMSIS_LPC43xx_DriverLib/Debug" -Xlinker -Map="CIAA-Demo.map" -Xlinker --gc-sections -mcpu=cortex-m4 -mfpu=fpv4-sp-d16 -mfloat-abi=softfp -mthumb -T "CIAA-Demo_Debug.ld" -o "CIAA-Demo.axf"  ./src/Emac/src/emac.o ./src/Emac/src/tcpip.o ./src/Emac/src/webserver.o  ./src/ciaaAOUT.o ./src/ciaaI2C.o ./src/ciaaIO.o ./src/ciaaUART.o ./src/cr_start_m0.o ./src/cr_startup_lpc43xx.o ./src/crp.o ./src/database.o ./src/main.o  /home/pablo/Documents/CIAA-Repositories/EOPT/workspace/CIAA-Demo-M0/Debug/CIAA-Demo-M0.axf.o -lCMSIS_LPC43xx_DriverLib
Finished building target: CIAA-Demo.axf
 
make --no-print-directory post-build
Performing post-build steps
arm-none-eabi-size "CIAA-Demo.axf"; # arm-none-eabi-objcopy -v -O binary "CIAA-Demo.axf" "CIAA-Demo.bin" ; # checksum -p LPC4337 -d "CIAA-Demo.bin";
   text	   data	    bss	    dec	    hex	filename
  50908	   2244	   4896	  58048	   e2c0	CIAA-Demo.axf
 
11:29:39 **** Incremental Build of configuration Debug for project CMSIS_LPC43xx_DriverLib ****
make all 
make: Nothing to be done for `all'.
11:29:40 **** Incremental Build of configuration Debug for project CMSIS_LPC43xx_DriverLib-M0 ****
make all 
make: Nothing to be done for `all'.
11:29:40 **** Incremental Build of configuration Debug for project CIAA-Demo-M0 ****
make all 
make: Nothing to be done for `all'.
11:29:41 **** Incremental Build of configuration Debug for project CIAA-Demo ****
make all 
Building file: ../src/main.c
Invoking: MCU C Compiler
arm-none-eabi-gcc -D__NEWLIB__ -DDEBUG -D__CODE_RED -DCORE_M4 -D__USE_CMSIS=CMSIS_LPC43xx_DriverLib -D__LPC43XX__ -DLPC43_MULTICORE_M0APP -D__MULTICORE_MASTER -I"/home/pablo/Documents/CIAA-Repositories/EOPT/workspace/CIAA-Demo/src" -I"/home/pablo/Documents/CIAA-Repositories/EOPT/workspace/CIAA-Demo/src/Emac/inc" -I"/home/pablo/Documents/CIAA-Repositories/EOPT/workspace/CMSIS_LPC43xx_DriverLib/inc" -O0 -g3 -Wall -c -fmessage-length=0 -fno-builtin -ffunction-sections -fdata-sections -fsingle-precision-constant -mcpu=cortex-m4 -mfpu=fpv4-sp-d16 -mfloat-abi=softfp -mthumb -D__NEWLIB__ -MMD -MP -MF"src/main.d" -MT"src/main.d" -o "src/main.o" "../src/main.c"
Finished building: ../src/main.c
 
Building target: CIAA-Demo.axf
Invoking: MCU Linker
arm-none-eabi-gcc -nostdlib -L"/home/pablo/Documents/CIAA-Repositories/EOPT/workspace/CMSIS_LPC43xx_DriverLib/Debug" -Xlinker -Map="CIAA-Demo.map" -Xlinker --gc-sections -mcpu=cortex-m4 -mfpu=fpv4-sp-d16 -mfloat-abi=softfp -mthumb -T "CIAA-Demo_Debug.ld" -o "CIAA-Demo.axf"  ./src/Emac/src/emac.o ./src/Emac/src/tcpip.o ./src/Emac/src/webserver.o  ./src/ciaaAOUT.o ./src/ciaaI2C.o ./src/ciaaIO.o ./src/ciaaUART.o ./src/cr_start_m0.o ./src/cr_startup_lpc43xx.o ./src/crp.o ./src/database.o ./src/main.o  /home/pablo/Documents/CIAA-Repositories/EOPT/workspace/CIAA-Demo-M0/Debug/CIAA-Demo-M0.axf.o -lCMSIS_LPC43xx_DriverLib
Finished building target: CIAA-Demo.axf
 
make --no-print-directory post-build
Performing post-build steps
arm-none-eabi-size "CIAA-Demo.axf"; # arm-none-eabi-objcopy -v -O binary "CIAA-Demo.axf" "CIAA-Demo.bin" ; # checksum -p LPC4337 -d "CIAA-Demo.bin";
   text	   data	    bss	    dec	    hex	filename
  50908	   2244	   4896	  58048	   e2c0	CIAA-Demo.axf
 
11:31:21 **** Incremental Build of configuration Debug for project CMSIS_LPC43xx_DriverLib ****
make all 
make: Nothing to be done for `all'.
11:31:21 **** Incremental Build of configuration Debug for project CMSIS_LPC43xx_DriverLib-M0 ****
make all 
make: Nothing to be done for `all'.
11:31:22 **** Incremental Build of configuration Debug for project CIAA-Demo-M0 ****
make all 
make: Nothing to be done for `all'.
11:31:22 **** Incremental Build of configuration Debug for project CIAA-Demo ****
make all 
Building file: ../src/ciaaAOUT.c
Invoking: MCU C Compiler
arm-none-eabi-gcc -D__NEWLIB__ -DDEBUG -D__CODE_RED -DCORE_M4 -D__USE_CMSIS=CMSIS_LPC43xx_DriverLib -D__LPC43XX__ -DLPC43_MULTICORE_M0APP -D__MULTICORE_MASTER -I"/home/pablo/Documents/CIAA-Repositories/EOPT/workspace/CIAA-Demo/src" -I"/home/pablo/Documents/CIAA-Repositories/EOPT/workspace/CIAA-Demo/src/Emac/inc" -I"/home/pablo/Documents/CIAA-Repositories/EOPT/workspace/CMSIS_LPC43xx_DriverLib/inc" -O0 -g3 -Wall -c -fmessage-length=0 -fno-builtin -ffunction-sections -fdata-sections -fsingle-precision-constant -mcpu=cortex-m4 -mfpu=fpv4-sp-d16 -mfloat-abi=softfp -mthumb -D__NEWLIB__ -MMD -MP -MF"src/ciaaAOUT.d" -MT"src/ciaaAOUT.d" -o "src/ciaaAOUT.o" "../src/ciaaAOUT.c"
Finished building: ../src/ciaaAOUT.c
 
Building target: CIAA-Demo.axf
Invoking: MCU Linker
arm-none-eabi-gcc -nostdlib -L"/home/pablo/Documents/CIAA-Repositories/EOPT/workspace/CMSIS_LPC43xx_DriverLib/Debug" -Xlinker -Map="CIAA-Demo.map" -Xlinker --gc-sections -mcpu=cortex-m4 -mfpu=fpv4-sp-d16 -mfloat-abi=softfp -mthumb -T "CIAA-Demo_Debug.ld" -o "CIAA-Demo.axf"  ./src/Emac/src/emac.o ./src/Emac/src/tcpip.o ./src/Emac/src/webserver.o  ./src/ciaaAOUT.o ./src/ciaaI2C.o ./src/ciaaIO.o ./src/ciaaUART.o ./src/cr_start_m0.o ./src/cr_startup_lpc43xx.o ./src/crp.o ./src/database.o ./src/main.o  /home/pablo/Documents/CIAA-Repositories/EOPT/workspace/CIAA-Demo-M0/Debug/CIAA-Demo-M0.axf.o -lCMSIS_LPC43xx_DriverLib
Finished building target: CIAA-Demo.axf
 
make --no-print-directory post-build
Performing post-build steps
arm-none-eabi-size "CIAA-Demo.axf"; # arm-none-eabi-objcopy -v -O binary "CIAA-Demo.axf" "CIAA-Demo.bin" ; # checksum -p LPC4337 -d "CIAA-Demo.bin";
   text	   data	    bss	    dec	    hex	filename
  50908	   2244	   4896	  58048	   e2c0	CIAA-Demo.axf
 
14:24:21 **** Incremental Build of configuration Debug for project CMSIS_LPC43xx_DriverLib ****
make all 
make: Nothing to be done for `all'.
14:24:22 **** Incremental Build of configuration Debug for project CMSIS_LPC43xx_DriverLib-M0 ****
make all 
make: Nothing to be done for `all'.
14:24:23 **** Incremental Build of configuration Debug for project CIAA-Demo-M0 ****
make all 
Building target: CIAA-Demo-M0.axf
Invoking: MCU Linker
arm-none-eabi-gcc -nostdlib -L"/home/pablo/Documents/CIAA-Repositories/EOPT/workspace/CMSIS_LPC43xx_DriverLib-M0/Debug" -L"/home/pablo/Documents/CIAA-Repositories/EOPT/workspace/CMSIS_DSPLIB_CM0/lib" -Xlinker -Map="CIAA-Demo-M0.map" -Xlinker --gc-sections -mcpu=cortex-m0 -mthumb -T "CIAA-Demo-M0_Debug.ld" -o "CIAA-Demo-M0.axf"  ./src/cr_startup_lpc43xx-m0app.o ./src/main_m0.o   -lCMSIS_LPC43xx_DriverLib-M0 -lCMSIS_DSPLIB_CM0 && arm-none-eabi-objcopy --target elf32-littlearm --verbose --strip-all --redefine-sym __vectors_start__=__vectors_start___core_m0app --keep-symbol __vectors_start___core_m0app --rename-section .text=".core_m0app" --rename-section .data=".core_m0app.data" "CIAA-Demo-M0.axf" "CIAA-Demo-M0.axf.o"
copy from `CIAA-Demo-M0.axf' [elf32-littlearm] to `CIAA-Demo-M0.axf.o' [elf32-littlearm]
Finished building target: CIAA-Demo-M0.axf
 
make --no-print-directory post-build
Performing post-build steps
arm-none-eabi-size "CIAA-Demo-M0.axf"; # arm-none-eabi-objcopy -v -O binary "CIAA-Demo-M0.axf" "CIAA-Demo-M0.bin" ; # checksum -p LPC4337_M0 -d "CIAA-Demo-M0.bin";
   text	   data	    bss	    dec	    hex	filename
    648	      0	      4	    652	    28c	CIAA-Demo-M0.axf
 
14:24:24 **** Incremental Build of configuration Debug for project CIAA-Demo ****
make all 
Building target: CIAA-Demo.axf
Invoking: MCU Linker
arm-none-eabi-gcc -nostdlib -L"/home/pablo/Documents/CIAA-Repositories/EOPT/workspace/CMSIS_LPC43xx_DriverLib/Debug" -Xlinker -Map="CIAA-Demo.map" -Xlinker --gc-sections -mcpu=cortex-m4 -mfpu=fpv4-sp-d16 -mfloat-abi=softfp -mthumb -T "CIAA-Demo_Debug.ld" -o "CIAA-Demo.axf"  ./src/Emac/src/emac.o ./src/Emac/src/tcpip.o ./src/Emac/src/webserver.o  ./src/ciaaAOUT.o ./src/ciaaI2C.o ./src/ciaaIO.o ./src/ciaaUART.o ./src/cr_start_m0.o ./src/cr_startup_lpc43xx.o ./src/crp.o ./src/database.o ./src/main.o  /home/pablo/Documents/CIAA-Repositories/EOPT/workspace/CIAA-Demo-M0/Debug/CIAA-Demo-M0.axf.o -lCMSIS_LPC43xx_DriverLib
Finished building target: CIAA-Demo.axf
 
make --no-print-directory post-build
Performing post-build steps
arm-none-eabi-size "CIAA-Demo.axf"; arm-none-eabi-objcopy -v -O binary "CIAA-Demo.axf" "CIAA-Demo.bin" ; # checksum -p LPC4337 -d "CIAA-Demo.bin";
   text	   data	    bss	    dec	    hex	filename
  50908	   2244	   4896	  58048	   e2c0	CIAA-Demo.axf
copy from `CIAA-Demo.axf' [elf32-littlearm] to `CIAA-Demo.bin' [binary]
 
14:44:00 **** Incremental Build of configuration Debug for project CMSIS_LPC43xx_DriverLib ****
make all 
make: Nothing to be done for `all'.
14:44:01 **** Incremental Build of configuration Debug for project CMSIS_LPC43xx_DriverLib-M0 ****
make all 
make: Nothing to be done for `all'.
14:44:01 **** Incremental Build of configuration Debug for project CIAA-Demo-M0 ****
make all 
make: Nothing to be done for `all'.
14:44:01 **** Incremental Build of configuration Debug for project CIAA-Demo ****
make all 
Building file: ../src/main.c
Invoking: MCU C Compiler
arm-none-eabi-gcc -D__NEWLIB__ -DDEBUG -D__CODE_RED -DCORE_M4 -D__USE_CMSIS=CMSIS_LPC43xx_DriverLib -D__LPC43XX__ -DLPC43_MULTICORE_M0APP -D__MULTICORE_MASTER -I"/home/pablo/Documents/CIAA-Repositories/EOPT/workspace/CIAA-Demo/src" -I"/home/pablo/Documents/CIAA-Repositories/EOPT/workspace/CIAA-Demo/src/Emac/inc" -I"/home/pablo/Documents/CIAA-Repositories/EOPT/workspace/CMSIS_LPC43xx_DriverLib/inc" -O0 -g3 -Wall -c -fmessage-length=0 -fno-builtin -ffunction-sections -fdata-sections -fsingle-precision-constant -mcpu=cortex-m4 -mfpu=fpv4-sp-d16 -mfloat-abi=softfp -mthumb -D__NEWLIB__ -MMD -MP -MF"src/main.d" -MT"src/main.d" -o "src/main.o" "../src/main.c"
../src/main.c: In function 'setupHardware':
../src/main.c:133:4: warning: implicit declaration of function 'GPIO_SetValueValue' [-Wimplicit-function-declaration]
    GPIO_SetValueValue(5,(1<<1));
    ^
Finished building: ../src/main.c
 
Building target: CIAA-Demo.axf
Invoking: MCU Linker
arm-none-eabi-gcc -nostdlib -L"/home/pablo/Documents/CIAA-Repositories/EOPT/workspace/CMSIS_LPC43xx_DriverLib/Debug" -Xlinker -Map="CIAA-Demo.map" -Xlinker --gc-sections -mcpu=cortex-m4 -mfpu=fpv4-sp-d16 -mfloat-abi=softfp -mthumb -T "CIAA-Demo_Debug.ld" -o "CIAA-Demo.axf"  ./src/Emac/src/emac.o ./src/Emac/src/tcpip.o ./src/Emac/src/webserver.o  ./src/ciaaAOUT.o ./src/ciaaI2C.o ./src/ciaaIO.o ./src/ciaaUART.o ./src/cr_start_m0.o ./src/cr_startup_lpc43xx.o ./src/crp.o ./src/database.o ./src/main.o  /home/pablo/Documents/CIAA-Repositories/EOPT/workspace/CIAA-Demo-M0/Debug/CIAA-Demo-M0.axf.o -lCMSIS_LPC43xx_DriverLib
./src/main.o: In function `setupHardware':
/home/pablo/Documents/CIAA-Repositories/EOPT/workspace/CIAA-Demo/Debug/../src/main.c:133: undefined reference to `GPIO_SetValueValue'
collect2: error: ld returned 1 exit status
make: *** [CIAA-Demo.axf] Error 1
14:44:19 **** Incremental Build of configuration Debug for project CMSIS_LPC43xx_DriverLib ****
make all 
make: Nothing to be done for `all'.
14:44:20 **** Incremental Build of configuration Debug for project CMSIS_LPC43xx_DriverLib-M0 ****
make all 
make: Nothing to be done for `all'.
14:44:20 **** Incremental Build of configuration Debug for project CIAA-Demo-M0 ****
make all 
make: Nothing to be done for `all'.
14:44:20 **** Incremental Build of configuration Debug for project CIAA-Demo ****
make all 
Building file: ../src/main.c
Invoking: MCU C Compiler
arm-none-eabi-gcc -D__NEWLIB__ -DDEBUG -D__CODE_RED -DCORE_M4 -D__USE_CMSIS=CMSIS_LPC43xx_DriverLib -D__LPC43XX__ -DLPC43_MULTICORE_M0APP -D__MULTICORE_MASTER -I"/home/pablo/Documents/CIAA-Repositories/EOPT/workspace/CIAA-Demo/src" -I"/home/pablo/Documents/CIAA-Repositories/EOPT/workspace/CIAA-Demo/src/Emac/inc" -I"/home/pablo/Documents/CIAA-Repositories/EOPT/workspace/CMSIS_LPC43xx_DriverLib/inc" -O0 -g3 -Wall -c -fmessage-length=0 -fno-builtin -ffunction-sections -fdata-sections -fsingle-precision-constant -mcpu=cortex-m4 -mfpu=fpv4-sp-d16 -mfloat-abi=softfp -mthumb -D__NEWLIB__ -MMD -MP -MF"src/main.d" -MT"src/main.d" -o "src/main.o" "../src/main.c"
Finished building: ../src/main.c
 
Building target: CIAA-Demo.axf
Invoking: MCU Linker
arm-none-eabi-gcc -nostdlib -L"/home/pablo/Documents/CIAA-Repositories/EOPT/workspace/CMSIS_LPC43xx_DriverLib/Debug" -Xlinker -Map="CIAA-Demo.map" -Xlinker --gc-sections -mcpu=cortex-m4 -mfpu=fpv4-sp-d16 -mfloat-abi=softfp -mthumb -T "CIAA-Demo_Debug.ld" -o "CIAA-Demo.axf"  ./src/Emac/src/emac.o ./src/Emac/src/tcpip.o ./src/Emac/src/webserver.o  ./src/ciaaAOUT.o ./src/ciaaI2C.o ./src/ciaaIO.o ./src/ciaaUART.o ./src/cr_start_m0.o ./src/cr_startup_lpc43xx.o ./src/crp.o ./src/database.o ./src/main.o  /home/pablo/Documents/CIAA-Repositories/EOPT/workspace/CIAA-Demo-M0/Debug/CIAA-Demo-M0.axf.o -lCMSIS_LPC43xx_DriverLib
Finished building target: CIAA-Demo.axf
 
make --no-print-directory post-build
Performing post-build steps
arm-none-eabi-size "CIAA-Demo.axf"; arm-none-eabi-objcopy -v -O binary "CIAA-Demo.axf" "CIAA-Demo.bin" ; # checksum -p LPC4337 -d "CIAA-Demo.bin";
   text	   data	    bss	    dec	    hex	filename
  50948	   2244	   4896	  58088	   e2e8	CIAA-Demo.axf
copy from `CIAA-Demo.axf' [elf32-littlearm] to `CIAA-Demo.bin' [binary]
 
14:46:55 **** Incremental Build of configuration Debug for project CMSIS_LPC43xx_DriverLib ****
make all 
make: Nothing to be done for `all'.
14:46:55 **** Incremental Build of configuration Debug for project CMSIS_LPC43xx_DriverLib-M0 ****
make all 
make: Nothing to be done for `all'.
14:46:56 **** Incremental Build of configuration Debug for project CIAA-Demo-M0 ****
make all 
make: Nothing to be done for `all'.
14:46:56 **** Incremental Build of configuration Debug for project CIAA-Demo ****
make all 
make: Nothing to be done for `all'.
14:47:15 **** Incremental Build of configuration Debug for project CMSIS_LPC43xx_DriverLib ****
make all 
make: Nothing to be done for `all'.
14:47:15 **** Incremental Build of configuration Debug for project CMSIS_LPC43xx_DriverLib-M0 ****
make all 
make: Nothing to be done for `all'.
14:47:16 **** Incremental Build of configuration Debug for project CIAA-Demo-M0 ****
make all 
make: Nothing to be done for `all'.
14:47:16 **** Incremental Build of configuration Debug for project CIAA-Demo ****
make all 
make: Nothing to be done for `all'.
14:47:55 **** Incremental Build of configuration Debug for project CMSIS_LPC43xx_DriverLib ****
make all 
make: Nothing to be done for `all'.
14:47:55 **** Incremental Build of configuration Debug for project CMSIS_LPC43xx_DriverLib-M0 ****
make all 
make: Nothing to be done for `all'.
14:47:56 **** Incremental Build of configuration Debug for project CIAA-Demo-M0 ****
make all 
make: Nothing to be done for `all'.
14:47:56 **** Incremental Build of configuration Debug for project CIAA-Demo ****
make all 
make: Nothing to be done for `all'.
