14:43:23 **** Build of configuration Debug for project LPC4330_Xplorer_UsbVcomLib ****
make all 
Building file: ../src/usbhw.c
Invoking: MCU C Compiler
arm-none-eabi-gcc -D__REDLIB__ -DDEBUG -D__CODE_RED -D__USE_CMSIS=CMSISv2p10_LPC43xx_DriverLib -DCORE_M4 -D__LPC43XX__ -I"/home/pablo/Dropbox/Privado/Electrónica/NXP/LPC43xx/workspace/LPC4330_Xplorer_UsbVcomLib/inc" -I"/home/pablo/Documents/CIAA-Repositories/EOPT/workspace/CMSIS_LPC43xx_DriverLib/inc" -Og -g3 -Wall -c -fmessage-length=0 -fno-builtin -ffunction-sections -fdata-sections -fsingle-precision-constant -mcpu=cortex-m4 -mfpu=fpv4-sp-d16 -mfloat-abi=softfp -mthumb -D__REDLIB__ -specs=redlib.specs -MMD -MP -MF"src/usbhw.d" -MT"src/usbhw.d" -o "src/usbhw.o" "../src/usbhw.c"
Finished building: ../src/usbhw.c
 
Building target: libLPC4330_Xplorer_UsbVcomLib.a
Invoking: MCU Archiver
arm-none-eabi-ar -r  "libLPC4330_Xplorer_UsbVcomLib.a"  ./src/cdcuser.o ./src/serial.o ./src/usbcore.o ./src/usbdesc.o ./src/usbhw.o ./src/usbuser.o ./src/vcomdemo.o   
Finished building target: libLPC4330_Xplorer_UsbVcomLib.a
 
make --no-print-directory post-build
Performing post-build steps
arm-none-eabi-size "libLPC4330_Xplorer_UsbVcomLib.a" ; # arm-none-eabi-objdump -h -S "libLPC4330_Xplorer_UsbVcomLib.a" >"libLPC4330_Xplorer_UsbVcomLib.lss"
   text	   data	    bss	    dec	    hex	filename
    668	     10	      2	    680	    2a8	cdcuser.o (ex libLPC4330_Xplorer_UsbVcomLib.a)
    896	      0	      0	    896	    380	serial.o (ex libLPC4330_Xplorer_UsbVcomLib.a)
   4092	      0	      0	   4092	    ffc	usbcore.o (ex libLPC4330_Xplorer_UsbVcomLib.a)
    416	      0	      0	    416	    1a0	usbdesc.o (ex libLPC4330_Xplorer_UsbVcomLib.a)
   1920	      0	     20	   1940	    794	usbhw.o (ex libLPC4330_Xplorer_UsbVcomLib.a)
    116	      0	      2	    118	     76	usbuser.o (ex libLPC4330_Xplorer_UsbVcomLib.a)
    240	      0	    102	    342	    156	vcomdemo.o (ex libLPC4330_Xplorer_UsbVcomLib.a)
 

14:43:25 Build Finished (took 1s.663ms)

