09:42:24 **** Incremental Build of configuration Debug for project sched_test ****
make all 
Building file: ../src/PendSV.s
Invoking: MCU Assembler
arm-none-eabi-gcc -c -x assembler-with-cpp -D__REDLIB__ -DDEBUG -D__CODE_RED -g3 -mcpu=cortex-m4 -mfpu=fpv4-sp-d16 -mfloat-abi=softfp -mthumb -specs=redlib.specs -o "src/PendSV.o" "../src/PendSV.s"
Finished building: ../src/PendSV.s
 
Building file: ../src/main.c
Invoking: MCU C Compiler
arm-none-eabi-gcc -D__REDLIB__ -DDEBUG -D__CODE_RED -DCORE_M4 -D__USE_CMSIS=CMSIS_LPC43xx_DriverLib -D__LPC43XX__ -I"/home/pablo/Dropbox/Privado/FRBA/DPLab/osek_lpc4337/CMSIS_LPC43xx_DriverLib/inc" -O0 -g3 -Wall -c -fmessage-length=0 -fno-builtin -ffunction-sections -fdata-sections -fsingle-precision-constant -mcpu=cortex-m4 -mfpu=fpv4-sp-d16 -mfloat-abi=softfp -mthumb -specs=redlib.specs -MMD -MP -MF"src/main.d" -MT"src/main.d" -o "src/main.o" "../src/main.c"
Finished building: ../src/main.c
 
Building target: sched_test.axf
Invoking: MCU Linker
arm-none-eabi-gcc -nostdlib -L"/home/pablo/Dropbox/Privado/FRBA/DPLab/osek_lpc4337/CMSIS_LPC43xx_DriverLib/Debug" -Xlinker -Map="sched_test.map" -Xlinker --gc-sections -mcpu=cortex-m4 -mfpu=fpv4-sp-d16 -mfloat-abi=softfp -mthumb -T "sched_test_Debug.ld" -o "sched_test.axf"  ./src/PendSV.o ./src/cr_startup_lpc43xx.o ./src/crp.o ./src/main.o   -lCMSIS_LPC43xx_DriverLib
Finished building target: sched_test.axf
 
make --no-print-directory post-build
Performing post-build steps
arm-none-eabi-size "sched_test.axf"; # arm-none-eabi-objcopy -v -O binary "sched_test.axf" "sched_test.bin" ; # checksum -p LPC4337 -d "sched_test.bin";
   text	   data	    bss	    dec	    hex	filename
   3752	     92	   3100	   6944	   1b20	sched_test.axf
 

09:42:24 Build Finished (took 238ms)

