15:21:01 **** Build of configuration Debug for project lpc_board_ngx_xplorer_4330 ****
make all 
Building file: ../src/board.c
Invoking: MCU C Compiler
arm-none-eabi-gcc -D__REDLIB__ -DDEBUG -D__CODE_RED -D__USE_LPCOPEN -DCORE_M4 -I"/home/pablo/Desktop/LPCOpen_workspace/lpc_chip_43xx/inc" -I"/home/pablo/Desktop/LPCOpen_workspace/lpc_board_ngx_xplorer_4330/inc" -Og -g3 -Wall -c -fmessage-length=0 -fno-builtin -ffunction-sections -fdata-sections -fsingle-precision-constant -mcpu=cortex-m4 -mfpu=fpv4-sp-d16 -mfloat-abi=softfp -mthumb -specs=redlib.specs -MMD -MP -MF"src/board.d" -MT"src/board.d" -o "src/board.o" "../src/board.c"
Finished building: ../src/board.c
 
Building file: ../src/board_sysinit.c
Invoking: MCU C Compiler
arm-none-eabi-gcc -D__REDLIB__ -DDEBUG -D__CODE_RED -D__USE_LPCOPEN -DCORE_M4 -I"/home/pablo/Desktop/LPCOpen_workspace/lpc_chip_43xx/inc" -I"/home/pablo/Desktop/LPCOpen_workspace/lpc_board_ngx_xplorer_4330/inc" -Og -g3 -Wall -c -fmessage-length=0 -fno-builtin -ffunction-sections -fdata-sections -fsingle-precision-constant -mcpu=cortex-m4 -mfpu=fpv4-sp-d16 -mfloat-abi=softfp -mthumb -specs=redlib.specs -MMD -MP -MF"src/board_sysinit.d" -MT"src/board_sysinit.d" -o "src/board_sysinit.o" "../src/board_sysinit.c"
Finished building: ../src/board_sysinit.c
 
Building file: ../src/lpc_phy_smsc87x0.c
Invoking: MCU C Compiler
arm-none-eabi-gcc -D__REDLIB__ -DDEBUG -D__CODE_RED -D__USE_LPCOPEN -DCORE_M4 -I"/home/pablo/Desktop/LPCOpen_workspace/lpc_chip_43xx/inc" -I"/home/pablo/Desktop/LPCOpen_workspace/lpc_board_ngx_xplorer_4330/inc" -Og -g3 -Wall -c -fmessage-length=0 -fno-builtin -ffunction-sections -fdata-sections -fsingle-precision-constant -mcpu=cortex-m4 -mfpu=fpv4-sp-d16 -mfloat-abi=softfp -mthumb -specs=redlib.specs -MMD -MP -MF"src/lpc_phy_smsc87x0.d" -MT"src/lpc_phy_smsc87x0.d" -o "src/lpc_phy_smsc87x0.o" "../src/lpc_phy_smsc87x0.c"
Finished building: ../src/lpc_phy_smsc87x0.c
 
Building file: ../src/mem_tests.c
Invoking: MCU C Compiler
arm-none-eabi-gcc -D__REDLIB__ -DDEBUG -D__CODE_RED -D__USE_LPCOPEN -DCORE_M4 -I"/home/pablo/Desktop/LPCOpen_workspace/lpc_chip_43xx/inc" -I"/home/pablo/Desktop/LPCOpen_workspace/lpc_board_ngx_xplorer_4330/inc" -Og -g3 -Wall -c -fmessage-length=0 -fno-builtin -ffunction-sections -fdata-sections -fsingle-precision-constant -mcpu=cortex-m4 -mfpu=fpv4-sp-d16 -mfloat-abi=softfp -mthumb -specs=redlib.specs -MMD -MP -MF"src/mem_tests.d" -MT"src/mem_tests.d" -o "src/mem_tests.o" "../src/mem_tests.c"
Finished building: ../src/mem_tests.c
 
Building file: ../src/uda1380.c
Invoking: MCU C Compiler
arm-none-eabi-gcc -D__REDLIB__ -DDEBUG -D__CODE_RED -D__USE_LPCOPEN -DCORE_M4 -I"/home/pablo/Desktop/LPCOpen_workspace/lpc_chip_43xx/inc" -I"/home/pablo/Desktop/LPCOpen_workspace/lpc_board_ngx_xplorer_4330/inc" -Og -g3 -Wall -c -fmessage-length=0 -fno-builtin -ffunction-sections -fdata-sections -fsingle-precision-constant -mcpu=cortex-m4 -mfpu=fpv4-sp-d16 -mfloat-abi=softfp -mthumb -specs=redlib.specs -MMD -MP -MF"src/uda1380.d" -MT"src/uda1380.d" -o "src/uda1380.o" "../src/uda1380.c"
Finished building: ../src/uda1380.c
 
Building target: liblpc_board_ngx_xplorer_4330.a
Invoking: MCU Archiver
arm-none-eabi-ar -r  "liblpc_board_ngx_xplorer_4330.a"  ./src/board.o ./src/board_sysinit.o ./src/lpc_phy_smsc87x0.o ./src/mem_tests.o ./src/uda1380.o   
arm-none-eabi-ar: creating liblpc_board_ngx_xplorer_4330.a
Finished building target: liblpc_board_ngx_xplorer_4330.a
 
make --no-print-directory post-build
Performing post-build steps
arm-none-eabi-size "liblpc_board_ngx_xplorer_4330.a" ; # arm-none-eabi-objdump -h -S "liblpc_board_ngx_xplorer_4330.a" >"liblpc_board_ngx_xplorer_4330.lss"
   text	   data	    bss	    dec	    hex	filename
    768	      0	      0	    768	    300	board.o (ex liblpc_board_ngx_xplorer_4330.a)
    296	      0	      0	    296	    128	board_sysinit.o (ex liblpc_board_ngx_xplorer_4330.a)
    556	      0	     18	    574	    23e	lpc_phy_smsc87x0.o (ex liblpc_board_ngx_xplorer_4330.a)
    560	      0	      0	    560	    230	mem_tests.o (ex liblpc_board_ngx_xplorer_4330.a)
    424	      0	      0	    424	    1a8	uda1380.o (ex liblpc_board_ngx_xplorer_4330.a)
 

15:21:02 Build Finished (took 669ms)

