15:21:07 **** Build of configuration Debug for project periph_blinky ****
make all 
Building file: ../example/src/cr_startup_lpc43xx.c
Invoking: MCU C Compiler
arm-none-eabi-gcc -D__REDLIB__ -DDEBUG -D__CODE_RED -D__USE_LPCOPEN -DCORE_M4 -D__MULTICORE_NONE -I"/home/pablo/Desktop/LPCOpen_workspace/lpc_chip_43xx/inc" -I"/home/pablo/Desktop/LPCOpen_workspace/lpc_board_ngx_xplorer_4330/inc" -Og -g3 -Wall -c -fmessage-length=0 -fno-builtin -ffunction-sections -fdata-sections -fsingle-precision-constant -mcpu=cortex-m4 -mfpu=fpv4-sp-d16 -mfloat-abi=softfp -mthumb -specs=redlib.specs -MMD -MP -MF"example/src/cr_startup_lpc43xx.d" -MT"example/src/cr_startup_lpc43xx.d" -o "example/src/cr_startup_lpc43xx.o" "../example/src/cr_startup_lpc43xx.c"
Finished building: ../example/src/cr_startup_lpc43xx.c
 
Building file: ../example/src/sysinit.c
Invoking: MCU C Compiler
arm-none-eabi-gcc -D__REDLIB__ -DDEBUG -D__CODE_RED -D__USE_LPCOPEN -DCORE_M4 -D__MULTICORE_NONE -I"/home/pablo/Desktop/LPCOpen_workspace/lpc_chip_43xx/inc" -I"/home/pablo/Desktop/LPCOpen_workspace/lpc_board_ngx_xplorer_4330/inc" -Og -g3 -Wall -c -fmessage-length=0 -fno-builtin -ffunction-sections -fdata-sections -fsingle-precision-constant -mcpu=cortex-m4 -mfpu=fpv4-sp-d16 -mfloat-abi=softfp -mthumb -specs=redlib.specs -MMD -MP -MF"example/src/sysinit.d" -MT"example/src/sysinit.d" -o "example/src/sysinit.o" "../example/src/sysinit.c"
Finished building: ../example/src/sysinit.c
 
Building file: ../example/src/systick.c
Invoking: MCU C Compiler
arm-none-eabi-gcc -D__REDLIB__ -DDEBUG -D__CODE_RED -D__USE_LPCOPEN -DCORE_M4 -D__MULTICORE_NONE -I"/home/pablo/Desktop/LPCOpen_workspace/lpc_chip_43xx/inc" -I"/home/pablo/Desktop/LPCOpen_workspace/lpc_board_ngx_xplorer_4330/inc" -Og -g3 -Wall -c -fmessage-length=0 -fno-builtin -ffunction-sections -fdata-sections -fsingle-precision-constant -mcpu=cortex-m4 -mfpu=fpv4-sp-d16 -mfloat-abi=softfp -mthumb -specs=redlib.specs -MMD -MP -MF"example/src/systick.d" -MT"example/src/systick.d" -o "example/src/systick.o" "../example/src/systick.c"
Finished building: ../example/src/systick.c
 
Building target: periph_blinky.axf
Invoking: MCU Linker
arm-none-eabi-gcc -nostdlib -L"/home/pablo/Desktop/LPCOpen_workspace/lpc_chip_43xx/Debug" -L"/home/pablo/Desktop/LPCOpen_workspace/lpc_board_ngx_xplorer_4330/Debug" -Xlinker -Map="periph_blinky.map" -Xlinker --gc-sections -mcpu=cortex-m4 -mfpu=fpv4-sp-d16 -mfloat-abi=softfp -mthumb -T "periph_blinky_Debug.ld" -o "periph_blinky.axf"  ./example/src/cr_startup_lpc43xx.o ./example/src/sysinit.o ./example/src/systick.o   -llpc_board_ngx_xplorer_4330 -llpc_chip_43xx
Finished building target: periph_blinky.axf
 
make --no-print-directory post-build
Performing post-build steps
arm-none-eabi-size "periph_blinky.axf"; # arm-none-eabi-objcopy -v -O binary "periph_blinky.axf" "periph_blinky.bin" ; # checksum -p LPC4330 -d "periph_blinky.bin";
   text	   data	    bss	    dec	    hex	filename
   4884	      0	    352	   5236	   1474	periph_blinky.axf
 

15:21:08 Build Finished (took 521ms)

