Archive member included because of file (symbol)

/home/pablo/Documents/CIAA-Repositories/EOPT/workspace_lpcopen/lpc_chip_43xx/Debug/liblpc_chip_43xx.a(adc_18xx_43xx.o)
                              ./src/ciaaAIN.o (Chip_ADC_Init)
/home/pablo/Documents/CIAA-Repositories/EOPT/workspace_lpcopen/lpc_chip_43xx/Debug/liblpc_chip_43xx.a(chip_18xx_43xx.o)
                              ./src/ciaaTest.o (SystemCoreClockUpdate)
/home/pablo/Documents/CIAA-Repositories/EOPT/workspace_lpcopen/lpc_chip_43xx/Debug/liblpc_chip_43xx.a(clock_18xx_43xx.o)
                              /home/pablo/Documents/CIAA-Repositories/EOPT/workspace_lpcopen/lpc_chip_43xx/Debug/liblpc_chip_43xx.a(chip_18xx_43xx.o) (Chip_Clock_SetDivider)
/home/pablo/Documents/CIAA-Repositories/EOPT/workspace_lpcopen/lpc_chip_43xx/Debug/liblpc_chip_43xx.a(dac_18xx_43xx.o)
                              ./src/ciaaAOUT.o (Chip_DAC_UpdateValue)
/home/pablo/Documents/CIAA-Repositories/EOPT/workspace_lpcopen/lpc_chip_43xx/Debug/liblpc_chip_43xx.a(fpu_init.o)
                              ./src/sysinit.o (fpuInit)
/home/pablo/Documents/CIAA-Repositories/EOPT/workspace_lpcopen/lpc_chip_43xx/Debug/liblpc_chip_43xx.a(gpio_18xx_43xx.o)
                              ./src/ciaaIO.o (Chip_GPIO_Init)
/home/pablo/Documents/CIAA-Repositories/EOPT/workspace_lpcopen/lpc_chip_43xx/Debug/liblpc_chip_43xx.a(i2c_18xx_43xx.o)
                              ./src/ciaaI2C.o (Chip_I2C_Init)
/home/pablo/Documents/CIAA-Repositories/EOPT/workspace_lpcopen/lpc_chip_43xx/Debug/liblpc_chip_43xx.a(i2cm_18xx_43xx.o)
                              ./src/ciaaI2C.o (Chip_I2CM_XferBlocking)
/home/pablo/Documents/CIAA-Repositories/EOPT/workspace_lpcopen/lpc_chip_43xx/Debug/liblpc_chip_43xx.a(sysinit_18xx_43xx.o)
                              ./src/sysinit.o (Chip_SystemInit)
/home/pablo/Documents/CIAA-Repositories/EOPT/workspace_lpcopen/lpc_chip_43xx/Debug/liblpc_chip_43xx.a(uart_18xx_43xx.o)
                              ./src/ciaaUART.o (Chip_UART_Init)
/home/pablo/Documents/CIAA-Repositories/EOPT/workspace_lpcopen/lpc_chip_43xx/Debug/liblpc_chip_43xx.a(ring_buffer.o)
                              /home/pablo/Documents/CIAA-Repositories/EOPT/workspace_lpcopen/lpc_chip_43xx/Debug/liblpc_chip_43xx.a(uart_18xx_43xx.o) (RingBuffer_Insert)
/usr/local/lpcxpresso_7.2.0_153/lpcxpresso/tools/bin/../lib/gcc/arm-none-eabi/4.8.3/../../../../arm-none-eabi/lib/armv7e-m/softfp/libcr_semihost.a(_cr__main.o)
                              ./src/cr_startup_lpc43xx.o (__main)
/usr/local/lpcxpresso_7.2.0_153/lpcxpresso/tools/bin/../lib/gcc/arm-none-eabi/4.8.3/../../../../arm-none-eabi/lib/armv7e-m/softfp/libcr_c.a(memcpy.o)
                              /home/pablo/Documents/CIAA-Repositories/EOPT/workspace_lpcopen/lpc_chip_43xx/Debug/liblpc_chip_43xx.a(ring_buffer.o) (memcpy)
/usr/local/lpcxpresso_7.2.0_153/lpcxpresso/tools/bin/../lib/gcc/arm-none-eabi/4.8.3/../../../../arm-none-eabi/lib/armv7e-m/softfp/libcr_c.a(fpprintf.o)
                              ./src/ciaaTest.o (sprintf)
/usr/local/lpcxpresso_7.2.0_153/lpcxpresso/tools/bin/../lib/gcc/arm-none-eabi/4.8.3/../../../../arm-none-eabi/lib/armv7e-m/softfp/libcr_c.a(initio.o)
                              /usr/local/lpcxpresso_7.2.0_153/lpcxpresso/tools/bin/../lib/gcc/arm-none-eabi/4.8.3/../../../../arm-none-eabi/lib/armv7e-m/softfp/libcr_semihost.a(_cr__main.o) (_initio)
/usr/local/lpcxpresso_7.2.0_153/lpcxpresso/tools/bin/../lib/gcc/arm-none-eabi/4.8.3/../../../../arm-none-eabi/lib/armv7e-m/softfp/libcr_c.a(printf.o)
                              /usr/local/lpcxpresso_7.2.0_153/lpcxpresso/tools/bin/../lib/gcc/arm-none-eabi/4.8.3/../../../../arm-none-eabi/lib/armv7e-m/softfp/libcr_c.a(fpprintf.o) (__vfprintf)
/usr/local/lpcxpresso_7.2.0_153/lpcxpresso/tools/bin/../lib/gcc/arm-none-eabi/4.8.3/../../../../arm-none-eabi/lib/armv7e-m/softfp/libcr_c.a(setvbuf.o)
                              /usr/local/lpcxpresso_7.2.0_153/lpcxpresso/tools/bin/../lib/gcc/arm-none-eabi/4.8.3/../../../../arm-none-eabi/lib/armv7e-m/softfp/libcr_c.a(initio.o) (setvbuf)
/usr/local/lpcxpresso_7.2.0_153/lpcxpresso/tools/bin/../lib/gcc/arm-none-eabi/4.8.3/../../../../arm-none-eabi/lib/armv7e-m/softfp/libcr_c.a(stdio.o)
                              /usr/local/lpcxpresso_7.2.0_153/lpcxpresso/tools/bin/../lib/gcc/arm-none-eabi/4.8.3/../../../../arm-none-eabi/lib/armv7e-m/softfp/libcr_c.a(fpprintf.o) (__Ciob)
/usr/local/lpcxpresso_7.2.0_153/lpcxpresso/tools/bin/../lib/gcc/arm-none-eabi/4.8.3/../../../../arm-none-eabi/lib/armv7e-m/softfp/libcr_c.a(strlen.o)
                              ./src/ciaaTest.o (strlen)
/usr/local/lpcxpresso_7.2.0_153/lpcxpresso/tools/bin/../lib/gcc/arm-none-eabi/4.8.3/../../../../arm-none-eabi/lib/armv7e-m/softfp/libcr_c.a(memset.o)
                              /usr/local/lpcxpresso_7.2.0_153/lpcxpresso/tools/bin/../lib/gcc/arm-none-eabi/4.8.3/../../../../arm-none-eabi/lib/armv7e-m/softfp/libcr_c.a(fpprintf.o) (memset)
[...]
Memory Configuration

Name             Origin             Length             Attributes
MFlashA512       0x1a000000         0x00080000         xr
MFlashB512       0x1b000000         0x00080000         xr
RamLoc32         0x10000000         0x00008000         xrw
RamLoc40         0x10080000         0x0000a000         xrw
RamAHB32         0x20000000         0x00008000         xrw
RamAHB16         0x20008000         0x00004000         xrw
RamAHB_ETB16     0x2000c000         0x00004000         xrw
*default*        0x00000000         0xffffffff

Linker script and memory map

LOAD ./src/ciaaAIN.o
LOAD ./src/ciaaAOUT.o
LOAD ./src/ciaaI2C.o
LOAD ./src/ciaaIO.o
LOAD ./src/ciaaNVM.o
LOAD ./src/ciaaSPIFI.o
LOAD ./src/ciaaTest.o
LOAD ./src/ciaaUART.o
LOAD ./src/cr_startup_lpc43xx.o
LOAD ./src/crp.o
LOAD ./src/sysinit.o
LOAD /home/pablo/Documents/CIAA-Repositories/EOPT/workspace_lpcopen/lpc_chip_43xx/Debug/liblpc_chip_43xx.a
START GROUP
LOAD /usr/local/lpcxpresso_7.2.0_153/lpcxpresso/tools/bin/../lib/gcc/arm-none-eabi/4.8.3/../../../../arm-none-eabi/lib/armv7e-m/softfp/libcr_semihost.a
LOAD /usr/local/lpcxpresso_7.2.0_153/lpcxpresso/tools/bin/../lib/gcc/arm-none-eabi/4.8.3/../../../../arm-none-eabi/lib/armv7e-m/softfp/libcr_c.a
LOAD /usr/local/lpcxpresso_7.2.0_153/lpcxpresso/tools/bin/../lib/gcc/arm-none-eabi/4.8.3/armv7e-m/softfp/libcr_eabihelpers.a
END GROUP
                0x1a080000                __top_MFlashA512 = 0x1a080000
                0x1b080000                __top_MFlashB512 = 0x1b080000
                0x10008000                __top_RamLoc32 = 0x10008000
                0x1008a000                __top_RamLoc40 = 0x1008a000
                0x20008000                __top_RamAHB32 = 0x20008000
                0x2000c000                __top_RamAHB16 = 0x2000c000
                0x20010000                __top_RamAHB_ETB16 = 0x20010000

.text_Flash2    0x1b000000        0x0
 FILL mask 0xff
 *(.text_Flash2*)
 *(.text_MFlashB512*)
 *(.text.$Flash2*)
 *(.text.$MFlashB512*)
 *(.rodata.$Flash2*)
 *(.rodata.$MFlashB512*)

.text           0x1a000000     0x46f8
 FILL mask 0xff
                0x1a000000                __vectors_start__ = ABSOLUTE (.)
 *(.isr_vector)
 .isr_vector    0x1a000000      0x114 ./src/cr_startup_lpc43xx.o
                0x1a000000                g_pfnVectors
                0x1a000114                . = ALIGN (0x4)
                0x1a000114                __section_table_start = .
                0x1a000114                __data_section_table = .
                0x1a000114        0x4 LONG 0x1a0046f8 LOADADDR (.data)
                0x1a000118        0x4 LONG 0x10000000 ADDR (.data)
                0x1a00011c        0x4 LONG 0x44 SIZEOF (.data)
                0x1a000120        0x4 LONG 0x1a0046f8 LOADADDR (.data_RAM2)
                0x1a000124        0x4 LONG 0x10080000 ADDR (.data_RAM2)
                0x1a000128        0x4 LONG 0x0 SIZEOF (.data_RAM2)
                0x1a00012c        0x4 LONG 0x1a0046f8 LOADADDR (.data_RAM3)
                0x1a000130        0x4 LONG 0x20000000 ADDR (.data_RAM3)
                0x1a000134        0x4 LONG 0x0 SIZEOF (.data_RAM3)
                0x1a000138        0x4 LONG 0x1a0046f8 LOADADDR (.data_RAM4)
                0x1a00013c        0x4 LONG 0x20008000 ADDR (.data_RAM4)
                0x1a000140        0x4 LONG 0x0 SIZEOF (.data_RAM4)
                0x1a000144        0x4 LONG 0x1a0046f8 LOADADDR (.data_RAM5)
                0x1a000148        0x4 LONG 0x2000c000 ADDR (.data_RAM5)
                0x1a00014c        0x4 LONG 0x0 SIZEOF (.data_RAM5)
                0x1a000150                __data_section_table_end = .
                0x1a000150                __bss_section_table = .
                0x1a000150        0x4 LONG 0x10000044 ADDR (.bss)
                0x1a000154        0x4 LONG 0x196c SIZEOF (.bss)
                0x1a000158        0x4 LONG 0x10080000 ADDR (.bss_RAM2)
                0x1a00015c        0x4 LONG 0x0 SIZEOF (.bss_RAM2)
                0x1a000160        0x4 LONG 0x20000000 ADDR (.bss_RAM3)
                0x1a000164        0x4 LONG 0x0 SIZEOF (.bss_RAM3)
                0x1a000168        0x4 LONG 0x20008000 ADDR (.bss_RAM4)
                0x1a00016c        0x4 LONG 0x0 SIZEOF (.bss_RAM4)
                0x1a000170        0x4 LONG 0x2000c000 ADDR (.bss_RAM5)
                0x1a000174        0x4 LONG 0x0 SIZEOF (.bss_RAM5)
                0x1a000178                __bss_section_table_end = .
                0x1a000178                __section_table_end = .
 *(.after_vectors*)
 .after_vectors
                0x1a000178       0xcc ./src/cr_startup_lpc43xx.o
                0x1a000178                data_init
                0x1a0001bc                bss_init
                0x1a0001f4                NMI_Handler
                0x1a0001fc                HardFault_Handler
                0x1a000204                MemManage_Handler
                0x1a00020c                BusFault_Handler
                0x1a000214                UsageFault_Handler
                0x1a00021c                SVC_Handler
                0x1a000224                DebugMon_Handler
                0x1a00022c                PendSV_Handler
                0x1a00023c                TIMER2_IRQHandler
                0x1a00023c                RIT_IRQHandler
                0x1a00023c                ADCHS_IRQHandler
                0x1a00023c                I2C0_IRQHandler
                0x1a00023c                SDIO_IRQHandler
                0x1a00023c                ATIMER_IRQHandler
                0x1a00023c                I2C1_IRQHandler
                0x1a00023c                UART1_IRQHandler
                0x1a00023c                GPIO5_IRQHandler
                0x1a00023c                CAN1_IRQHandler
                0x1a00023c                USB1_IRQHandler
                0x1a00023c                I2S0_IRQHandler
                0x1a00023c                TIMER3_IRQHandler
                0x1a00023c                UART0_IRQHandler
                0x1a00023c                SGPIO_IRQHandler
                0x1a00023c                GPIO6_IRQHandler
                0x1a00023c                IntDefaultHandler
                0x1a00023c                GPIO1_IRQHandler
                0x1a00023c                SSP0_IRQHandler
                0x1a00023c                ADC1_IRQHandler
                0x1a00023c                FLASHEEPROM_IRQHandler
                0x1a00023c                RTC_IRQHandler
                0x1a00023c                TIMER0_IRQHandler
                0x1a00023c                SPI_IRQHandler
                0x1a00023c                LCD_IRQHandler
                0x1a00023c                TIMER1_IRQHandler
                0x1a00023c                GPIO2_IRQHandler
                0x1a00023c                I2S1_IRQHandler
                0x1a00023c                SSP1_IRQHandler
                0x1a00023c                USB0_IRQHandler
                0x1a00023c                GPIO3_IRQHandler
                0x1a00023c                SCT_IRQHandler
                0x1a00023c                MX_CORE_IRQHandler
                0x1a00023c                WDT_IRQHandler
                0x1a00023c                GPIO7_IRQHandler
                0x1a00023c                SPIFI_IRQHandler
                0x1a00023c                QEI_IRQHandler
                0x1a00023c                ETH_IRQHandler
                0x1a00023c                CAN0_IRQHandler
                0x1a00023c                GINT0_IRQHandler
                0x1a00023c                DAC_IRQHandler
                0x1a00023c                M0SUB_IRQHandler
                0x1a00023c                GPIO0_IRQHandler
                0x1a00023c                DMA_IRQHandler
                0x1a00023c                EVRT_IRQHandler
                0x1a00023c                MCPWM_IRQHandler
                0x1a00023c                GINT1_IRQHandler
                0x1a00023c                GPIO4_IRQHandler
                0x000002fc                . = 0x2fc
 *fill*         0x1a000244       0xb8 ff
                0x1a0002fc                PROVIDE (__CRP_WORD_START__, .)
 *(.crp)
 .crp           0x1a0002fc        0x4 ./src/crp.o
                0x1a0002fc                CRP_WORD
                0x1a000300                PROVIDE (__CRP_WORD_END__, .)
                0x00000001                ASSERT (! ((__CRP_WORD_START__ == __CRP_WORD_END__)), Linker CRP Enabled, but no CRP_WORD provided within application)
 *(.text*)
 .text.NVIC_EnableIRQ
                0x1a000300       0x30 ./src/ciaaAIN.o
 .text.ADC0_IRQHandler
                0x1a000330       0x84 ./src/ciaaAIN.o
                0x1a000330                ADC0_IRQHandler
 .text.ciaaAINInit
                0x1a0003b4       0x88 ./src/ciaaAIN.o
                0x1a0003b4                ciaaAINInit
 .text.ciaaAINRead
                0x1a00043c       0x30 ./src/ciaaAIN.o
                0x1a00043c                ciaaAINRead
 .text.Chip_SCU_I2C0PinConfig
                0x1a00046c       0x20 ./src/ciaaI2C.o
 .text.ciaaI2CInit
                0x1a00048c       0x20 ./src/ciaaI2C.o
                0x1a00048c                ciaaI2CInit
 .text.ciaaI2CWrite
                0x1a0004ac       0x50 ./src/ciaaI2C.o
                0x1a0004ac                ciaaI2CWrite
 .text.ciaaI2CRead
                0x1a0004fc       0x50 ./src/ciaaI2C.o
                0x1a0004fc                ciaaI2CRead
 .text.Chip_SCU_PinMuxSet
                0x1a00054c       0x30 ./src/ciaaIO.o
 .text.Chip_SCU_PinMux
                0x1a00057c       0x2c ./src/ciaaIO.o
 .text.Chip_GPIO_SetValue
                0x1a0005a8       0x28 ./src/ciaaIO.o
 .text.Chip_GPIO_ClearValue
                0x1a0005d0       0x28 ./src/ciaaIO.o
 .text.ciaaIOInit
                0x1a0005f8      0x140 ./src/ciaaIO.o
                0x1a0005f8                ciaaIOInit
 .text.ciaaWriteOutput
                0x1a000738      0x14c ./src/ciaaIO.o
                0x1a000738                ciaaWriteOutput
 .text.ciaaNVMInit
                0x1a000884        0xc ./src/ciaaNVM.o
                0x1a000884                ciaaNVMInit
 .text.mem48Read
                0x1a000890       0x44 ./src/ciaaNVM.o
                0x1a000890                mem48Read
 .text.mem48Write
                0x1a0008d4       0x9c ./src/ciaaNVM.o
                0x1a0008d4                mem48Write
 .text.memRead  0x1a000970       0x54 ./src/ciaaNVM.o
                0x1a000970                memRead
 .text.memWrite
                0x1a0009c4       0xa8 ./src/ciaaNVM.o
                0x1a0009c4                memWrite
 .text.Chip_SCU_PinMuxSet
                0x1a000a6c       0x30 ./src/ciaaSPIFI.o
 .text.Chip_SCU_SetPinMuxing
                0x1a000a9c       0x4c ./src/ciaaSPIFI.o
 .text.spifi_setup
                0x1a000ae8       0x94 ./src/ciaaSPIFI.o
                0x1a000ae8                spifi_setup
 .text.spifi_update_const
                0x1a000b7c      0x1d8 ./src/ciaaSPIFI.o
                0x1a000b7c                spifi_update_const
 .text.ciaaSPIFIInit
                0x1a000d54       0x40 ./src/ciaaSPIFI.o
                0x1a000d54                ciaaSPIFIInit
 .text.NVIC_SetPriority
                0x1a000d94       0x54 ./src/ciaaTest.o
 .text.SysTick_Config
                0x1a000de8       0x44 ./src/ciaaTest.o
 .text.Chip_GPIO_ReadValue
                0x1a000e2c       0x24 ./src/ciaaTest.o
 .text.SysTick_Handler
                0x1a000e50       0x24 ./src/ciaaTest.o
                0x1a000e50                SysTick_Handler
 .text.pausems  0x1a000e74       0x28 ./src/ciaaTest.o
                0x1a000e74                pausems
 .text.main     0x1a000e9c      0x24c ./src/ciaaTest.o
                0x1a000e9c                main
 .text.NVIC_EnableIRQ
                0x1a0010e8       0x30 ./src/ciaaUART.o
 .text.Chip_SCU_PinMuxSet
                0x1a001118       0x30 ./src/ciaaUART.o
 .text.Chip_SCU_PinMux
                0x1a001148       0x2c ./src/ciaaUART.o
 .text.Chip_UART_TXEnable
                0x1a001174       0x18 ./src/ciaaUART.o
 .text.Chip_UART_SendByte
                0x1a00118c       0x1c ./src/ciaaUART.o
 .text.Chip_UART_ReadByte
                0x1a0011a8       0x1c ./src/ciaaUART.o
 .text.Chip_UART_IntEnable
                0x1a0011c4       0x20 ./src/ciaaUART.o
 .text.Chip_UART_IntDisable
                0x1a0011e4       0x24 ./src/ciaaUART.o
 .text.Chip_UART_ReadLineStatus
                0x1a001208       0x18 ./src/ciaaUART.o
 .text.ciaaUARTInit
                0x1a001220       0x48 ./src/ciaaUART.o
                0x1a001220                ciaaUARTInit
 .text.UART2_IRQHandler
                0x1a001268       0xa0 ./src/ciaaUART.o
                0x1a001268                UART2_IRQHandler
 .text.UART3_IRQHandler
                0x1a001308        0xc ./src/ciaaUART.o
                0x1a001308                UART3_IRQHandler
 .text.uartSend
                0x1a001314       0x8c ./src/ciaaUART.o
                0x1a001314                uartSend
 .text.ResetISR
                0x1a0013a0       0xc4 ./src/cr_startup_lpc43xx.o
                0x1a0013a0                ResetISR
 .text.SystemInit
                0x1a001464       0x28 ./src/sysinit.o
                0x1a001464                SystemInit
 .text.Chip_ADC_GetClockIndex
                0x1a00148c       0x10 /home/pablo/Documents/CIAA-Repositories/EOPT/workspace_lpcopen/lpc_chip_43xx/Debug/liblpc_chip_43xx.a(adc_18xx_43xx.o)
 .text.getClkDiv
                0x1a00149c       0x30 /home/pablo/Documents/CIAA-Repositories/EOPT/workspace_lpcopen/lpc_chip_43xx/Debug/liblpc_chip_43xx.a(adc_18xx_43xx.o)
 .text.setStartMode
                0x1a0014cc       0x10 /home/pablo/Documents/CIAA-Repositories/EOPT/workspace_lpcopen/lpc_chip_43xx/Debug/liblpc_chip_43xx.a(adc_18xx_43xx.o)
                0x1a0014cc                setStartMode
 .text.readAdcVal
                0x1a0014dc       0x18 /home/pablo/Documents/CIAA-Repositories/EOPT/workspace_lpcopen/lpc_chip_43xx/Debug/liblpc_chip_43xx.a(adc_18xx_43xx.o)
                0x1a0014dc                readAdcVal
 .text.Chip_ADC_Init
                0x1a0014f4       0x40 /home/pablo/Documents/CIAA-Repositories/EOPT/workspace_lpcopen/lpc_chip_43xx/Debug/liblpc_chip_43xx.a(adc_18xx_43xx.o)
                0x1a0014f4                Chip_ADC_Init
 .text.Chip_ADC_ReadValue
                0x1a001534        0x8 /home/pablo/Documents/CIAA-Repositories/EOPT/workspace_lpcopen/lpc_chip_43xx/Debug/liblpc_chip_43xx.a(adc_18xx_43xx.o)
                0x1a001534                Chip_ADC_ReadValue
 .text.Chip_ADC_ReadStatus
                0x1a00153c       0x34 /home/pablo/Documents/CIAA-Repositories/EOPT/workspace_lpcopen/lpc_chip_43xx/Debug/liblpc_chip_43xx.a(adc_18xx_43xx.o)
                0x1a00153c                Chip_ADC_ReadStatus
 .text.Chip_ADC_Int_SetChannelCmd
                0x1a001570       0x20 /home/pablo/Documents/CIAA-Repositories/EOPT/workspace_lpcopen/lpc_chip_43xx/Debug/liblpc_chip_43xx.a(adc_18xx_43xx.o)
                0x1a001570                Chip_ADC_Int_SetChannelCmd
 .text.Chip_ADC_EnableChannel
                0x1a001590       0x28 /home/pablo/Documents/CIAA-Repositories/EOPT/workspace_lpcopen/lpc_chip_43xx/Debug/liblpc_chip_43xx.a(adc_18xx_43xx.o)
                0x1a001590                Chip_ADC_EnableChannel
 .text.Chip_ADC_SetBurstCmd
                0x1a0015b8       0x24 /home/pablo/Documents/CIAA-Repositories/EOPT/workspace_lpcopen/lpc_chip_43xx/Debug/liblpc_chip_43xx.a(adc_18xx_43xx.o)
                0x1a0015b8                Chip_ADC_SetBurstCmd
 .text.SystemCoreClockUpdate
                0x1a0015dc       0x14 /home/pablo/Documents/CIAA-Repositories/EOPT/workspace_lpcopen/lpc_chip_43xx/Debug/liblpc_chip_43xx.a(chip_18xx_43xx.o)
                0x1a0015dc                SystemCoreClockUpdate
 .text.Chip_Clock_TestMainPLLMultiplier
                0x1a0015f0       0x24 /home/pablo/Documents/CIAA-Repositories/EOPT/workspace_lpcopen/lpc_chip_43xx/Debug/liblpc_chip_43xx.a(clock_18xx_43xx.o)
 .text.Chip_Clock_FindBaseClock
                0x1a001614       0x48 /home/pablo/Documents/CIAA-Repositories/EOPT/workspace_lpcopen/lpc_chip_43xx/Debug/liblpc_chip_43xx.a(clock_18xx_43xx.o)
 .text.Chip_Clock_DisableMainPLL
                0x1a00165c       0x10 /home/pablo/Documents/CIAA-Repositories/EOPT/workspace_lpcopen/lpc_chip_43xx/Debug/liblpc_chip_43xx.a(clock_18xx_43xx.o)
                0x1a00165c                Chip_Clock_DisableMainPLL
 .text.Chip_Clock_GetDividerSource
                0x1a00166c       0x1c /home/pablo/Documents/CIAA-Repositories/EOPT/workspace_lpcopen/lpc_chip_43xx/Debug/liblpc_chip_43xx.a(clock_18xx_43xx.o)
                0x1a00166c                Chip_Clock_GetDividerSource
 .text.Chip_Clock_GetDividerDivisor
                0x1a001688       0x14 /home/pablo/Documents/CIAA-Repositories/EOPT/workspace_lpcopen/lpc_chip_43xx/Debug/liblpc_chip_43xx.a(clock_18xx_43xx.o)
                0x1a001688                Chip_Clock_GetDividerDivisor
 .text.Chip_Clock_GetClockInputHz
                0x1a00169c       0xb8 /home/pablo/Documents/CIAA-Repositories/EOPT/workspace_lpcopen/lpc_chip_43xx/Debug/liblpc_chip_43xx.a(clock_18xx_43xx.o)
                0x1a00169c                Chip_Clock_GetClockInputHz
 .text.Chip_Clock_SetupMainPLLMult
                0x1a001754       0x80 /home/pablo/Documents/CIAA-Repositories/EOPT/workspace_lpcopen/lpc_chip_43xx/Debug/liblpc_chip_43xx.a(clock_18xx_43xx.o)
                0x1a001754                Chip_Clock_SetupMainPLLMult
 .text.Chip_Clock_SetupMainPLLHz
                0x1a0017d4       0xac /home/pablo/Documents/CIAA-Repositories/EOPT/workspace_lpcopen/lpc_chip_43xx/Debug/liblpc_chip_43xx.a(clock_18xx_43xx.o)
                0x1a0017d4                Chip_Clock_SetupMainPLLHz
 .text.Chip_Clock_GetMainPLLHz
                0x1a001880       0x68 /home/pablo/Documents/CIAA-Repositories/EOPT/workspace_lpcopen/lpc_chip_43xx/Debug/liblpc_chip_43xx.a(clock_18xx_43xx.o)
                0x1a001880                Chip_Clock_GetMainPLLHz
 .text.Chip_Clock_GetDivRate
                0x1a0018e8       0x24 /home/pablo/Documents/CIAA-Repositories/EOPT/workspace_lpcopen/lpc_chip_43xx/Debug/liblpc_chip_43xx.a(clock_18xx_43xx.o)
 .text.Chip_Clock_SetBaseClock
                0x1a00190c       0x44 /home/pablo/Documents/CIAA-Repositories/EOPT/workspace_lpcopen/lpc_chip_43xx/Debug/liblpc_chip_43xx.a(clock_18xx_43xx.o)
                0x1a00190c                Chip_Clock_SetBaseClock
 .text.Chip_Clock_GetBaseClock
                0x1a001950       0x24 /home/pablo/Documents/CIAA-Repositories/EOPT/workspace_lpcopen/lpc_chip_43xx/Debug/liblpc_chip_43xx.a(clock_18xx_43xx.o)
                0x1a001950                Chip_Clock_GetBaseClock
 .text.Chip_Clock_GetBaseClocktHz
                0x1a001974        0xc /home/pablo/Documents/CIAA-Repositories/EOPT/workspace_lpcopen/lpc_chip_43xx/Debug/liblpc_chip_43xx.a(clock_18xx_43xx.o)
                0x1a001974                Chip_Clock_GetBaseClocktHz
 .text.Chip_Clock_EnableOpts
                0x1a001980       0x34 /home/pablo/Documents/CIAA-Repositories/EOPT/workspace_lpcopen/lpc_chip_43xx/Debug/liblpc_chip_43xx.a(clock_18xx_43xx.o)
                0x1a001980                Chip_Clock_EnableOpts
 .text.Chip_Clock_Enable
                0x1a0019b4       0x28 /home/pablo/Documents/CIAA-Repositories/EOPT/workspace_lpcopen/lpc_chip_43xx/Debug/liblpc_chip_43xx.a(clock_18xx_43xx.o)
                0x1a0019b4                Chip_Clock_Enable
 .text.Chip_Clock_GetRate
                0x1a0019dc       0x44 /home/pablo/Documents/CIAA-Repositories/EOPT/workspace_lpcopen/lpc_chip_43xx/Debug/liblpc_chip_43xx.a(clock_18xx_43xx.o)
                0x1a0019dc                Chip_Clock_GetRate
 .text.fpuInit  0x1a001a20       0x58 /home/pablo/Documents/CIAA-Repositories/EOPT/workspace_lpcopen/lpc_chip_43xx/Debug/liblpc_chip_43xx.a(fpu_init.o)
                0x1a001a20                fpuInit
 .text.Chip_GPIO_Init
                0x1a001a78        0x4 /home/pablo/Documents/CIAA-Repositories/EOPT/workspace_lpcopen/lpc_chip_43xx/Debug/liblpc_chip_43xx.a(gpio_18xx_43xx.o)
                0x1a001a78                Chip_GPIO_Init
 .text.Chip_GPIO_SetDir
                0x1a001a7c       0x24 /home/pablo/Documents/CIAA-Repositories/EOPT/workspace_lpcopen/lpc_chip_43xx/Debug/liblpc_chip_43xx.a(gpio_18xx_43xx.o)
                0x1a001a7c                Chip_GPIO_SetDir
 .text.Chip_I2C_EventHandler
                0x1a001aa0       0x20 /home/pablo/Documents/CIAA-Repositories/EOPT/workspace_lpcopen/lpc_chip_43xx/Debug/liblpc_chip_43xx.a(i2c_18xx_43xx.o)
                0x1a001aa0                Chip_I2C_EventHandler
 .text.Chip_I2C_Init
                0x1a001ac0       0x24 /home/pablo/Documents/CIAA-Repositories/EOPT/workspace_lpcopen/lpc_chip_43xx/Debug/liblpc_chip_43xx.a(i2c_18xx_43xx.o)
                0x1a001ac0                Chip_I2C_Init
 .text.Chip_I2C_SetClockRate
                0x1a001ae4       0x38 /home/pablo/Documents/CIAA-Repositories/EOPT/workspace_lpcopen/lpc_chip_43xx/Debug/liblpc_chip_43xx.a(i2c_18xx_43xx.o)
                0x1a001ae4                Chip_I2C_SetClockRate
 .text.Chip_I2CM_XferHandler
                0x1a001b1c      0x11c /home/pablo/Documents/CIAA-Repositories/EOPT/workspace_lpcopen/lpc_chip_43xx/Debug/liblpc_chip_43xx.a(i2cm_18xx_43xx.o)
                0x1a001b1c                Chip_I2CM_XferHandler
 .text.Chip_I2CM_Xfer
                0x1a001c38       0x10 /home/pablo/Documents/CIAA-Repositories/EOPT/workspace_lpcopen/lpc_chip_43xx/Debug/liblpc_chip_43xx.a(i2cm_18xx_43xx.o)
                0x1a001c38                Chip_I2CM_Xfer
 .text.Chip_I2CM_XferBlocking
                0x1a001c48       0x24 /home/pablo/Documents/CIAA-Repositories/EOPT/workspace_lpcopen/lpc_chip_43xx/Debug/liblpc_chip_43xx.a(i2cm_18xx_43xx.o)
                0x1a001c48                Chip_I2CM_XferBlocking
 .text.Chip_SetupIrcClocking
                0x1a001c6c       0x64 /home/pablo/Documents/CIAA-Repositories/EOPT/workspace_lpcopen/lpc_chip_43xx/Debug/liblpc_chip_43xx.a(sysinit_18xx_43xx.o)
                0x1a001c6c                Chip_SetupIrcClocking
 .text.Chip_SystemInit
                0x1a001cd0        0x8 /home/pablo/Documents/CIAA-Repositories/EOPT/workspace_lpcopen/lpc_chip_43xx/Debug/liblpc_chip_43xx.a(sysinit_18xx_43xx.o)
                0x1a001cd0                Chip_SystemInit
 .text.Chip_UART_GetClockIndex
                0x1a001cd8       0x28 /home/pablo/Documents/CIAA-Repositories/EOPT/workspace_lpcopen/lpc_chip_43xx/Debug/liblpc_chip_43xx.a(uart_18xx_43xx.o)
 .text.Chip_UART_Init
                0x1a001d00       0x40 /home/pablo/Documents/CIAA-Repositories/EOPT/workspace_lpcopen/lpc_chip_43xx/Debug/liblpc_chip_43xx.a(uart_18xx_43xx.o)
                0x1a001d00                Chip_UART_Init
 .text.Chip_UART_SetBaud
                0x1a001d40       0x34 /home/pablo/Documents/CIAA-Repositories/EOPT/workspace_lpcopen/lpc_chip_43xx/Debug/liblpc_chip_43xx.a(uart_18xx_43xx.o)
                0x1a001d40                Chip_UART_SetBaud
 .text.__main   0x1a001d74       0x14 /usr/local/lpcxpresso_7.2.0_153/lpcxpresso/tools/bin/../lib/gcc/arm-none-eabi/4.8.3/../../../../arm-none-eabi/lib/armv7e-m/softfp/libcr_semihost.a(_cr__main.o)
                0x1a001d74                __main
                0x1a001d74                __CR_SEMIHOST
 .text.fp_round
                0x1a001d88       0x50 /usr/local/lpcxpresso_7.2.0_153/lpcxpresso/tools/bin/../lib/gcc/arm-none-eabi/4.8.3/../../../../arm-none-eabi/lib/armv7e-m/softfp/libcr_c.a(fpprintf.o)
 .text.pr_dec.constprop.1
                0x1a001dd8       0x26 /usr/local/lpcxpresso_7.2.0_153/lpcxpresso/tools/bin/../lib/gcc/arm-none-eabi/4.8.3/../../../../arm-none-eabi/lib/armv7e-m/softfp/libcr_c.a(fpprintf.o)
 *fill*         0x1a001dfe        0x2 
 .text.sprintf  0x1a001e00       0x6c /usr/local/lpcxpresso_7.2.0_153/lpcxpresso/tools/bin/../lib/gcc/arm-none-eabi/4.8.3/../../../../arm-none-eabi/lib/armv7e-m/softfp/libcr_c.a(fpprintf.o)
                0x1a001e00                sprintf
 *fill*         0x1a001e6c        0x4 
 .text.fp_display
                0x1a001e70      0x988 /usr/local/lpcxpresso_7.2.0_153/lpcxpresso/tools/bin/../lib/gcc/arm-none-eabi/4.8.3/../../../../arm-none-eabi/lib/armv7e-m/softfp/libcr_c.a(fpprintf.o)
 .text._initio  0x1a0027f8       0xa4 /usr/local/lpcxpresso_7.2.0_153/lpcxpresso/tools/bin/../lib/gcc/arm-none-eabi/4.8.3/../../../../arm-none-eabi/lib/armv7e-m/softfp/libcr_c.a(initio.o)
                0x1a0027f8                _initio
 .text.__vfprintf
                0x1a00289c      0xca0 /usr/local/lpcxpresso_7.2.0_153/lpcxpresso/tools/bin/../lib/gcc/arm-none-eabi/4.8.3/../../../../arm-none-eabi/lib/armv7e-m/softfp/libcr_c.a(printf.o)
                0x1a00289c                __vfprintf
 .text.setvbuf  0x1a00353c       0x40 /usr/local/lpcxpresso_7.2.0_153/lpcxpresso/tools/bin/../lib/gcc/arm-none-eabi/4.8.3/../../../../arm-none-eabi/lib/armv7e-m/softfp/libcr_c.a(setvbuf.o)
                0x1a00353c                setvbuf
 .text.strlen   0x1a00357c       0x4a /usr/local/lpcxpresso_7.2.0_153/lpcxpresso/tools/bin/../lib/gcc/arm-none-eabi/4.8.3/../../../../arm-none-eabi/lib/armv7e-m/softfp/libcr_c.a(strlen.o)
                0x1a00357c                strlen
 .text.memset   0x1a0035c6        0x4 /usr/local/lpcxpresso_7.2.0_153/lpcxpresso/tools/bin/../lib/gcc/arm-none-eabi/4.8.3/../../../../arm-none-eabi/lib/armv7e-m/softfp/libcr_c.a(memset.o)
                0x1a0035c6                memset
 .text._deferredlazyseek
                0x1a0035ca       0x44 /usr/local/lpcxpresso_7.2.0_153/lpcxpresso/tools/bin/../lib/gcc/arm-none-eabi/4.8.3/../../../../arm-none-eabi/lib/armv7e-m/softfp/libcr_c.a(_deferredlazyseek.o)
                0x1a0035ca                _deferredlazyseek
 .text.__flsbuf
                0x1a00360e      0x142 /usr/local/lpcxpresso_7.2.0_153/lpcxpresso/tools/bin/../lib/gcc/arm-none-eabi/4.8.3/../../../../arm-none-eabi/lib/armv7e-m/softfp/libcr_c.a(_deferredlazyseek.o)
                0x1a00360e                __flsbuf
 .text._fdopen  0x1a003750       0x6a /usr/local/lpcxpresso_7.2.0_153/lpcxpresso/tools/bin/../lib/gcc/arm-none-eabi/4.8.3/../../../../arm-none-eabi/lib/armv7e-m/softfp/libcr_c.a(_fdopen.o)
                0x1a003750                _fdopen
 .text._fflush  0x1a0037ba       0x58 /usr/local/lpcxpresso_7.2.0_153/lpcxpresso/tools/bin/../lib/gcc/arm-none-eabi/4.8.3/../../../../arm-none-eabi/lib/armv7e-m/softfp/libcr_c.a(_fflush.o)
                0x1a0037ba                _fflush
 .text._frexpl  0x1a003812       0x5c /usr/local/lpcxpresso_7.2.0_153/lpcxpresso/tools/bin/../lib/gcc/arm-none-eabi/4.8.3/../../../../arm-none-eabi/lib/armv7e-m/softfp/libcr_c.a(_frexpl.o)
                0x1a003812                _frexpl
 *fill*         0x1a00386e        0x2 
 .text._ldexpl  0x1a003870       0x4c /usr/local/lpcxpresso_7.2.0_153/lpcxpresso/tools/bin/../lib/gcc/arm-none-eabi/4.8.3/../../../../arm-none-eabi/lib/armv7e-m/softfp/libcr_c.a(_ldexpl.o)
                0x1a003870                _ldexpl
 .text._Cwritebuf
                0x1a0038bc       0x70 /usr/local/lpcxpresso_7.2.0_153/lpcxpresso/tools/bin/../lib/gcc/arm-none-eabi/4.8.3/../../../../arm-none-eabi/lib/armv7e-m/softfp/libcr_c.a(_writebuf.o)
                0x1a0038bc                _Cwritebuf
 .text.malloc   0x1a00392c       0xc4 /usr/local/lpcxpresso_7.2.0_153/lpcxpresso/tools/bin/../lib/gcc/arm-none-eabi/4.8.3/../../../../arm-none-eabi/lib/armv7e-m/softfp/libcr_c.a(alloc.o)
                0x1a00392c                malloc
 .text.free     0x1a0039f0        0xc /usr/local/lpcxpresso_7.2.0_153/lpcxpresso/tools/bin/../lib/gcc/arm-none-eabi/4.8.3/../../../../arm-none-eabi/lib/armv7e-m/softfp/libcr_c.a(alloc.o)
                0x1a0039f0                free
 .text._Csys_alloc
                0x1a0039fc       0x20 /usr/local/lpcxpresso_7.2.0_153/lpcxpresso/tools/bin/../lib/gcc/arm-none-eabi/4.8.3/../../../../arm-none-eabi/lib/armv7e-m/softfp/libcr_c.a(alloc.o)
                0x1a0039fc                _Csys_alloc
 .text.fclose   0x1a003a1c       0x6c /usr/local/lpcxpresso_7.2.0_153/lpcxpresso/tools/bin/../lib/gcc/arm-none-eabi/4.8.3/../../../../arm-none-eabi/lib/armv7e-m/softfp/libcr_c.a(fclose.o)
                0x1a003a1c                fclose
 .text.fflush   0x1a003a88       0x30 /usr/local/lpcxpresso_7.2.0_153/lpcxpresso/tools/bin/../lib/gcc/arm-none-eabi/4.8.3/../../../../arm-none-eabi/lib/armv7e-m/softfp/libcr_c.a(fflush.o)
                0x1a003a88                fflush
 .text.fseek    0x1a003ab8      0x10c /usr/local/lpcxpresso_7.2.0_153/lpcxpresso/tools/bin/../lib/gcc/arm-none-eabi/4.8.3/../../../../arm-none-eabi/lib/armv7e-m/softfp/libcr_c.a(fseek.o)
                0x1a003ab8                fseek
 .text.ftell    0x1a003bc4       0x4c /usr/local/lpcxpresso_7.2.0_153/lpcxpresso/tools/bin/../lib/gcc/arm-none-eabi/4.8.3/../../../../arm-none-eabi/lib/armv7e-m/softfp/libcr_c.a(ftell.o)
                0x1a003bc4                ftell
 .text.remove   0x1a003c10       0x14 /usr/local/lpcxpresso_7.2.0_153/lpcxpresso/tools/bin/../lib/gcc/arm-none-eabi/4.8.3/../../../../arm-none-eabi/lib/armv7e-m/softfp/libcr_c.a(remove.o)
                0x1a003c10                remove
 .text._sbrk    0x1a003c24       0x40 /usr/local/lpcxpresso_7.2.0_153/lpcxpresso/tools/bin/../lib/gcc/arm-none-eabi/4.8.3/../../../../arm-none-eabi/lib/armv7e-m/softfp/libcr_c.a(_cr_sbrk.o)
                0x1a003c24                _sbrk
 .text._do_fflush
                0x1a003c64       0x44 /usr/local/lpcxpresso_7.2.0_153/lpcxpresso/tools/bin/../lib/gcc/arm-none-eabi/4.8.3/../../../../arm-none-eabi/lib/armv7e-m/softfp/libcr_c.a(_do_fflush.o)
                0x1a003c64                _do_fflush
 .text.__check_heap_overflow
                0x1a003ca8       0x2c /usr/local/lpcxpresso_7.2.0_153/lpcxpresso/tools/bin/../lib/gcc/arm-none-eabi/4.8.3/../../../../arm-none-eabi/lib/armv7e-m/softfp/libcr_c.a(_cr_check_heap.o)
                0x1a003ca8                __check_heap_overflow
 .text.__aeabi_dmul
                0x1a003cd4      0x110 /usr/local/lpcxpresso_7.2.0_153/lpcxpresso/tools/bin/../lib/gcc/arm-none-eabi/4.8.3/armv7e-m/softfp/libcr_eabihelpers.a(double.o)
                0x1a003cd4                __aeabi_dmul
 .text.__aeabi_ddiv
                0x1a003de4      0x138 /usr/local/lpcxpresso_7.2.0_153/lpcxpresso/tools/bin/../lib/gcc/arm-none-eabi/4.8.3/armv7e-m/softfp/libcr_eabihelpers.a(double.o)
                0x1a003de4                __aeabi_ddiv
 .text.__aeabi_dsub
                0x1a003f1c      0x1fc /usr/local/lpcxpresso_7.2.0_153/lpcxpresso/tools/bin/../lib/gcc/arm-none-eabi/4.8.3/armv7e-m/softfp/libcr_eabihelpers.a(double.o)
                0x1a003f1c                __aeabi_dsub
 .text.__aeabi_dadd
                0x1a004118      0x144 /usr/local/lpcxpresso_7.2.0_153/lpcxpresso/tools/bin/../lib/gcc/arm-none-eabi/4.8.3/armv7e-m/softfp/libcr_eabihelpers.a(double.o)
                0x1a004118                __aeabi_dadd
 .text.__aeabi_d2iz
                0x1a00425c       0x42 /usr/local/lpcxpresso_7.2.0_153/lpcxpresso/tools/bin/../lib/gcc/arm-none-eabi/4.8.3/armv7e-m/softfp/libcr_eabihelpers.a(double.o)
                0x1a00425c                __aeabi_d2iz
 .text.__bhs_ui2d
                0x1a00429e       0x46 /usr/local/lpcxpresso_7.2.0_153/lpcxpresso/tools/bin/../lib/gcc/arm-none-eabi/4.8.3/armv7e-m/softfp/libcr_eabihelpers.a(double.o)
                0x1a00429e                __bhs_ui2d
 .text.__aeabi_i2d
                0x1a0042e4       0x10 /usr/local/lpcxpresso_7.2.0_153/lpcxpresso/tools/bin/../lib/gcc/arm-none-eabi/4.8.3/armv7e-m/softfp/libcr_eabihelpers.a(double.o)
                0x1a0042e4                __aeabi_i2d
 .text.__aeabi_dcmpeq
                0x1a0042f4       0x3a /usr/local/lpcxpresso_7.2.0_153/lpcxpresso/tools/bin/../lib/gcc/arm-none-eabi/4.8.3/armv7e-m/softfp/libcr_eabihelpers.a(double.o)
                0x1a0042f4                __aeabi_dcmpeq
 .text.__aeabi_dcmplt
                0x1a00432e       0x66 /usr/local/lpcxpresso_7.2.0_153/lpcxpresso/tools/bin/../lib/gcc/arm-none-eabi/4.8.3/armv7e-m/softfp/libcr_eabihelpers.a(double.o)
                0x1a00432e                __aeabi_dcmplt
 .text.__aeabi_dcmple
                0x1a004394       0x64 /usr/local/lpcxpresso_7.2.0_153/lpcxpresso/tools/bin/../lib/gcc/arm-none-eabi/4.8.3/armv7e-m/softfp/libcr_eabihelpers.a(double.o)
                0x1a004394                __aeabi_dcmple
 .text.__aeabi_dcmpge
                0x1a0043f8       0x60 /usr/local/lpcxpresso_7.2.0_153/lpcxpresso/tools/bin/../lib/gcc/arm-none-eabi/4.8.3/armv7e-m/softfp/libcr_eabihelpers.a(double.o)
                0x1a0043f8                __aeabi_dcmpge
 .text.__aeabi_memset_lowlevel
                0x1a004458       0x2c /usr/local/lpcxpresso_7.2.0_153/lpcxpresso/tools/bin/../lib/gcc/arm-none-eabi/4.8.3/armv7e-m/softfp/libcr_eabihelpers.a(memcpy.o)
                0x1a004458                __aeabi_lowlevel_memset
 .text.__sys_appexit
                0x1a004484        0xc /usr/local/lpcxpresso_7.2.0_153/lpcxpresso/tools/bin/../lib/gcc/arm-none-eabi/4.8.3/../../../../arm-none-eabi/lib/armv7e-m/softfp/libcr_semihost.a(__sys_appexit.o)
                0x1a004484                __exit
                0x1a004484                __sys_appexit
 .text.__sys_close
                0x1a004490        0xc /usr/local/lpcxpresso_7.2.0_153/lpcxpresso/tools/bin/../lib/gcc/arm-none-eabi/4.8.3/../../../../arm-none-eabi/lib/armv7e-m/softfp/libcr_semihost.a(__sys_close.o)
                0x1a004490                __sys_close
 .text.__sys_flen
                0x1a00449c        0xc /usr/local/lpcxpresso_7.2.0_153/lpcxpresso/tools/bin/../lib/gcc/arm-none-eabi/4.8.3/../../../../arm-none-eabi/lib/armv7e-m/softfp/libcr_semihost.a(__sys_flen.o)
                0x1a00449c                __sys_flen
 .text.__sys_istty
                0x1a0044a8        0xc /usr/local/lpcxpresso_7.2.0_153/lpcxpresso/tools/bin/../lib/gcc/arm-none-eabi/4.8.3/../../../../arm-none-eabi/lib/armv7e-m/softfp/libcr_semihost.a(__sys_istty.o)
                0x1a0044a8                __sys_istty
 .text.__sys_remove
                0x1a0044b4        0xc /usr/local/lpcxpresso_7.2.0_153/lpcxpresso/tools/bin/../lib/gcc/arm-none-eabi/4.8.3/../../../../arm-none-eabi/lib/armv7e-m/softfp/libcr_semihost.a(__sys_remove.o)
                0x1a0044b4                __sys_remove
 .text.__sys_seek
                0x1a0044c0        0xc /usr/local/lpcxpresso_7.2.0_153/lpcxpresso/tools/bin/../lib/gcc/arm-none-eabi/4.8.3/../../../../arm-none-eabi/lib/armv7e-m/softfp/libcr_semihost.a(__sys_seek.o)
                0x1a0044c0                __sys_seek
 .text.__sys_tmpnam
                0x1a0044cc        0xc /usr/local/lpcxpresso_7.2.0_153/lpcxpresso/tools/bin/../lib/gcc/arm-none-eabi/4.8.3/../../../../arm-none-eabi/lib/armv7e-m/softfp/libcr_semihost.a(__sys_tmpnam.o)
                0x1a0044cc                __sys_tmpnam
 .text.__sys_write
                0x1a0044d8        0xc /usr/local/lpcxpresso_7.2.0_153/lpcxpresso/tools/bin/../lib/gcc/arm-none-eabi/4.8.3/../../../../arm-none-eabi/lib/armv7e-m/softfp/libcr_semihost.a(__sys_write.o)
                0x1a0044d8                __write
                0x1a0044d8                __sys_write
 *(.rodata .rodata.* .constdata .constdata.*)
 .rodata        0x1a0044e4        0x8 ./src/ciaaAIN.o
 .rodata.spifipinmuxing
                0x1a0044ec       0x18 ./src/ciaaSPIFI.o
 .rodata        0x1a004504       0xa4 ./src/ciaaTest.o
 .rodata.ExtRateIn
                0x1a0045a8        0x4 ./src/sysinit.o
                0x1a0045a8                ExtRateIn
 .rodata.OscRateIn
                0x1a0045ac        0x4 ./src/sysinit.o
                0x1a0045ac                OscRateIn
 .rodata        0x1a0045b0        0x4 /home/pablo/Documents/CIAA-Repositories/EOPT/workspace_lpcopen/lpc_chip_43xx/Debug/liblpc_chip_43xx.a(clock_18xx_43xx.o)
 .rodata.periph_to_base
                0x1a0045b4       0x6c /home/pablo/Documents/CIAA-Repositories/EOPT/workspace_lpcopen/lpc_chip_43xx/Debug/liblpc_chip_43xx.a(clock_18xx_43xx.o)
 .rodata.InitClkStates
                0x1a004620       0x48 /home/pablo/Documents/CIAA-Repositories/EOPT/workspace_lpcopen/lpc_chip_43xx/Debug/liblpc_chip_43xx.a(sysinit_18xx_43xx.o)
 .rodata.str1.1
                0x1a004668       0x34 /usr/local/lpcxpresso_7.2.0_153/lpcxpresso/tools/bin/../lib/gcc/arm-none-eabi/4.8.3/../../../../arm-none-eabi/lib/armv7e-m/softfp/libcr_c.a(fpprintf.o)
                                 0x35 (size before relaxing)
 .rodata.str1.1
                0x1a00469c        0x4 /usr/local/lpcxpresso_7.2.0_153/lpcxpresso/tools/bin/../lib/gcc/arm-none-eabi/4.8.3/../../../../arm-none-eabi/lib/armv7e-m/softfp/libcr_c.a(initio.o)
 .rodata.str1.1
                0x1a0046a0       0x31 /usr/local/lpcxpresso_7.2.0_153/lpcxpresso/tools/bin/../lib/gcc/arm-none-eabi/4.8.3/../../../../arm-none-eabi/lib/armv7e-m/softfp/libcr_c.a(printf.o)
                                 0x38 (size before relaxing)
 .rodata.str1.1
                0x1a0046d1       0x18 /usr/local/lpcxpresso_7.2.0_153/lpcxpresso/tools/bin/../lib/gcc/arm-none-eabi/4.8.3/../../../../arm-none-eabi/lib/armv7e-m/softfp/libcr_c.a(alloc.o)
 *fill*         0x1a0046e9        0x7 
 .rodata.__huge_vall
                0x1a0046f0        0x8 /usr/local/lpcxpresso_7.2.0_153/lpcxpresso/tools/bin/../lib/gcc/arm-none-eabi/4.8.3/../../../../arm-none-eabi/lib/armv7e-m/softfp/libcr_c.a(_hugeval.o)
                0x1a0046f0                __huge_vall
                0x1a0046f8                . = ALIGN (0x4)

.glue_7         0x1a0046f8        0x0
 .glue_7        0x00000000        0x0 linker stubs

.glue_7t        0x1a0046f8        0x0
 .glue_7t       0x00000000        0x0 linker stubs

.vfp11_veneer   0x1a0046f8        0x0
 .vfp11_veneer  0x00000000        0x0 linker stubs

.v4_bx          0x1a0046f8        0x0
 .v4_bx         0x00000000        0x0 linker stubs

.iplt           0x1a0046f8        0x0
 .iplt          0x00000000        0x0 ./src/ciaaAIN.o

.rel.dyn        0x1a0046f8        0x0
 .rel.iplt      0x00000000        0x0 ./src/ciaaAIN.o

.ARM.extab
 *(.ARM.extab* .gnu.linkonce.armextab.*)
                0x1a0046f8                __exidx_start = .

.ARM.exidx
 *(.ARM.exidx* .gnu.linkonce.armexidx.*)
                0x1a0046f8                __exidx_end = .
                0x1a0046f8                _etext = .

.data_RAM2      0x10080000        0x0 load address 0x1a0046f8
 FILL mask 0xff
 *(.ramfunc.$RAM2)
 *(.ramfunc.$RamLoc40)
 *(.data.$RAM2*)
 *(.data.$RamLoc40*)
                0x10080000                . = ALIGN (0x4)

.data_RAM3      0x20000000        0x0 load address 0x1a0046f8
 FILL mask 0xff
 *(.ramfunc.$RAM3)
 *(.ramfunc.$RamAHB32)
 *(.data.$RAM3*)
 *(.data.$RamAHB32*)
                0x20000000                . = ALIGN (0x4)

.data_RAM4      0x20008000        0x0 load address 0x1a0046f8
 FILL mask 0xff
 *(.ramfunc.$RAM4)
 *(.ramfunc.$RamAHB16)
 *(.data.$RAM4*)
 *(.data.$RamAHB16*)
                0x20008000                . = ALIGN (0x4)

.data_RAM5      0x2000c000        0x0 load address 0x1a0046f8
 FILL mask 0xff
 *(.ramfunc.$RAM5)
 *(.ramfunc.$RamAHB_ETB16)
 *(.data.$RAM5*)
 *(.data.$RamAHB_ETB16*)
                0x2000c000                . = ALIGN (0x4)

.uninit_RESERVED
                0x10000000        0x0
 *(.bss.$RESERVED*)
                0x10000000                . = ALIGN (0x4)
                0x10000000                _end_uninit_RESERVED = .

.data           0x10000000       0x44 load address 0x1a0046f8
 FILL mask 0xff
                0x10000000                _data = .
 *(vtable)
 *(.ramfunc*)
 *(.data*)
 .data.LPC_SPIFI
                0x10000000        0x4 ./src/ciaaSPIFI.o
                0x10000000                LPC_SPIFI
 .data.pTxIn    0x10000004        0x4 ./src/ciaaUART.o
                0x10000004                pTxIn
 .data.pTxOut   0x10000008        0x4 ./src/ciaaUART.o
                0x10000008                pTxOut
 .data.i2c      0x1000000c       0x38 /home/pablo/Documents/CIAA-Repositories/EOPT/workspace_lpcopen/lpc_chip_43xx/Debug/liblpc_chip_43xx.a(i2c_18xx_43xx.o)
                0x10000044                . = ALIGN (0x4)
                0x10000044                _edata = .

.igot.plt       0x10000044        0x0 load address 0x1a00473c
 .igot.plt      0x00000000        0x0 ./src/ciaaAIN.o

.bss_RAM2       0x10080000        0x0
 *(.bss.$RAM2*)
 *(.bss.$RamLoc40*)
                0x10080000                . = ALIGN (0x4)

.bss_RAM3       0x20000000        0x0
 *(.bss.$RAM3*)
 *(.bss.$RamAHB32*)
                0x20000000                . = ALIGN (0x4)

.bss_RAM4       0x20008000        0x0
 *(.bss.$RAM4*)
 *(.bss.$RamAHB16*)
                0x20008000                . = ALIGN (0x4)

.bss_RAM5       0x2000c000        0x0
 *(.bss.$RAM5*)
 *(.bss.$RamAHB_ETB16*)
                0x2000c000                . = ALIGN (0x4)

.bss            0x10000044     0x196c
                0x10000044                _bss = .
 *(.bss*)
 .bss.uartRxDataCount
                0x10000044        0x4 ./src/ciaaUART.o
                0x10000044                uartRxDataCount
 .bss.audio_usb_pll_freq
                0x10000048        0x8 /home/pablo/Documents/CIAA-Repositories/EOPT/workspace_lpcopen/lpc_chip_43xx/Debug/liblpc_chip_43xx.a(clock_18xx_43xx.o)
 .bss.errno     0x10000050        0x4 /usr/local/lpcxpresso_7.2.0_153/lpcxpresso/tools/bin/../lib/gcc/arm-none-eabi/4.8.3/../../../../arm-none-eabi/lib/armv7e-m/softfp/libcr_c.a(errno.o)
                0x10000050                errno
 *(COMMON)
 COMMON         0x10000054        0x8 ./src/ciaaAIN.o
                0x10000054                current_in
 COMMON         0x1000005c     0x1000 ./src/ciaaSPIFI.o
                0x1000005c                copy
 COMMON         0x1000105c        0x4 ./src/ciaaTest.o
                0x1000105c                pausemscont
 COMMON         0x10001060      0x800 ./src/ciaaUART.o
                0x10001060                uartRxBuf
                0x10001460                uartTxBuf
 COMMON         0x10001860        0x4 /home/pablo/Documents/CIAA-Repositories/EOPT/workspace_lpcopen/lpc_chip_43xx/Debug/liblpc_chip_43xx.a(chip_18xx_43xx.o)
                0x10001860                SystemCoreClock
 COMMON         0x10001864        0x4 /usr/local/lpcxpresso_7.2.0_153/lpcxpresso/tools/bin/../lib/gcc/arm-none-eabi/4.8.3/../../../../arm-none-eabi/lib/armv7e-m/softfp/libcr_c.a(initio.o)
                0x10001864                _extra
 COMMON         0x10001868      0x140 /usr/local/lpcxpresso_7.2.0_153/lpcxpresso/tools/bin/../lib/gcc/arm-none-eabi/4.8.3/../../../../arm-none-eabi/lib/armv7e-m/softfp/libcr_c.a(stdio.o)
                0x10001868                __Ciob
 COMMON         0x100019a8        0x8 /usr/local/lpcxpresso_7.2.0_153/lpcxpresso/tools/bin/../lib/gcc/arm-none-eabi/4.8.3/../../../../arm-none-eabi/lib/armv7e-m/softfp/libcr_c.a(__init_alloc.o)
                0x100019a8                __heaps
                0x100019ac                __end_of_heap
                0x100019b0                . = ALIGN (0x4)
                0x100019b0                _ebss = .
                0x100019b0                PROVIDE (end, .)

.noinit_RAM2    0x10080000        0x0
 *(.noinit.$RAM2*)
 *(.noinit.$RamLoc40*)
                0x10080000                . = ALIGN (0x4)

.noinit_RAM3    0x20000000        0x0
 *(.noinit.$RAM3*)
 *(.noinit.$RamAHB32*)
                0x20000000                . = ALIGN (0x4)

.noinit_RAM4    0x20008000        0x0
 *(.noinit.$RAM4*)
 *(.noinit.$RamAHB16*)
                0x20008000                . = ALIGN (0x4)

.noinit_RAM5    0x2000c000        0x0
 *(.noinit.$RAM5*)
 *(.noinit.$RamAHB_ETB16*)
                0x2000c000                . = ALIGN (0x4)

.noinit         0x100019b0        0x0
                0x100019b0                _noinit = .
 *(.noinit*)
                0x100019b0                . = ALIGN (0x4)
                0x100019b0                _end_noinit = .
                0x100019b0                PROVIDE (_pvHeapStart, .)
                0x10008000                PROVIDE (_vStackTop, (__top_RamLoc32 - 0x0))
OUTPUT(ciaaTest.axf elf32-littlearm)

.debug_info     0x00000000     0xb146
 .debug_info    0x00000000      0xa0f ./src/ciaaAIN.o
 .debug_info    0x00000a0f      0x46f ./src/ciaaI2C.o
 .debug_info    0x00000e7e      0x4d6 ./src/ciaaIO.o
 .debug_info    0x00001354      0x268 ./src/ciaaNVM.o
 .debug_info    0x000015bc      0x97c ./src/ciaaSPIFI.o
 .debug_info    0x00001f38      0xcb2 ./src/ciaaTest.o
 .debug_info    0x00002bea      0xe10 ./src/ciaaUART.o
 .debug_info    0x000039fa      0x292 ./src/cr_startup_lpc43xx.o
 .debug_info    0x00003c8c       0x3f ./src/crp.o
 .debug_info    0x00003ccb      0x5c2 ./src/sysinit.o
 .debug_info    0x0000428d      0xabe /home/pablo/Documents/CIAA-Repositories/EOPT/workspace_lpcopen/lpc_chip_43xx/Debug/liblpc_chip_43xx.a(adc_18xx_43xx.o)
 .debug_info    0x00004d4b      0xcb6 /home/pablo/Documents/CIAA-Repositories/EOPT/workspace_lpcopen/lpc_chip_43xx/Debug/liblpc_chip_43xx.a(chip_18xx_43xx.o)
 .debug_info    0x00005a01     0x15b7 /home/pablo/Documents/CIAA-Repositories/EOPT/workspace_lpcopen/lpc_chip_43xx/Debug/liblpc_chip_43xx.a(clock_18xx_43xx.o)
 .debug_info    0x00006fb8      0x12f /home/pablo/Documents/CIAA-Repositories/EOPT/workspace_lpcopen/lpc_chip_43xx/Debug/liblpc_chip_43xx.a(fpu_init.o)
 .debug_info    0x000070e7      0x49b /home/pablo/Documents/CIAA-Repositories/EOPT/workspace_lpcopen/lpc_chip_43xx/Debug/liblpc_chip_43xx.a(gpio_18xx_43xx.o)
 .debug_info    0x00007582     0x1320 /home/pablo/Documents/CIAA-Repositories/EOPT/workspace_lpcopen/lpc_chip_43xx/Debug/liblpc_chip_43xx.a(i2c_18xx_43xx.o)
 .debug_info    0x000088a2      0xa0a /home/pablo/Documents/CIAA-Repositories/EOPT/workspace_lpcopen/lpc_chip_43xx/Debug/liblpc_chip_43xx.a(i2cm_18xx_43xx.o)
 .debug_info    0x000092ac      0x8cc /home/pablo/Documents/CIAA-Repositories/EOPT/workspace_lpcopen/lpc_chip_43xx/Debug/liblpc_chip_43xx.a(sysinit_18xx_43xx.o)
 .debug_info    0x00009b78     0x15ce /home/pablo/Documents/CIAA-Repositories/EOPT/workspace_lpcopen/lpc_chip_43xx/Debug/liblpc_chip_43xx.a(uart_18xx_43xx.o)

.debug_abbrev   0x00000000     0x2175
 .debug_abbrev  0x00000000      0x1b8 ./src/ciaaAIN.o
 .debug_abbrev  0x000001b8      0x159 ./src/ciaaI2C.o
 .debug_abbrev  0x00000311      0x180 ./src/ciaaIO.o
 .debug_abbrev  0x00000491       0xe2 ./src/ciaaNVM.o
 .debug_abbrev  0x00000573      0x1b2 ./src/ciaaSPIFI.o
 .debug_abbrev  0x00000725      0x255 ./src/ciaaTest.o
 .debug_abbrev  0x0000097a      0x26f ./src/ciaaUART.o
 .debug_abbrev  0x00000be9       0xed ./src/cr_startup_lpc43xx.o
 .debug_abbrev  0x00000cd6       0x36 ./src/crp.o
 .debug_abbrev  0x00000d0c       0xd9 ./src/sysinit.o
 .debug_abbrev  0x00000de5      0x206 /home/pablo/Documents/CIAA-Repositories/EOPT/workspace_lpcopen/lpc_chip_43xx/Debug/liblpc_chip_43xx.a(adc_18xx_43xx.o)
 .debug_abbrev  0x00000feb      0x1f6 /home/pablo/Documents/CIAA-Repositories/EOPT/workspace_lpcopen/lpc_chip_43xx/Debug/liblpc_chip_43xx.a(chip_18xx_43xx.o)
 .debug_abbrev  0x000011e1      0x2e5 /home/pablo/Documents/CIAA-Repositories/EOPT/workspace_lpcopen/lpc_chip_43xx/Debug/liblpc_chip_43xx.a(clock_18xx_43xx.o)
 .debug_abbrev  0x000014c6       0xa2 /home/pablo/Documents/CIAA-Repositories/EOPT/workspace_lpcopen/lpc_chip_43xx/Debug/liblpc_chip_43xx.a(fpu_init.o)
 .debug_abbrev  0x00001568      0x14b /home/pablo/Documents/CIAA-Repositories/EOPT/workspace_lpcopen/lpc_chip_43xx/Debug/liblpc_chip_43xx.a(gpio_18xx_43xx.o)
 .debug_abbrev  0x000016b3      0x346 /home/pablo/Documents/CIAA-Repositories/EOPT/workspace_lpcopen/lpc_chip_43xx/Debug/liblpc_chip_43xx.a(i2c_18xx_43xx.o)
 .debug_abbrev  0x000019f9      0x264 /home/pablo/Documents/CIAA-Repositories/EOPT/workspace_lpcopen/lpc_chip_43xx/Debug/liblpc_chip_43xx.a(i2cm_18xx_43xx.o)
 .debug_abbrev  0x00001c5d      0x173 /home/pablo/Documents/CIAA-Repositories/EOPT/workspace_lpcopen/lpc_chip_43xx/Debug/liblpc_chip_43xx.a(sysinit_18xx_43xx.o)
 .debug_abbrev  0x00001dd0      0x3a5 /home/pablo/Documents/CIAA-Repositories/EOPT/workspace_lpcopen/lpc_chip_43xx/Debug/liblpc_chip_43xx.a(uart_18xx_43xx.o)

.debug_aranges  0x00000000      0x730
 .debug_aranges
                0x00000000       0x38 ./src/ciaaAIN.o
 .debug_aranges
                0x00000038       0x38 ./src/ciaaI2C.o
 .debug_aranges
                0x00000070       0x58 ./src/ciaaIO.o
 .debug_aranges
                0x000000c8       0x40 ./src/ciaaNVM.o
 .debug_aranges
                0x00000108       0x40 ./src/ciaaSPIFI.o
 .debug_aranges
                0x00000148       0x48 ./src/ciaaTest.o
 .debug_aranges
                0x00000190       0x80 ./src/ciaaUART.o
 .debug_aranges
                0x00000210       0x80 ./src/cr_startup_lpc43xx.o
 .debug_aranges
                0x00000290       0x18 ./src/crp.o
 .debug_aranges
                0x000002a8       0x20 ./src/sysinit.o
 .debug_aranges
                0x000002c8       0x90 /home/pablo/Documents/CIAA-Repositories/EOPT/workspace_lpcopen/lpc_chip_43xx/Debug/liblpc_chip_43xx.a(adc_18xx_43xx.o)
 .debug_aranges
                0x00000358       0x38 /home/pablo/Documents/CIAA-Repositories/EOPT/workspace_lpcopen/lpc_chip_43xx/Debug/liblpc_chip_43xx.a(chip_18xx_43xx.o)
 .debug_aranges
                0x00000390      0x128 /home/pablo/Documents/CIAA-Repositories/EOPT/workspace_lpcopen/lpc_chip_43xx/Debug/liblpc_chip_43xx.a(clock_18xx_43xx.o)
 .debug_aranges
                0x000004b8       0x20 /home/pablo/Documents/CIAA-Repositories/EOPT/workspace_lpcopen/lpc_chip_43xx/Debug/liblpc_chip_43xx.a(fpu_init.o)
 .debug_aranges
                0x000004d8       0x48 /home/pablo/Documents/CIAA-Repositories/EOPT/workspace_lpcopen/lpc_chip_43xx/Debug/liblpc_chip_43xx.a(gpio_18xx_43xx.o)
 .debug_aranges
                0x00000520       0xd8 /home/pablo/Documents/CIAA-Repositories/EOPT/workspace_lpcopen/lpc_chip_43xx/Debug/liblpc_chip_43xx.a(i2c_18xx_43xx.o)
 .debug_aranges
                0x000005f8       0x60 /home/pablo/Documents/CIAA-Repositories/EOPT/workspace_lpcopen/lpc_chip_43xx/Debug/liblpc_chip_43xx.a(i2cm_18xx_43xx.o)
 .debug_aranges
                0x00000658       0x30 /home/pablo/Documents/CIAA-Repositories/EOPT/workspace_lpcopen/lpc_chip_43xx/Debug/liblpc_chip_43xx.a(sysinit_18xx_43xx.o)
 .debug_aranges
                0x00000688       0xa8 /home/pablo/Documents/CIAA-Repositories/EOPT/workspace_lpcopen/lpc_chip_43xx/Debug/liblpc_chip_43xx.a(uart_18xx_43xx.o)

.debug_ranges   0x00000000      0x628
 .debug_ranges  0x00000000       0x28 ./src/ciaaAIN.o
 .debug_ranges  0x00000028       0x28 ./src/ciaaI2C.o
 .debug_ranges  0x00000050       0x48 ./src/ciaaIO.o
 .debug_ranges  0x00000098       0x30 ./src/ciaaNVM.o
 .debug_ranges  0x000000c8       0x30 ./src/ciaaSPIFI.o
 .debug_ranges  0x000000f8       0x38 ./src/ciaaTest.o
 .debug_ranges  0x00000130       0x70 ./src/ciaaUART.o
 .debug_ranges  0x000001a0       0x70 ./src/cr_startup_lpc43xx.o
 .debug_ranges  0x00000210       0x10 ./src/sysinit.o
 .debug_ranges  0x00000220       0x80 /home/pablo/Documents/CIAA-Repositories/EOPT/workspace_lpcopen/lpc_chip_43xx/Debug/liblpc_chip_43xx.a(adc_18xx_43xx.o)
 .debug_ranges  0x000002a0       0x28 /home/pablo/Documents/CIAA-Repositories/EOPT/workspace_lpcopen/lpc_chip_43xx/Debug/liblpc_chip_43xx.a(chip_18xx_43xx.o)
 .debug_ranges  0x000002c8      0x118 /home/pablo/Documents/CIAA-Repositories/EOPT/workspace_lpcopen/lpc_chip_43xx/Debug/liblpc_chip_43xx.a(clock_18xx_43xx.o)
 .debug_ranges  0x000003e0       0x10 /home/pablo/Documents/CIAA-Repositories/EOPT/workspace_lpcopen/lpc_chip_43xx/Debug/liblpc_chip_43xx.a(fpu_init.o)
 .debug_ranges  0x000003f0       0x38 /home/pablo/Documents/CIAA-Repositories/EOPT/workspace_lpcopen/lpc_chip_43xx/Debug/liblpc_chip_43xx.a(gpio_18xx_43xx.o)
 .debug_ranges  0x00000428       0xc8 /home/pablo/Documents/CIAA-Repositories/EOPT/workspace_lpcopen/lpc_chip_43xx/Debug/liblpc_chip_43xx.a(i2c_18xx_43xx.o)
 .debug_ranges  0x000004f0       0x80 /home/pablo/Documents/CIAA-Repositories/EOPT/workspace_lpcopen/lpc_chip_43xx/Debug/liblpc_chip_43xx.a(i2cm_18xx_43xx.o)
 .debug_ranges  0x00000570       0x20 /home/pablo/Documents/CIAA-Repositories/EOPT/workspace_lpcopen/lpc_chip_43xx/Debug/liblpc_chip_43xx.a(sysinit_18xx_43xx.o)
 .debug_ranges  0x00000590       0x98 /home/pablo/Documents/CIAA-Repositories/EOPT/workspace_lpcopen/lpc_chip_43xx/Debug/liblpc_chip_43xx.a(uart_18xx_43xx.o)

.debug_macro    0x00000000     0x7c93
 .debug_macro   0x00000000      0x2d0 ./src/ciaaAIN.o
 .debug_macro   0x000002d0      0x880 ./src/ciaaAIN.o
 .debug_macro   0x00000b50       0x10 ./src/ciaaAIN.o
 .debug_macro   0x00000b60       0x10 ./src/ciaaAIN.o
 .debug_macro   0x00000b70      0x122 ./src/ciaaAIN.o
 .debug_macro   0x00000c92      0x5b9 ./src/ciaaAIN.o
 .debug_macro   0x0000124b       0x22 ./src/ciaaAIN.o
 .debug_macro   0x0000126d       0x7b ./src/ciaaAIN.o
 .debug_macro   0x000012e8       0x28 ./src/ciaaAIN.o
 .debug_macro   0x00001310       0x3b ./src/ciaaAIN.o
 .debug_macro   0x0000134b       0x2d ./src/ciaaAIN.o
 .debug_macro   0x00001378       0x42 ./src/ciaaAIN.o
 .debug_macro   0x000013ba      0xd39 ./src/ciaaAIN.o
 .debug_macro   0x000020f3      0x2b5 ./src/ciaaAIN.o
 .debug_macro   0x000023a8      0x112 ./src/ciaaAIN.o
 .debug_macro   0x000024ba       0x1e ./src/ciaaAIN.o
 .debug_macro   0x000024d8       0x16 ./src/ciaaAIN.o
 .debug_macro   0x000024ee      0x2e6 ./src/ciaaAIN.o
 .debug_macro   0x000027d4       0x82 ./src/ciaaAIN.o
 .debug_macro   0x00002856      0x13d ./src/ciaaAIN.o
 .debug_macro   0x00002993      0x198 ./src/ciaaAIN.o
 .debug_macro   0x00002b2b       0x34 ./src/ciaaAIN.o
 .debug_macro   0x00002b5f       0x58 ./src/ciaaAIN.o
 .debug_macro   0x00002bb7      0x236 ./src/ciaaAIN.o
 .debug_macro   0x00002ded      0x572 ./src/ciaaAIN.o
 .debug_macro   0x0000335f       0x16 ./src/ciaaAIN.o
 .debug_macro   0x00003375      0x18a ./src/ciaaAIN.o
 .debug_macro   0x000034ff       0x88 ./src/ciaaAIN.o
 .debug_macro   0x00003587      0x1b9 ./src/ciaaAIN.o
 .debug_macro   0x00003740      0x1da ./src/ciaaAIN.o
 .debug_macro   0x0000391a       0x40 ./src/ciaaAIN.o
 .debug_macro   0x0000395a       0x1c ./src/ciaaAIN.o
 .debug_macro   0x00003976       0x2e ./src/ciaaAIN.o
 .debug_macro   0x000039a4       0x2e ./src/ciaaAIN.o
 .debug_macro   0x000039d2       0x22 ./src/ciaaAIN.o
 .debug_macro   0x000039f4      0x201 ./src/ciaaAIN.o
 .debug_macro   0x00003bf5       0xd2 ./src/ciaaAIN.o
 .debug_macro   0x00003cc7      0x34c ./src/ciaaAIN.o
 .debug_macro   0x00004013       0xdc ./src/ciaaAIN.o
 .debug_macro   0x000040ef       0x94 ./src/ciaaAIN.o
 .debug_macro   0x00004183       0xb8 ./src/ciaaAIN.o
 .debug_macro   0x0000423b       0x4c ./src/ciaaAIN.o
 .debug_macro   0x00004287       0x16 ./src/ciaaAIN.o
 .debug_macro   0x0000429d      0x328 ./src/ciaaAIN.o
 .debug_macro   0x000045c5       0x3a ./src/ciaaAIN.o
 .debug_macro   0x000045ff       0xd0 ./src/ciaaAIN.o
 .debug_macro   0x000046cf       0x18 ./src/ciaaAIN.o
 .debug_macro   0x000046e7       0x22 ./src/ciaaAIN.o
 .debug_macro   0x00004709       0x40 ./src/ciaaAIN.o
 .debug_macro   0x00004749      0x2d0 ./src/ciaaI2C.o
 .debug_macro   0x00004a19      0x2d6 ./src/ciaaIO.o
 .debug_macro   0x00004cef      0x2da ./src/ciaaNVM.o
 .debug_macro   0x00004fc9      0x2d0 ./src/ciaaSPIFI.o
 .debug_macro   0x00005299      0x330 ./src/ciaaTest.o
 .debug_macro   0x000055c9       0x10 ./src/ciaaTest.o
 .debug_macro   0x000055d9       0x10 ./src/ciaaTest.o
 .debug_macro   0x000055e9       0x9a ./src/ciaaTest.o
 .debug_macro   0x00005683       0x82 ./src/ciaaTest.o
 .debug_macro   0x00005705      0x2e3 ./src/ciaaUART.o
 .debug_macro   0x000059e8       0x1d ./src/cr_startup_lpc43xx.o
 .debug_macro   0x00005a05       0x1a ./src/crp.o
 .debug_macro   0x00005a1f       0x34 ./src/crp.o
 .debug_macro   0x00005a53      0x2ca ./src/sysinit.o
 .debug_macro   0x00005d1d      0x2c6 /home/pablo/Documents/CIAA-Repositories/EOPT/workspace_lpcopen/lpc_chip_43xx/Debug/liblpc_chip_43xx.a(adc_18xx_43xx.o)
 .debug_macro   0x00005fe3      0x868 /home/pablo/Documents/CIAA-Repositories/EOPT/workspace_lpcopen/lpc_chip_43xx/Debug/liblpc_chip_43xx.a(adc_18xx_43xx.o)
 .debug_macro   0x0000684b      0x2c6 /home/pablo/Documents/CIAA-Repositories/EOPT/workspace_lpcopen/lpc_chip_43xx/Debug/liblpc_chip_43xx.a(chip_18xx_43xx.o)
 .debug_macro   0x00006b11      0x2cc /home/pablo/Documents/CIAA-Repositories/EOPT/workspace_lpcopen/lpc_chip_43xx/Debug/liblpc_chip_43xx.a(clock_18xx_43xx.o)
 .debug_macro   0x00006ddd       0xc0 /home/pablo/Documents/CIAA-Repositories/EOPT/workspace_lpcopen/lpc_chip_43xx/Debug/liblpc_chip_43xx.a(fpu_init.o)
 .debug_macro   0x00006e9d      0x2c6 /home/pablo/Documents/CIAA-Repositories/EOPT/workspace_lpcopen/lpc_chip_43xx/Debug/liblpc_chip_43xx.a(gpio_18xx_43xx.o)
 .debug_macro   0x00007163      0x2d8 /home/pablo/Documents/CIAA-Repositories/EOPT/workspace_lpcopen/lpc_chip_43xx/Debug/liblpc_chip_43xx.a(i2c_18xx_43xx.o)
 .debug_macro   0x0000743b      0x2cc /home/pablo/Documents/CIAA-Repositories/EOPT/workspace_lpcopen/lpc_chip_43xx/Debug/liblpc_chip_43xx.a(i2cm_18xx_43xx.o)
 .debug_macro   0x00007707      0x2c6 /home/pablo/Documents/CIAA-Repositories/EOPT/workspace_lpcopen/lpc_chip_43xx/Debug/liblpc_chip_43xx.a(sysinit_18xx_43xx.o)
 .debug_macro   0x000079cd      0x2c6 /home/pablo/Documents/CIAA-Repositories/EOPT/workspace_lpcopen/lpc_chip_43xx/Debug/liblpc_chip_43xx.a(uart_18xx_43xx.o)

.debug_line     0x00000000     0x72c3
 .debug_line    0x00000000      0x625 ./src/ciaaAIN.o
 .debug_line    0x00000625      0x62d ./src/ciaaI2C.o
 .debug_line    0x00000c52      0x6f4 ./src/ciaaIO.o
 .debug_line    0x00001346      0x6c8 ./src/ciaaNVM.o
 .debug_line    0x00001a0e      0x6e3 ./src/ciaaSPIFI.o
 .debug_line    0x000020f1      0x76e ./src/ciaaTest.o
 .debug_line    0x0000285f      0x6fa ./src/ciaaUART.o
 .debug_line    0x00002f59      0x102 ./src/cr_startup_lpc43xx.o
 .debug_line    0x0000305b       0x7c ./src/crp.o
 .debug_line    0x000030d7      0x5c9 ./src/sysinit.o
 .debug_line    0x000036a0      0x6d2 /home/pablo/Documents/CIAA-Repositories/EOPT/workspace_lpcopen/lpc_chip_43xx/Debug/liblpc_chip_43xx.a(adc_18xx_43xx.o)
 .debug_line    0x00003d72      0x5fc /home/pablo/Documents/CIAA-Repositories/EOPT/workspace_lpcopen/lpc_chip_43xx/Debug/liblpc_chip_43xx.a(chip_18xx_43xx.o)
 .debug_line    0x0000436e      0x8fa /home/pablo/Documents/CIAA-Repositories/EOPT/workspace_lpcopen/lpc_chip_43xx/Debug/liblpc_chip_43xx.a(clock_18xx_43xx.o)
 .debug_line    0x00004c68      0x1e0 /home/pablo/Documents/CIAA-Repositories/EOPT/workspace_lpcopen/lpc_chip_43xx/Debug/liblpc_chip_43xx.a(fpu_init.o)
 .debug_line    0x00004e48      0x61f /home/pablo/Documents/CIAA-Repositories/EOPT/workspace_lpcopen/lpc_chip_43xx/Debug/liblpc_chip_43xx.a(gpio_18xx_43xx.o)
 .debug_line    0x00005467      0x868 /home/pablo/Documents/CIAA-Repositories/EOPT/workspace_lpcopen/lpc_chip_43xx/Debug/liblpc_chip_43xx.a(i2c_18xx_43xx.o)
 .debug_line    0x00005ccf      0x78a /home/pablo/Documents/CIAA-Repositories/EOPT/workspace_lpcopen/lpc_chip_43xx/Debug/liblpc_chip_43xx.a(i2cm_18xx_43xx.o)
 .debug_line    0x00006459      0x608 /home/pablo/Documents/CIAA-Repositories/EOPT/workspace_lpcopen/lpc_chip_43xx/Debug/liblpc_chip_43xx.a(sysinit_18xx_43xx.o)
 .debug_line    0x00006a61      0x862 /home/pablo/Documents/CIAA-Repositories/EOPT/workspace_lpcopen/lpc_chip_43xx/Debug/liblpc_chip_43xx.a(uart_18xx_43xx.o)

.debug_str      0x00000000    0x1835d
 .debug_str     0x00000000    0x1596b ./src/ciaaAIN.o
                              0x15a96 (size before relaxing)
 .debug_str     0x0001596b      0x18d ./src/ciaaI2C.o
                              0x14d4b (size before relaxing)
 .debug_str     0x00015af8      0x17d ./src/ciaaIO.o
                              0x14d99 (size before relaxing)
 .debug_str     0x00015c75       0x5c ./src/ciaaNVM.o
                              0x14c04 (size before relaxing)
 .debug_str     0x00015cd1      0x1fa ./src/ciaaSPIFI.o
                              0x15854 (size before relaxing)
 .debug_str     0x00015ecb      0x7cf ./src/ciaaTest.o
                              0x16222 (size before relaxing)
 .debug_str     0x0001669a      0x166 ./src/ciaaUART.o
                              0x15bd0 (size before relaxing)
 .debug_str     0x00016800      0x1ce ./src/cr_startup_lpc43xx.o
                               0x268b (size before relaxing)
 .debug_str     0x000169ce       0xe9 ./src/crp.o
                               0x2582 (size before relaxing)
 .debug_str     0x00016ab7       0x2f ./src/sysinit.o
                              0x155e3 (size before relaxing)
 .debug_str     0x00016ae6      0x4cf /home/pablo/Documents/CIAA-Repositories/EOPT/workspace_lpcopen/lpc_chip_43xx/Debug/liblpc_chip_43xx.a(adc_18xx_43xx.o)
                              0x153dc (size before relaxing)
 .debug_str     0x00016fb5      0x25f /home/pablo/Documents/CIAA-Repositories/EOPT/workspace_lpcopen/lpc_chip_43xx/Debug/liblpc_chip_43xx.a(chip_18xx_43xx.o)
                              0x159bd (size before relaxing)
 .debug_str     0x00017214      0x49f /home/pablo/Documents/CIAA-Repositories/EOPT/workspace_lpcopen/lpc_chip_43xx/Debug/liblpc_chip_43xx.a(clock_18xx_43xx.o)
                              0x15dd5 (size before relaxing)
 .debug_str     0x000176b3       0xb5 /home/pablo/Documents/CIAA-Repositories/EOPT/workspace_lpcopen/lpc_chip_43xx/Debug/liblpc_chip_43xx.a(fpu_init.o)
                               0x9833 (size before relaxing)
 .debug_str     0x00017768      0x10e /home/pablo/Documents/CIAA-Repositories/EOPT/workspace_lpcopen/lpc_chip_43xx/Debug/liblpc_chip_43xx.a(gpio_18xx_43xx.o)
                              0x14c8a (size before relaxing)
 .debug_str     0x00017876      0x52f /home/pablo/Documents/CIAA-Repositories/EOPT/workspace_lpcopen/lpc_chip_43xx/Debug/liblpc_chip_43xx.a(i2c_18xx_43xx.o)
                              0x15b7e (size before relaxing)
 .debug_str     0x00017da5      0x1da /home/pablo/Documents/CIAA-Repositories/EOPT/workspace_lpcopen/lpc_chip_43xx/Debug/liblpc_chip_43xx.a(i2cm_18xx_43xx.o)
                              0x151f9 (size before relaxing)
 .debug_str     0x00017f7f       0x8b /home/pablo/Documents/CIAA-Repositories/EOPT/workspace_lpcopen/lpc_chip_43xx/Debug/liblpc_chip_43xx.a(sysinit_18xx_43xx.o)
                              0x1575f (size before relaxing)
 .debug_str     0x0001800a      0x353 /home/pablo/Documents/CIAA-Repositories/EOPT/workspace_lpcopen/lpc_chip_43xx/Debug/liblpc_chip_43xx.a(uart_18xx_43xx.o)
                              0x15a2a (size before relaxing)

.comment        0x00000000       0x70
 .comment       0x00000000       0x70 ./src/ciaaAIN.o
                                 0x71 (size before relaxing)
 .comment       0x00000000       0x71 ./src/ciaaI2C.o
 .comment       0x00000000       0x71 ./src/ciaaIO.o
 .comment       0x00000000       0x71 ./src/ciaaNVM.o
 .comment       0x00000000       0x71 ./src/ciaaSPIFI.o
 .comment       0x00000000       0x71 ./src/ciaaTest.o
 .comment       0x00000000       0x71 ./src/ciaaUART.o
 .comment       0x00000000       0x71 ./src/cr_startup_lpc43xx.o
 .comment       0x00000000       0x71 ./src/crp.o
 .comment       0x00000000       0x71 ./src/sysinit.o
 .comment       0x00000000       0x71 /home/pablo/Documents/CIAA-Repositories/EOPT/workspace_lpcopen/lpc_chip_43xx/Debug/liblpc_chip_43xx.a(adc_18xx_43xx.o)
 .comment       0x00000000       0x71 /home/pablo/Documents/CIAA-Repositories/EOPT/workspace_lpcopen/lpc_chip_43xx/Debug/liblpc_chip_43xx.a(chip_18xx_43xx.o)
 .comment       0x00000000       0x71 /home/pablo/Documents/CIAA-Repositories/EOPT/workspace_lpcopen/lpc_chip_43xx/Debug/liblpc_chip_43xx.a(clock_18xx_43xx.o)
 .comment       0x00000000       0x71 /home/pablo/Documents/CIAA-Repositories/EOPT/workspace_lpcopen/lpc_chip_43xx/Debug/liblpc_chip_43xx.a(fpu_init.o)
 .comment       0x00000000       0x71 /home/pablo/Documents/CIAA-Repositories/EOPT/workspace_lpcopen/lpc_chip_43xx/Debug/liblpc_chip_43xx.a(gpio_18xx_43xx.o)
 .comment       0x00000000       0x71 /home/pablo/Documents/CIAA-Repositories/EOPT/workspace_lpcopen/lpc_chip_43xx/Debug/liblpc_chip_43xx.a(i2c_18xx_43xx.o)
 .comment       0x00000000       0x71 /home/pablo/Documents/CIAA-Repositories/EOPT/workspace_lpcopen/lpc_chip_43xx/Debug/liblpc_chip_43xx.a(i2cm_18xx_43xx.o)
 .comment       0x00000000       0x71 /home/pablo/Documents/CIAA-Repositories/EOPT/workspace_lpcopen/lpc_chip_43xx/Debug/liblpc_chip_43xx.a(sysinit_18xx_43xx.o)
 .comment       0x00000000       0x71 /home/pablo/Documents/CIAA-Repositories/EOPT/workspace_lpcopen/lpc_chip_43xx/Debug/liblpc_chip_43xx.a(uart_18xx_43xx.o)
 .comment       0x00000000       0x71 /usr/local/lpcxpresso_7.2.0_153/lpcxpresso/tools/bin/../lib/gcc/arm-none-eabi/4.8.3/../../../../arm-none-eabi/lib/armv7e-m/softfp/libcr_semihost.a(_cr__main.o)
 .comment       0x00000000       0x71 /usr/local/lpcxpresso_7.2.0_153/lpcxpresso/tools/bin/../lib/gcc/arm-none-eabi/4.8.3/../../../../arm-none-eabi/lib/armv7e-m/softfp/libcr_c.a(fpprintf.o)
 .comment       0x00000000       0x71 /usr/local/lpcxpresso_7.2.0_153/lpcxpresso/tools/bin/../lib/gcc/arm-none-eabi/4.8.3/../../../../arm-none-eabi/lib/armv7e-m/softfp/libcr_c.a(initio.o)
 .comment       0x00000000       0x71 /usr/local/lpcxpresso_7.2.0_153/lpcxpresso/tools/bin/../lib/gcc/arm-none-eabi/4.8.3/../../../../arm-none-eabi/lib/armv7e-m/softfp/libcr_c.a(printf.o)
 .comment       0x00000000       0x71 /usr/local/lpcxpresso_7.2.0_153/lpcxpresso/tools/bin/../lib/gcc/arm-none-eabi/4.8.3/../../../../arm-none-eabi/lib/armv7e-m/softfp/libcr_c.a(setvbuf.o)
 .comment       0x00000000       0x71 /usr/local/lpcxpresso_7.2.0_153/lpcxpresso/tools/bin/../lib/gcc/arm-none-eabi/4.8.3/../../../../arm-none-eabi/lib/armv7e-m/softfp/libcr_c.a(stdio.o)
 .comment       0x00000000       0x71 /usr/local/lpcxpresso_7.2.0_153/lpcxpresso/tools/bin/../lib/gcc/arm-none-eabi/4.8.3/../../../../arm-none-eabi/lib/armv7e-m/softfp/libcr_c.a(strlen.o)
 .comment       0x00000000       0x71 /usr/local/lpcxpresso_7.2.0_153/lpcxpresso/tools/bin/../lib/gcc/arm-none-eabi/4.8.3/../../../../arm-none-eabi/lib/armv7e-m/softfp/libcr_c.a(memset.o)
 .comment       0x00000000       0x71 /usr/local/lpcxpresso_7.2.0_153/lpcxpresso/tools/bin/../lib/gcc/arm-none-eabi/4.8.3/../../../../arm-none-eabi/lib/armv7e-m/softfp/libcr_c.a(_deferredlazyseek.o)
 .comment       0x00000000       0x71 /usr/local/lpcxpresso_7.2.0_153/lpcxpresso/tools/bin/../lib/gcc/arm-none-eabi/4.8.3/../../../../arm-none-eabi/lib/armv7e-m/softfp/libcr_c.a(_fdopen.o)
 .comment       0x00000000       0x71 /usr/local/lpcxpresso_7.2.0_153/lpcxpresso/tools/bin/../lib/gcc/arm-none-eabi/4.8.3/../../../../arm-none-eabi/lib/armv7e-m/softfp/libcr_c.a(_fflush.o)
 .comment       0x00000000       0x71 /usr/local/lpcxpresso_7.2.0_153/lpcxpresso/tools/bin/../lib/gcc/arm-none-eabi/4.8.3/../../../../arm-none-eabi/lib/armv7e-m/softfp/libcr_c.a(_frexpl.o)
 .comment       0x00000000       0x71 /usr/local/lpcxpresso_7.2.0_153/lpcxpresso/tools/bin/../lib/gcc/arm-none-eabi/4.8.3/../../../../arm-none-eabi/lib/armv7e-m/softfp/libcr_c.a(_ldexpl.o)
 .comment       0x00000000       0x71 /usr/local/lpcxpresso_7.2.0_153/lpcxpresso/tools/bin/../lib/gcc/arm-none-eabi/4.8.3/../../../../arm-none-eabi/lib/armv7e-m/softfp/libcr_c.a(_writebuf.o)
 .comment       0x00000000       0x71 /usr/local/lpcxpresso_7.2.0_153/lpcxpresso/tools/bin/../lib/gcc/arm-none-eabi/4.8.3/../../../../arm-none-eabi/lib/armv7e-m/softfp/libcr_c.a(alloc.o)
 .comment       0x00000000       0x71 /usr/local/lpcxpresso_7.2.0_153/lpcxpresso/tools/bin/../lib/gcc/arm-none-eabi/4.8.3/../../../../arm-none-eabi/lib/armv7e-m/softfp/libcr_c.a(errno.o)
 .comment       0x00000000       0x71 /usr/local/lpcxpresso_7.2.0_153/lpcxpresso/tools/bin/../lib/gcc/arm-none-eabi/4.8.3/../../../../arm-none-eabi/lib/armv7e-m/softfp/libcr_c.a(fclose.o)
 .comment       0x00000000       0x71 /usr/local/lpcxpresso_7.2.0_153/lpcxpresso/tools/bin/../lib/gcc/arm-none-eabi/4.8.3/../../../../arm-none-eabi/lib/armv7e-m/softfp/libcr_c.a(fflush.o)
 .comment       0x00000000       0x71 /usr/local/lpcxpresso_7.2.0_153/lpcxpresso/tools/bin/../lib/gcc/arm-none-eabi/4.8.3/../../../../arm-none-eabi/lib/armv7e-m/softfp/libcr_c.a(fseek.o)
 .comment       0x00000000       0x71 /usr/local/lpcxpresso_7.2.0_153/lpcxpresso/tools/bin/../lib/gcc/arm-none-eabi/4.8.3/../../../../arm-none-eabi/lib/armv7e-m/softfp/libcr_c.a(ftell.o)
 .comment       0x00000000       0x71 /usr/local/lpcxpresso_7.2.0_153/lpcxpresso/tools/bin/../lib/gcc/arm-none-eabi/4.8.3/../../../../arm-none-eabi/lib/armv7e-m/softfp/libcr_c.a(remove.o)
 .comment       0x00000000       0x71 /usr/local/lpcxpresso_7.2.0_153/lpcxpresso/tools/bin/../lib/gcc/arm-none-eabi/4.8.3/../../../../arm-none-eabi/lib/armv7e-m/softfp/libcr_c.a(__init_alloc.o)
 .comment       0x00000000       0x71 /usr/local/lpcxpresso_7.2.0_153/lpcxpresso/tools/bin/../lib/gcc/arm-none-eabi/4.8.3/../../../../arm-none-eabi/lib/armv7e-m/softfp/libcr_c.a(_cr_sbrk.o)
 .comment       0x00000000       0x71 /usr/local/lpcxpresso_7.2.0_153/lpcxpresso/tools/bin/../lib/gcc/arm-none-eabi/4.8.3/../../../../arm-none-eabi/lib/armv7e-m/softfp/libcr_c.a(_do_fflush.o)
 .comment       0x00000000       0x71 /usr/local/lpcxpresso_7.2.0_153/lpcxpresso/tools/bin/../lib/gcc/arm-none-eabi/4.8.3/../../../../arm-none-eabi/lib/armv7e-m/softfp/libcr_c.a(_hugeval.o)
 .comment       0x00000000       0x71 /usr/local/lpcxpresso_7.2.0_153/lpcxpresso/tools/bin/../lib/gcc/arm-none-eabi/4.8.3/../../../../arm-none-eabi/lib/armv7e-m/softfp/libcr_c.a(_cr_check_heap.o)
 .comment       0x00000000       0x71 /usr/local/lpcxpresso_7.2.0_153/lpcxpresso/tools/bin/../lib/gcc/arm-none-eabi/4.8.3/armv7e-m/softfp/libcr_eabihelpers.a(double.o)

.ARM.attributes
                0x00000000       0x35
 .ARM.attributes
                0x00000000       0x37 ./src/ciaaAIN.o
 .ARM.attributes
                0x00000037       0x37 ./src/ciaaI2C.o
 .ARM.attributes
                0x0000006e       0x37 ./src/ciaaIO.o
 .ARM.attributes
                0x000000a5       0x37 ./src/ciaaNVM.o
 .ARM.attributes
                0x000000dc       0x37 ./src/ciaaSPIFI.o
 .ARM.attributes
                0x00000113       0x37 ./src/ciaaTest.o
 .ARM.attributes
                0x0000014a       0x37 ./src/ciaaUART.o
 .ARM.attributes
                0x00000181       0x37 ./src/cr_startup_lpc43xx.o
 .ARM.attributes
                0x000001b8       0x37 ./src/crp.o
 .ARM.attributes
                0x000001ef       0x37 ./src/sysinit.o
 .ARM.attributes
                0x00000226       0x37 /home/pablo/Documents/CIAA-Repositories/EOPT/workspace_lpcopen/lpc_chip_43xx/Debug/liblpc_chip_43xx.a(adc_18xx_43xx.o)
 .ARM.attributes
                0x0000025d       0x37 /home/pablo/Documents/CIAA-Repositories/EOPT/workspace_lpcopen/lpc_chip_43xx/Debug/liblpc_chip_43xx.a(chip_18xx_43xx.o)
 .ARM.attributes
                0x00000294       0x37 /home/pablo/Documents/CIAA-Repositories/EOPT/workspace_lpcopen/lpc_chip_43xx/Debug/liblpc_chip_43xx.a(clock_18xx_43xx.o)
 .ARM.attributes
                0x000002cb       0x37 /home/pablo/Documents/CIAA-Repositories/EOPT/workspace_lpcopen/lpc_chip_43xx/Debug/liblpc_chip_43xx.a(fpu_init.o)
 .ARM.attributes
                0x00000302       0x37 /home/pablo/Documents/CIAA-Repositories/EOPT/workspace_lpcopen/lpc_chip_43xx/Debug/liblpc_chip_43xx.a(gpio_18xx_43xx.o)
 .ARM.attributes
                0x00000339       0x37 /home/pablo/Documents/CIAA-Repositories/EOPT/workspace_lpcopen/lpc_chip_43xx/Debug/liblpc_chip_43xx.a(i2c_18xx_43xx.o)
 .ARM.attributes
                0x00000370       0x37 /home/pablo/Documents/CIAA-Repositories/EOPT/workspace_lpcopen/lpc_chip_43xx/Debug/liblpc_chip_43xx.a(i2cm_18xx_43xx.o)
 .ARM.attributes
                0x000003a7       0x37 /home/pablo/Documents/CIAA-Repositories/EOPT/workspace_lpcopen/lpc_chip_43xx/Debug/liblpc_chip_43xx.a(sysinit_18xx_43xx.o)
 .ARM.attributes
                0x000003de       0x37 /home/pablo/Documents/CIAA-Repositories/EOPT/workspace_lpcopen/lpc_chip_43xx/Debug/liblpc_chip_43xx.a(uart_18xx_43xx.o)
 .ARM.attributes
                0x00000415       0x37 /usr/local/lpcxpresso_7.2.0_153/lpcxpresso/tools/bin/../lib/gcc/arm-none-eabi/4.8.3/../../../../arm-none-eabi/lib/armv7e-m/softfp/libcr_semihost.a(_cr__main.o)
 .ARM.attributes
                0x0000044c       0x37 /usr/local/lpcxpresso_7.2.0_153/lpcxpresso/tools/bin/../lib/gcc/arm-none-eabi/4.8.3/../../../../arm-none-eabi/lib/armv7e-m/softfp/libcr_c.a(fpprintf.o)
 .ARM.attributes
                0x00000483       0x37 /usr/local/lpcxpresso_7.2.0_153/lpcxpresso/tools/bin/../lib/gcc/arm-none-eabi/4.8.3/../../../../arm-none-eabi/lib/armv7e-m/softfp/libcr_c.a(initio.o)
 .ARM.attributes
                0x000004ba       0x37 /usr/local/lpcxpresso_7.2.0_153/lpcxpresso/tools/bin/../lib/gcc/arm-none-eabi/4.8.3/../../../../arm-none-eabi/lib/armv7e-m/softfp/libcr_c.a(printf.o)
 .ARM.attributes
                0x000004f1       0x37 /usr/local/lpcxpresso_7.2.0_153/lpcxpresso/tools/bin/../lib/gcc/arm-none-eabi/4.8.3/../../../../arm-none-eabi/lib/armv7e-m/softfp/libcr_c.a(setvbuf.o)
 .ARM.attributes
                0x00000528       0x37 /usr/local/lpcxpresso_7.2.0_153/lpcxpresso/tools/bin/../lib/gcc/arm-none-eabi/4.8.3/../../../../arm-none-eabi/lib/armv7e-m/softfp/libcr_c.a(stdio.o)
 .ARM.attributes
                0x0000055f       0x37 /usr/local/lpcxpresso_7.2.0_153/lpcxpresso/tools/bin/../lib/gcc/arm-none-eabi/4.8.3/../../../../arm-none-eabi/lib/armv7e-m/softfp/libcr_c.a(strlen.o)
 .ARM.attributes
                0x00000596       0x37 /usr/local/lpcxpresso_7.2.0_153/lpcxpresso/tools/bin/../lib/gcc/arm-none-eabi/4.8.3/../../../../arm-none-eabi/lib/armv7e-m/softfp/libcr_c.a(memset.o)
 .ARM.attributes
                0x000005cd       0x37 /usr/local/lpcxpresso_7.2.0_153/lpcxpresso/tools/bin/../lib/gcc/arm-none-eabi/4.8.3/../../../../arm-none-eabi/lib/armv7e-m/softfp/libcr_c.a(_deferredlazyseek.o)
 .ARM.attributes
                0x00000604       0x37 /usr/local/lpcxpresso_7.2.0_153/lpcxpresso/tools/bin/../lib/gcc/arm-none-eabi/4.8.3/../../../../arm-none-eabi/lib/armv7e-m/softfp/libcr_c.a(_fdopen.o)
 .ARM.attributes
                0x0000063b       0x37 /usr/local/lpcxpresso_7.2.0_153/lpcxpresso/tools/bin/../lib/gcc/arm-none-eabi/4.8.3/../../../../arm-none-eabi/lib/armv7e-m/softfp/libcr_c.a(_fflush.o)
 .ARM.attributes
                0x00000672       0x37 /usr/local/lpcxpresso_7.2.0_153/lpcxpresso/tools/bin/../lib/gcc/arm-none-eabi/4.8.3/../../../../arm-none-eabi/lib/armv7e-m/softfp/libcr_c.a(_frexpl.o)
 .ARM.attributes
                0x000006a9       0x37 /usr/local/lpcxpresso_7.2.0_153/lpcxpresso/tools/bin/../lib/gcc/arm-none-eabi/4.8.3/../../../../arm-none-eabi/lib/armv7e-m/softfp/libcr_c.a(_ldexpl.o)
 .ARM.attributes
                0x000006e0       0x37 /usr/local/lpcxpresso_7.2.0_153/lpcxpresso/tools/bin/../lib/gcc/arm-none-eabi/4.8.3/../../../../arm-none-eabi/lib/armv7e-m/softfp/libcr_c.a(_writebuf.o)
 .ARM.attributes
                0x00000717       0x37 /usr/local/lpcxpresso_7.2.0_153/lpcxpresso/tools/bin/../lib/gcc/arm-none-eabi/4.8.3/../../../../arm-none-eabi/lib/armv7e-m/softfp/libcr_c.a(alloc.o)
 .ARM.attributes
                0x0000074e       0x37 /usr/local/lpcxpresso_7.2.0_153/lpcxpresso/tools/bin/../lib/gcc/arm-none-eabi/4.8.3/../../../../arm-none-eabi/lib/armv7e-m/softfp/libcr_c.a(errno.o)
 .ARM.attributes
                0x00000785       0x37 /usr/local/lpcxpresso_7.2.0_153/lpcxpresso/tools/bin/../lib/gcc/arm-none-eabi/4.8.3/../../../../arm-none-eabi/lib/armv7e-m/softfp/libcr_c.a(fclose.o)
 .ARM.attributes
                0x000007bc       0x37 /usr/local/lpcxpresso_7.2.0_153/lpcxpresso/tools/bin/../lib/gcc/arm-none-eabi/4.8.3/../../../../arm-none-eabi/lib/armv7e-m/softfp/libcr_c.a(fflush.o)
 .ARM.attributes
                0x000007f3       0x37 /usr/local/lpcxpresso_7.2.0_153/lpcxpresso/tools/bin/../lib/gcc/arm-none-eabi/4.8.3/../../../../arm-none-eabi/lib/armv7e-m/softfp/libcr_c.a(fseek.o)
 .ARM.attributes
                0x0000082a       0x37 /usr/local/lpcxpresso_7.2.0_153/lpcxpresso/tools/bin/../lib/gcc/arm-none-eabi/4.8.3/../../../../arm-none-eabi/lib/armv7e-m/softfp/libcr_c.a(ftell.o)
 .ARM.attributes
                0x00000861       0x37 /usr/local/lpcxpresso_7.2.0_153/lpcxpresso/tools/bin/../lib/gcc/arm-none-eabi/4.8.3/../../../../arm-none-eabi/lib/armv7e-m/softfp/libcr_c.a(remove.o)
 .ARM.attributes
                0x00000898       0x37 /usr/local/lpcxpresso_7.2.0_153/lpcxpresso/tools/bin/../lib/gcc/arm-none-eabi/4.8.3/../../../../arm-none-eabi/lib/armv7e-m/softfp/libcr_c.a(__init_alloc.o)
 .ARM.attributes
                0x000008cf       0x37 /usr/local/lpcxpresso_7.2.0_153/lpcxpresso/tools/bin/../lib/gcc/arm-none-eabi/4.8.3/../../../../arm-none-eabi/lib/armv7e-m/softfp/libcr_c.a(_cr_sbrk.o)
 .ARM.attributes
                0x00000906       0x37 /usr/local/lpcxpresso_7.2.0_153/lpcxpresso/tools/bin/../lib/gcc/arm-none-eabi/4.8.3/../../../../arm-none-eabi/lib/armv7e-m/softfp/libcr_c.a(_do_fflush.o)
 .ARM.attributes
                0x0000093d       0x37 /usr/local/lpcxpresso_7.2.0_153/lpcxpresso/tools/bin/../lib/gcc/arm-none-eabi/4.8.3/../../../../arm-none-eabi/lib/armv7e-m/softfp/libcr_c.a(_hugeval.o)
 .ARM.attributes
                0x00000974       0x37 /usr/local/lpcxpresso_7.2.0_153/lpcxpresso/tools/bin/../lib/gcc/arm-none-eabi/4.8.3/../../../../arm-none-eabi/lib/armv7e-m/softfp/libcr_c.a(_cr_check_heap.o)
 .ARM.attributes
                0x000009ab       0x37 /usr/local/lpcxpresso_7.2.0_153/lpcxpresso/tools/bin/../lib/gcc/arm-none-eabi/4.8.3/armv7e-m/softfp/libcr_eabihelpers.a(double.o)
 .ARM.attributes
                0x000009e2       0x25 /usr/local/lpcxpresso_7.2.0_153/lpcxpresso/tools/bin/../lib/gcc/arm-none-eabi/4.8.3/armv7e-m/softfp/libcr_eabihelpers.a(memcpy.o)
 .ARM.attributes
                0x00000a07       0x25 /usr/local/lpcxpresso_7.2.0_153/lpcxpresso/tools/bin/../lib/gcc/arm-none-eabi/4.8.3/../../../../arm-none-eabi/lib/armv7e-m/softfp/libcr_semihost.a(__sys_appexit.o)
 .ARM.attributes
                0x00000a2c       0x25 /usr/local/lpcxpresso_7.2.0_153/lpcxpresso/tools/bin/../lib/gcc/arm-none-eabi/4.8.3/../../../../arm-none-eabi/lib/armv7e-m/softfp/libcr_semihost.a(__sys_close.o)
 .ARM.attributes
                0x00000a51       0x25 /usr/local/lpcxpresso_7.2.0_153/lpcxpresso/tools/bin/../lib/gcc/arm-none-eabi/4.8.3/../../../../arm-none-eabi/lib/armv7e-m/softfp/libcr_semihost.a(__sys_flen.o)
 .ARM.attributes
                0x00000a76       0x25 /usr/local/lpcxpresso_7.2.0_153/lpcxpresso/tools/bin/../lib/gcc/arm-none-eabi/4.8.3/../../../../arm-none-eabi/lib/armv7e-m/softfp/libcr_semihost.a(__sys_istty.o)
 .ARM.attributes
                0x00000a9b       0x25 /usr/local/lpcxpresso_7.2.0_153/lpcxpresso/tools/bin/../lib/gcc/arm-none-eabi/4.8.3/../../../../arm-none-eabi/lib/armv7e-m/softfp/libcr_semihost.a(__sys_remove.o)
 .ARM.attributes
                0x00000ac0       0x25 /usr/local/lpcxpresso_7.2.0_153/lpcxpresso/tools/bin/../lib/gcc/arm-none-eabi/4.8.3/../../../../arm-none-eabi/lib/armv7e-m/softfp/libcr_semihost.a(__sys_seek.o)
 .ARM.attributes
                0x00000ae5       0x25 /usr/local/lpcxpresso_7.2.0_153/lpcxpresso/tools/bin/../lib/gcc/arm-none-eabi/4.8.3/../../../../arm-none-eabi/lib/armv7e-m/softfp/libcr_semihost.a(__sys_tmpnam.o)
 .ARM.attributes
                0x00000b0a       0x25 /usr/local/lpcxpresso_7.2.0_153/lpcxpresso/tools/bin/../lib/gcc/arm-none-eabi/4.8.3/../../../../arm-none-eabi/lib/armv7e-m/softfp/libcr_semihost.a(__sys_write.o)

.debug_frame    0x00000000     0x11a0
 .debug_frame   0x00000000       0x84 ./src/ciaaAIN.o
 .debug_frame   0x00000084       0x88 ./src/ciaaI2C.o
 .debug_frame   0x0000010c       0xfc ./src/ciaaIO.o
 .debug_frame   0x00000208       0xac ./src/ciaaNVM.o
 .debug_frame   0x000002b4       0x9c ./src/ciaaSPIFI.o
 .debug_frame   0x00000350       0xc4 ./src/ciaaTest.o
 .debug_frame   0x00000414      0x184 ./src/ciaaUART.o
 .debug_frame   0x00000598      0x158 ./src/cr_startup_lpc43xx.o
 .debug_frame   0x000006f0       0x30 ./src/sysinit.o
 .debug_frame   0x00000720      0x15c /home/pablo/Documents/CIAA-Repositories/EOPT/workspace_lpcopen/lpc_chip_43xx/Debug/liblpc_chip_43xx.a(adc_18xx_43xx.o)
 .debug_frame   0x0000087c       0x70 /home/pablo/Documents/CIAA-Repositories/EOPT/workspace_lpcopen/lpc_chip_43xx/Debug/liblpc_chip_43xx.a(chip_18xx_43xx.o)
 .debug_frame   0x000008ec      0x2b8 /home/pablo/Documents/CIAA-Repositories/EOPT/workspace_lpcopen/lpc_chip_43xx/Debug/liblpc_chip_43xx.a(clock_18xx_43xx.o)
 .debug_frame   0x00000ba4       0x24 /home/pablo/Documents/CIAA-Repositories/EOPT/workspace_lpcopen/lpc_chip_43xx/Debug/liblpc_chip_43xx.a(fpu_init.o)
 .debug_frame   0x00000bc8       0x80 /home/pablo/Documents/CIAA-Repositories/EOPT/workspace_lpcopen/lpc_chip_43xx/Debug/liblpc_chip_43xx.a(gpio_18xx_43xx.o)
 .debug_frame   0x00000c48      0x254 /home/pablo/Documents/CIAA-Repositories/EOPT/workspace_lpcopen/lpc_chip_43xx/Debug/liblpc_chip_43xx.a(i2c_18xx_43xx.o)
 .debug_frame   0x00000e9c       0xe0 /home/pablo/Documents/CIAA-Repositories/EOPT/workspace_lpcopen/lpc_chip_43xx/Debug/liblpc_chip_43xx.a(i2cm_18xx_43xx.o)
 .debug_frame   0x00000f7c       0x60 /home/pablo/Documents/CIAA-Repositories/EOPT/workspace_lpcopen/lpc_chip_43xx/Debug/liblpc_chip_43xx.a(sysinit_18xx_43xx.o)
 .debug_frame   0x00000fdc      0x1c4 /home/pablo/Documents/CIAA-Repositories/EOPT/workspace_lpcopen/lpc_chip_43xx/Debug/liblpc_chip_43xx.a(uart_18xx_43xx.o)

.debug_loc      0x00000000     0x3278
 .debug_loc     0x00000000      0x64c /home/pablo/Documents/CIAA-Repositories/EOPT/workspace_lpcopen/lpc_chip_43xx/Debug/liblpc_chip_43xx.a(adc_18xx_43xx.o)
 .debug_loc     0x0000064c      0xee3 /home/pablo/Documents/CIAA-Repositories/EOPT/workspace_lpcopen/lpc_chip_43xx/Debug/liblpc_chip_43xx.a(clock_18xx_43xx.o)
 .debug_loc     0x0000152f       0x1f /home/pablo/Documents/CIAA-Repositories/EOPT/workspace_lpcopen/lpc_chip_43xx/Debug/liblpc_chip_43xx.a(fpu_init.o)
 .debug_loc     0x0000154e      0x3cf /home/pablo/Documents/CIAA-Repositories/EOPT/workspace_lpcopen/lpc_chip_43xx/Debug/liblpc_chip_43xx.a(gpio_18xx_43xx.o)
 .debug_loc     0x0000191d      0xaec /home/pablo/Documents/CIAA-Repositories/EOPT/workspace_lpcopen/lpc_chip_43xx/Debug/liblpc_chip_43xx.a(i2c_18xx_43xx.o)
 .debug_loc     0x00002409      0x458 /home/pablo/Documents/CIAA-Repositories/EOPT/workspace_lpcopen/lpc_chip_43xx/Debug/liblpc_chip_43xx.a(i2cm_18xx_43xx.o)
 .debug_loc     0x00002861       0x3e /home/pablo/Documents/CIAA-Repositories/EOPT/workspace_lpcopen/lpc_chip_43xx/Debug/liblpc_chip_43xx.a(sysinit_18xx_43xx.o)
 .debug_loc     0x0000289f      0x9d9 /home/pablo/Documents/CIAA-Repositories/EOPT/workspace_lpcopen/lpc_chip_43xx/Debug/liblpc_chip_43xx.a(uart_18xx_43xx.o)
