Archive member included because of file (symbol)

/home/pablo/Documents/CIAA-Repositories/EOPT/workspace_lpcopen/libCIAA/Debug/liblibCIAA.a(ciaaAIN.o)
                              ./src/ciaaTest.o (ciaaAINInit)
/home/pablo/Documents/CIAA-Repositories/EOPT/workspace_lpcopen/libCIAA/Debug/liblibCIAA.a(ciaaAOUT.o)
                              ./src/ciaaTest.o (ciaaAOUTInit)
/home/pablo/Documents/CIAA-Repositories/EOPT/workspace_lpcopen/libCIAA/Debug/liblibCIAA.a(ciaaIO.o)
                              ./src/ciaaTest.o (ciaaIOInit)
/home/pablo/Documents/CIAA-Repositories/EOPT/workspace_lpcopen/libCIAA/Debug/liblibCIAA.a(ciaaNVM.o)
                              ./src/ciaaTest.o (ciaaNVMInit)
/home/pablo/Documents/CIAA-Repositories/EOPT/workspace_lpcopen/libCIAA/Debug/liblibCIAA.a(ciaaUART.o)
                              ./src/ciaaTest.o (ciaaUARTInit)
/home/pablo/Documents/CIAA-Repositories/EOPT/workspace_lpcopen/libCIAA/Debug/liblibCIAA.a(ciaaI2C.o)
                              /home/pablo/Documents/CIAA-Repositories/EOPT/workspace_lpcopen/libCIAA/Debug/liblibCIAA.a(ciaaNVM.o) (ciaaI2CInit)
/home/pablo/Documents/CIAA-Repositories/EOPT/workspace_lpcopen/lpc_chip_43xx/Debug/liblpc_chip_43xx.a(adc_18xx_43xx.o)
                              /home/pablo/Documents/CIAA-Repositories/EOPT/workspace_lpcopen/libCIAA/Debug/liblibCIAA.a(ciaaAIN.o) (Chip_ADC_Init)
/home/pablo/Documents/CIAA-Repositories/EOPT/workspace_lpcopen/lpc_chip_43xx/Debug/liblpc_chip_43xx.a(chip_18xx_43xx.o)
                              ./src/ciaaTest.o (SystemCoreClockUpdate)
/home/pablo/Documents/CIAA-Repositories/EOPT/workspace_lpcopen/lpc_chip_43xx/Debug/liblpc_chip_43xx.a(clock_18xx_43xx.o)
                              /home/pablo/Documents/CIAA-Repositories/EOPT/workspace_lpcopen/lpc_chip_43xx/Debug/liblpc_chip_43xx.a(chip_18xx_43xx.o) (Chip_Clock_SetDivider)
/home/pablo/Documents/CIAA-Repositories/EOPT/workspace_lpcopen/lpc_chip_43xx/Debug/liblpc_chip_43xx.a(dac_18xx_43xx.o)
                              /home/pablo/Documents/CIAA-Repositories/EOPT/workspace_lpcopen/libCIAA/Debug/liblibCIAA.a(ciaaAOUT.o) (Chip_DAC_UpdateValue)
/home/pablo/Documents/CIAA-Repositories/EOPT/workspace_lpcopen/lpc_chip_43xx/Debug/liblpc_chip_43xx.a(fpu_init.o)
                              ./src/sysinit.o (fpuInit)
/home/pablo/Documents/CIAA-Repositories/EOPT/workspace_lpcopen/lpc_chip_43xx/Debug/liblpc_chip_43xx.a(gpio_18xx_43xx.o)
                              /home/pablo/Documents/CIAA-Repositories/EOPT/workspace_lpcopen/libCIAA/Debug/liblibCIAA.a(ciaaIO.o) (Chip_GPIO_Init)
/home/pablo/Documents/CIAA-Repositories/EOPT/workspace_lpcopen/lpc_chip_43xx/Debug/liblpc_chip_43xx.a(i2c_18xx_43xx.o)
                              /home/pablo/Documents/CIAA-Repositories/EOPT/workspace_lpcopen/libCIAA/Debug/liblibCIAA.a(ciaaI2C.o) (Chip_I2C_Init)
/home/pablo/Documents/CIAA-Repositories/EOPT/workspace_lpcopen/lpc_chip_43xx/Debug/liblpc_chip_43xx.a(i2cm_18xx_43xx.o)
                              /home/pablo/Documents/CIAA-Repositories/EOPT/workspace_lpcopen/libCIAA/Debug/liblibCIAA.a(ciaaI2C.o) (Chip_I2CM_XferBlocking)
/home/pablo/Documents/CIAA-Repositories/EOPT/workspace_lpcopen/lpc_chip_43xx/Debug/liblpc_chip_43xx.a(sysinit_18xx_43xx.o)
                              ./src/sysinit.o (Chip_SystemInit)
/home/pablo/Documents/CIAA-Repositories/EOPT/workspace_lpcopen/lpc_chip_43xx/Debug/liblpc_chip_43xx.a(uart_18xx_43xx.o)
                              /home/pablo/Documents/CIAA-Repositories/EOPT/workspace_lpcopen/libCIAA/Debug/liblibCIAA.a(ciaaUART.o) (Chip_UART_Init)
/home/pablo/Documents/CIAA-Repositories/EOPT/workspace_lpcopen/lpc_chip_43xx/Debug/liblpc_chip_43xx.a(ring_buffer.o)
                              /home/pablo/Documents/CIAA-Repositories/EOPT/workspace_lpcopen/lpc_chip_43xx/Debug/liblpc_chip_43xx.a(uart_18xx_43xx.o) (RingBuffer_Insert)
/usr/local/lpcxpresso_7.3.0_186/lpcxpresso/tools/bin/../lib/gcc/arm-none-eabi/4.8.4/../../../../arm-none-eabi/lib/armv7e-m/softfp/libcr_semihost.a(_cr__main.o)
                              ./src/cr_startup_lpc43xx.o (__main)
/usr/local/lpcxpresso_7.3.0_186/lpcxpresso/tools/bin/../lib/gcc/arm-none-eabi/4.8.4/../../../../arm-none-eabi/lib/armv7e-m/softfp/libcr_c.a(memcpy.o)
                              /home/pablo/Documents/CIAA-Repositories/EOPT/workspace_lpcopen/lpc_chip_43xx/Debug/liblpc_chip_43xx.a(ring_buffer.o) (memcpy)
/usr/local/lpcxpresso_7.3.0_186/lpcxpresso/tools/bin/../lib/gcc/arm-none-eabi/4.8.4/../../../../arm-none-eabi/lib/armv7e-m/softfp/libcr_c.a(fpprintf.o)
                              ./src/ciaaTest.o (sprintf)
/usr/local/lpcxpresso_7.3.0_186/lpcxpresso/tools/bin/../lib/gcc/arm-none-eabi/4.8.4/../../../../arm-none-eabi/lib/armv7e-m/softfp/libcr_c.a(initio.o)
                              /usr/local/lpcxpresso_7.3.0_186/lpcxpresso/tools/bin/../lib/gcc/arm-none-eabi/4.8.4/../../../../arm-none-eabi/lib/armv7e-m/softfp/libcr_semihost.a(_cr__main.o) (_initio)
[...]
Memory Configuration

Name             Origin             Length             Attributes
MFlashA512       0x1a000000         0x00080000         xr
MFlashB512       0x1b000000         0x00080000         xr
RamLoc32         0x10000000         0x00008000         xrw
RamLoc40         0x10080000         0x0000a000         xrw
RamAHB32         0x20000000         0x00008000         xrw
RamAHB16         0x20008000         0x00004000         xrw
RamAHB_ETB16     0x2000c000         0x00004000         xrw
*default*        0x00000000         0xffffffff

Linker script and memory map

LOAD ./src/ciaaTest.o
LOAD ./src/cr_startup_lpc43xx.o
LOAD ./src/crp.o
LOAD ./src/sysinit.o
LOAD /home/pablo/Documents/CIAA-Repositories/EOPT/workspace_lpcopen/libCIAA/Debug/liblibCIAA.a
LOAD /home/pablo/Documents/CIAA-Repositories/EOPT/workspace_lpcopen/lpc_chip_43xx/Debug/liblpc_chip_43xx.a
START GROUP
LOAD /usr/local/lpcxpresso_7.3.0_186/lpcxpresso/tools/bin/../lib/gcc/arm-none-eabi/4.8.4/../../../../arm-none-eabi/lib/armv7e-m/softfp/libcr_semihost.a
LOAD /usr/local/lpcxpresso_7.3.0_186/lpcxpresso/tools/bin/../lib/gcc/arm-none-eabi/4.8.4/../../../../arm-none-eabi/lib/armv7e-m/softfp/libcr_c.a
LOAD /usr/local/lpcxpresso_7.3.0_186/lpcxpresso/tools/bin/../lib/gcc/arm-none-eabi/4.8.4/armv7e-m/softfp/libcr_eabihelpers.a
END GROUP
                0x1a080000                __top_MFlashA512 = 0x1a080000
                0x1b080000                __top_MFlashB512 = 0x1b080000
                0x10008000                __top_RamLoc32 = 0x10008000
                0x1008a000                __top_RamLoc40 = 0x1008a000
                0x20008000                __top_RamAHB32 = 0x20008000
                0x2000c000                __top_RamAHB16 = 0x2000c000
                0x20010000                __top_RamAHB_ETB16 = 0x20010000

.text_Flash2    0x1b000000        0x0
 FILL mask 0xff
 *(.text_Flash2*)
 *(.text_MFlashB512*)
 *(.text.$Flash2*)
 *(.text.$MFlashB512*)
 *(.rodata.$Flash2*)
 *(.rodata.$MFlashB512*)

.text           0x1a000000     0x4060
 FILL mask 0xff
                0x1a000000                __vectors_start__ = ABSOLUTE (.)
 *(.isr_vector)
 .isr_vector    0x1a000000      0x114 ./src/cr_startup_lpc43xx.o
                0x1a000000                g_pfnVectors
                0x1a000114                . = ALIGN (0x4)
                0x1a000114                __section_table_start = .
                0x1a000114                __data_section_table = .
                0x1a000114        0x4 LONG 0x1a004060 LOADADDR (.data)
                0x1a000118        0x4 LONG 0x10000000 ADDR (.data)
                0x1a00011c        0x4 LONG 0x40 SIZEOF (.data)
                0x1a000120        0x4 LONG 0x1a004060 LOADADDR (.data_RAM2)
                0x1a000124        0x4 LONG 0x10080000 ADDR (.data_RAM2)
                0x1a000128        0x4 LONG 0x0 SIZEOF (.data_RAM2)
                0x1a00012c        0x4 LONG 0x1a004060 LOADADDR (.data_RAM3)
                0x1a000130        0x4 LONG 0x20000000 ADDR (.data_RAM3)
                0x1a000134        0x4 LONG 0x0 SIZEOF (.data_RAM3)
                0x1a000138        0x4 LONG 0x1a004060 LOADADDR (.data_RAM4)
                0x1a00013c        0x4 LONG 0x20008000 ADDR (.data_RAM4)
                0x1a000140        0x4 LONG 0x0 SIZEOF (.data_RAM4)
                0x1a000144        0x4 LONG 0x1a004060 LOADADDR (.data_RAM5)
                0x1a000148        0x4 LONG 0x2000c000 ADDR (.data_RAM5)
                0x1a00014c        0x4 LONG 0x0 SIZEOF (.data_RAM5)
                0x1a000150                __data_section_table_end = .
                0x1a000150                __bss_section_table = .
                0x1a000150        0x4 LONG 0x10000040 ADDR (.bss)
                0x1a000154        0x4 LONG 0x96c SIZEOF (.bss)
                0x1a000158        0x4 LONG 0x10080000 ADDR (.bss_RAM2)
                0x1a00015c        0x4 LONG 0x0 SIZEOF (.bss_RAM2)
                0x1a000160        0x4 LONG 0x20000000 ADDR (.bss_RAM3)
                0x1a000164        0x4 LONG 0x0 SIZEOF (.bss_RAM3)
                0x1a000168        0x4 LONG 0x20008000 ADDR (.bss_RAM4)
                0x1a00016c        0x4 LONG 0x0 SIZEOF (.bss_RAM4)
                0x1a000170        0x4 LONG 0x2000c000 ADDR (.bss_RAM5)
                0x1a000174        0x4 LONG 0x0 SIZEOF (.bss_RAM5)
                0x1a000178                __bss_section_table_end = .
                0x1a000178                __section_table_end = .
 *(.after_vectors*)
 .after_vectors
                0x1a000178       0xcc ./src/cr_startup_lpc43xx.o
                0x1a000178                data_init
                0x1a0001bc                bss_init
                0x1a0001f4                NMI_Handler
                0x1a0001fc                HardFault_Handler
                0x1a000204                MemManage_Handler
                0x1a00020c                BusFault_Handler
                0x1a000214                UsageFault_Handler
                0x1a00021c                SVC_Handler
                0x1a000224                DebugMon_Handler
                0x1a00022c                PendSV_Handler
                0x1a00023c                TIMER2_IRQHandler
                0x1a00023c                RIT_IRQHandler
                0x1a00023c                ADCHS_IRQHandler
                0x1a00023c                I2C0_IRQHandler
                0x1a00023c                SDIO_IRQHandler
                0x1a00023c                ATIMER_IRQHandler
                0x1a00023c                I2C1_IRQHandler
                0x1a00023c                UART1_IRQHandler
                0x1a00023c                GPIO5_IRQHandler
                0x1a00023c                CAN1_IRQHandler
                0x1a00023c                USB1_IRQHandler
                0x1a00023c                I2S0_IRQHandler
                0x1a00023c                TIMER3_IRQHandler
                0x1a00023c                UART0_IRQHandler
                0x1a00023c                SGPIO_IRQHandler
                0x1a00023c                GPIO6_IRQHandler
                0x1a00023c                IntDefaultHandler
                0x1a00023c                GPIO1_IRQHandler
                0x1a00023c                SSP0_IRQHandler
                0x1a00023c                ADC1_IRQHandler
                0x1a00023c                FLASHEEPROM_IRQHandler
                0x1a00023c                RTC_IRQHandler
                0x1a00023c                TIMER0_IRQHandler
                0x1a00023c                SPI_IRQHandler
                0x1a00023c                LCD_IRQHandler
                0x1a00023c                TIMER1_IRQHandler
                0x1a00023c                GPIO2_IRQHandler
                0x1a00023c                I2S1_IRQHandler
                0x1a00023c                SSP1_IRQHandler
                0x1a00023c                USB0_IRQHandler
                0x1a00023c                GPIO3_IRQHandler
                0x1a00023c                SCT_IRQHandler
                0x1a00023c                MX_CORE_IRQHandler
                0x1a00023c                WDT_IRQHandler
                0x1a00023c                GPIO7_IRQHandler
                0x1a00023c                SPIFI_IRQHandler
                0x1a00023c                QEI_IRQHandler
                0x1a00023c                ETH_IRQHandler
                0x1a00023c                CAN0_IRQHandler
                0x1a00023c                GINT0_IRQHandler
                0x1a00023c                DAC_IRQHandler
                0x1a00023c                M0SUB_IRQHandler
                0x1a00023c                GPIO0_IRQHandler
                0x1a00023c                DMA_IRQHandler
                0x1a00023c                EVRT_IRQHandler
                0x1a00023c                MCPWM_IRQHandler
                0x1a00023c                GINT1_IRQHandler
                0x1a00023c                GPIO4_IRQHandler
                0x000002fc                . = 0x2fc
 *fill*         0x1a000244       0xb8 ff
                0x1a0002fc                PROVIDE (__CRP_WORD_START__, .)
 *(.crp)
 .crp           0x1a0002fc        0x4 ./src/crp.o
                0x1a0002fc                CRP_WORD
                0x1a000300                PROVIDE (__CRP_WORD_END__, .)
                0x00000001                ASSERT (! ((__CRP_WORD_START__ == __CRP_WORD_END__)), Linker CRP Enabled, but no CRP_WORD provided within application)
 *(.text*)
 .text.NVIC_SetPriority
                0x1a000300       0x54 ./src/ciaaTest.o
 .text.SysTick_Config
                0x1a000354       0x44 ./src/ciaaTest.o
 .text.Chip_GPIO_ReadValue
                0x1a000398       0x24 ./src/ciaaTest.o
 .text.SysTick_Handler
                0x1a0003bc       0x24 ./src/ciaaTest.o
                0x1a0003bc                SysTick_Handler
 .text.pausems  0x1a0003e0       0x28 ./src/ciaaTest.o
                0x1a0003e0                pausems
 .text.main     0x1a000408      0x27c ./src/ciaaTest.o
                0x1a000408                main
 .text.ResetISR
                0x1a000684       0xc4 ./src/cr_startup_lpc43xx.o
                0x1a000684                ResetISR
 .text.SystemInit
                0x1a000748       0x28 ./src/sysinit.o
                0x1a000748                SystemInit
 .text.ADC0_IRQHandler
                0x1a000770       0x78 /home/pablo/Documents/CIAA-Repositories/EOPT/workspace_lpcopen/libCIAA/Debug/liblibCIAA.a(ciaaAIN.o)
                0x1a000770                ADC0_IRQHandler
 .text.ciaaAINInit
                0x1a0007e8       0x88 /home/pablo/Documents/CIAA-Repositories/EOPT/workspace_lpcopen/libCIAA/Debug/liblibCIAA.a(ciaaAIN.o)
                0x1a0007e8                ciaaAINInit
 .text.ciaaAINRead
                0x1a000870       0x14 /home/pablo/Documents/CIAA-Repositories/EOPT/workspace_lpcopen/libCIAA/Debug/liblibCIAA.a(ciaaAIN.o)
                0x1a000870                ciaaAINRead
 .text.ciaaAOUTInit
                0x1a000884       0x24 /home/pablo/Documents/CIAA-Repositories/EOPT/workspace_lpcopen/libCIAA/Debug/liblibCIAA.a(ciaaAOUT.o)
                0x1a000884                ciaaAOUTInit
 .text.ciaaAOUTSet
                0x1a0008a8       0x44 /home/pablo/Documents/CIAA-Repositories/EOPT/workspace_lpcopen/libCIAA/Debug/liblibCIAA.a(ciaaAOUT.o)
                0x1a0008a8                ciaaAOUTSet
 .text.ciaaIOInit
                0x1a0008ec       0xcc /home/pablo/Documents/CIAA-Repositories/EOPT/workspace_lpcopen/libCIAA/Debug/liblibCIAA.a(ciaaIO.o)
                0x1a0008ec                ciaaIOInit
 .text.ciaaWriteOutput
                0x1a0009b8      0x11c /home/pablo/Documents/CIAA-Repositories/EOPT/workspace_lpcopen/libCIAA/Debug/liblibCIAA.a(ciaaIO.o)
                0x1a0009b8                ciaaWriteOutput
 .text.ciaaNVMInit
                0x1a000ad4        0x8 /home/pablo/Documents/CIAA-Repositories/EOPT/workspace_lpcopen/libCIAA/Debug/liblibCIAA.a(ciaaNVM.o)
                0x1a000ad4                ciaaNVMInit
 .text.mem48Read
                0x1a000adc       0x34 /home/pablo/Documents/CIAA-Repositories/EOPT/workspace_lpcopen/libCIAA/Debug/liblibCIAA.a(ciaaNVM.o)
                0x1a000adc                mem48Read
 .text.mem48Write
                0x1a000b10       0x68 /home/pablo/Documents/CIAA-Repositories/EOPT/workspace_lpcopen/libCIAA/Debug/liblibCIAA.a(ciaaNVM.o)
                0x1a000b10                mem48Write
 .text.memRead  0x1a000b78       0x38 /home/pablo/Documents/CIAA-Repositories/EOPT/workspace_lpcopen/libCIAA/Debug/liblibCIAA.a(ciaaNVM.o)
                0x1a000b78                memRead
 .text.memWrite
                0x1a000bb0       0x70 /home/pablo/Documents/CIAA-Repositories/EOPT/workspace_lpcopen/libCIAA/Debug/liblibCIAA.a(ciaaNVM.o)
                0x1a000bb0                memWrite
 .text.ciaaUARTInit
                0x1a000c20       0x44 /home/pablo/Documents/CIAA-Repositories/EOPT/workspace_lpcopen/libCIAA/Debug/liblibCIAA.a(ciaaUART.o)
                0x1a000c20                ciaaUARTInit
 .text.UART2_IRQHandler
                0x1a000c64       0x78 /home/pablo/Documents/CIAA-Repositories/EOPT/workspace_lpcopen/libCIAA/Debug/liblibCIAA.a(ciaaUART.o)
                0x1a000c64                UART2_IRQHandler
 .text.UART3_IRQHandler
                0x1a000cdc        0x4 /home/pablo/Documents/CIAA-Repositories/EOPT/workspace_lpcopen/libCIAA/Debug/liblibCIAA.a(ciaaUART.o)
                0x1a000cdc                UART3_IRQHandler
 .text.uartSend
                0x1a000ce0       0x68 /home/pablo/Documents/CIAA-Repositories/EOPT/workspace_lpcopen/libCIAA/Debug/liblibCIAA.a(ciaaUART.o)
                0x1a000ce0                uartSend
 .text.ciaaI2CInit
                0x1a000d48       0x24 /home/pablo/Documents/CIAA-Repositories/EOPT/workspace_lpcopen/libCIAA/Debug/liblibCIAA.a(ciaaI2C.o)
                0x1a000d48                ciaaI2CInit
 .text.ciaaI2CWrite
                0x1a000d6c       0x3c /home/pablo/Documents/CIAA-Repositories/EOPT/workspace_lpcopen/libCIAA/Debug/liblibCIAA.a(ciaaI2C.o)
                0x1a000d6c                ciaaI2CWrite
 .text.ciaaI2CRead
                0x1a000da8       0x3c /home/pablo/Documents/CIAA-Repositories/EOPT/workspace_lpcopen/libCIAA/Debug/liblibCIAA.a(ciaaI2C.o)
                0x1a000da8                ciaaI2CRead
 .text.Chip_ADC_GetClockIndex
                0x1a000de4       0x10 /home/pablo/Documents/CIAA-Repositories/EOPT/workspace_lpcopen/lpc_chip_43xx/Debug/liblpc_chip_43xx.a(adc_18xx_43xx.o)
 .text.getClkDiv
                0x1a000df4       0x30 /home/pablo/Documents/CIAA-Repositories/EOPT/workspace_lpcopen/lpc_chip_43xx/Debug/liblpc_chip_43xx.a(adc_18xx_43xx.o)
 .text.setStartMode
                0x1a000e24       0x10 /home/pablo/Documents/CIAA-Repositories/EOPT/workspace_lpcopen/lpc_chip_43xx/Debug/liblpc_chip_43xx.a(adc_18xx_43xx.o)
                0x1a000e24                setStartMode
 .text.readAdcVal
                0x1a000e34       0x18 /home/pablo/Documents/CIAA-Repositories/EOPT/workspace_lpcopen/lpc_chip_43xx/Debug/liblpc_chip_43xx.a(adc_18xx_43xx.o)
                0x1a000e34                readAdcVal
 .text.Chip_ADC_Init
                0x1a000e4c       0x40 /home/pablo/Documents/CIAA-Repositories/EOPT/workspace_lpcopen/lpc_chip_43xx/Debug/liblpc_chip_43xx.a(adc_18xx_43xx.o)
                0x1a000e4c                Chip_ADC_Init
 .text.Chip_ADC_ReadValue
                0x1a000e8c        0x8 /home/pablo/Documents/CIAA-Repositories/EOPT/workspace_lpcopen/lpc_chip_43xx/Debug/liblpc_chip_43xx.a(adc_18xx_43xx.o)
                0x1a000e8c                Chip_ADC_ReadValue
 .text.Chip_ADC_ReadStatus
                0x1a000e94       0x34 /home/pablo/Documents/CIAA-Repositories/EOPT/workspace_lpcopen/lpc_chip_43xx/Debug/liblpc_chip_43xx.a(adc_18xx_43xx.o)
                0x1a000e94                Chip_ADC_ReadStatus
 .text.Chip_ADC_Int_SetChannelCmd
                0x1a000ec8       0x20 /home/pablo/Documents/CIAA-Repositories/EOPT/workspace_lpcopen/lpc_chip_43xx/Debug/liblpc_chip_43xx.a(adc_18xx_43xx.o)
                0x1a000ec8                Chip_ADC_Int_SetChannelCmd
 .text.Chip_ADC_EnableChannel
                0x1a000ee8       0x28 /home/pablo/Documents/CIAA-Repositories/EOPT/workspace_lpcopen/lpc_chip_43xx/Debug/liblpc_chip_43xx.a(adc_18xx_43xx.o)
                0x1a000ee8                Chip_ADC_EnableChannel
 .text.Chip_ADC_SetBurstCmd
                0x1a000f10       0x24 /home/pablo/Documents/CIAA-Repositories/EOPT/workspace_lpcopen/lpc_chip_43xx/Debug/liblpc_chip_43xx.a(adc_18xx_43xx.o)
                0x1a000f10                Chip_ADC_SetBurstCmd
 .text.SystemCoreClockUpdate
                0x1a000f34       0x14 /home/pablo/Documents/CIAA-Repositories/EOPT/workspace_lpcopen/lpc_chip_43xx/Debug/liblpc_chip_43xx.a(chip_18xx_43xx.o)
                0x1a000f34                SystemCoreClockUpdate
 .text.Chip_Clock_TestMainPLLMultiplier
                0x1a000f48       0x24 /home/pablo/Documents/CIAA-Repositories/EOPT/workspace_lpcopen/lpc_chip_43xx/Debug/liblpc_chip_43xx.a(clock_18xx_43xx.o)
 .text.Chip_Clock_FindBaseClock
                0x1a000f6c       0x48 /home/pablo/Documents/CIAA-Repositories/EOPT/workspace_lpcopen/lpc_chip_43xx/Debug/liblpc_chip_43xx.a(clock_18xx_43xx.o)
 .text.Chip_Clock_DisableMainPLL
                0x1a000fb4       0x10 /home/pablo/Documents/CIAA-Repositories/EOPT/workspace_lpcopen/lpc_chip_43xx/Debug/liblpc_chip_43xx.a(clock_18xx_43xx.o)
                0x1a000fb4                Chip_Clock_DisableMainPLL
 .text.Chip_Clock_GetDividerSource
                0x1a000fc4       0x1c /home/pablo/Documents/CIAA-Repositories/EOPT/workspace_lpcopen/lpc_chip_43xx/Debug/liblpc_chip_43xx.a(clock_18xx_43xx.o)
                0x1a000fc4                Chip_Clock_GetDividerSource
 .text.Chip_Clock_GetDividerDivisor
                0x1a000fe0       0x14 /home/pablo/Documents/CIAA-Repositories/EOPT/workspace_lpcopen/lpc_chip_43xx/Debug/liblpc_chip_43xx.a(clock_18xx_43xx.o)
                0x1a000fe0                Chip_Clock_GetDividerDivisor
 .text.Chip_Clock_GetClockInputHz
                0x1a000ff4       0xb8 /home/pablo/Documents/CIAA-Repositories/EOPT/workspace_lpcopen/lpc_chip_43xx/Debug/liblpc_chip_43xx.a(clock_18xx_43xx.o)
                0x1a000ff4                Chip_Clock_GetClockInputHz
 .text.Chip_Clock_SetupMainPLLMult
                0x1a0010ac       0x80 /home/pablo/Documents/CIAA-Repositories/EOPT/workspace_lpcopen/lpc_chip_43xx/Debug/liblpc_chip_43xx.a(clock_18xx_43xx.o)
                0x1a0010ac                Chip_Clock_SetupMainPLLMult
 .text.Chip_Clock_SetupMainPLLHz
                0x1a00112c       0xac /home/pablo/Documents/CIAA-Repositories/EOPT/workspace_lpcopen/lpc_chip_43xx/Debug/liblpc_chip_43xx.a(clock_18xx_43xx.o)
                0x1a00112c                Chip_Clock_SetupMainPLLHz
 .text.Chip_Clock_GetMainPLLHz
                0x1a0011d8       0x68 /home/pablo/Documents/CIAA-Repositories/EOPT/workspace_lpcopen/lpc_chip_43xx/Debug/liblpc_chip_43xx.a(clock_18xx_43xx.o)
                0x1a0011d8                Chip_Clock_GetMainPLLHz
 .text.Chip_Clock_GetDivRate
                0x1a001240       0x24 /home/pablo/Documents/CIAA-Repositories/EOPT/workspace_lpcopen/lpc_chip_43xx/Debug/liblpc_chip_43xx.a(clock_18xx_43xx.o)
 .text.Chip_Clock_SetBaseClock
                0x1a001264       0x44 /home/pablo/Documents/CIAA-Repositories/EOPT/workspace_lpcopen/lpc_chip_43xx/Debug/liblpc_chip_43xx.a(clock_18xx_43xx.o)
                0x1a001264                Chip_Clock_SetBaseClock
 .text.Chip_Clock_GetBaseClock
                0x1a0012a8       0x24 /home/pablo/Documents/CIAA-Repositories/EOPT/workspace_lpcopen/lpc_chip_43xx/Debug/liblpc_chip_43xx.a(clock_18xx_43xx.o)
                0x1a0012a8                Chip_Clock_GetBaseClock
 .text.Chip_Clock_GetBaseClocktHz
                0x1a0012cc        0xc /home/pablo/Documents/CIAA-Repositories/EOPT/workspace_lpcopen/lpc_chip_43xx/Debug/liblpc_chip_43xx.a(clock_18xx_43xx.o)
                0x1a0012cc                Chip_Clock_GetBaseClocktHz
 .text.Chip_Clock_EnableOpts
                0x1a0012d8       0x34 /home/pablo/Documents/CIAA-Repositories/EOPT/workspace_lpcopen/lpc_chip_43xx/Debug/liblpc_chip_43xx.a(clock_18xx_43xx.o)
                0x1a0012d8                Chip_Clock_EnableOpts
 .text.Chip_Clock_Enable
                0x1a00130c       0x28 /home/pablo/Documents/CIAA-Repositories/EOPT/workspace_lpcopen/lpc_chip_43xx/Debug/liblpc_chip_43xx.a(clock_18xx_43xx.o)
                0x1a00130c                Chip_Clock_Enable
 .text.Chip_Clock_GetRate
                0x1a001334       0x44 /home/pablo/Documents/CIAA-Repositories/EOPT/workspace_lpcopen/lpc_chip_43xx/Debug/liblpc_chip_43xx.a(clock_18xx_43xx.o)
                0x1a001334                Chip_Clock_GetRate
 .text.Chip_DAC_UpdateValue
                0x1a001378       0x10 /home/pablo/Documents/CIAA-Repositories/EOPT/workspace_lpcopen/lpc_chip_43xx/Debug/liblpc_chip_43xx.a(dac_18xx_43xx.o)
                0x1a001378                Chip_DAC_UpdateValue
 .text.Chip_DAC_SetBias
                0x1a001388       0x18 /home/pablo/Documents/CIAA-Repositories/EOPT/workspace_lpcopen/lpc_chip_43xx/Debug/liblpc_chip_43xx.a(dac_18xx_43xx.o)
                0x1a001388                Chip_DAC_SetBias
 .text.Chip_DAC_Init
                0x1a0013a0       0x1c /home/pablo/Documents/CIAA-Repositories/EOPT/workspace_lpcopen/lpc_chip_43xx/Debug/liblpc_chip_43xx.a(dac_18xx_43xx.o)
                0x1a0013a0                Chip_DAC_Init
 .text.fpuInit  0x1a0013bc       0x58 /home/pablo/Documents/CIAA-Repositories/EOPT/workspace_lpcopen/lpc_chip_43xx/Debug/liblpc_chip_43xx.a(fpu_init.o)
                0x1a0013bc                fpuInit
 .text.Chip_GPIO_Init
                0x1a001414        0x4 /home/pablo/Documents/CIAA-Repositories/EOPT/workspace_lpcopen/lpc_chip_43xx/Debug/liblpc_chip_43xx.a(gpio_18xx_43xx.o)
                0x1a001414                Chip_GPIO_Init
 .text.Chip_GPIO_SetDir
                0x1a001418       0x24 /home/pablo/Documents/CIAA-Repositories/EOPT/workspace_lpcopen/lpc_chip_43xx/Debug/liblpc_chip_43xx.a(gpio_18xx_43xx.o)
                0x1a001418                Chip_GPIO_SetDir
 .text.Chip_I2C_EventHandler
                0x1a00143c       0x20 /home/pablo/Documents/CIAA-Repositories/EOPT/workspace_lpcopen/lpc_chip_43xx/Debug/liblpc_chip_43xx.a(i2c_18xx_43xx.o)
                0x1a00143c                Chip_I2C_EventHandler
 .text.Chip_I2C_Init
                0x1a00145c       0x24 /home/pablo/Documents/CIAA-Repositories/EOPT/workspace_lpcopen/lpc_chip_43xx/Debug/liblpc_chip_43xx.a(i2c_18xx_43xx.o)
                0x1a00145c                Chip_I2C_Init
 .text.Chip_I2C_SetClockRate
                0x1a001480       0x38 /home/pablo/Documents/CIAA-Repositories/EOPT/workspace_lpcopen/lpc_chip_43xx/Debug/liblpc_chip_43xx.a(i2c_18xx_43xx.o)
                0x1a001480                Chip_I2C_SetClockRate
 .text.Chip_I2CM_XferHandler
                0x1a0014b8      0x11c /home/pablo/Documents/CIAA-Repositories/EOPT/workspace_lpcopen/lpc_chip_43xx/Debug/liblpc_chip_43xx.a(i2cm_18xx_43xx.o)
                0x1a0014b8                Chip_I2CM_XferHandler
 .text.Chip_I2CM_Xfer
                0x1a0015d4       0x10 /home/pablo/Documents/CIAA-Repositories/EOPT/workspace_lpcopen/lpc_chip_43xx/Debug/liblpc_chip_43xx.a(i2cm_18xx_43xx.o)
                0x1a0015d4                Chip_I2CM_Xfer
 .text.Chip_I2CM_XferBlocking
                0x1a0015e4       0x24 /home/pablo/Documents/CIAA-Repositories/EOPT/workspace_lpcopen/lpc_chip_43xx/Debug/liblpc_chip_43xx.a(i2cm_18xx_43xx.o)
                0x1a0015e4                Chip_I2CM_XferBlocking
 .text.Chip_SetupIrcClocking
                0x1a001608       0x64 /home/pablo/Documents/CIAA-Repositories/EOPT/workspace_lpcopen/lpc_chip_43xx/Debug/liblpc_chip_43xx.a(sysinit_18xx_43xx.o)
                0x1a001608                Chip_SetupIrcClocking
 .text.Chip_SystemInit
                0x1a00166c        0x8 /home/pablo/Documents/CIAA-Repositories/EOPT/workspace_lpcopen/lpc_chip_43xx/Debug/liblpc_chip_43xx.a(sysinit_18xx_43xx.o)
                0x1a00166c                Chip_SystemInit
 .text.Chip_UART_GetClockIndex
                0x1a001674       0x28 /home/pablo/Documents/CIAA-Repositories/EOPT/workspace_lpcopen/lpc_chip_43xx/Debug/liblpc_chip_43xx.a(uart_18xx_43xx.o)
 .text.Chip_UART_Init
                0x1a00169c       0x40 /home/pablo/Documents/CIAA-Repositories/EOPT/workspace_lpcopen/lpc_chip_43xx/Debug/liblpc_chip_43xx.a(uart_18xx_43xx.o)
                0x1a00169c                Chip_UART_Init
 .text.Chip_UART_SetBaud
                0x1a0016dc       0x34 /home/pablo/Documents/CIAA-Repositories/EOPT/workspace_lpcopen/lpc_chip_43xx/Debug/liblpc_chip_43xx.a(uart_18xx_43xx.o)
                0x1a0016dc                Chip_UART_SetBaud
 .text.__main   0x1a001710       0x14 /usr/local/lpcxpresso_7.3.0_186/lpcxpresso/tools/bin/../lib/gcc/arm-none-eabi/4.8.4/../../../../arm-none-eabi/lib/armv7e-m/softfp/libcr_semihost.a(_cr__main.o)
                0x1a001710                __main
                0x1a001710                __CR_SEMIHOST
 .text.fp_round
                0x1a001724       0x50 /usr/local/lpcxpresso_7.3.0_186/lpcxpresso/tools/bin/../lib/gcc/arm-none-eabi/4.8.4/../../../../arm-none-eabi/lib/armv7e-m/softfp/libcr_c.a(fpprintf.o)
 .text.pr_dec.constprop.1
                0x1a001774       0x26 /usr/local/lpcxpresso_7.3.0_186/lpcxpresso/tools/bin/../lib/gcc/arm-none-eabi/4.8.4/../../../../arm-none-eabi/lib/armv7e-m/softfp/libcr_c.a(fpprintf.o)
 *fill*         0x1a00179a        0x2 
 .text.sprintf  0x1a00179c       0x6c /usr/local/lpcxpresso_7.3.0_186/lpcxpresso/tools/bin/../lib/gcc/arm-none-eabi/4.8.4/../../../../arm-none-eabi/lib/armv7e-m/softfp/libcr_c.a(fpprintf.o)
                0x1a00179c                sprintf
 .text.fp_display
                0x1a001808      0x988 /usr/local/lpcxpresso_7.3.0_186/lpcxpresso/tools/bin/../lib/gcc/arm-none-eabi/4.8.4/../../../../arm-none-eabi/lib/armv7e-m/softfp/libcr_c.a(fpprintf.o)
 .text._initio  0x1a002190       0xa4 /usr/local/lpcxpresso_7.3.0_186/lpcxpresso/tools/bin/../lib/gcc/arm-none-eabi/4.8.4/../../../../arm-none-eabi/lib/armv7e-m/softfp/libcr_c.a(initio.o)
                0x1a002190                _initio
 .text.__vfprintf
                0x1a002234      0xca0 /usr/local/lpcxpresso_7.3.0_186/lpcxpresso/tools/bin/../lib/gcc/arm-none-eabi/4.8.4/../../../../arm-none-eabi/lib/armv7e-m/softfp/libcr_c.a(printf.o)
                0x1a002234                __vfprintf
 .text.setvbuf  0x1a002ed4       0x40 /usr/local/lpcxpresso_7.3.0_186/lpcxpresso/tools/bin/../lib/gcc/arm-none-eabi/4.8.4/../../../../arm-none-eabi/lib/armv7e-m/softfp/libcr_c.a(setvbuf.o)
                0x1a002ed4                setvbuf
 .text.strlen   0x1a002f14       0x4a /usr/local/lpcxpresso_7.3.0_186/lpcxpresso/tools/bin/../lib/gcc/arm-none-eabi/4.8.4/../../../../arm-none-eabi/lib/armv7e-m/softfp/libcr_c.a(strlen.o)
                0x1a002f14                strlen
 .text.memset   0x1a002f5e        0x4 /usr/local/lpcxpresso_7.3.0_186/lpcxpresso/tools/bin/../lib/gcc/arm-none-eabi/4.8.4/../../../../arm-none-eabi/lib/armv7e-m/softfp/libcr_c.a(memset.o)
                0x1a002f5e                memset
 .text._deferredlazyseek
                0x1a002f62       0x44 /usr/local/lpcxpresso_7.3.0_186/lpcxpresso/tools/bin/../lib/gcc/arm-none-eabi/4.8.4/../../../../arm-none-eabi/lib/armv7e-m/softfp/libcr_c.a(_deferredlazyseek.o)
                0x1a002f62                _deferredlazyseek
 .text.__flsbuf
                0x1a002fa6      0x142 /usr/local/lpcxpresso_7.3.0_186/lpcxpresso/tools/bin/../lib/gcc/arm-none-eabi/4.8.4/../../../../arm-none-eabi/lib/armv7e-m/softfp/libcr_c.a(_deferredlazyseek.o)
                0x1a002fa6                __flsbuf
 .text._fdopen  0x1a0030e8       0x6a /usr/local/lpcxpresso_7.3.0_186/lpcxpresso/tools/bin/../lib/gcc/arm-none-eabi/4.8.4/../../../../arm-none-eabi/lib/armv7e-m/softfp/libcr_c.a(_fdopen.o)
                0x1a0030e8                _fdopen
 .text._fflush  0x1a003152       0x58 /usr/local/lpcxpresso_7.3.0_186/lpcxpresso/tools/bin/../lib/gcc/arm-none-eabi/4.8.4/../../../../arm-none-eabi/lib/armv7e-m/softfp/libcr_c.a(_fflush.o)
                0x1a003152                _fflush
 .text._frexpl  0x1a0031aa       0x5c /usr/local/lpcxpresso_7.3.0_186/lpcxpresso/tools/bin/../lib/gcc/arm-none-eabi/4.8.4/../../../../arm-none-eabi/lib/armv7e-m/softfp/libcr_c.a(_frexpl.o)
                0x1a0031aa                _frexpl
 *fill*         0x1a003206        0x2 
 .text._ldexpl  0x1a003208       0x4c /usr/local/lpcxpresso_7.3.0_186/lpcxpresso/tools/bin/../lib/gcc/arm-none-eabi/4.8.4/../../../../arm-none-eabi/lib/armv7e-m/softfp/libcr_c.a(_ldexpl.o)
                0x1a003208                _ldexpl
 .text._Cwritebuf
                0x1a003254       0x70 /usr/local/lpcxpresso_7.3.0_186/lpcxpresso/tools/bin/../lib/gcc/arm-none-eabi/4.8.4/../../../../arm-none-eabi/lib/armv7e-m/softfp/libcr_c.a(_writebuf.o)
                0x1a003254                _Cwritebuf
 .text.malloc   0x1a0032c4       0xc4 /usr/local/lpcxpresso_7.3.0_186/lpcxpresso/tools/bin/../lib/gcc/arm-none-eabi/4.8.4/../../../../arm-none-eabi/lib/armv7e-m/softfp/libcr_c.a(alloc.o)
                0x1a0032c4                malloc
 .text.free     0x1a003388        0xc /usr/local/lpcxpresso_7.3.0_186/lpcxpresso/tools/bin/../lib/gcc/arm-none-eabi/4.8.4/../../../../arm-none-eabi/lib/armv7e-m/softfp/libcr_c.a(alloc.o)
                0x1a003388                free
 .text._Csys_alloc
                0x1a003394       0x20 /usr/local/lpcxpresso_7.3.0_186/lpcxpresso/tools/bin/../lib/gcc/arm-none-eabi/4.8.4/../../../../arm-none-eabi/lib/armv7e-m/softfp/libcr_c.a(alloc.o)
                0x1a003394                _Csys_alloc
 .text.fclose   0x1a0033b4       0x6c /usr/local/lpcxpresso_7.3.0_186/lpcxpresso/tools/bin/../lib/gcc/arm-none-eabi/4.8.4/../../../../arm-none-eabi/lib/armv7e-m/softfp/libcr_c.a(fclose.o)
                0x1a0033b4                fclose
 .text.fflush   0x1a003420       0x30 /usr/local/lpcxpresso_7.3.0_186/lpcxpresso/tools/bin/../lib/gcc/arm-none-eabi/4.8.4/../../../../arm-none-eabi/lib/armv7e-m/softfp/libcr_c.a(fflush.o)
                0x1a003420                fflush
 .text.fseek    0x1a003450      0x10c /usr/local/lpcxpresso_7.3.0_186/lpcxpresso/tools/bin/../lib/gcc/arm-none-eabi/4.8.4/../../../../arm-none-eabi/lib/armv7e-m/softfp/libcr_c.a(fseek.o)
                0x1a003450                fseek
 .text.ftell    0x1a00355c       0x4c /usr/local/lpcxpresso_7.3.0_186/lpcxpresso/tools/bin/../lib/gcc/arm-none-eabi/4.8.4/../../../../arm-none-eabi/lib/armv7e-m/softfp/libcr_c.a(ftell.o)
                0x1a00355c                ftell
 .text.remove   0x1a0035a8       0x14 /usr/local/lpcxpresso_7.3.0_186/lpcxpresso/tools/bin/../lib/gcc/arm-none-eabi/4.8.4/../../../../arm-none-eabi/lib/armv7e-m/softfp/libcr_c.a(remove.o)
                0x1a0035a8                remove
 .text._sbrk    0x1a0035bc       0x40 /usr/local/lpcxpresso_7.3.0_186/lpcxpresso/tools/bin/../lib/gcc/arm-none-eabi/4.8.4/../../../../arm-none-eabi/lib/armv7e-m/softfp/libcr_c.a(_cr_sbrk.o)
                0x1a0035bc                _sbrk
 .text._do_fflush
                0x1a0035fc       0x44 /usr/local/lpcxpresso_7.3.0_186/lpcxpresso/tools/bin/../lib/gcc/arm-none-eabi/4.8.4/../../../../arm-none-eabi/lib/armv7e-m/softfp/libcr_c.a(_do_fflush.o)
                0x1a0035fc                _do_fflush
 .text.__check_heap_overflow
                0x1a003640       0x18 /usr/local/lpcxpresso_7.3.0_186/lpcxpresso/tools/bin/../lib/gcc/arm-none-eabi/4.8.4/../../../../arm-none-eabi/lib/armv7e-m/softfp/libcr_c.a(_cr_check_heap.o)
                0x1a003640                __check_heap_overflow
 .text.__aeabi_dmul
                0x1a003658      0x110 /usr/local/lpcxpresso_7.3.0_186/lpcxpresso/tools/bin/../lib/gcc/arm-none-eabi/4.8.4/armv7e-m/softfp/libcr_eabihelpers.a(double.o)
                0x1a003658                __aeabi_dmul
 .text.__aeabi_ddiv
                0x1a003768      0x138 /usr/local/lpcxpresso_7.3.0_186/lpcxpresso/tools/bin/../lib/gcc/arm-none-eabi/4.8.4/armv7e-m/softfp/libcr_eabihelpers.a(double.o)
                0x1a003768                __aeabi_ddiv
 .text.__aeabi_dsub
                0x1a0038a0      0x1fc /usr/local/lpcxpresso_7.3.0_186/lpcxpresso/tools/bin/../lib/gcc/arm-none-eabi/4.8.4/armv7e-m/softfp/libcr_eabihelpers.a(double.o)
                0x1a0038a0                __aeabi_dsub
 .text.__aeabi_dadd
                0x1a003a9c      0x144 /usr/local/lpcxpresso_7.3.0_186/lpcxpresso/tools/bin/../lib/gcc/arm-none-eabi/4.8.4/armv7e-m/softfp/libcr_eabihelpers.a(double.o)
                0x1a003a9c                __aeabi_dadd
 .text.__aeabi_d2iz
                0x1a003be0       0x42 /usr/local/lpcxpresso_7.3.0_186/lpcxpresso/tools/bin/../lib/gcc/arm-none-eabi/4.8.4/armv7e-m/softfp/libcr_eabihelpers.a(double.o)
                0x1a003be0                __aeabi_d2iz
 .text.__bhs_ui2d
                0x1a003c22       0x46 /usr/local/lpcxpresso_7.3.0_186/lpcxpresso/tools/bin/../lib/gcc/arm-none-eabi/4.8.4/armv7e-m/softfp/libcr_eabihelpers.a(double.o)
                0x1a003c22                __bhs_ui2d
 .text.__aeabi_i2d
                0x1a003c68       0x10 /usr/local/lpcxpresso_7.3.0_186/lpcxpresso/tools/bin/../lib/gcc/arm-none-eabi/4.8.4/armv7e-m/softfp/libcr_eabihelpers.a(double.o)
                0x1a003c68                __aeabi_i2d
 .text.__aeabi_dcmpeq
                0x1a003c78       0x3a /usr/local/lpcxpresso_7.3.0_186/lpcxpresso/tools/bin/../lib/gcc/arm-none-eabi/4.8.4/armv7e-m/softfp/libcr_eabihelpers.a(double.o)
                0x1a003c78                __aeabi_dcmpeq
 .text.__aeabi_dcmplt
                0x1a003cb2       0x66 /usr/local/lpcxpresso_7.3.0_186/lpcxpresso/tools/bin/../lib/gcc/arm-none-eabi/4.8.4/armv7e-m/softfp/libcr_eabihelpers.a(double.o)
                0x1a003cb2                __aeabi_dcmplt
 .text.__aeabi_dcmple
                0x1a003d18       0x64 /usr/local/lpcxpresso_7.3.0_186/lpcxpresso/tools/bin/../lib/gcc/arm-none-eabi/4.8.4/armv7e-m/softfp/libcr_eabihelpers.a(double.o)
                0x1a003d18                __aeabi_dcmple
 .text.__aeabi_dcmpge
                0x1a003d7c       0x60 /usr/local/lpcxpresso_7.3.0_186/lpcxpresso/tools/bin/../lib/gcc/arm-none-eabi/4.8.4/armv7e-m/softfp/libcr_eabihelpers.a(double.o)
                0x1a003d7c                __aeabi_dcmpge
 .text.__aeabi_memset_lowlevel
                0x1a003ddc       0x2c /usr/local/lpcxpresso_7.3.0_186/lpcxpresso/tools/bin/../lib/gcc/arm-none-eabi/4.8.4/armv7e-m/softfp/libcr_eabihelpers.a(memcpy.o)
                0x1a003ddc                __aeabi_lowlevel_memset
 .text.__sys_appexit
                0x1a003e08        0xc /usr/local/lpcxpresso_7.3.0_186/lpcxpresso/tools/bin/../lib/gcc/arm-none-eabi/4.8.4/../../../../arm-none-eabi/lib/armv7e-m/softfp/libcr_semihost.a(__sys_appexit.o)
                0x1a003e08                __exit
                0x1a003e08                __sys_appexit
 .text.__sys_close
                0x1a003e14        0xc /usr/local/lpcxpresso_7.3.0_186/lpcxpresso/tools/bin/../lib/gcc/arm-none-eabi/4.8.4/../../../../arm-none-eabi/lib/armv7e-m/softfp/libcr_semihost.a(__sys_close.o)
                0x1a003e14                __sys_close
 .text.__sys_flen
                0x1a003e20        0xc /usr/local/lpcxpresso_7.3.0_186/lpcxpresso/tools/bin/../lib/gcc/arm-none-eabi/4.8.4/../../../../arm-none-eabi/lib/armv7e-m/softfp/libcr_semihost.a(__sys_flen.o)
                0x1a003e20                __sys_flen
 .text.__sys_istty
                0x1a003e2c        0xc /usr/local/lpcxpresso_7.3.0_186/lpcxpresso/tools/bin/../lib/gcc/arm-none-eabi/4.8.4/../../../../arm-none-eabi/lib/armv7e-m/softfp/libcr_semihost.a(__sys_istty.o)
                0x1a003e2c                __sys_istty
 .text.__sys_remove
                0x1a003e38        0xc /usr/local/lpcxpresso_7.3.0_186/lpcxpresso/tools/bin/../lib/gcc/arm-none-eabi/4.8.4/../../../../arm-none-eabi/lib/armv7e-m/softfp/libcr_semihost.a(__sys_remove.o)
                0x1a003e38                __sys_remove
 .text.__sys_seek
                0x1a003e44        0xc /usr/local/lpcxpresso_7.3.0_186/lpcxpresso/tools/bin/../lib/gcc/arm-none-eabi/4.8.4/../../../../arm-none-eabi/lib/armv7e-m/softfp/libcr_semihost.a(__sys_seek.o)
                0x1a003e44                __sys_seek
 .text.__sys_tmpnam
                0x1a003e50        0xc /usr/local/lpcxpresso_7.3.0_186/lpcxpresso/tools/bin/../lib/gcc/arm-none-eabi/4.8.4/../../../../arm-none-eabi/lib/armv7e-m/softfp/libcr_semihost.a(__sys_tmpnam.o)
                0x1a003e50                __sys_tmpnam
 .text.__sys_write
                0x1a003e5c        0xc /usr/local/lpcxpresso_7.3.0_186/lpcxpresso/tools/bin/../lib/gcc/arm-none-eabi/4.8.4/../../../../arm-none-eabi/lib/armv7e-m/softfp/libcr_semihost.a(__sys_write.o)
                0x1a003e5c                __write
                0x1a003e5c                __sys_write
 *(.rodata .rodata.* .constdata .constdata.*)
 .rodata        0x1a003e68       0xa4 ./src/ciaaTest.o
 .rodata.ExtRateIn
                0x1a003f0c        0x4 ./src/sysinit.o
                0x1a003f0c                ExtRateIn
 .rodata.OscRateIn
                0x1a003f10        0x4 ./src/sysinit.o
                0x1a003f10                OscRateIn
 .rodata        0x1a003f14        0x8 /home/pablo/Documents/CIAA-Repositories/EOPT/workspace_lpcopen/libCIAA/Debug/liblibCIAA.a(ciaaAIN.o)
 .rodata        0x1a003f1c        0x4 /home/pablo/Documents/CIAA-Repositories/EOPT/workspace_lpcopen/lpc_chip_43xx/Debug/liblpc_chip_43xx.a(clock_18xx_43xx.o)
 .rodata.periph_to_base
                0x1a003f20       0x6c /home/pablo/Documents/CIAA-Repositories/EOPT/workspace_lpcopen/lpc_chip_43xx/Debug/liblpc_chip_43xx.a(clock_18xx_43xx.o)
 .rodata.InitClkStates
                0x1a003f8c       0x48 /home/pablo/Documents/CIAA-Repositories/EOPT/workspace_lpcopen/lpc_chip_43xx/Debug/liblpc_chip_43xx.a(sysinit_18xx_43xx.o)
 .rodata.str1.1
                0x1a003fd4       0x34 /usr/local/lpcxpresso_7.3.0_186/lpcxpresso/tools/bin/../lib/gcc/arm-none-eabi/4.8.4/../../../../arm-none-eabi/lib/armv7e-m/softfp/libcr_c.a(fpprintf.o)
                                 0x35 (size before relaxing)
 .rodata.str1.1
                0x1a004008        0x4 /usr/local/lpcxpresso_7.3.0_186/lpcxpresso/tools/bin/../lib/gcc/arm-none-eabi/4.8.4/../../../../arm-none-eabi/lib/armv7e-m/softfp/libcr_c.a(initio.o)
 .rodata.str1.1
                0x1a00400c       0x31 /usr/local/lpcxpresso_7.3.0_186/lpcxpresso/tools/bin/../lib/gcc/arm-none-eabi/4.8.4/../../../../arm-none-eabi/lib/armv7e-m/softfp/libcr_c.a(printf.o)
                                 0x38 (size before relaxing)
 .rodata.str1.1
                0x1a00403d       0x18 /usr/local/lpcxpresso_7.3.0_186/lpcxpresso/tools/bin/../lib/gcc/arm-none-eabi/4.8.4/../../../../arm-none-eabi/lib/armv7e-m/softfp/libcr_c.a(alloc.o)
 *fill*         0x1a004055        0x3 
 .rodata.__huge_vall
                0x1a004058        0x8 /usr/local/lpcxpresso_7.3.0_186/lpcxpresso/tools/bin/../lib/gcc/arm-none-eabi/4.8.4/../../../../arm-none-eabi/lib/armv7e-m/softfp/libcr_c.a(_hugeval.o)
                0x1a004058                __huge_vall
                0x1a004060                . = ALIGN (0x4)

.glue_7         0x1a004060        0x0
 .glue_7        0x00000000        0x0 linker stubs

.glue_7t        0x1a004060        0x0
 .glue_7t       0x00000000        0x0 linker stubs

.vfp11_veneer   0x1a004060        0x0
 .vfp11_veneer  0x00000000        0x0 linker stubs

.v4_bx          0x1a004060        0x0
 .v4_bx         0x00000000        0x0 linker stubs

.iplt           0x1a004060        0x0
 .iplt          0x00000000        0x0 ./src/ciaaTest.o

.rel.dyn        0x1a004060        0x0
 .rel.iplt      0x00000000        0x0 ./src/ciaaTest.o

.ARM.extab
 *(.ARM.extab* .gnu.linkonce.armextab.*)
                0x1a004060                __exidx_start = .

.ARM.exidx
 *(.ARM.exidx* .gnu.linkonce.armexidx.*)
                0x1a004060                __exidx_end = .
                0x1a004060                _etext = .

.data_RAM2      0x10080000        0x0 load address 0x1a004060
 FILL mask 0xff
 *(.ramfunc.$RAM2)
 *(.ramfunc.$RamLoc40)
 *(.data.$RAM2*)
 *(.data.$RamLoc40*)
                0x10080000                . = ALIGN (0x4)

.data_RAM3      0x20000000        0x0 load address 0x1a004060
 FILL mask 0xff
 *(.ramfunc.$RAM3)
 *(.ramfunc.$RamAHB32)
 *(.data.$RAM3*)
 *(.data.$RamAHB32*)
                0x20000000                . = ALIGN (0x4)

.data_RAM4      0x20008000        0x0 load address 0x1a004060
 FILL mask 0xff
 *(.ramfunc.$RAM4)
 *(.ramfunc.$RamAHB16)
 *(.data.$RAM4*)
 *(.data.$RamAHB16*)
                0x20008000                . = ALIGN (0x4)

.data_RAM5      0x2000c000        0x0 load address 0x1a004060
 FILL mask 0xff
 *(.ramfunc.$RAM5)
 *(.ramfunc.$RamAHB_ETB16)
 *(.data.$RAM5*)
 *(.data.$RamAHB_ETB16*)
                0x2000c000                . = ALIGN (0x4)

.uninit_RESERVED
                0x10000000        0x0
 *(.bss.$RESERVED*)
                0x10000000                . = ALIGN (0x4)
                0x10000000                _end_uninit_RESERVED = .

.data           0x10000000       0x40 load address 0x1a004060
 FILL mask 0xff
                0x10000000                _data = .
 *(vtable)
 *(.ramfunc*)
 *(.data*)
 .data.pTxIn    0x10000000        0x4 /home/pablo/Documents/CIAA-Repositories/EOPT/workspace_lpcopen/libCIAA/Debug/liblibCIAA.a(ciaaUART.o)
                0x10000000                pTxIn
 .data.pTxOut   0x10000004        0x4 /home/pablo/Documents/CIAA-Repositories/EOPT/workspace_lpcopen/libCIAA/Debug/liblibCIAA.a(ciaaUART.o)
                0x10000004                pTxOut
 .data.i2c      0x10000008       0x38 /home/pablo/Documents/CIAA-Repositories/EOPT/workspace_lpcopen/lpc_chip_43xx/Debug/liblpc_chip_43xx.a(i2c_18xx_43xx.o)
                0x10000040                . = ALIGN (0x4)
                0x10000040                _edata = .

.igot.plt       0x10000040        0x0 load address 0x1a0040a0
 .igot.plt      0x00000000        0x0 ./src/ciaaTest.o

.bss_RAM2       0x10080000        0x0
 *(.bss.$RAM2*)
 *(.bss.$RamLoc40*)
                0x10080000                . = ALIGN (0x4)

.bss_RAM3       0x20000000        0x0
 *(.bss.$RAM3*)
 *(.bss.$RamAHB32*)
                0x20000000                . = ALIGN (0x4)

.bss_RAM4       0x20008000        0x0
 *(.bss.$RAM4*)
 *(.bss.$RamAHB16*)
                0x20008000                . = ALIGN (0x4)

.bss_RAM5       0x2000c000        0x0
 *(.bss.$RAM5*)
 *(.bss.$RamAHB_ETB16*)
                0x2000c000                . = ALIGN (0x4)

.bss            0x10000040      0x96c
                0x10000040                _bss = .
 *(.bss*)
 .bss.uartRxDataCount
                0x10000040        0x4 /home/pablo/Documents/CIAA-Repositories/EOPT/workspace_lpcopen/libCIAA/Debug/liblibCIAA.a(ciaaUART.o)
                0x10000040                uartRxDataCount
 .bss.audio_usb_pll_freq
                0x10000044        0x8 /home/pablo/Documents/CIAA-Repositories/EOPT/workspace_lpcopen/lpc_chip_43xx/Debug/liblpc_chip_43xx.a(clock_18xx_43xx.o)
 .bss.errno     0x1000004c        0x4 /usr/local/lpcxpresso_7.3.0_186/lpcxpresso/tools/bin/../lib/gcc/arm-none-eabi/4.8.4/../../../../arm-none-eabi/lib/armv7e-m/softfp/libcr_c.a(errno.o)
                0x1000004c                errno
 *(COMMON)
 COMMON         0x10000050        0x4 ./src/ciaaTest.o
                0x10000050                pausemscont
 COMMON         0x10000054        0x8 /home/pablo/Documents/CIAA-Repositories/EOPT/workspace_lpcopen/libCIAA/Debug/liblibCIAA.a(ciaaAIN.o)
                0x10000054                current_in
 COMMON         0x1000005c      0x800 /home/pablo/Documents/CIAA-Repositories/EOPT/workspace_lpcopen/libCIAA/Debug/liblibCIAA.a(ciaaUART.o)
                0x1000005c                uartRxBuf
                0x1000045c                uartTxBuf
 COMMON         0x1000085c        0x4 /home/pablo/Documents/CIAA-Repositories/EOPT/workspace_lpcopen/lpc_chip_43xx/Debug/liblpc_chip_43xx.a(chip_18xx_43xx.o)
                0x1000085c                SystemCoreClock
 COMMON         0x10000860        0x4 /usr/local/lpcxpresso_7.3.0_186/lpcxpresso/tools/bin/../lib/gcc/arm-none-eabi/4.8.4/../../../../arm-none-eabi/lib/armv7e-m/softfp/libcr_c.a(initio.o)
                0x10000860                _extra
 COMMON         0x10000864      0x140 /usr/local/lpcxpresso_7.3.0_186/lpcxpresso/tools/bin/../lib/gcc/arm-none-eabi/4.8.4/../../../../arm-none-eabi/lib/armv7e-m/softfp/libcr_c.a(stdio.o)
                0x10000864                __Ciob
 COMMON         0x100009a4        0x8 /usr/local/lpcxpresso_7.3.0_186/lpcxpresso/tools/bin/../lib/gcc/arm-none-eabi/4.8.4/../../../../arm-none-eabi/lib/armv7e-m/softfp/libcr_c.a(__init_alloc.o)
                0x100009a4                __heaps
                0x100009a8                __end_of_heap
                0x100009ac                . = ALIGN (0x4)
                0x100009ac                _ebss = .
                0x100009ac                PROVIDE (end, .)

.noinit_RAM2    0x10080000        0x0
 *(.noinit.$RAM2*)
 *(.noinit.$RamLoc40*)
                0x10080000                . = ALIGN (0x4)

.noinit_RAM3    0x20000000        0x0
 *(.noinit.$RAM3*)
 *(.noinit.$RamAHB32*)
                0x20000000                . = ALIGN (0x4)

.noinit_RAM4    0x20008000        0x0
 *(.noinit.$RAM4*)
 *(.noinit.$RamAHB16*)
                0x20008000                . = ALIGN (0x4)

.noinit_RAM5    0x2000c000        0x0
 *(.noinit.$RAM5*)
 *(.noinit.$RamAHB_ETB16*)
                0x2000c000                . = ALIGN (0x4)

.noinit         0x100009ac        0x0
                0x100009ac                _noinit = .
 *(.noinit*)
                0x100009ac                . = ALIGN (0x4)
                0x100009ac                _end_noinit = .
                0x100009ac                PROVIDE (_pvHeapStart, .)
                0x10008000                PROVIDE (_vStackTop, (__top_RamLoc32 - 0x0))
OUTPUT(ciaaTest.axf elf32-littlearm)

.debug_info     0x00000000     0xbde9
 .debug_info    0x00000000      0xcb2 ./src/ciaaTest.o
 .debug_info    0x00000cb2      0x292 ./src/cr_startup_lpc43xx.o
 .debug_info    0x00000f44       0x3f ./src/crp.o
 .debug_info    0x00000f83      0x5c2 ./src/sysinit.o
 .debug_info    0x00001545      0xd46 /home/pablo/Documents/CIAA-Repositories/EOPT/workspace_lpcopen/libCIAA/Debug/liblibCIAA.a(ciaaAIN.o)
 .debug_info    0x0000228b      0x1f3 /home/pablo/Documents/CIAA-Repositories/EOPT/workspace_lpcopen/libCIAA/Debug/liblibCIAA.a(ciaaAOUT.o)
 .debug_info    0x0000247e      0xe06 /home/pablo/Documents/CIAA-Repositories/EOPT/workspace_lpcopen/libCIAA/Debug/liblibCIAA.a(ciaaIO.o)
 .debug_info    0x00003284      0x38d /home/pablo/Documents/CIAA-Repositories/EOPT/workspace_lpcopen/libCIAA/Debug/liblibCIAA.a(ciaaNVM.o)
 .debug_info    0x00003611      0xfa8 /home/pablo/Documents/CIAA-Repositories/EOPT/workspace_lpcopen/libCIAA/Debug/liblibCIAA.a(ciaaUART.o)
 .debug_info    0x000045b9      0x53f /home/pablo/Documents/CIAA-Repositories/EOPT/workspace_lpcopen/libCIAA/Debug/liblibCIAA.a(ciaaI2C.o)
 .debug_info    0x00004af8      0xabe /home/pablo/Documents/CIAA-Repositories/EOPT/workspace_lpcopen/lpc_chip_43xx/Debug/liblpc_chip_43xx.a(adc_18xx_43xx.o)
 .debug_info    0x000055b6      0xcb6 /home/pablo/Documents/CIAA-Repositories/EOPT/workspace_lpcopen/lpc_chip_43xx/Debug/liblpc_chip_43xx.a(chip_18xx_43xx.o)
 .debug_info    0x0000626c     0x15b7 /home/pablo/Documents/CIAA-Repositories/EOPT/workspace_lpcopen/lpc_chip_43xx/Debug/liblpc_chip_43xx.a(clock_18xx_43xx.o)
 .debug_info    0x00007823      0x438 /home/pablo/Documents/CIAA-Repositories/EOPT/workspace_lpcopen/lpc_chip_43xx/Debug/liblpc_chip_43xx.a(dac_18xx_43xx.o)
 .debug_info    0x00007c5b      0x12f /home/pablo/Documents/CIAA-Repositories/EOPT/workspace_lpcopen/lpc_chip_43xx/Debug/liblpc_chip_43xx.a(fpu_init.o)
 .debug_info    0x00007d8a      0x49b /home/pablo/Documents/CIAA-Repositories/EOPT/workspace_lpcopen/lpc_chip_43xx/Debug/liblpc_chip_43xx.a(gpio_18xx_43xx.o)
 .debug_info    0x00008225     0x1320 /home/pablo/Documents/CIAA-Repositories/EOPT/workspace_lpcopen/lpc_chip_43xx/Debug/liblpc_chip_43xx.a(i2c_18xx_43xx.o)
 .debug_info    0x00009545      0xa0a /home/pablo/Documents/CIAA-Repositories/EOPT/workspace_lpcopen/lpc_chip_43xx/Debug/liblpc_chip_43xx.a(i2cm_18xx_43xx.o)
 .debug_info    0x00009f4f      0x8cc /home/pablo/Documents/CIAA-Repositories/EOPT/workspace_lpcopen/lpc_chip_43xx/Debug/liblpc_chip_43xx.a(sysinit_18xx_43xx.o)
 .debug_info    0x0000a81b     0x15ce /home/pablo/Documents/CIAA-Repositories/EOPT/workspace_lpcopen/lpc_chip_43xx/Debug/liblpc_chip_43xx.a(uart_18xx_43xx.o)

.debug_abbrev   0x00000000     0x249c
 .debug_abbrev  0x00000000      0x255 ./src/ciaaTest.o
 .debug_abbrev  0x00000255       0xed ./src/cr_startup_lpc43xx.o
 .debug_abbrev  0x00000342       0x36 ./src/crp.o
 .debug_abbrev  0x00000378       0xd9 ./src/sysinit.o
 .debug_abbrev  0x00000451      0x21e /home/pablo/Documents/CIAA-Repositories/EOPT/workspace_lpcopen/libCIAA/Debug/liblibCIAA.a(ciaaAIN.o)
 .debug_abbrev  0x0000066f      0x15e /home/pablo/Documents/CIAA-Repositories/EOPT/workspace_lpcopen/libCIAA/Debug/liblibCIAA.a(ciaaAOUT.o)
 .debug_abbrev  0x000007cd      0x1f1 /home/pablo/Documents/CIAA-Repositories/EOPT/workspace_lpcopen/libCIAA/Debug/liblibCIAA.a(ciaaIO.o)
 .debug_abbrev  0x000009be      0x16d /home/pablo/Documents/CIAA-Repositories/EOPT/workspace_lpcopen/libCIAA/Debug/liblibCIAA.a(ciaaNVM.o)
 .debug_abbrev  0x00000b2b      0x2df /home/pablo/Documents/CIAA-Repositories/EOPT/workspace_lpcopen/libCIAA/Debug/liblibCIAA.a(ciaaUART.o)
 .debug_abbrev  0x00000e0a      0x1ce /home/pablo/Documents/CIAA-Repositories/EOPT/workspace_lpcopen/libCIAA/Debug/liblibCIAA.a(ciaaI2C.o)
 .debug_abbrev  0x00000fd8      0x206 /home/pablo/Documents/CIAA-Repositories/EOPT/workspace_lpcopen/lpc_chip_43xx/Debug/liblpc_chip_43xx.a(adc_18xx_43xx.o)
 .debug_abbrev  0x000011de      0x1f6 /home/pablo/Documents/CIAA-Repositories/EOPT/workspace_lpcopen/lpc_chip_43xx/Debug/liblpc_chip_43xx.a(chip_18xx_43xx.o)
 .debug_abbrev  0x000013d4      0x2e5 /home/pablo/Documents/CIAA-Repositories/EOPT/workspace_lpcopen/lpc_chip_43xx/Debug/liblpc_chip_43xx.a(clock_18xx_43xx.o)
 .debug_abbrev  0x000016b9      0x134 /home/pablo/Documents/CIAA-Repositories/EOPT/workspace_lpcopen/lpc_chip_43xx/Debug/liblpc_chip_43xx.a(dac_18xx_43xx.o)
 .debug_abbrev  0x000017ed       0xa2 /home/pablo/Documents/CIAA-Repositories/EOPT/workspace_lpcopen/lpc_chip_43xx/Debug/liblpc_chip_43xx.a(fpu_init.o)
 .debug_abbrev  0x0000188f      0x14b /home/pablo/Documents/CIAA-Repositories/EOPT/workspace_lpcopen/lpc_chip_43xx/Debug/liblpc_chip_43xx.a(gpio_18xx_43xx.o)
 .debug_abbrev  0x000019da      0x346 /home/pablo/Documents/CIAA-Repositories/EOPT/workspace_lpcopen/lpc_chip_43xx/Debug/liblpc_chip_43xx.a(i2c_18xx_43xx.o)
 .debug_abbrev  0x00001d20      0x264 /home/pablo/Documents/CIAA-Repositories/EOPT/workspace_lpcopen/lpc_chip_43xx/Debug/liblpc_chip_43xx.a(i2cm_18xx_43xx.o)
 .debug_abbrev  0x00001f84      0x173 /home/pablo/Documents/CIAA-Repositories/EOPT/workspace_lpcopen/lpc_chip_43xx/Debug/liblpc_chip_43xx.a(sysinit_18xx_43xx.o)
 .debug_abbrev  0x000020f7      0x3a5 /home/pablo/Documents/CIAA-Repositories/EOPT/workspace_lpcopen/lpc_chip_43xx/Debug/liblpc_chip_43xx.a(uart_18xx_43xx.o)

.debug_aranges  0x00000000      0x6d0
 .debug_aranges
                0x00000000       0x48 ./src/ciaaTest.o
 .debug_aranges
                0x00000048       0x80 ./src/cr_startup_lpc43xx.o
 .debug_aranges
                0x000000c8       0x18 ./src/crp.o
 .debug_aranges
                0x000000e0       0x20 ./src/sysinit.o
 .debug_aranges
                0x00000100       0x30 /home/pablo/Documents/CIAA-Repositories/EOPT/workspace_lpcopen/libCIAA/Debug/liblibCIAA.a(ciaaAIN.o)
 .debug_aranges
                0x00000130       0x28 /home/pablo/Documents/CIAA-Repositories/EOPT/workspace_lpcopen/libCIAA/Debug/liblibCIAA.a(ciaaAOUT.o)
 .debug_aranges
                0x00000158       0x30 /home/pablo/Documents/CIAA-Repositories/EOPT/workspace_lpcopen/libCIAA/Debug/liblibCIAA.a(ciaaIO.o)
 .debug_aranges
                0x00000188       0x40 /home/pablo/Documents/CIAA-Repositories/EOPT/workspace_lpcopen/libCIAA/Debug/liblibCIAA.a(ciaaNVM.o)
 .debug_aranges
                0x000001c8       0x38 /home/pablo/Documents/CIAA-Repositories/EOPT/workspace_lpcopen/libCIAA/Debug/liblibCIAA.a(ciaaUART.o)
 .debug_aranges
                0x00000200       0x30 /home/pablo/Documents/CIAA-Repositories/EOPT/workspace_lpcopen/libCIAA/Debug/liblibCIAA.a(ciaaI2C.o)
 .debug_aranges
                0x00000230       0x90 /home/pablo/Documents/CIAA-Repositories/EOPT/workspace_lpcopen/lpc_chip_43xx/Debug/liblpc_chip_43xx.a(adc_18xx_43xx.o)
 .debug_aranges
                0x000002c0       0x38 /home/pablo/Documents/CIAA-Repositories/EOPT/workspace_lpcopen/lpc_chip_43xx/Debug/liblpc_chip_43xx.a(chip_18xx_43xx.o)
 .debug_aranges
                0x000002f8      0x128 /home/pablo/Documents/CIAA-Repositories/EOPT/workspace_lpcopen/lpc_chip_43xx/Debug/liblpc_chip_43xx.a(clock_18xx_43xx.o)
 .debug_aranges
                0x00000420       0x38 /home/pablo/Documents/CIAA-Repositories/EOPT/workspace_lpcopen/lpc_chip_43xx/Debug/liblpc_chip_43xx.a(dac_18xx_43xx.o)
 .debug_aranges
                0x00000458       0x20 /home/pablo/Documents/CIAA-Repositories/EOPT/workspace_lpcopen/lpc_chip_43xx/Debug/liblpc_chip_43xx.a(fpu_init.o)
 .debug_aranges
                0x00000478       0x48 /home/pablo/Documents/CIAA-Repositories/EOPT/workspace_lpcopen/lpc_chip_43xx/Debug/liblpc_chip_43xx.a(gpio_18xx_43xx.o)
 .debug_aranges
                0x000004c0       0xd8 /home/pablo/Documents/CIAA-Repositories/EOPT/workspace_lpcopen/lpc_chip_43xx/Debug/liblpc_chip_43xx.a(i2c_18xx_43xx.o)
 .debug_aranges
                0x00000598       0x60 /home/pablo/Documents/CIAA-Repositories/EOPT/workspace_lpcopen/lpc_chip_43xx/Debug/liblpc_chip_43xx.a(i2cm_18xx_43xx.o)
 .debug_aranges
                0x000005f8       0x30 /home/pablo/Documents/CIAA-Repositories/EOPT/workspace_lpcopen/lpc_chip_43xx/Debug/liblpc_chip_43xx.a(sysinit_18xx_43xx.o)
 .debug_aranges
                0x00000628       0xa8 /home/pablo/Documents/CIAA-Repositories/EOPT/workspace_lpcopen/lpc_chip_43xx/Debug/liblpc_chip_43xx.a(uart_18xx_43xx.o)

.debug_ranges   0x00000000      0x5d0
 .debug_ranges  0x00000000       0x38 ./src/ciaaTest.o
 .debug_ranges  0x00000038       0x70 ./src/cr_startup_lpc43xx.o
 .debug_ranges  0x000000a8       0x10 ./src/sysinit.o
 .debug_ranges  0x000000b8       0x20 /home/pablo/Documents/CIAA-Repositories/EOPT/workspace_lpcopen/libCIAA/Debug/liblibCIAA.a(ciaaAIN.o)
 .debug_ranges  0x000000d8       0x18 /home/pablo/Documents/CIAA-Repositories/EOPT/workspace_lpcopen/libCIAA/Debug/liblibCIAA.a(ciaaAOUT.o)
 .debug_ranges  0x000000f0       0x20 /home/pablo/Documents/CIAA-Repositories/EOPT/workspace_lpcopen/libCIAA/Debug/liblibCIAA.a(ciaaIO.o)
 .debug_ranges  0x00000110       0x30 /home/pablo/Documents/CIAA-Repositories/EOPT/workspace_lpcopen/libCIAA/Debug/liblibCIAA.a(ciaaNVM.o)
 .debug_ranges  0x00000140       0x40 /home/pablo/Documents/CIAA-Repositories/EOPT/workspace_lpcopen/libCIAA/Debug/liblibCIAA.a(ciaaUART.o)
 .debug_ranges  0x00000180       0x20 /home/pablo/Documents/CIAA-Repositories/EOPT/workspace_lpcopen/libCIAA/Debug/liblibCIAA.a(ciaaI2C.o)
 .debug_ranges  0x000001a0       0x80 /home/pablo/Documents/CIAA-Repositories/EOPT/workspace_lpcopen/lpc_chip_43xx/Debug/liblpc_chip_43xx.a(adc_18xx_43xx.o)
 .debug_ranges  0x00000220       0x28 /home/pablo/Documents/CIAA-Repositories/EOPT/workspace_lpcopen/lpc_chip_43xx/Debug/liblpc_chip_43xx.a(chip_18xx_43xx.o)
 .debug_ranges  0x00000248      0x118 /home/pablo/Documents/CIAA-Repositories/EOPT/workspace_lpcopen/lpc_chip_43xx/Debug/liblpc_chip_43xx.a(clock_18xx_43xx.o)
 .debug_ranges  0x00000360       0x28 /home/pablo/Documents/CIAA-Repositories/EOPT/workspace_lpcopen/lpc_chip_43xx/Debug/liblpc_chip_43xx.a(dac_18xx_43xx.o)
 .debug_ranges  0x00000388       0x10 /home/pablo/Documents/CIAA-Repositories/EOPT/workspace_lpcopen/lpc_chip_43xx/Debug/liblpc_chip_43xx.a(fpu_init.o)
 .debug_ranges  0x00000398       0x38 /home/pablo/Documents/CIAA-Repositories/EOPT/workspace_lpcopen/lpc_chip_43xx/Debug/liblpc_chip_43xx.a(gpio_18xx_43xx.o)
 .debug_ranges  0x000003d0       0xc8 /home/pablo/Documents/CIAA-Repositories/EOPT/workspace_lpcopen/lpc_chip_43xx/Debug/liblpc_chip_43xx.a(i2c_18xx_43xx.o)
 .debug_ranges  0x00000498       0x80 /home/pablo/Documents/CIAA-Repositories/EOPT/workspace_lpcopen/lpc_chip_43xx/Debug/liblpc_chip_43xx.a(i2cm_18xx_43xx.o)
 .debug_ranges  0x00000518       0x20 /home/pablo/Documents/CIAA-Repositories/EOPT/workspace_lpcopen/lpc_chip_43xx/Debug/liblpc_chip_43xx.a(sysinit_18xx_43xx.o)
 .debug_ranges  0x00000538       0x98 /home/pablo/Documents/CIAA-Repositories/EOPT/workspace_lpcopen/lpc_chip_43xx/Debug/liblpc_chip_43xx.a(uart_18xx_43xx.o)

.debug_macro    0x00000000     0x90b8
 .debug_macro   0x00000000      0x361 ./src/ciaaTest.o
 .debug_macro   0x00000361      0x880 ./src/ciaaTest.o
 .debug_macro   0x00000be1       0x10 ./src/ciaaTest.o
 .debug_macro   0x00000bf1       0x10 ./src/ciaaTest.o
 .debug_macro   0x00000c01      0x122 ./src/ciaaTest.o
 .debug_macro   0x00000d23      0x5b9 ./src/ciaaTest.o
 .debug_macro   0x000012dc       0x22 ./src/ciaaTest.o
 .debug_macro   0x000012fe       0x7b ./src/ciaaTest.o
 .debug_macro   0x00001379       0x28 ./src/ciaaTest.o
 .debug_macro   0x000013a1       0x3b ./src/ciaaTest.o
 .debug_macro   0x000013dc       0x2d ./src/ciaaTest.o
 .debug_macro   0x00001409       0x42 ./src/ciaaTest.o
 .debug_macro   0x0000144b      0xd39 ./src/ciaaTest.o
 .debug_macro   0x00002184      0x2b5 ./src/ciaaTest.o
 .debug_macro   0x00002439      0x112 ./src/ciaaTest.o
 .debug_macro   0x0000254b       0x1e ./src/ciaaTest.o
 .debug_macro   0x00002569       0x16 ./src/ciaaTest.o
 .debug_macro   0x0000257f      0x2e6 ./src/ciaaTest.o
 .debug_macro   0x00002865       0x82 ./src/ciaaTest.o
 .debug_macro   0x000028e7      0x13d ./src/ciaaTest.o
 .debug_macro   0x00002a24      0x198 ./src/ciaaTest.o
 .debug_macro   0x00002bbc       0x34 ./src/ciaaTest.o
 .debug_macro   0x00002bf0       0x58 ./src/ciaaTest.o
 .debug_macro   0x00002c48      0x236 ./src/ciaaTest.o
 .debug_macro   0x00002e7e      0x572 ./src/ciaaTest.o
 .debug_macro   0x000033f0       0x16 ./src/ciaaTest.o
 .debug_macro   0x00003406      0x18a ./src/ciaaTest.o
 .debug_macro   0x00003590       0x88 ./src/ciaaTest.o
 .debug_macro   0x00003618      0x1b9 ./src/ciaaTest.o
 .debug_macro   0x000037d1      0x1da ./src/ciaaTest.o
 .debug_macro   0x000039ab       0x40 ./src/ciaaTest.o
 .debug_macro   0x000039eb       0x1c ./src/ciaaTest.o
 .debug_macro   0x00003a07       0x2e ./src/ciaaTest.o
 .debug_macro   0x00003a35       0x2e ./src/ciaaTest.o
 .debug_macro   0x00003a63       0x22 ./src/ciaaTest.o
 .debug_macro   0x00003a85      0x201 ./src/ciaaTest.o
 .debug_macro   0x00003c86       0xd2 ./src/ciaaTest.o
 .debug_macro   0x00003d58      0x34c ./src/ciaaTest.o
 .debug_macro   0x000040a4       0xdc ./src/ciaaTest.o
 .debug_macro   0x00004180       0x94 ./src/ciaaTest.o
 .debug_macro   0x00004214       0xb8 ./src/ciaaTest.o
 .debug_macro   0x000042cc       0x4c ./src/ciaaTest.o
 .debug_macro   0x00004318       0x16 ./src/ciaaTest.o
 .debug_macro   0x0000432e      0x328 ./src/ciaaTest.o
 .debug_macro   0x00004656       0x3a ./src/ciaaTest.o
 .debug_macro   0x00004690       0xd0 ./src/ciaaTest.o
 .debug_macro   0x00004760       0x18 ./src/ciaaTest.o
 .debug_macro   0x00004778       0x22 ./src/ciaaTest.o
 .debug_macro   0x0000479a       0x40 ./src/ciaaTest.o
 .debug_macro   0x000047da       0x10 ./src/ciaaTest.o
 .debug_macro   0x000047ea       0x10 ./src/ciaaTest.o
 .debug_macro   0x000047fa       0x9a ./src/ciaaTest.o
 .debug_macro   0x00004894       0x22 ./src/ciaaTest.o
 .debug_macro   0x000048b6       0x82 ./src/ciaaTest.o
 .debug_macro   0x00004938       0x1d ./src/cr_startup_lpc43xx.o
 .debug_macro   0x00004955      0x880 ./src/cr_startup_lpc43xx.o
 .debug_macro   0x000051d5       0x1a ./src/crp.o
 .debug_macro   0x000051ef       0x34 ./src/crp.o
 .debug_macro   0x00005223      0x2ca ./src/sysinit.o
 .debug_macro   0x000054ed       0x1e ./src/sysinit.o
 .debug_macro   0x0000550b      0x2d0 /home/pablo/Documents/CIAA-Repositories/EOPT/workspace_lpcopen/libCIAA/Debug/liblibCIAA.a(ciaaAIN.o)
 .debug_macro   0x000057db      0x86e /home/pablo/Documents/CIAA-Repositories/EOPT/workspace_lpcopen/libCIAA/Debug/liblibCIAA.a(ciaaAIN.o)
 .debug_macro   0x00006049      0x2d0 /home/pablo/Documents/CIAA-Repositories/EOPT/workspace_lpcopen/libCIAA/Debug/liblibCIAA.a(ciaaAOUT.o)
 .debug_macro   0x00006319      0x2d6 /home/pablo/Documents/CIAA-Repositories/EOPT/workspace_lpcopen/libCIAA/Debug/liblibCIAA.a(ciaaIO.o)
 .debug_macro   0x000065ef      0x2da /home/pablo/Documents/CIAA-Repositories/EOPT/workspace_lpcopen/libCIAA/Debug/liblibCIAA.a(ciaaNVM.o)
 .debug_macro   0x000068c9      0x2e3 /home/pablo/Documents/CIAA-Repositories/EOPT/workspace_lpcopen/libCIAA/Debug/liblibCIAA.a(ciaaUART.o)
 .debug_macro   0x00006bac      0x2d0 /home/pablo/Documents/CIAA-Repositories/EOPT/workspace_lpcopen/libCIAA/Debug/liblibCIAA.a(ciaaI2C.o)
 .debug_macro   0x00006e7c      0x2c6 /home/pablo/Documents/CIAA-Repositories/EOPT/workspace_lpcopen/lpc_chip_43xx/Debug/liblpc_chip_43xx.a(adc_18xx_43xx.o)
 .debug_macro   0x00007142      0x868 /home/pablo/Documents/CIAA-Repositories/EOPT/workspace_lpcopen/lpc_chip_43xx/Debug/liblpc_chip_43xx.a(adc_18xx_43xx.o)
 .debug_macro   0x000079aa      0x2c6 /home/pablo/Documents/CIAA-Repositories/EOPT/workspace_lpcopen/lpc_chip_43xx/Debug/liblpc_chip_43xx.a(chip_18xx_43xx.o)
 .debug_macro   0x00007c70      0x2cc /home/pablo/Documents/CIAA-Repositories/EOPT/workspace_lpcopen/lpc_chip_43xx/Debug/liblpc_chip_43xx.a(clock_18xx_43xx.o)
 .debug_macro   0x00007f3c      0x2c6 /home/pablo/Documents/CIAA-Repositories/EOPT/workspace_lpcopen/lpc_chip_43xx/Debug/liblpc_chip_43xx.a(dac_18xx_43xx.o)
 .debug_macro   0x00008202       0xc0 /home/pablo/Documents/CIAA-Repositories/EOPT/workspace_lpcopen/lpc_chip_43xx/Debug/liblpc_chip_43xx.a(fpu_init.o)
 .debug_macro   0x000082c2      0x2c6 /home/pablo/Documents/CIAA-Repositories/EOPT/workspace_lpcopen/lpc_chip_43xx/Debug/liblpc_chip_43xx.a(gpio_18xx_43xx.o)
 .debug_macro   0x00008588      0x2d8 /home/pablo/Documents/CIAA-Repositories/EOPT/workspace_lpcopen/lpc_chip_43xx/Debug/liblpc_chip_43xx.a(i2c_18xx_43xx.o)
 .debug_macro   0x00008860      0x2cc /home/pablo/Documents/CIAA-Repositories/EOPT/workspace_lpcopen/lpc_chip_43xx/Debug/liblpc_chip_43xx.a(i2cm_18xx_43xx.o)
 .debug_macro   0x00008b2c      0x2c6 /home/pablo/Documents/CIAA-Repositories/EOPT/workspace_lpcopen/lpc_chip_43xx/Debug/liblpc_chip_43xx.a(sysinit_18xx_43xx.o)
 .debug_macro   0x00008df2      0x2c6 /home/pablo/Documents/CIAA-Repositories/EOPT/workspace_lpcopen/lpc_chip_43xx/Debug/liblpc_chip_43xx.a(uart_18xx_43xx.o)

.debug_line     0x00000000     0x7a45
 .debug_line    0x00000000      0x7f1 ./src/ciaaTest.o
 .debug_line    0x000007f1      0x102 ./src/cr_startup_lpc43xx.o
 .debug_line    0x000008f3       0x7c ./src/crp.o
 .debug_line    0x0000096f      0x5c9 ./src/sysinit.o
 .debug_line    0x00000f38      0x65b /home/pablo/Documents/CIAA-Repositories/EOPT/workspace_lpcopen/libCIAA/Debug/liblibCIAA.a(ciaaAIN.o)
 .debug_line    0x00001593      0x63b /home/pablo/Documents/CIAA-Repositories/EOPT/workspace_lpcopen/libCIAA/Debug/liblibCIAA.a(ciaaAOUT.o)
 .debug_line    0x00001bce      0x76a /home/pablo/Documents/CIAA-Repositories/EOPT/workspace_lpcopen/libCIAA/Debug/liblibCIAA.a(ciaaIO.o)
 .debug_line    0x00002338      0x6f2 /home/pablo/Documents/CIAA-Repositories/EOPT/workspace_lpcopen/libCIAA/Debug/liblibCIAA.a(ciaaNVM.o)
 .debug_line    0x00002a2a      0x6dc /home/pablo/Documents/CIAA-Repositories/EOPT/workspace_lpcopen/libCIAA/Debug/liblibCIAA.a(ciaaUART.o)
 .debug_line    0x00003106      0x654 /home/pablo/Documents/CIAA-Repositories/EOPT/workspace_lpcopen/libCIAA/Debug/liblibCIAA.a(ciaaI2C.o)
 .debug_line    0x0000375a      0x6eb /home/pablo/Documents/CIAA-Repositories/EOPT/workspace_lpcopen/lpc_chip_43xx/Debug/liblpc_chip_43xx.a(adc_18xx_43xx.o)
 .debug_line    0x00003e45      0x615 /home/pablo/Documents/CIAA-Repositories/EOPT/workspace_lpcopen/lpc_chip_43xx/Debug/liblpc_chip_43xx.a(chip_18xx_43xx.o)
 .debug_line    0x0000445a      0x913 /home/pablo/Documents/CIAA-Repositories/EOPT/workspace_lpcopen/lpc_chip_43xx/Debug/liblpc_chip_43xx.a(clock_18xx_43xx.o)
 .debug_line    0x00004d6d      0x600 /home/pablo/Documents/CIAA-Repositories/EOPT/workspace_lpcopen/lpc_chip_43xx/Debug/liblpc_chip_43xx.a(dac_18xx_43xx.o)
 .debug_line    0x0000536d      0x1f9 /home/pablo/Documents/CIAA-Repositories/EOPT/workspace_lpcopen/lpc_chip_43xx/Debug/liblpc_chip_43xx.a(fpu_init.o)
 .debug_line    0x00005566      0x638 /home/pablo/Documents/CIAA-Repositories/EOPT/workspace_lpcopen/lpc_chip_43xx/Debug/liblpc_chip_43xx.a(gpio_18xx_43xx.o)
 .debug_line    0x00005b9e      0x881 /home/pablo/Documents/CIAA-Repositories/EOPT/workspace_lpcopen/lpc_chip_43xx/Debug/liblpc_chip_43xx.a(i2c_18xx_43xx.o)
 .debug_line    0x0000641f      0x78a /home/pablo/Documents/CIAA-Repositories/EOPT/workspace_lpcopen/lpc_chip_43xx/Debug/liblpc_chip_43xx.a(i2cm_18xx_43xx.o)
 .debug_line    0x00006ba9      0x621 /home/pablo/Documents/CIAA-Repositories/EOPT/workspace_lpcopen/lpc_chip_43xx/Debug/liblpc_chip_43xx.a(sysinit_18xx_43xx.o)
 .debug_line    0x000071ca      0x87b /home/pablo/Documents/CIAA-Repositories/EOPT/workspace_lpcopen/lpc_chip_43xx/Debug/liblpc_chip_43xx.a(uart_18xx_43xx.o)

.debug_str      0x00000000    0x185ad
 .debug_str     0x00000000    0x1617e ./src/ciaaTest.o
                              0x162c5 (size before relaxing)
 .debug_str     0x0001617e      0x323 ./src/cr_startup_lpc43xx.o
                               0x268b (size before relaxing)
 .debug_str     0x000164a1       0xe9 ./src/crp.o
                               0x2582 (size before relaxing)
 .debug_str     0x0001658a       0x4a ./src/sysinit.o
                              0x155e3 (size before relaxing)
 .debug_str     0x000165d4      0x343 /home/pablo/Documents/CIAA-Repositories/EOPT/workspace_lpcopen/libCIAA/Debug/liblibCIAA.a(ciaaAIN.o)
                              0x15b2c (size before relaxing)
 .debug_str     0x00016917       0xa0 /home/pablo/Documents/CIAA-Repositories/EOPT/workspace_lpcopen/libCIAA/Debug/liblibCIAA.a(ciaaAOUT.o)
                              0x14c16 (size before relaxing)
 .debug_str     0x000169b7      0x13e /home/pablo/Documents/CIAA-Repositories/EOPT/workspace_lpcopen/libCIAA/Debug/liblibCIAA.a(ciaaIO.o)
                              0x14d95 (size before relaxing)
 .debug_str     0x00016af5       0x76 /home/pablo/Documents/CIAA-Repositories/EOPT/workspace_lpcopen/libCIAA/Debug/liblibCIAA.a(ciaaNVM.o)
                              0x14c1a (size before relaxing)
 .debug_str     0x00016b6b      0x18e /home/pablo/Documents/CIAA-Repositories/EOPT/workspace_lpcopen/libCIAA/Debug/liblibCIAA.a(ciaaUART.o)
                              0x15bcd (size before relaxing)
 .debug_str     0x00016cf9      0x11a /home/pablo/Documents/CIAA-Repositories/EOPT/workspace_lpcopen/libCIAA/Debug/liblibCIAA.a(ciaaI2C.o)
                              0x14d6b (size before relaxing)
 .debug_str     0x00016e13      0x341 /home/pablo/Documents/CIAA-Repositories/EOPT/workspace_lpcopen/lpc_chip_43xx/Debug/liblpc_chip_43xx.a(adc_18xx_43xx.o)
                              0x153f5 (size before relaxing)
 .debug_str     0x00017154      0x35a /home/pablo/Documents/CIAA-Repositories/EOPT/workspace_lpcopen/lpc_chip_43xx/Debug/liblpc_chip_43xx.a(chip_18xx_43xx.o)
                              0x159d6 (size before relaxing)
 .debug_str     0x000174ae      0x49f /home/pablo/Documents/CIAA-Repositories/EOPT/workspace_lpcopen/lpc_chip_43xx/Debug/liblpc_chip_43xx.a(clock_18xx_43xx.o)
                              0x15dee (size before relaxing)
 .debug_str     0x0001794d       0x8e /home/pablo/Documents/CIAA-Repositories/EOPT/workspace_lpcopen/lpc_chip_43xx/Debug/liblpc_chip_43xx.a(dac_18xx_43xx.o)
                              0x15031 (size before relaxing)
 .debug_str     0x000179db       0xb5 /home/pablo/Documents/CIAA-Repositories/EOPT/workspace_lpcopen/lpc_chip_43xx/Debug/liblpc_chip_43xx.a(fpu_init.o)
                               0x984c (size before relaxing)
 .debug_str     0x00017a90       0xee /home/pablo/Documents/CIAA-Repositories/EOPT/workspace_lpcopen/lpc_chip_43xx/Debug/liblpc_chip_43xx.a(gpio_18xx_43xx.o)
                              0x14ca3 (size before relaxing)
 .debug_str     0x00017b7e      0x502 /home/pablo/Documents/CIAA-Repositories/EOPT/workspace_lpcopen/lpc_chip_43xx/Debug/liblpc_chip_43xx.a(i2c_18xx_43xx.o)
                              0x15b97 (size before relaxing)
 .debug_str     0x00018080      0x170 /home/pablo/Documents/CIAA-Repositories/EOPT/workspace_lpcopen/lpc_chip_43xx/Debug/liblpc_chip_43xx.a(i2cm_18xx_43xx.o)
                              0x151f9 (size before relaxing)
 .debug_str     0x000181f0       0x8b /home/pablo/Documents/CIAA-Repositories/EOPT/workspace_lpcopen/lpc_chip_43xx/Debug/liblpc_chip_43xx.a(sysinit_18xx_43xx.o)
                              0x15778 (size before relaxing)
 .debug_str     0x0001827b      0x332 /home/pablo/Documents/CIAA-Repositories/EOPT/workspace_lpcopen/lpc_chip_43xx/Debug/liblpc_chip_43xx.a(uart_18xx_43xx.o)
                              0x15a43 (size before relaxing)

.comment        0x00000000       0xe0
 .comment       0x00000000       0x70 ./src/ciaaTest.o
                                 0x71 (size before relaxing)
 .comment       0x00000070       0x70 ./src/cr_startup_lpc43xx.o
                                 0x71 (size before relaxing)
 .comment       0x00000000       0x71 ./src/crp.o
 .comment       0x00000000       0x71 ./src/sysinit.o
 .comment       0x00000000       0x71 /home/pablo/Documents/CIAA-Repositories/EOPT/workspace_lpcopen/libCIAA/Debug/liblibCIAA.a(ciaaAIN.o)
 .comment       0x00000000       0x71 /home/pablo/Documents/CIAA-Repositories/EOPT/workspace_lpcopen/libCIAA/Debug/liblibCIAA.a(ciaaAOUT.o)
 .comment       0x00000000       0x71 /home/pablo/Documents/CIAA-Repositories/EOPT/workspace_lpcopen/libCIAA/Debug/liblibCIAA.a(ciaaIO.o)
 .comment       0x00000000       0x71 /home/pablo/Documents/CIAA-Repositories/EOPT/workspace_lpcopen/libCIAA/Debug/liblibCIAA.a(ciaaNVM.o)
 .comment       0x00000000       0x71 /home/pablo/Documents/CIAA-Repositories/EOPT/workspace_lpcopen/libCIAA/Debug/liblibCIAA.a(ciaaUART.o)
 .comment       0x00000000       0x71 /home/pablo/Documents/CIAA-Repositories/EOPT/workspace_lpcopen/libCIAA/Debug/liblibCIAA.a(ciaaI2C.o)
 .comment       0x00000000       0x71 /home/pablo/Documents/CIAA-Repositories/EOPT/workspace_lpcopen/lpc_chip_43xx/Debug/liblpc_chip_43xx.a(adc_18xx_43xx.o)
 .comment       0x00000000       0x71 /home/pablo/Documents/CIAA-Repositories/EOPT/workspace_lpcopen/lpc_chip_43xx/Debug/liblpc_chip_43xx.a(chip_18xx_43xx.o)
 .comment       0x00000000       0x71 /home/pablo/Documents/CIAA-Repositories/EOPT/workspace_lpcopen/lpc_chip_43xx/Debug/liblpc_chip_43xx.a(clock_18xx_43xx.o)
 .comment       0x00000000       0x71 /home/pablo/Documents/CIAA-Repositories/EOPT/workspace_lpcopen/lpc_chip_43xx/Debug/liblpc_chip_43xx.a(dac_18xx_43xx.o)
 .comment       0x00000000       0x71 /home/pablo/Documents/CIAA-Repositories/EOPT/workspace_lpcopen/lpc_chip_43xx/Debug/liblpc_chip_43xx.a(fpu_init.o)
 .comment       0x00000000       0x71 /home/pablo/Documents/CIAA-Repositories/EOPT/workspace_lpcopen/lpc_chip_43xx/Debug/liblpc_chip_43xx.a(gpio_18xx_43xx.o)
 .comment       0x00000000       0x71 /home/pablo/Documents/CIAA-Repositories/EOPT/workspace_lpcopen/lpc_chip_43xx/Debug/liblpc_chip_43xx.a(i2c_18xx_43xx.o)
 .comment       0x00000000       0x71 /home/pablo/Documents/CIAA-Repositories/EOPT/workspace_lpcopen/lpc_chip_43xx/Debug/liblpc_chip_43xx.a(i2cm_18xx_43xx.o)
 .comment       0x00000000       0x71 /home/pablo/Documents/CIAA-Repositories/EOPT/workspace_lpcopen/lpc_chip_43xx/Debug/liblpc_chip_43xx.a(sysinit_18xx_43xx.o)
 .comment       0x00000000       0x71 /home/pablo/Documents/CIAA-Repositories/EOPT/workspace_lpcopen/lpc_chip_43xx/Debug/liblpc_chip_43xx.a(uart_18xx_43xx.o)
 .comment       0x00000000       0x71 /usr/local/lpcxpresso_7.3.0_186/lpcxpresso/tools/bin/../lib/gcc/arm-none-eabi/4.8.4/../../../../arm-none-eabi/lib/armv7e-m/softfp/libcr_semihost.a(_cr__main.o)
 .comment       0x00000000       0x71 /usr/local/lpcxpresso_7.3.0_186/lpcxpresso/tools/bin/../lib/gcc/arm-none-eabi/4.8.4/../../../../arm-none-eabi/lib/armv7e-m/softfp/libcr_c.a(fpprintf.o)
 .comment       0x00000000       0x71 /usr/local/lpcxpresso_7.3.0_186/lpcxpresso/tools/bin/../lib/gcc/arm-none-eabi/4.8.4/../../../../arm-none-eabi/lib/armv7e-m/softfp/libcr_c.a(initio.o)
 .comment       0x00000000       0x71 /usr/local/lpcxpresso_7.3.0_186/lpcxpresso/tools/bin/../lib/gcc/arm-none-eabi/4.8.4/../../../../arm-none-eabi/lib/armv7e-m/softfp/libcr_c.a(printf.o)
 .comment       0x00000000       0x71 /usr/local/lpcxpresso_7.3.0_186/lpcxpresso/tools/bin/../lib/gcc/arm-none-eabi/4.8.4/../../../../arm-none-eabi/lib/armv7e-m/softfp/libcr_c.a(setvbuf.o)
 .comment       0x00000000       0x71 /usr/local/lpcxpresso_7.3.0_186/lpcxpresso/tools/bin/../lib/gcc/arm-none-eabi/4.8.4/../../../../arm-none-eabi/lib/armv7e-m/softfp/libcr_c.a(stdio.o)
 .comment       0x00000000       0x71 /usr/local/lpcxpresso_7.3.0_186/lpcxpresso/tools/bin/../lib/gcc/arm-none-eabi/4.8.4/../../../../arm-none-eabi/lib/armv7e-m/softfp/libcr_c.a(strlen.o)
 .comment       0x00000000       0x71 /usr/local/lpcxpresso_7.3.0_186/lpcxpresso/tools/bin/../lib/gcc/arm-none-eabi/4.8.4/../../../../arm-none-eabi/lib/armv7e-m/softfp/libcr_c.a(memset.o)
 .comment       0x00000000       0x71 /usr/local/lpcxpresso_7.3.0_186/lpcxpresso/tools/bin/../lib/gcc/arm-none-eabi/4.8.4/../../../../arm-none-eabi/lib/armv7e-m/softfp/libcr_c.a(_deferredlazyseek.o)
 .comment       0x00000000       0x71 /usr/local/lpcxpresso_7.3.0_186/lpcxpresso/tools/bin/../lib/gcc/arm-none-eabi/4.8.4/../../../../arm-none-eabi/lib/armv7e-m/softfp/libcr_c.a(_fdopen.o)
 .comment       0x00000000       0x71 /usr/local/lpcxpresso_7.3.0_186/lpcxpresso/tools/bin/../lib/gcc/arm-none-eabi/4.8.4/../../../../arm-none-eabi/lib/armv7e-m/softfp/libcr_c.a(_fflush.o)
 .comment       0x00000000       0x71 /usr/local/lpcxpresso_7.3.0_186/lpcxpresso/tools/bin/../lib/gcc/arm-none-eabi/4.8.4/../../../../arm-none-eabi/lib/armv7e-m/softfp/libcr_c.a(_frexpl.o)
 .comment       0x00000000       0x71 /usr/local/lpcxpresso_7.3.0_186/lpcxpresso/tools/bin/../lib/gcc/arm-none-eabi/4.8.4/../../../../arm-none-eabi/lib/armv7e-m/softfp/libcr_c.a(_ldexpl.o)
 .comment       0x00000000       0x71 /usr/local/lpcxpresso_7.3.0_186/lpcxpresso/tools/bin/../lib/gcc/arm-none-eabi/4.8.4/../../../../arm-none-eabi/lib/armv7e-m/softfp/libcr_c.a(_writebuf.o)
 .comment       0x00000000       0x71 /usr/local/lpcxpresso_7.3.0_186/lpcxpresso/tools/bin/../lib/gcc/arm-none-eabi/4.8.4/../../../../arm-none-eabi/lib/armv7e-m/softfp/libcr_c.a(alloc.o)
 .comment       0x00000000       0x71 /usr/local/lpcxpresso_7.3.0_186/lpcxpresso/tools/bin/../lib/gcc/arm-none-eabi/4.8.4/../../../../arm-none-eabi/lib/armv7e-m/softfp/libcr_c.a(errno.o)
 .comment       0x00000000       0x71 /usr/local/lpcxpresso_7.3.0_186/lpcxpresso/tools/bin/../lib/gcc/arm-none-eabi/4.8.4/../../../../arm-none-eabi/lib/armv7e-m/softfp/libcr_c.a(fclose.o)
 .comment       0x00000000       0x71 /usr/local/lpcxpresso_7.3.0_186/lpcxpresso/tools/bin/../lib/gcc/arm-none-eabi/4.8.4/../../../../arm-none-eabi/lib/armv7e-m/softfp/libcr_c.a(fflush.o)
 .comment       0x00000000       0x71 /usr/local/lpcxpresso_7.3.0_186/lpcxpresso/tools/bin/../lib/gcc/arm-none-eabi/4.8.4/../../../../arm-none-eabi/lib/armv7e-m/softfp/libcr_c.a(fseek.o)
 .comment       0x00000000       0x71 /usr/local/lpcxpresso_7.3.0_186/lpcxpresso/tools/bin/../lib/gcc/arm-none-eabi/4.8.4/../../../../arm-none-eabi/lib/armv7e-m/softfp/libcr_c.a(ftell.o)
 .comment       0x00000000       0x71 /usr/local/lpcxpresso_7.3.0_186/lpcxpresso/tools/bin/../lib/gcc/arm-none-eabi/4.8.4/../../../../arm-none-eabi/lib/armv7e-m/softfp/libcr_c.a(remove.o)
 .comment       0x00000000       0x71 /usr/local/lpcxpresso_7.3.0_186/lpcxpresso/tools/bin/../lib/gcc/arm-none-eabi/4.8.4/../../../../arm-none-eabi/lib/armv7e-m/softfp/libcr_c.a(__init_alloc.o)
 .comment       0x00000000       0x71 /usr/local/lpcxpresso_7.3.0_186/lpcxpresso/tools/bin/../lib/gcc/arm-none-eabi/4.8.4/../../../../arm-none-eabi/lib/armv7e-m/softfp/libcr_c.a(_cr_sbrk.o)
 .comment       0x00000000       0x71 /usr/local/lpcxpresso_7.3.0_186/lpcxpresso/tools/bin/../lib/gcc/arm-none-eabi/4.8.4/../../../../arm-none-eabi/lib/armv7e-m/softfp/libcr_c.a(_do_fflush.o)
 .comment       0x00000000       0x71 /usr/local/lpcxpresso_7.3.0_186/lpcxpresso/tools/bin/../lib/gcc/arm-none-eabi/4.8.4/../../../../arm-none-eabi/lib/armv7e-m/softfp/libcr_c.a(_hugeval.o)
 .comment       0x00000000       0x71 /usr/local/lpcxpresso_7.3.0_186/lpcxpresso/tools/bin/../lib/gcc/arm-none-eabi/4.8.4/../../../../arm-none-eabi/lib/armv7e-m/softfp/libcr_c.a(_cr_check_heap.o)
 .comment       0x00000000       0x71 /usr/local/lpcxpresso_7.3.0_186/lpcxpresso/tools/bin/../lib/gcc/arm-none-eabi/4.8.4/armv7e-m/softfp/libcr_eabihelpers.a(double.o)

.ARM.attributes
                0x00000000       0x35
 .ARM.attributes
                0x00000000       0x37 ./src/ciaaTest.o
 .ARM.attributes
                0x00000037       0x37 ./src/cr_startup_lpc43xx.o
 .ARM.attributes
                0x0000006e       0x37 ./src/crp.o
 .ARM.attributes
                0x000000a5       0x37 ./src/sysinit.o
 .ARM.attributes
                0x000000dc       0x37 /home/pablo/Documents/CIAA-Repositories/EOPT/workspace_lpcopen/libCIAA/Debug/liblibCIAA.a(ciaaAIN.o)
 .ARM.attributes
                0x00000113       0x37 /home/pablo/Documents/CIAA-Repositories/EOPT/workspace_lpcopen/libCIAA/Debug/liblibCIAA.a(ciaaAOUT.o)
 .ARM.attributes
                0x0000014a       0x37 /home/pablo/Documents/CIAA-Repositories/EOPT/workspace_lpcopen/libCIAA/Debug/liblibCIAA.a(ciaaIO.o)
 .ARM.attributes
                0x00000181       0x37 /home/pablo/Documents/CIAA-Repositories/EOPT/workspace_lpcopen/libCIAA/Debug/liblibCIAA.a(ciaaNVM.o)
 .ARM.attributes
                0x000001b8       0x37 /home/pablo/Documents/CIAA-Repositories/EOPT/workspace_lpcopen/libCIAA/Debug/liblibCIAA.a(ciaaUART.o)
 .ARM.attributes
                0x000001ef       0x37 /home/pablo/Documents/CIAA-Repositories/EOPT/workspace_lpcopen/libCIAA/Debug/liblibCIAA.a(ciaaI2C.o)
 .ARM.attributes
                0x00000226       0x37 /home/pablo/Documents/CIAA-Repositories/EOPT/workspace_lpcopen/lpc_chip_43xx/Debug/liblpc_chip_43xx.a(adc_18xx_43xx.o)
 .ARM.attributes
                0x0000025d       0x37 /home/pablo/Documents/CIAA-Repositories/EOPT/workspace_lpcopen/lpc_chip_43xx/Debug/liblpc_chip_43xx.a(chip_18xx_43xx.o)
 .ARM.attributes
                0x00000294       0x37 /home/pablo/Documents/CIAA-Repositories/EOPT/workspace_lpcopen/lpc_chip_43xx/Debug/liblpc_chip_43xx.a(clock_18xx_43xx.o)
 .ARM.attributes
                0x000002cb       0x37 /home/pablo/Documents/CIAA-Repositories/EOPT/workspace_lpcopen/lpc_chip_43xx/Debug/liblpc_chip_43xx.a(dac_18xx_43xx.o)
 .ARM.attributes
                0x00000302       0x37 /home/pablo/Documents/CIAA-Repositories/EOPT/workspace_lpcopen/lpc_chip_43xx/Debug/liblpc_chip_43xx.a(fpu_init.o)
 .ARM.attributes
                0x00000339       0x37 /home/pablo/Documents/CIAA-Repositories/EOPT/workspace_lpcopen/lpc_chip_43xx/Debug/liblpc_chip_43xx.a(gpio_18xx_43xx.o)
 .ARM.attributes
                0x00000370       0x37 /home/pablo/Documents/CIAA-Repositories/EOPT/workspace_lpcopen/lpc_chip_43xx/Debug/liblpc_chip_43xx.a(i2c_18xx_43xx.o)
 .ARM.attributes
                0x000003a7       0x37 /home/pablo/Documents/CIAA-Repositories/EOPT/workspace_lpcopen/lpc_chip_43xx/Debug/liblpc_chip_43xx.a(i2cm_18xx_43xx.o)
 .ARM.attributes
                0x000003de       0x37 /home/pablo/Documents/CIAA-Repositories/EOPT/workspace_lpcopen/lpc_chip_43xx/Debug/liblpc_chip_43xx.a(sysinit_18xx_43xx.o)
 .ARM.attributes
                0x00000415       0x37 /home/pablo/Documents/CIAA-Repositories/EOPT/workspace_lpcopen/lpc_chip_43xx/Debug/liblpc_chip_43xx.a(uart_18xx_43xx.o)
 .ARM.attributes
                0x0000044c       0x37 /usr/local/lpcxpresso_7.3.0_186/lpcxpresso/tools/bin/../lib/gcc/arm-none-eabi/4.8.4/../../../../arm-none-eabi/lib/armv7e-m/softfp/libcr_semihost.a(_cr__main.o)
 .ARM.attributes
                0x00000483       0x37 /usr/local/lpcxpresso_7.3.0_186/lpcxpresso/tools/bin/../lib/gcc/arm-none-eabi/4.8.4/../../../../arm-none-eabi/lib/armv7e-m/softfp/libcr_c.a(fpprintf.o)
 .ARM.attributes
                0x000004ba       0x37 /usr/local/lpcxpresso_7.3.0_186/lpcxpresso/tools/bin/../lib/gcc/arm-none-eabi/4.8.4/../../../../arm-none-eabi/lib/armv7e-m/softfp/libcr_c.a(initio.o)
 .ARM.attributes
                0x000004f1       0x37 /usr/local/lpcxpresso_7.3.0_186/lpcxpresso/tools/bin/../lib/gcc/arm-none-eabi/4.8.4/../../../../arm-none-eabi/lib/armv7e-m/softfp/libcr_c.a(printf.o)
 .ARM.attributes
                0x00000528       0x37 /usr/local/lpcxpresso_7.3.0_186/lpcxpresso/tools/bin/../lib/gcc/arm-none-eabi/4.8.4/../../../../arm-none-eabi/lib/armv7e-m/softfp/libcr_c.a(setvbuf.o)
 .ARM.attributes
                0x0000055f       0x37 /usr/local/lpcxpresso_7.3.0_186/lpcxpresso/tools/bin/../lib/gcc/arm-none-eabi/4.8.4/../../../../arm-none-eabi/lib/armv7e-m/softfp/libcr_c.a(stdio.o)
 .ARM.attributes
                0x00000596       0x37 /usr/local/lpcxpresso_7.3.0_186/lpcxpresso/tools/bin/../lib/gcc/arm-none-eabi/4.8.4/../../../../arm-none-eabi/lib/armv7e-m/softfp/libcr_c.a(strlen.o)
 .ARM.attributes
                0x000005cd       0x37 /usr/local/lpcxpresso_7.3.0_186/lpcxpresso/tools/bin/../lib/gcc/arm-none-eabi/4.8.4/../../../../arm-none-eabi/lib/armv7e-m/softfp/libcr_c.a(memset.o)
 .ARM.attributes
                0x00000604       0x37 /usr/local/lpcxpresso_7.3.0_186/lpcxpresso/tools/bin/../lib/gcc/arm-none-eabi/4.8.4/../../../../arm-none-eabi/lib/armv7e-m/softfp/libcr_c.a(_deferredlazyseek.o)
 .ARM.attributes
                0x0000063b       0x37 /usr/local/lpcxpresso_7.3.0_186/lpcxpresso/tools/bin/../lib/gcc/arm-none-eabi/4.8.4/../../../../arm-none-eabi/lib/armv7e-m/softfp/libcr_c.a(_fdopen.o)
 .ARM.attributes
                0x00000672       0x37 /usr/local/lpcxpresso_7.3.0_186/lpcxpresso/tools/bin/../lib/gcc/arm-none-eabi/4.8.4/../../../../arm-none-eabi/lib/armv7e-m/softfp/libcr_c.a(_fflush.o)
 .ARM.attributes
                0x000006a9       0x37 /usr/local/lpcxpresso_7.3.0_186/lpcxpresso/tools/bin/../lib/gcc/arm-none-eabi/4.8.4/../../../../arm-none-eabi/lib/armv7e-m/softfp/libcr_c.a(_frexpl.o)
 .ARM.attributes
                0x000006e0       0x37 /usr/local/lpcxpresso_7.3.0_186/lpcxpresso/tools/bin/../lib/gcc/arm-none-eabi/4.8.4/../../../../arm-none-eabi/lib/armv7e-m/softfp/libcr_c.a(_ldexpl.o)
 .ARM.attributes
                0x00000717       0x37 /usr/local/lpcxpresso_7.3.0_186/lpcxpresso/tools/bin/../lib/gcc/arm-none-eabi/4.8.4/../../../../arm-none-eabi/lib/armv7e-m/softfp/libcr_c.a(_writebuf.o)
 .ARM.attributes
                0x0000074e       0x37 /usr/local/lpcxpresso_7.3.0_186/lpcxpresso/tools/bin/../lib/gcc/arm-none-eabi/4.8.4/../../../../arm-none-eabi/lib/armv7e-m/softfp/libcr_c.a(alloc.o)
 .ARM.attributes
                0x00000785       0x37 /usr/local/lpcxpresso_7.3.0_186/lpcxpresso/tools/bin/../lib/gcc/arm-none-eabi/4.8.4/../../../../arm-none-eabi/lib/armv7e-m/softfp/libcr_c.a(errno.o)
 .ARM.attributes
                0x000007bc       0x37 /usr/local/lpcxpresso_7.3.0_186/lpcxpresso/tools/bin/../lib/gcc/arm-none-eabi/4.8.4/../../../../arm-none-eabi/lib/armv7e-m/softfp/libcr_c.a(fclose.o)
 .ARM.attributes
                0x000007f3       0x37 /usr/local/lpcxpresso_7.3.0_186/lpcxpresso/tools/bin/../lib/gcc/arm-none-eabi/4.8.4/../../../../arm-none-eabi/lib/armv7e-m/softfp/libcr_c.a(fflush.o)
 .ARM.attributes
                0x0000082a       0x37 /usr/local/lpcxpresso_7.3.0_186/lpcxpresso/tools/bin/../lib/gcc/arm-none-eabi/4.8.4/../../../../arm-none-eabi/lib/armv7e-m/softfp/libcr_c.a(fseek.o)
 .ARM.attributes
                0x00000861       0x37 /usr/local/lpcxpresso_7.3.0_186/lpcxpresso/tools/bin/../lib/gcc/arm-none-eabi/4.8.4/../../../../arm-none-eabi/lib/armv7e-m/softfp/libcr_c.a(ftell.o)
 .ARM.attributes
                0x00000898       0x37 /usr/local/lpcxpresso_7.3.0_186/lpcxpresso/tools/bin/../lib/gcc/arm-none-eabi/4.8.4/../../../../arm-none-eabi/lib/armv7e-m/softfp/libcr_c.a(remove.o)
 .ARM.attributes
                0x000008cf       0x37 /usr/local/lpcxpresso_7.3.0_186/lpcxpresso/tools/bin/../lib/gcc/arm-none-eabi/4.8.4/../../../../arm-none-eabi/lib/armv7e-m/softfp/libcr_c.a(__init_alloc.o)
 .ARM.attributes
                0x00000906       0x37 /usr/local/lpcxpresso_7.3.0_186/lpcxpresso/tools/bin/../lib/gcc/arm-none-eabi/4.8.4/../../../../arm-none-eabi/lib/armv7e-m/softfp/libcr_c.a(_cr_sbrk.o)
 .ARM.attributes
                0x0000093d       0x37 /usr/local/lpcxpresso_7.3.0_186/lpcxpresso/tools/bin/../lib/gcc/arm-none-eabi/4.8.4/../../../../arm-none-eabi/lib/armv7e-m/softfp/libcr_c.a(_do_fflush.o)
 .ARM.attributes
                0x00000974       0x37 /usr/local/lpcxpresso_7.3.0_186/lpcxpresso/tools/bin/../lib/gcc/arm-none-eabi/4.8.4/../../../../arm-none-eabi/lib/armv7e-m/softfp/libcr_c.a(_hugeval.o)
 .ARM.attributes
                0x000009ab       0x37 /usr/local/lpcxpresso_7.3.0_186/lpcxpresso/tools/bin/../lib/gcc/arm-none-eabi/4.8.4/../../../../arm-none-eabi/lib/armv7e-m/softfp/libcr_c.a(_cr_check_heap.o)
 .ARM.attributes
                0x000009e2       0x37 /usr/local/lpcxpresso_7.3.0_186/lpcxpresso/tools/bin/../lib/gcc/arm-none-eabi/4.8.4/armv7e-m/softfp/libcr_eabihelpers.a(double.o)
 .ARM.attributes
                0x00000a19       0x25 /usr/local/lpcxpresso_7.3.0_186/lpcxpresso/tools/bin/../lib/gcc/arm-none-eabi/4.8.4/armv7e-m/softfp/libcr_eabihelpers.a(memcpy.o)
 .ARM.attributes
                0x00000a3e       0x25 /usr/local/lpcxpresso_7.3.0_186/lpcxpresso/tools/bin/../lib/gcc/arm-none-eabi/4.8.4/../../../../arm-none-eabi/lib/armv7e-m/softfp/libcr_semihost.a(__sys_appexit.o)
 .ARM.attributes
                0x00000a63       0x25 /usr/local/lpcxpresso_7.3.0_186/lpcxpresso/tools/bin/../lib/gcc/arm-none-eabi/4.8.4/../../../../arm-none-eabi/lib/armv7e-m/softfp/libcr_semihost.a(__sys_close.o)
 .ARM.attributes
                0x00000a88       0x25 /usr/local/lpcxpresso_7.3.0_186/lpcxpresso/tools/bin/../lib/gcc/arm-none-eabi/4.8.4/../../../../arm-none-eabi/lib/armv7e-m/softfp/libcr_semihost.a(__sys_flen.o)
 .ARM.attributes
                0x00000aad       0x25 /usr/local/lpcxpresso_7.3.0_186/lpcxpresso/tools/bin/../lib/gcc/arm-none-eabi/4.8.4/../../../../arm-none-eabi/lib/armv7e-m/softfp/libcr_semihost.a(__sys_istty.o)
 .ARM.attributes
                0x00000ad2       0x25 /usr/local/lpcxpresso_7.3.0_186/lpcxpresso/tools/bin/../lib/gcc/arm-none-eabi/4.8.4/../../../../arm-none-eabi/lib/armv7e-m/softfp/libcr_semihost.a(__sys_remove.o)
 .ARM.attributes
                0x00000af7       0x25 /usr/local/lpcxpresso_7.3.0_186/lpcxpresso/tools/bin/../lib/gcc/arm-none-eabi/4.8.4/../../../../arm-none-eabi/lib/armv7e-m/softfp/libcr_semihost.a(__sys_seek.o)
 .ARM.attributes
                0x00000b1c       0x25 /usr/local/lpcxpresso_7.3.0_186/lpcxpresso/tools/bin/../lib/gcc/arm-none-eabi/4.8.4/../../../../arm-none-eabi/lib/armv7e-m/softfp/libcr_semihost.a(__sys_tmpnam.o)
 .ARM.attributes
                0x00000b41       0x25 /usr/local/lpcxpresso_7.3.0_186/lpcxpresso/tools/bin/../lib/gcc/arm-none-eabi/4.8.4/../../../../arm-none-eabi/lib/armv7e-m/softfp/libcr_semihost.a(__sys_write.o)

.debug_frame    0x00000000      0xf80
 .debug_frame   0x00000000       0xc4 ./src/ciaaTest.o
 .debug_frame   0x000000c4      0x158 ./src/cr_startup_lpc43xx.o
 .debug_frame   0x0000021c       0x30 ./src/sysinit.o
 .debug_frame   0x0000024c       0x54 /home/pablo/Documents/CIAA-Repositories/EOPT/workspace_lpcopen/libCIAA/Debug/liblibCIAA.a(ciaaAIN.o)
 .debug_frame   0x000002a0       0x40 /home/pablo/Documents/CIAA-Repositories/EOPT/workspace_lpcopen/libCIAA/Debug/liblibCIAA.a(ciaaAOUT.o)
 .debug_frame   0x000002e0       0x50 /home/pablo/Documents/CIAA-Repositories/EOPT/workspace_lpcopen/libCIAA/Debug/liblibCIAA.a(ciaaIO.o)
 .debug_frame   0x00000330       0xa8 /home/pablo/Documents/CIAA-Repositories/EOPT/workspace_lpcopen/libCIAA/Debug/liblibCIAA.a(ciaaNVM.o)
 .debug_frame   0x000003d8       0x70 /home/pablo/Documents/CIAA-Repositories/EOPT/workspace_lpcopen/libCIAA/Debug/liblibCIAA.a(ciaaUART.o)
 .debug_frame   0x00000448       0x58 /home/pablo/Documents/CIAA-Repositories/EOPT/workspace_lpcopen/libCIAA/Debug/liblibCIAA.a(ciaaI2C.o)
 .debug_frame   0x000004a0      0x15c /home/pablo/Documents/CIAA-Repositories/EOPT/workspace_lpcopen/lpc_chip_43xx/Debug/liblpc_chip_43xx.a(adc_18xx_43xx.o)
 .debug_frame   0x000005fc       0x70 /home/pablo/Documents/CIAA-Repositories/EOPT/workspace_lpcopen/lpc_chip_43xx/Debug/liblpc_chip_43xx.a(chip_18xx_43xx.o)
 .debug_frame   0x0000066c      0x2b8 /home/pablo/Documents/CIAA-Repositories/EOPT/workspace_lpcopen/lpc_chip_43xx/Debug/liblpc_chip_43xx.a(clock_18xx_43xx.o)
 .debug_frame   0x00000924       0x60 /home/pablo/Documents/CIAA-Repositories/EOPT/workspace_lpcopen/lpc_chip_43xx/Debug/liblpc_chip_43xx.a(dac_18xx_43xx.o)
 .debug_frame   0x00000984       0x24 /home/pablo/Documents/CIAA-Repositories/EOPT/workspace_lpcopen/lpc_chip_43xx/Debug/liblpc_chip_43xx.a(fpu_init.o)
 .debug_frame   0x000009a8       0x80 /home/pablo/Documents/CIAA-Repositories/EOPT/workspace_lpcopen/lpc_chip_43xx/Debug/liblpc_chip_43xx.a(gpio_18xx_43xx.o)
 .debug_frame   0x00000a28      0x254 /home/pablo/Documents/CIAA-Repositories/EOPT/workspace_lpcopen/lpc_chip_43xx/Debug/liblpc_chip_43xx.a(i2c_18xx_43xx.o)
 .debug_frame   0x00000c7c       0xe0 /home/pablo/Documents/CIAA-Repositories/EOPT/workspace_lpcopen/lpc_chip_43xx/Debug/liblpc_chip_43xx.a(i2cm_18xx_43xx.o)
 .debug_frame   0x00000d5c       0x60 /home/pablo/Documents/CIAA-Repositories/EOPT/workspace_lpcopen/lpc_chip_43xx/Debug/liblpc_chip_43xx.a(sysinit_18xx_43xx.o)
 .debug_frame   0x00000dbc      0x1c4 /home/pablo/Documents/CIAA-Repositories/EOPT/workspace_lpcopen/lpc_chip_43xx/Debug/liblpc_chip_43xx.a(uart_18xx_43xx.o)

.debug_loc      0x00000000     0x4019
 .debug_loc     0x00000000       0x21 /home/pablo/Documents/CIAA-Repositories/EOPT/workspace_lpcopen/libCIAA/Debug/liblibCIAA.a(ciaaAIN.o)
 .debug_loc     0x00000021       0x32 /home/pablo/Documents/CIAA-Repositories/EOPT/workspace_lpcopen/libCIAA/Debug/liblibCIAA.a(ciaaAOUT.o)
 .debug_loc     0x00000053      0x7fa /home/pablo/Documents/CIAA-Repositories/EOPT/workspace_lpcopen/libCIAA/Debug/liblibCIAA.a(ciaaIO.o)
 .debug_loc     0x0000084d      0x2b7 /home/pablo/Documents/CIAA-Repositories/EOPT/workspace_lpcopen/libCIAA/Debug/liblibCIAA.a(ciaaNVM.o)
 .debug_loc     0x00000b04      0x147 /home/pablo/Documents/CIAA-Repositories/EOPT/workspace_lpcopen/libCIAA/Debug/liblibCIAA.a(ciaaUART.o)
 .debug_loc     0x00000c4b       0xf6 /home/pablo/Documents/CIAA-Repositories/EOPT/workspace_lpcopen/libCIAA/Debug/liblibCIAA.a(ciaaI2C.o)
 .debug_loc     0x00000d41      0x64c /home/pablo/Documents/CIAA-Repositories/EOPT/workspace_lpcopen/lpc_chip_43xx/Debug/liblpc_chip_43xx.a(adc_18xx_43xx.o)
 .debug_loc     0x0000138d      0xee3 /home/pablo/Documents/CIAA-Repositories/EOPT/workspace_lpcopen/lpc_chip_43xx/Debug/liblpc_chip_43xx.a(clock_18xx_43xx.o)
 .debug_loc     0x00002270       0x60 /home/pablo/Documents/CIAA-Repositories/EOPT/workspace_lpcopen/lpc_chip_43xx/Debug/liblpc_chip_43xx.a(dac_18xx_43xx.o)
 .debug_loc     0x000022d0       0x1f /home/pablo/Documents/CIAA-Repositories/EOPT/workspace_lpcopen/lpc_chip_43xx/Debug/liblpc_chip_43xx.a(fpu_init.o)
 .debug_loc     0x000022ef      0x3cf /home/pablo/Documents/CIAA-Repositories/EOPT/workspace_lpcopen/lpc_chip_43xx/Debug/liblpc_chip_43xx.a(gpio_18xx_43xx.o)
 .debug_loc     0x000026be      0xaec /home/pablo/Documents/CIAA-Repositories/EOPT/workspace_lpcopen/lpc_chip_43xx/Debug/liblpc_chip_43xx.a(i2c_18xx_43xx.o)
 .debug_loc     0x000031aa      0x458 /home/pablo/Documents/CIAA-Repositories/EOPT/workspace_lpcopen/lpc_chip_43xx/Debug/liblpc_chip_43xx.a(i2cm_18xx_43xx.o)
 .debug_loc     0x00003602       0x3e /home/pablo/Documents/CIAA-Repositories/EOPT/workspace_lpcopen/lpc_chip_43xx/Debug/liblpc_chip_43xx.a(sysinit_18xx_43xx.o)
 .debug_loc     0x00003640      0x9d9 /home/pablo/Documents/CIAA-Repositories/EOPT/workspace_lpcopen/lpc_chip_43xx/Debug/liblpc_chip_43xx.a(uart_18xx_43xx.o)
